01-01 00:00:10.369  1000   157   157 I servicemanager: Found android.hardware.health.IHealth/default in device VINTF manifest.
01-01 00:00:10.369  root   254   254 I netd    : Setting up OEM hooks: 231us
01-01 00:00:10.369  1000   272   272 I android.hardware.health-service.rpi: default: Hal init done
01-01 00:00:10.373  root   254   254 I netd    : Setting up FirewallController hooks: 4557us
01-01 00:00:10.372  root     0     0 W healthd : battery none chg=
01-01 00:00:10.381  root   254   254 I netd    : Setting up TetherController hooks: 7927us
01-01 00:00:10.387  root   254   254 I netd    : Setting up BandwidthController hooks: 5656us
01-01 00:00:10.387  root   254   254 I netd    : Setting up IdletimerController hooks: 130us
01-01 00:00:10.396  root   254   254 I netd    : Setting up StrictController hooks: 9314us
01-01 00:00:10.405  1000   157   157 I servicemanager: Found android.hardware.light.ILights/default in device VINTF manifest.
01-01 00:00:10.427  root   254   254 I netd    : Enabling bandwidth control: 30341us
01-01 00:00:10.430  root   254   254 I netd    : Initializing RouteController: 3590us
01-01 00:00:10.431  root   254   254 D XfrmController: XfrmController::ipSecAddXfrmInterface, line=1480
01-01 00:00:10.433  root   254   254 D XfrmController: XfrmController::ipSecRemoveTunnelInterface, line=1693
01-01 00:00:10.433  root   254   254 D XfrmController: deviceName=ipsec_test
01-01 00:00:10.441  root     0     0 I         : file system registered
01-01 00:00:10.451  root     0     0 W         : using random self ethernet address
01-01 00:00:10.457  root     0     0 W         : using random host ethernet address
01-01 00:00:10.461  1000   270   270 I DMABUFHEAPS: Using : Non-legacy ION heaps
01-01 00:00:10.464  1000   270   270 I HidlServiceManagement: Registered android.hardware.graphics.allocator@4.0::IAllocator/default
01-01 00:00:10.465  1000   270   270 I HidlServiceManagement: Removing namespace from process name android.hardware.graphics.allocator@4.0-service.minigbm_gbm_mesa to allocator@4.0-service.minigbm_gbm_mesa.
01-01 00:00:10.465  1000   270   270 I AllocatorService: IAllocator 4.0 service is initialized.
01-01 00:00:10.468  root   254   254 D XfrmController: Sending Netlink XFRM Message: XFRM_MSG_FLUSHSA
01-01 00:00:10.468  root   254   254 D XfrmController: Sending Netlink XFRM Message: XFRM_MSG_FLUSHPOLICY
01-01 00:00:10.468  root   254   254 I netd    : Initializing XfrmController: 37738us
01-01 00:00:10.489  1000   281   281 D android.hardware.sensors@aidl-service.bosch: Entering main function of Bosch Sensors AIDL Service
01-01 00:00:10.534  1000   157   157 I servicemanager: Found android.hardware.power.IPower/default in device VINTF manifest.
01-01 00:00:10.511  1000   281   281 I android.hardwar: type=1400 audit(0.0:5): avc: denied { read } for name="devices" dev="sysfs" ino=10457 scontext=u:r:hal_sensors_default:s0 tcontext=u:object_r:sysfs:s0 tclass=dir permissive=1
01-01 00:00:10.558  1000   282   282 I android.hardware.thermal@2.0-service-mock: Thermal HAL Service Mock 2.0 starting...
01-01 00:00:10.511  1000   281   281 I android.hardwar: type=1400 audit(0.0:6): avc: denied { open } for path="/sys/bus/iio/devices" dev="sysfs" ino=10457 scontext=u:r:hal_sensors_default:s0 tcontext=u:object_r:sysfs:s0 tclass=dir permissive=1
01-01 00:00:10.515  1000   281   281 I android.hardwar: type=1400 audit(0.0:7): avc: denied { read } for name="name" dev="sysfs" ino=22990 scontext=u:r:hal_sensors_default:s0 tcontext=u:object_r:sysfs:s0 tclass=file permissive=1
01-01 00:00:10.515  1000   281   281 I android.hardwar: type=1400 audit(0.0:8): avc: denied { open } for path="/sys/devices/platform/soc/fe204000.spi/spi_master/spi0/spi0.0/iio:device1/name" dev="sysfs" ino=22990 scontext=u:r:hal_sensors_default:s0 tcontext=u:object_r:sysfs:s0 tclass=file permissive=1
01-01 00:00:10.515  1000   281   281 I android.hardwar: type=1400 audit(0.0:9): avc: denied { getattr } for path="/sys/devices/platform/soc/fe204000.spi/spi_master/spi0/spi0.0/iio:device1/name" dev="sysfs" ino=22990 scontext=u:r:hal_sensors_default:s0 tcontext=u:object_r:sysfs:s0 tclass=file permissive=1
01-01 00:00:10.561  1000   282   282 I HidlServiceManagement: Registered android.hardware.thermal@2.0::IThermal/default
01-01 00:00:10.561  1000   282   282 I HidlServiceManagement: Removing namespace from process name android.hardware.thermal@2.0-service.mock to thermal@2.0-service.mock.
01-01 00:00:10.561  1000   284   284 I HidlServiceManagement: Registered android.hardware.usb@1.0::IUsb/default
01-01 00:00:10.561  1000   282   282 I android.hardware.thermal@2.0-service-mock: Thermal Service started successfully.
01-01 00:00:10.561  1000   284   284 I HidlServiceManagement: Removing namespace from process name android.hardware.usb@1.0-service to usb@1.0-service.
01-01 00:00:10.561  1000   284   284 I android.hardware.usb@1.0-service: USB HAL Ready.
01-01 00:00:10.569  root   254   254 I resolv  : resolv_init: Initializing resolver
01-01 00:00:10.588  1000   283   283 D hdmi_cec: open_hdmi_cec: id=hdmi_cec_hw_if
01-01 00:00:10.587  1000   283   283 I android.hardwar: type=1400 audit(0.0:10): avc: denied { read } for name="u:object_r:default_prop:s0" dev="tmpfs" ino=99 scontext=u:r:hal_tv_cec_default:s0 tcontext=u:object_r:default_prop:s0 tclass=file permissive=1
01-01 00:00:10.587  1000   283   283 I android.hardwar: type=1400 audit(0.0:11): avc: denied { open } for path="/dev/__properties__/u:object_r:default_prop:s0" dev="tmpfs" ino=99 scontext=u:r:hal_tv_cec_default:s0 tcontext=u:object_r:default_prop:s0 tclass=file permissive=1
01-01 00:00:10.587  1000   283   283 I android.hardwar: type=1400 audit(0.0:12): avc: denied { getattr } for path="/dev/__properties__/u:object_r:default_prop:s0" dev="tmpfs" ino=99 scontext=u:r:hal_tv_cec_default:s0 tcontext=u:object_r:default_prop:s0 tclass=file permissive=1
01-01 00:00:10.587  1000   283   283 I android.hardwar: type=1400 audit(0.0:13): avc: denied { map } for path="/dev/__properties__/u:object_r:default_prop:s0" dev="tmpfs" ino=99 scontext=u:r:hal_tv_cec_default:s0 tcontext=u:object_r:default_prop:s0 tclass=file permissive=1
01-01 00:00:10.587  1000   283   283 I android.hardwar: type=1400 audit(0.0:14): avc: denied { read } for name="u:object_r:hdmi_config_prop:s0" dev="tmpfs" ino=152 scontext=u:r:hal_tv_cec_default:s0 tcontext=u:object_r:hdmi_config_prop:s0 tclass=file permissive=1
01-01 00:00:10.589  1000   283   283 D hdmi_cec: cec_init: type=4
01-01 00:00:10.589  1000   283   283 D hdmi_cec: cec_init: vendor_id=0c03
01-01 00:00:10.587  1000   283   283 I android.hardwar: type=1400 audit(0.0:15): avc: denied { open } for path="/dev/__properties__/u:object_r:hdmi_config_prop:s0" dev="tmpfs" ino=152 scontext=u:r:hal_tv_cec_default:s0 tcontext=u:object_r:hdmi_config_prop:s0 tclass=file permissive=1
01-01 00:00:10.589  1000   283   283 D hdmi_cec: cec_init: version=5
01-01 00:00:10.589  1000   283   283 D hdmi_cec: cec_init: initialized CEC controller
01-01 00:00:10.587  1000   283   283 I android.hardwar: type=1400 audit(0.0:16): avc: denied { getattr } for path="/dev/__properties__/u:object_r:hdmi_config_prop:s0" dev="tmpfs" ino=152 scontext=u:r:hal_tv_cec_default:s0 tcontext=u:object_r:hdmi_config_prop:s0 tclass=file permissive=1
01-01 00:00:10.587  1000   283   283 I android.hardwar: type=1400 audit(0.0:17): avc: denied { map } for path="/dev/__properties__/u:object_r:hdmi_config_prop:s0" dev="tmpfs" ino=152 scontext=u:r:hal_tv_cec_default:s0 tcontext=u:object_r:hdmi_config_prop:s0 tclass=file permissive=1
01-01 00:00:10.590  1000   283   301 I hdmi_cec: event_thread start!
01-01 00:00:10.591  1000   283   283 I HidlServiceManagement: Registered android.hardware.tv.cec@1.0::IHdmiCec/default
01-01 00:00:10.591  1000   283   283 I HidlServiceManagement: Removing namespace from process name android.hardware.tv.cec@1.0-service to cec@1.0-service.
01-01 00:00:10.592  1000   283   283 I LegacySupport: Registration complete for android.hardware.tv.cec@1.0::IHdmiCec/default.
01-01 00:00:10.649  1000   281   281 D android.hardware.sensors@aidl-service.bosch: AddSensor[1] SMI230 BOSCH Accelerometer Sensor
01-01 00:00:10.650  1000   281   281 D android.hardware.sensors@aidl-service.bosch: AddSensor[2] SMI230 BOSCH Gyroscope Sensor
01-01 00:00:10.651  1000   281   281 D android.hardware.sensors@aidl-service.bosch: AddSensor[3] SMI230 BOSCH Accelerometer Uncalibrated Sensor
01-01 00:00:10.652  1000   281   281 D android.hardware.sensors@aidl-service.bosch: AddSensor[4] SMI230 BOSCH Gyroscope Uncalibrated Sensor
01-01 00:00:10.653  1000   281   281 D android.hardware.sensors@aidl-service.bosch: AddSensor[5] SMI230 BOSCH Gravity Sensor
01-01 00:00:10.654  1000   281   281 D android.hardware.sensors@aidl-service.bosch: AddSensor[6] SMI230 BOSCH Linear Accelerometer Sensor
01-01 00:00:10.654  1000   281   281 D android.hardware.sensors@aidl-service.bosch: Add Service android.hardware.sensors.ISensors/default
01-01 00:00:10.655  1000   157   157 I servicemanager: Found android.hardware.sensors.ISensors/default in device VINTF manifest.
01-01 00:00:10.752  1000   157   157 I servicemanager: Found android.hardware.automotive.evs.IEvsEnumerator/hw/1 in device VINTF manifest.
01-01 00:00:10.753  1062   174   184 I evsmanagerd: Failed to connect to AIDL EVS HAL implementation.  Trying to connect to HIDL EVS HAL implementation instead.
01-01 00:00:10.754  1000   158   158 I hwservicemanager: getTransport: Cannot find entry android.hardware.automotive.evs@1.1::IEvsEnumerator/hw/1 in either framework or device VINTF manifest.
01-01 00:00:10.754  1062   174   184 I evsmanagerd: No EVS HAL implementation is available.  Retrying after 1000 ms
01-01 00:00:10.762 media   267   267 I HidlServiceManagement: Registered android.hardware.cas@1.2::IMediaCasService/default
01-01 00:00:10.762 media   267   267 I HidlServiceManagement: Removing namespace from process name android.hardware.cas@1.2-service to cas@1.2-service.
01-01 00:00:10.859  1076   288   288 I credstore: Registered binder service
01-01 00:00:10.943  1062   173   173 W HidlServiceManagement: Waited one second for android.hardware.automotive.evs@1.1::IEvsEnumerator/default
01-01 00:00:10.944  1000   158   158 I hwservicemanager: Since android.hardware.automotive.evs@1.1::IEvsEnumerator/default is not registered, trying to start it as a lazy HAL.
01-01 00:00:10.945  1062   173   173 I HidlServiceManagement: getService: Trying again for android.hardware.automotive.evs@1.1::IEvsEnumerator/default...
01-01 00:00:10.945  1000   158   325 W libc    : Unable to set property "ctl.interface_start" to "android.hardware.automotive.evs@1.1::IEvsEnumerator/default": error code: 0x20
01-01 00:00:10.946  1000   158   325 I hwservicemanager: Tried to start android.hardware.automotive.evs@1.1::IEvsEnumerator/default as a lazy service, but was unable to. Usually this happens when a service is not installed, but if the service is intended to be used as a lazy service, then it may be configured incorrectly.
01-01 00:00:10.991  1000   271   271 I android.hardwar: type=1400 audit(0.0:18): avc: denied { create } for scontext=u:r:hal_graphics_composer_default:s0 tcontext=u:r:hal_graphics_composer_default:s0 tclass=netlink_kobject_uevent_socket permissive=1
01-01 00:00:10.991  1000   271   271 I android.hardwar: type=1400 audit(0.0:19): avc: denied { bind } for scontext=u:r:hal_graphics_composer_default:s0 tcontext=u:r:hal_graphics_composer_default:s0 tclass=netlink_kobject_uevent_socket permissive=1
01-01 00:00:10.991  1000   271   271 I android.hardwar: type=1400 audit(0.0:20): avc: denied { read } for path="socket:[16795]" dev="sockfs" ino=16795 scontext=u:r:hal_graphics_composer_default:s0 tcontext=u:r:hal_graphics_composer_default:s0 tclass=netlink_kobject_uevent_socket permissive=1
01-01 00:00:10.996  1000   271   271 I HidlServiceManagement: Registered android.hardware.graphics.composer@2.4::IComposer/default
01-01 00:00:10.996  1000   271   271 I HidlServiceManagement: Removing namespace from process name android.hardware.graphics.composer@2.4-service to composer@2.4-service.
01-01 00:00:11.053  1000   326   326 I bootstat: Service started: /system/bin/bootstat --set_system_boot_reason 
01-01 00:00:11.054  1000   326   326 I bootstat: Canonical boot reason: reboot,shell
01-01 00:00:11.054  1000   326   326 I bootstat: Canonical boot reason: reboot,shell
01-01 00:00:11.194  9999   327   327 I perfetto:           probes.cc:104 Starting /system/bin/traced_probes service
01-01 00:00:11.200  1003   172   195 W ServiceManager: Waited one second for SurfaceFlingerAIDL (is service started? are binder threads started and available?)
01-01 00:00:11.201  1000   157   157 I servicemanager: Since 'SurfaceFlingerAIDL' could not be found, trying to start it as a lazy AIDL service
01-01 00:00:11.226  9999   327   349 I perfetto: _activity_trigger.cc:71 mm_events ftrace instance not found. Triggering of traces on memory pressure will not be available on this device.
01-01 00:00:11.328  1000   326   326 E bootstat: Failed to read /metadata/bootstat/persist.sys.boot.reason: No such file or directory
01-01 00:00:11.328  1000   326   326 I bootstat: Value of persist.sys.boot.reason : reboot,shell
01-01 00:00:11.328  1000   326   326 I bootstat: Normalized last reboot reason : reboot,shell
01-01 00:00:11.330  9999   328   328 W perfetto:          service.cc:237 Started traced, listening on /dev/socket/traced_producer /dev/socket/traced_consumer
01-01 00:00:11.351  1000   334   334 I idmap2d : Starting
01-01 00:00:11.375  9999   327   327 I perfetto:  probes_producer.cc:311 Connected to the service
01-01 00:00:11.438  1000   157   157 I servicemanager: Found android.hardware.health.IHealth/default in device VINTF manifest.
01-01 00:00:11.440  root   344   344 I ServiceManager: Waiting for service 'package_native' on '/dev/binder'...
01-01 00:00:11.495 shell   324   324 I adbd    : persist.adb.watchdog set to ''
01-01 00:00:11.496 shell   324   324 I adbd    : persist.sys.test_harness set to ''
01-01 00:00:11.496 shell   324   324 I adbd    : adb watchdog timeout set to 600 seconds
01-01 00:00:11.497 shell   324   359 I adbd    : Waiting for persist.adb.tls_server.enable=1
01-01 00:00:11.498 shell   324   361 I adbd    : opening control endpoint /dev/usb-ffs/adb/ep0
01-01 00:00:11.498 shell   324   324 I adbd    : Setup mdns on port= 5555
01-01 00:00:11.499 shell   324   324 I adbd    : adbd listening on tcp:5555
01-01 00:00:11.499 shell   324   324 I adbd    : adbd listening on vsock:5555
01-01 00:00:11.499 shell   324   324 I adbd    : adbd started
01-01 00:00:11.500  root     0     0 I         : read descriptors
01-01 00:00:11.504  root     0     0 I         : read strings
01-01 00:00:11.550  1000   158   158 I hwservicemanager: getTransport: Cannot find entry android.hardware.atrace@1.0::IAtraceDevice/default in either framework or device VINTF manifest.
01-01 00:00:11.588  1000   326   326 E bootstat: Failed to unlink /metadata/bootstat/persist.sys.boot.reason: No such file or directory
01-01 00:00:11.589 shell   324   361 I adbd    : UsbFfsConnection constructed
01-01 00:00:11.591 shell   324   366 I adbd    : UsbFfs-monitor thread spawned
01-01 00:00:11.593  1000   157   348 W libc    : Unable to set property "ctl.interface_start" to "aidl/SurfaceFlingerAIDL": error code: 0x20
01-01 00:00:11.593  1000   157   348 I servicemanager: Tried to start aidl service SurfaceFlingerAIDL as a lazy service, but was unable to. Usually this happens when a service is not installed, but if the service is intended to be used as a lazy service, then it may be configured incorrectly.
01-01 00:00:11.637  1000   157   157 I servicemanager: Could not find android.hardware.net.nlinterceptor.IInterceptor/default in the VINTF manifest.
01-01 00:00:11.676  1000   370   370 I flags_health_check: ServerConfigurableFlagsReset reset_mode value: 0
01-01 00:00:11.676  1000   370   370 I flags_health_check: ServerConfigurableFlagsReset attempted boot count is under threshold, skipping reset.
01-01 00:00:11.681 media   342   342 V MediaUtils: physMem: 3967119360
01-01 00:00:11.681 media   342   342 V MediaUtils: requested limit: 134217728
01-01 00:00:11.681 media   342   342 I libc    : malloc_limit: Allocation limit enabled, max size 134217728 bytes
01-01 00:00:11.720 media   342   342 D AudioPowerUsage: AudioPowerUsage
01-01 00:00:11.720 media   342   342 D AudioAnalytics: AudioAnalytics
01-01 00:00:11.720 media   342   342 D MediaMetricsService: MediaMetricsService
01-01 00:00:11.720  1047   265   265 I android.hardware.camera.provider@2.5-service: CameraProvider@2.5 legacy service is starting.
01-01 00:00:11.755  1000   157   157 I servicemanager: Found android.hardware.automotive.evs.IEvsEnumerator/hw/1 in device VINTF manifest.
01-01 00:00:11.756  1062   174   184 I evsmanagerd: Failed to connect to AIDL EVS HAL implementation.  Trying to connect to HIDL EVS HAL implementation instead.
01-01 00:00:11.757  1000   158   158 I hwservicemanager: getTransport: Cannot find entry android.hardware.automotive.evs@1.1::IEvsEnumerator/hw/1 in either framework or device VINTF manifest.
01-01 00:00:11.757  1062   174   184 I evsmanagerd: No EVS HAL implementation is available.  Retrying after 1000 ms
01-01 00:00:11.764  1000   158   158 I hwservicemanager: getTransport: Cannot find entry android.hardware.usb.gadget@1.0::IUsbGadget/default in either framework or device VINTF manifest.
01-01 00:00:11.764  root   368   368 I usbd    : Usb HAL not found
01-01 00:00:11.886 shell   324   366 I adbd    : USB event: FUNCTIONFS_BIND
01-01 00:00:11.889  root     0     0 I dwc2 fe980000.usb: bound driver configfs-gadget
01-01 00:00:11.895  1000   271   271 I composer@2.4-se: type=1400 audit(0.0:21): avc: denied { read } for path="socket:[16795]" dev="sockfs" ino=16795 scontext=u:r:hal_graphics_composer_default:s0 tcontext=u:r:hal_graphics_composer_default:s0 tclass=netlink_kobject_uevent_socket permissive=1
01-01 00:00:11.939  1000   367   367 I gatekeeperd: Starting gatekeeperd...
01-01 00:00:11.945  1062   173   173 W HidlServiceManagement: Waited one second for android.hardware.automotive.evs@1.1::IEvsEnumerator/default
01-01 00:00:11.945  1000   158   158 I hwservicemanager: Since android.hardware.automotive.evs@1.1::IEvsEnumerator/default is not registered, trying to start it as a lazy HAL.
01-01 00:00:11.945  1062   173   173 I HidlServiceManagement: getService: Trying again for android.hardware.automotive.evs@1.1::IEvsEnumerator/default...
01-01 00:00:11.946  1000   158   374 W libc    : Unable to set property "ctl.interface_start" to "android.hardware.automotive.evs@1.1::IEvsEnumerator/default": error code: 0x20
01-01 00:00:11.946  1000   158   374 I hwservicemanager: Tried to start android.hardware.automotive.evs@1.1::IEvsEnumerator/default as a lazy service, but was unable to. Usually this happens when a service is not installed, but if the service is intended to be used as a lazy service, then it may be configured incorrectly.
01-01 00:00:12.124  1041   261   261 I HidlServiceManagement: Registered android.hardware.audio@7.1::IDevicesFactory/default
01-01 00:00:12.124  1041   261   261 I HidlServiceManagement: Removing namespace from process name android.hardware.audio.service to audio.service.
01-01 00:00:12.125  1041   261   261 I LegacySupport: Registration complete for android.hardware.audio@7.1::IDevicesFactory/default.
01-01 00:00:12.201  1003   172   195 W ServiceManager: Waited one second for SurfaceFlingerAIDL (is service started? are binder threads started and available?)
01-01 00:00:12.202  1000   157   157 I servicemanager: Since 'SurfaceFlingerAIDL' could not be found, trying to start it as a lazy AIDL service
01-01 00:00:12.204  1000   157   377 W libc    : Unable to set property "ctl.interface_start" to "aidl/SurfaceFlingerAIDL": error code: 0x20
01-01 00:00:12.205  1000   157   377 I servicemanager: Tried to start aidl service SurfaceFlingerAIDL as a lazy service, but was unable to. Usually this happens when a service is not installed, but if the service is intended to be used as a lazy service, then it may be configured incorrectly.
01-01 00:00:12.225  1047   264   264 I android.hardware.camera.provider@2.5-external-service: CameraProvider@2.5 external webcam service is starting.
01-01 00:00:12.255  1047   264   264 I ExtCamUtils@3.4: loadFromCfg: load external camera config succeed!
01-01 00:00:12.255  1047   264   264 I ExtCamUtils@3.4: loadFromCfg: device 10 will be ignored by external camera provider
01-01 00:00:12.255  1047   264   264 I ExtCamUtils@3.4: loadFromCfg: device 11 will be ignored by external camera provider
01-01 00:00:12.255  1047   264   264 I ExtCamUtils@3.4: loadFromCfg: device 12 will be ignored by external camera provider
01-01 00:00:12.255  1047   264   264 I ExtCamUtils@3.4: loadFromCfg: device 13 will be ignored by external camera provider
01-01 00:00:12.255  1047   264   264 I ExtCamUtils@3.4: loadFromCfg: device 14 will be ignored by external camera provider
01-01 00:00:12.255  1047   264   264 I ExtCamUtils@3.4: loadFromCfg: device 15 will be ignored by external camera provider
01-01 00:00:12.255  1047   264   264 I ExtCamUtils@3.4: loadFromCfg: device 16 will be ignored by external camera provider
01-01 00:00:12.255  1047   264   264 I ExtCamUtils@3.4: loadFromCfg: device 18 will be ignored by external camera provider
01-01 00:00:12.255  1047   264   264 I ExtCamUtils@3.4: loadFromCfg: device 19 will be ignored by external camera provider
01-01 00:00:12.255  1047   264   264 I ExtCamUtils@3.4: loadFromCfg: device 20 will be ignored by external camera provider
01-01 00:00:12.255  1047   264   264 I ExtCamUtils@3.4: loadFromCfg: device 21 will be ignored by external camera provider
01-01 00:00:12.255  1047   264   264 I ExtCamUtils@3.4: loadFromCfg: device 22 will be ignored by external camera provider
01-01 00:00:12.256  1047   264   264 I ExtCamUtils@3.4: loadFromCfg: device 23 will be ignored by external camera provider
01-01 00:00:12.256  1047   264   264 I ExtCamUtils@3.4: loadFromCfg: device 31 will be ignored by external camera provider
01-01 00:00:12.256  1047   264   264 I ExtCamUtils@3.4: loadFromCfg: depth output is not enabled
01-01 00:00:12.256  1047   264   264 I ExtCamUtils@3.4: loadFromCfg: no minimum stream size specified
01-01 00:00:12.256  1047   264   264 I ExtCamUtils@3.4: loadFromCfg: no sensor orientation specified
01-01 00:00:12.256  1047   264   264 I ExtCamUtils@3.4: loadFromCfg: external camera cfg loaded: maxJpgBufSize 3145728, num video buffers 4, num still buffers 2, orientation 0
01-01 00:00:12.256  1047   264   264 I ExtCamUtils@3.4: loadFromCfg: fpsLimitList: 640x480@30.000000
01-01 00:00:12.256  1047   264   264 I ExtCamUtils@3.4: loadFromCfg: fpsLimitList: 1280x720@15.000000
01-01 00:00:12.256  1047   264   264 I ExtCamUtils@3.4: loadFromCfg: fpsLimitList: 1920x1080@10.000000
01-01 00:00:12.256  1047   264   264 I ExtCamUtils@3.4: loadFromCfg: minStreamSize: 0x0
01-01 00:00:12.259  1047   264   378 I CamPrvdr@2.4-external: threadLoop start monitoring new V4L2 devices
01-01 00:00:12.260  1047   264   264 I HidlServiceManagement: Registered android.hardware.camera.provider@2.5::ICameraProvider/external/0
01-01 00:00:12.261  1047   264   264 I HidlServiceManagement: Removing namespace from process name android.hardware.camera.provider@2.5-external-service to provider@2.5-external-service.
01-01 00:00:12.269  1000   158   158 I hwservicemanager: getTransport: Cannot find entry android.hardware.configstore@1.0::ISurfaceFlingerConfigs/default in either framework or device VINTF manifest.
01-01 00:00:12.366  1000   290   290 I SurfaceFlinger: Using HWComposer service: default
01-01 00:00:12.366  1000   290   290 I SurfaceFlinger: SurfaceFlinger is starting
01-01 00:00:12.367  1000   290   290 I SurfaceFlinger: Disabling blur effects, they are not supported.
01-01 00:00:12.371  1000   290   290 I SurfaceFlinger: SurfaceFlinger's main thread ready to run. Initializing graphics H/W...
01-01 00:00:12.371  1000   290   290 E SurfaceFlinger: Unrecognized RenderEngineType ; ignoring!
01-01 00:00:12.371  1000   290   290 D RenderEngine: Threaded RenderEngine with SkiaGL Backend
01-01 00:00:12.407  1047   265   265 W libcamera:  WARN IPAManager ipa_manager.cpp:114 Public key not valid
01-01 00:00:12.431  wifi   285   285 I HidlServiceManagement: Removing namespace from process name android.hardware.wifi@1.0-service to wifi@1.0-service.
01-01 00:00:12.479  1047   265   385 E libcamera: ERROR MediaDevice media_device.cpp:483 /dev/media0[]: Failed to open media device at /dev/media0: Permission denied
01-01 00:00:12.475  1047   265   265 I android.hardwar: type=1400 audit(0.0:22): avc: denied { read } for name="devices" dev="sysfs" ino=10409 scontext=u:r:hal_camera_default:s0 tcontext=u:object_r:sysfs:s0 tclass=dir permissive=1
01-01 00:00:12.481  1047   265   385 E libcamera: ERROR MediaDevice media_device.cpp:483 /dev/media1[]: Failed to open media device at /dev/media1: Permission denied
01-01 00:00:12.481  1047   265   265 I CamPrvdr@2.4-legacy: Loaded "libcamera camera HALv3 module" camera module
01-01 00:00:12.481  1047   265   265 I CamPrvdr@2.4-legacy: setUpVendorTags: No vendor tags defined for this device.
01-01 00:00:12.483  1047   265   265 I HidlServiceManagement: Registered android.hardware.camera.provider@2.5::ICameraProvider/legacy/0
01-01 00:00:12.483  1047   265   265 I HidlServiceManagement: Removing namespace from process name android.hardware.camera.provider@2.5-service_64 to provider@2.5-service_64.
01-01 00:00:12.543  1000   290   384 D libEGL  : loaded /vendor/lib64/egl/libEGL_mesa.so
01-01 00:00:12.475  1047   265   265 I android.hardwar: type=1400 audit(0.0:23): avc: denied { open } for path="/sys/bus/media/devices" dev="sysfs" ino=10409 scontext=u:r:hal_camera_default:s0 tcontext=u:object_r:sysfs:s0 tclass=dir permissive=1
01-01 00:00:12.475  1047   265   265 I android.hardwar: type=1400 audit(0.0:24): avc: denied { getattr } for path="/dev/media2" dev="tmpfs" ino=316 scontext=u:r:hal_camera_default:s0 tcontext=u:object_r:device:s0 tclass=chr_file permissive=1
01-01 00:00:12.475  1047   265   265 I android.hardwar: type=1400 audit(0.0:25): avc: denied { read write } for name="media2" dev="tmpfs" ino=316 scontext=u:r:hal_camera_default:s0 tcontext=u:object_r:device:s0 tclass=chr_file permissive=1
01-01 00:00:12.616 shell   324   362 I adbd    : adbd mDNS service _adb._tcp registered: 1
01-01 00:00:12.475  1047   265   265 I android.hardwar: type=1400 audit(0.0:26): avc: denied { open } for path="/dev/media2" dev="tmpfs" ino=316 scontext=u:r:hal_camera_default:s0 tcontext=u:object_r:device:s0 tclass=chr_file permissive=1
01-01 00:00:12.475  1047   265   265 I android.hardwar: type=1400 audit(0.0:27): avc: denied { ioctl } for path="/dev/media2" dev="tmpfs" ino=316 ioctlcmd=0x7c00 scontext=u:r:hal_camera_default:s0 tcontext=u:object_r:device:s0 tclass=chr_file permissive=1
01-01 00:00:12.475  1047   265   265 I android.hardwar: type=1400 audit(0.0:28): avc: denied { read } for name="uevent" dev="sysfs" ino=21011 scontext=u:r:hal_camera_default:s0 tcontext=u:object_r:sysfs:s0 tclass=file permissive=1
01-01 00:00:12.475  1047   265   265 I android.hardwar: type=1400 audit(0.0:29): avc: denied { open } for path="/sys/devices/platform/soc/fe00b840.mailbox/bcm2835-isp/video4linux/video13/uevent" dev="sysfs" ino=21011 scontext=u:r:hal_camera_default:s0 tcontext=u:object_r:sysfs:s0 tclass=file permissive=1
01-01 00:00:12.475  1047   265   265 I android.hardwar: type=1400 audit(0.0:30): avc: denied { getattr } for path="/sys/devices/platform/soc/fe00b840.mailbox/bcm2835-isp/video4linux/video13/uevent" dev="sysfs" ino=21011 scontext=u:r:hal_camera_default:s0 tcontext=u:object_r:sysfs:s0 tclass=file permissive=1
01-01 00:00:12.475  1047   265   265 I android.hardwar: type=1400 audit(0.0:31): avc: denied { getattr } for path="/dev/media0" dev="tmpfs" ino=307 scontext=u:r:hal_camera_default:s0 tcontext=u:object_r:device:s0 tclass=chr_file permissive=1
01-01 00:00:12.475  1047   265   265 I android.hardwar: type=1400 audit(0.0:32): avc: denied { read write } for name="media3" dev="tmpfs" ino=324 scontext=u:r:hal_camera_default:s0 tcontext=u:object_r:device:s0 tclass=chr_file permissive=1
01-01 00:00:12.475  1047   265   265 I android.hardwar: type=1400 audit(0.0:33): avc: denied { open } for path="/dev/media3" dev="tmpfs" ino=324 scontext=u:r:hal_camera_default:s0 tcontext=u:object_r:device:s0 tclass=chr_file permissive=1
01-01 00:00:12.475  1047   265   265 I android.hardwar: type=1400 audit(0.0:34): avc: denied { ioctl } for path="/dev/media3" dev="tmpfs" ino=324 ioctlcmd=0x7c00 scontext=u:r:hal_camera_default:s0 tcontext=u:object_r:device:s0 tclass=chr_file permissive=1
01-01 00:00:12.749  1000   290   384 D libEGL  : loaded /vendor/lib64/egl/libGLESv1_CM_mesa.so
01-01 00:00:12.757  1000   157   157 I servicemanager: Found android.hardware.automotive.evs.IEvsEnumerator/hw/1 in device VINTF manifest.
01-01 00:00:12.758  1062   174   184 I evsmanagerd: Failed to connect to AIDL EVS HAL implementation.  Trying to connect to HIDL EVS HAL implementation instead.
01-01 00:00:12.759  1000   158   158 I hwservicemanager: getTransport: Cannot find entry android.hardware.automotive.evs@1.1::IEvsEnumerator/hw/1 in either framework or device VINTF manifest.
01-01 00:00:12.759  1062   174   184 I evsmanagerd: No EVS HAL implementation is available.  Retrying after 1000 ms
01-01 00:00:12.786  1041   261   261 I HidlServiceManagement: Registered android.hardware.audio.effect@7.0::IEffectsFactory/default
01-01 00:00:12.786  1041   261   261 I LegacySupport: Registration complete for android.hardware.audio.effect@7.0::IEffectsFactory/default.
01-01 00:00:12.786  1000   158   158 I hwservicemanager: getTransport: Cannot find entry android.hardware.soundtrigger@2.3::ISoundTriggerHw/default in either framework or device VINTF manifest.
01-01 00:00:12.820  1000   290   384 D libEGL  : loaded /vendor/lib64/egl/libGLESv2_mesa.so
01-01 00:00:12.820  1041   261   261 E LegacySupport: Could not get passthrough implementation for android.hardware.soundtrigger@2.3::ISoundTriggerHw/default.
01-01 00:00:12.827  1000   158   158 I hwservicemanager: getTransport: Cannot find entry android.hardware.soundtrigger@2.2::ISoundTriggerHw/default in either framework or device VINTF manifest.
01-01 00:00:12.827  1041   261   261 E LegacySupport: Could not get passthrough implementation for android.hardware.soundtrigger@2.2::ISoundTriggerHw/default.
01-01 00:00:12.828  1000   158   158 I hwservicemanager: getTransport: Cannot find entry android.hardware.soundtrigger@2.1::ISoundTriggerHw/default in either framework or device VINTF manifest.
01-01 00:00:12.828  1041   261   261 E LegacySupport: Could not get passthrough implementation for android.hardware.soundtrigger@2.1::ISoundTriggerHw/default.
01-01 00:00:12.829  1000   158   158 I hwservicemanager: getTransport: Cannot find entry android.hardware.soundtrigger@2.0::ISoundTriggerHw/default in either framework or device VINTF manifest.
01-01 00:00:12.829  1041   261   261 E LegacySupport: Could not get passthrough implementation for android.hardware.soundtrigger@2.0::ISoundTriggerHw/default.
01-01 00:00:12.829  1041   261   261 W audiohalservice: Could not register Soundtrigger API
01-01 00:00:12.829  1000   158   158 I hwservicemanager: getTransport: Cannot find entry android.hardware.bluetooth.audio@2.2::IBluetoothAudioProvidersFactory/default in either framework or device VINTF manifest.
01-01 00:00:12.831  1041   261   261 E LegacySupport: Could not get passthrough implementation for android.hardware.bluetooth.audio@2.2::IBluetoothAudioProvidersFactory/default.
01-01 00:00:12.831  1000   158   158 I hwservicemanager: getTransport: Cannot find entry android.hardware.bluetooth.audio@2.1::IBluetoothAudioProvidersFactory/default in either framework or device VINTF manifest.
01-01 00:00:12.832  1041   261   261 E LegacySupport: Could not get passthrough implementation for android.hardware.bluetooth.audio@2.1::IBluetoothAudioProvidersFactory/default.
01-01 00:00:12.832  1000   158   158 I hwservicemanager: getTransport: Cannot find entry android.hardware.bluetooth.audio@2.0::IBluetoothAudioProvidersFactory/default in either framework or device VINTF manifest.
01-01 00:00:12.833  1041   261   261 E LegacySupport: Could not get passthrough implementation for android.hardware.bluetooth.audio@2.0::IBluetoothAudioProvidersFactory/default.
01-01 00:00:12.833  1041   261   261 W audiohalservice: Could not register Bluetooth Audio API
01-01 00:00:12.833  1000   158   158 I hwservicemanager: getTransport: Cannot find entry android.hardware.bluetooth.a2dp@1.0::IBluetoothAudioOffload/default in either framework or device VINTF manifest.
01-01 00:00:12.834  1041   261   261 E LegacySupport: Could not get passthrough implementation for android.hardware.bluetooth.a2dp@1.0::IBluetoothAudioOffload/default.
01-01 00:00:12.834  1041   261   261 W audiohalservice: Could not register Bluetooth Audio Offload API
01-01 00:00:12.880  1041   287   287 I FastMixerState: sMaxFastTracks = 8
01-01 00:00:12.946  1062   173   173 W HidlServiceManagement: Waited one second for android.hardware.automotive.evs@1.1::IEvsEnumerator/default
01-01 00:00:12.948  1000   290   384 I DMABUFHEAPS: Using : Non-legacy ION heaps
01-01 00:00:12.949  1000   158   158 I hwservicemanager: Since android.hardware.automotive.evs@1.1::IEvsEnumerator/default is not registered, trying to start it as a lazy HAL.
01-01 00:00:12.949  1062   173   173 I HidlServiceManagement: getService: Trying again for android.hardware.automotive.evs@1.1::IEvsEnumerator/default...
01-01 00:00:12.950  1000   290   384 I MESA    : Using IMapper v4 API
01-01 00:00:12.951  1000   158   388 W libc    : Unable to set property "ctl.interface_start" to "android.hardware.automotive.evs@1.1::IEvsEnumerator/default": error code: 0x20
01-01 00:00:12.951  1000   158   388 I hwservicemanager: Tried to start android.hardware.automotive.evs@1.1::IEvsEnumerator/default as a lazy service, but was unable to. Usually this happens when a service is not installed, but if the service is intended to be used as a lazy service, then it may be configured incorrectly.
01-01 00:00:12.964  1041   287   287 V MediaUtils: physMem: 3967119360
01-01 00:00:12.964  1041   287   287 V MediaUtils: requested limit: 536870912
01-01 00:00:12.964  1041   287   287 I libc    : malloc_limit: Allocation limit enabled, max size 536870912 bytes
01-01 00:00:12.965  1041   287   287 I audioserver: ServiceManager: 0xb40000717087a0b0
01-01 00:00:13.007  1041   287   287 W BatteryNotifier: batterystats service unavailable!
01-01 00:00:13.010  1000   158   158 I hwservicemanager: getTransport: Cannot find entry android.hardware.audio.effect@7.1::IEffectsFactory/default in either framework or device VINTF manifest.
01-01 00:00:13.107  1046   356   356 I mediaswcodec: media swcodec service starting
01-01 00:00:13.187  1046   356   356 W mediaswcodec: libminijail[356]: failed to get path of fd 4: No such file or directory
01-01 00:00:13.187  1046   356   356 W mediaswcodec: libminijail[356]: allowing syscall: connect
01-01 00:00:13.187  1046   356   356 W mediaswcodec: libminijail[356]: allowing syscall: fcntl
01-01 00:00:13.187  1046   356   356 W mediaswcodec: libminijail[356]: allowing syscall: sendto
01-01 00:00:13.187  1046   356   356 W mediaswcodec: libminijail[356]: allowing syscall: socket
01-01 00:00:13.187  1046   356   356 W mediaswcodec: libminijail[356]: allowing syscall: writev
01-01 00:00:13.188  1046   356   356 W mediaswcodec: libminijail[356]: compile_file: <fd>(75): syscall munmap redefined here
01-01 00:00:13.188  1046   356   356 W mediaswcodec: libminijail[356]: compile_file: <fd>(39): previous definition here
01-01 00:00:13.190  1000   290   384 W EGL-MAIN: failed to get driver name for fd -1
01-01 00:00:13.190  1000   290   384 W EGL-MAIN: MESA-LOADER: failed to retrieve device information
01-01 00:00:13.190  1000   290   384 W EGL-MAIN: failed to get driver name for fd -1
01-01 00:00:13.203  1003   172   195 W ServiceManager: Waited one second for SurfaceFlingerAIDL (is service started? are binder threads started and available?)
01-01 00:00:13.203  1000   157   157 I servicemanager: Since 'SurfaceFlingerAIDL' could not be found, trying to start it as a lazy AIDL service
01-01 00:00:13.205  1000   157   390 W libc    : Unable to set property "ctl.interface_start" to "aidl/SurfaceFlingerAIDL": error code: 0x20
01-01 00:00:13.206  1000   157   390 I servicemanager: Tried to start aidl service SurfaceFlingerAIDL as a lazy service, but was unable to. Usually this happens when a service is not installed, but if the service is intended to be used as a lazy service, then it may be configured incorrectly.
01-01 00:00:13.208  1046   356   356 W mediaswcodec: libminijail[356]: compile_file: <fd>(97): syscall sysinfo redefined here
01-01 00:00:13.208  1046   356   356 W mediaswcodec: libminijail[356]: compile_file: <fd>(81): previous definition here
01-01 00:00:13.208  1046   356   356 W mediaswcodec: libminijail[356]: logging seccomp filter failures
01-01 00:00:13.210  1046   356   356 I CodecServiceRegistrant: Creating software Codec2 service...
01-01 00:00:13.228 media   279   279 W android.hardware.media.c2@1.2-service-ffmpeg: Could not read additional policy file '/vendor/etc/seccomp_policy/android.hardware.media.c2@1.2-ffmpeg-extended.policy'
01-01 00:00:13.229 media   279   279 W android.hardware.media.c2@1.2-service-ffmpeg: libminijail[279]: failed to get path of fd 4: No such file or directory
01-01 00:00:13.229 media   279   279 W android.hardware.media.c2@1.2-service-ffmpeg: libminijail[279]: allowing syscall: connect
01-01 00:00:13.229 media   279   279 W android.hardware.media.c2@1.2-service-ffmpeg: libminijail[279]: allowing syscall: fcntl
01-01 00:00:13.229 media   279   279 W android.hardware.media.c2@1.2-service-ffmpeg: libminijail[279]: allowing syscall: sendto
01-01 00:00:13.230 media   279   279 W android.hardware.media.c2@1.2-service-ffmpeg: libminijail[279]: allowing syscall: socket
01-01 00:00:13.230 media   279   279 W android.hardware.media.c2@1.2-service-ffmpeg: libminijail[279]: allowing syscall: writev
01-01 00:00:13.231 media   279   279 W android.hardware.media.c2@1.2-service-ffmpeg: libminijail[279]: compile_file: <fd>(75): syscall munmap redefined here
01-01 00:00:13.231 media   279   279 W android.hardware.media.c2@1.2-service-ffmpeg: libminijail[279]: compile_file: <fd>(39): previous definition here
01-01 00:00:13.231 media   279   279 W android.hardware.media.c2@1.2-service-ffmpeg: libminijail[279]: logging seccomp filter failures
01-01 00:00:13.261  1046   356   356 I HidlServiceManagement: Registered android.hardware.media.c2@1.2::IComponentStore/software
01-01 00:00:13.263  1000   158   158 I hwservicemanager: getTransport: Cannot find entry android.hardware.media.c2@1.0::IComponentStore/default in either framework or device VINTF manifest.
01-01 00:00:13.264  1046   356   356 I CodecServiceRegistrant: Preferred Codec2 store is defaulted to "software".
01-01 00:00:13.264  1046   356   356 I CodecServiceRegistrant: Software Codec2 service created and registered.
01-01 00:00:13.294 media   279   279 I HidlServiceManagement: Registered android.hardware.media.c2@1.2::IComponentStore/ffmpeg
01-01 00:00:13.294 media   279   279 I HidlServiceManagement: Removing namespace from process name android.hardware.media.c2@1.2-service-ffmpeg to c2@1.2-service-ffmpeg.
01-01 00:00:13.388  1000   157   157 I servicemanager: Found android.hardware.bluetooth.audio.IBluetoothAudioProviderFactory/default in device VINTF manifest.
01-01 00:00:13.388  1041   261   261 I audiohalservice: createIBluetoothAudioProviderFactory() from android.hardware.bluetooth.audio-impl success
01-01 00:00:13.496  1040   341   341 I main_extractorservice: enable media.extractor memory limits
01-01 00:00:13.496  1040   341   341 V MediaUtils: physMem: 3967119360
01-01 00:00:13.496  1040   341   341 V MediaUtils: requested limit: 793423860
01-01 00:00:13.496  1040   341   341 I libc    : malloc_limit: Allocation limit enabled, max size 793423860 bytes
01-01 00:00:13.594  1046   346   346 I android.hardware.media.omx@1.0-service: mediacodecservice starting
01-01 00:00:13.599  1040   341   341 W mediaextractor: Could not read additional policy file '/vendor/etc/seccomp_policy/mediaextractor.policy'
01-01 00:00:13.600  1040   341   341 W mediaextractor: libminijail[341]: failed to get path of fd 4: No such file or directory
01-01 00:00:13.600  1040   341   341 W mediaextractor: libminijail[341]: allowing syscall: connect
01-01 00:00:13.600  1040   341   341 W mediaextractor: libminijail[341]: allowing syscall: fcntl
01-01 00:00:13.600  1040   341   341 W mediaextractor: libminijail[341]: allowing syscall: sendto
01-01 00:00:13.600  1040   341   341 W mediaextractor: libminijail[341]: allowing syscall: socket
01-01 00:00:13.600  1040   341   341 W mediaextractor: libminijail[341]: allowing syscall: writev
01-01 00:00:13.600  1040   341   341 W mediaextractor: libminijail[341]: compile_file: <fd>(42): syscall readlinkat redefined here
01-01 00:00:13.600  1040   341   341 W mediaextractor: libminijail[341]: compile_file: <fd>(38): previous definition here
01-01 00:00:13.608  1000   158   158 I hwservicemanager: getTransport: Cannot find entry android.hardware.audio.effect@7.1::IEffectsFactory/default in either framework or device VINTF manifest.
01-01 00:00:13.617  1040   341   341 W mediaextractor: libminijail[341]: compile_file: /apex/com.android.media/etc/seccomp_policy/crash_dump.arm64.policy(1): syscall read redefined here
01-01 00:00:13.617  1040   341   341 W mediaextractor: libminijail[341]: compile_file: <fd>(18): previous definition here
01-01 00:00:13.618  1040   341   341 W mediaextractor: libminijail[341]: compile_file: /apex/com.android.media/etc/seccomp_policy/crash_dump.arm64.policy(2): syscall write redefined here
01-01 00:00:13.618  1040   341   341 W mediaextractor: libminijail[341]: compile_file: <fd>(6): previous definition here
01-01 00:00:13.618  1040   341   341 W mediaextractor: libminijail[341]: compile_file: /apex/com.android.media/etc/seccomp_policy/crash_dump.arm64.policy(3): syscall exit redefined here
01-01 00:00:13.618  1040   341   341 W mediaextractor: libminijail[341]: compile_file: <fd>(27): previous definition here
01-01 00:00:13.618  1040   341   341 W mediaextractor: libminijail[341]: compile_file: /apex/com.android.media/etc/seccomp_policy/crash_dump.arm64.policy(4): syscall rt_sigreturn redefined here
01-01 00:00:13.618  1040   341   341 W mediaextractor: libminijail[341]: compile_file: <fd>(29): previous definition here
01-01 00:00:13.618  1040   341   341 W mediaextractor: libminijail[341]: compile_file: /apex/com.android.media/etc/seccomp_policy/crash_dump.arm64.policy(5): syscall exit_group redefined here
01-01 00:00:13.618  1040   341   341 W mediaextractor: libminijail[341]: compile_file: <fd>(28): previous definition here
01-01 00:00:13.618  1040   341   341 W mediaextractor: libminijail[341]: compile_file: /apex/com.android.media/etc/seccomp_policy/crash_dump.arm64.policy(8): syscall futex redefined here
01-01 00:00:13.618  1040   341   341 W mediaextractor: libminijail[341]: compile_file: <fd>(4): previous definition here
01-01 00:00:13.618  1040   341   341 W mediaextractor: libminijail[341]: compile_file: /apex/com.android.media/etc/seccomp_policy/crash_dump.arm64.policy(9): syscall getrandom redefined here
01-01 00:00:13.618  1040   341   341 W mediaextractor: libminijail[341]: compile_file: <fd>(32): previous definition here
01-01 00:00:13.618  1040   341   341 W mediaextractor: libminijail[341]: compile_file: /apex/com.android.media/etc/seccomp_policy/crash_dump.arm64.policy(14): syscall openat redefined here
01-01 00:00:13.618  1040   341   341 W mediaextractor: libminijail[341]: compile_file: <fd>(12): previous definition here
01-01 00:00:13.618  1040   341   341 W mediaextractor: libminijail[341]: compile_file: /apex/com.android.media/etc/seccomp_policy/crash_dump.arm64.policy(15): syscall dup redefined here
01-01 00:00:13.618  1040   341   341 W mediaextractor: libminijail[341]: compile_file: <fd>(9): previous definition here
01-01 00:00:13.618  1040   341   341 W mediaextractor: libminijail[341]: compile_file: /apex/com.android.media/etc/seccomp_policy/crash_dump.arm64.policy(16): syscall close redefined here
01-01 00:00:13.619  1040   341   341 W mediaextractor: libminijail[341]: compile_file: <fd>(8): previous definition here
01-01 00:00:13.619  1040   341   341 W mediaextractor: libminijail[341]: compile_file: /apex/com.android.media/etc/seccomp_policy/crash_dump.arm64.policy(17): syscall lseek redefined here
01-01 00:00:13.619  1040   341   341 W mediaextractor: libminijail[341]: compile_file: <fd>(23): previous definition here
01-01 00:00:13.619  1040   341   341 W mediaextractor: libminijail[341]: compile_file: /apex/com.android.media/etc/seccomp_policy/crash_dump.arm64.policy(18): syscall getdents64 redefined here
01-01 00:00:13.619  1040   341   341 W mediaextractor: libminijail[341]: compile_file: <fd>(41): previous definition here
01-01 00:00:13.619  1040   341   341 W mediaextractor: libminijail[341]: compile_file: /apex/com.android.media/etc/seccomp_policy/crash_dump.arm64.policy(19): syscall faccessat redefined here
01-01 00:00:13.619  1040   341   341 W mediaextractor: libminijail[341]: compile_file: <fd>(25): previous definition here
01-01 00:00:13.619  1040   341   341 W mediaextractor: libminijail[341]: compile_file: /apex/com.android.media/etc/seccomp_policy/crash_dump.arm64.policy(28): syscall prctl redefined here
01-01 00:00:13.619  1040   341   341 W mediaextractor: libminijail[341]: compile_file: <fd>(5): previous definition here
01-01 00:00:13.619  1040   341   341 W mediaextractor: libminijail[341]: compile_file: /apex/com.android.media/etc/seccomp_policy/crash_dump.arm64.policy(29): syscall madvise redefined here
01-01 00:00:13.619  1040   341   341 W mediaextractor: libminijail[341]: compile_file: <fd>(14): previous definition here
01-01 00:00:13.619  1040   341   341 W mediaextractor: libminijail[341]: compile_file: /apex/com.android.media/etc/seccomp_policy/crash_dump.arm64.policy(30): syscall mprotect redefined here
01-01 00:00:13.619  1040   341   341 W mediaextractor: libminijail[341]: compile_file: <fd>(13): previous definition here
01-01 00:00:13.620  1040   341   341 W mediaextractor: libminijail[341]: compile_file: /apex/com.android.media/etc/seccomp_policy/crash_dump.arm64.policy(31): syscall munmap redefined here
01-01 00:00:13.620  1040   341   341 W mediaextractor: libminijail[341]: compile_file: <fd>(11): previous definition here
01-01 00:00:13.620  1040   341   341 W mediaextractor: libminijail[341]: compile_file: /apex/com.android.media/etc/seccomp_policy/crash_dump.arm64.policy(32): syscall getuid redefined here
01-01 00:00:13.620  1040   341   341 W mediaextractor: libminijail[341]: compile_file: <fd>(15): previous definition here
01-01 00:00:13.620  1040   341   341 W mediaextractor: libminijail[341]: compile_file: /apex/com.android.media/etc/seccomp_policy/crash_dump.arm64.policy(33): syscall fstat redefined here
01-01 00:00:13.620  1040   341   341 W mediaextractor: libminijail[341]: compile_file: <fd>(16): previous definition here
01-01 00:00:13.620  1040   341   341 W mediaextractor: libminijail[341]: compile_file: /apex/com.android.media/etc/seccomp_policy/crash_dump.arm64.policy(34): syscall mmap redefined here
01-01 00:00:13.620  1040   341   341 W mediaextractor: libminijail[341]: compile_file: <fd>(10): previous definition here
01-01 00:00:13.624 media   342   373 I ServiceManager: Waiting for service 'package_native' on '/dev/binder'...
01-01 00:00:13.642  1041   287   287 I AudioFlinger: Using default 3000 mSec as standby time.
01-01 00:00:13.642  1040   341   341 W mediaextractor: libminijail[341]: logging seccomp filter failures
01-01 00:00:13.646  1046   346   346 W android.hardware.media.omx@1.0-service: libminijail[346]: failed to get path of fd 4: No such file or directory
01-01 00:00:13.646  1046   346   346 W android.hardware.media.omx@1.0-service: libminijail[346]: allowing syscall: clock_gettime
01-01 00:00:13.646  1046   346   346 W android.hardware.media.omx@1.0-service: libminijail[346]: allowing syscall: connect
01-01 00:00:13.646  1046   346   346 W android.hardware.media.omx@1.0-service: libminijail[346]: allowing syscall: fcntl64
01-01 00:00:13.647  1046   346   346 W android.hardware.media.omx@1.0-service: libminijail[346]: allowing syscall: socket
01-01 00:00:13.643 media   277   277 I android.hardwar: type=1400 audit(0.0:35): avc: denied { read } for name="u:object_r:default_prop:s0" dev="tmpfs" ino=99 scontext=u:r:mediacodec:s0 tcontext=u:object_r:default_prop:s0 tclass=file permissive=1
01-01 00:00:13.647 media   277   277 D android.hardware.media.c2@1.0-service-v4l2: Service starting...
01-01 00:00:13.643 media   277   277 I android.hardwar: type=1400 audit(0.0:36): avc: denied { open } for path="/dev/__properties__/u:object_r:default_prop:s0" dev="tmpfs" ino=99 scontext=u:r:mediacodec:s0 tcontext=u:object_r:default_prop:s0 tclass=file permissive=1
01-01 00:00:13.643 media   277   277 I android.hardwar: type=1400 audit(0.0:37): avc: denied { getattr } for path="/dev/__properties__/u:object_r:default_prop:s0" dev="tmpfs" ino=99 scontext=u:r:mediacodec:s0 tcontext=u:object_r:default_prop:s0 tclass=file permissive=1
