01-29 12:40:49.204  1000   472   472 I SystemServiceManager: Starting com.android.server.connectivity.IpConnectivityMetrics
01-29 12:40:49.205  1000   472   472 V SystemServerTiming: IpConnectivityMetrics took to complete: 1ms
01-29 12:40:49.205  1000   472   472 D SystemServerTiming: NetworkWatchlistService
01-29 12:40:49.205  1000   472   472 I SystemServiceManager: Starting com.android.server.net.watchlist.NetworkWatchlistService$Lifecycle
01-29 12:40:49.212  1000   472   554 I InputReader: Device added: id=-1, eventHubId=-1, name='Virtual', descriptor='a718a782d34bc767f4689c232d64d527998ea7fd',sources=KEYBOARD | DPAD
01-29 12:40:49.214  1000   472   472 I WatchlistSettings: Reload watchlist settings done
01-29 12:40:49.215  1000   472   472 V SystemServerTiming: NetworkWatchlistService took to complete: 10ms
01-29 12:40:49.215  1000   472   472 D SystemServerTiming: PinnerService
01-29 12:40:49.215  1000   472   472 I SystemServiceManager: Starting com.android.server.PinnerService
01-29 12:40:49.215  1000   472   559 I WatchlistLoggingHandler: No need to aggregate record yet.
01-29 12:40:49.218  1000   472   472 V HistoricalRegistry: Interaction before persistence initialized
01-29 12:40:49.219  1000   472   472 V SystemServerTiming: PinnerService took to complete: 4ms
01-29 12:40:49.219  1000   472   559 I WatchlistLoggingHandler: Milliseconds spent on tryAggregateRecords(): 3
01-29 12:40:49.220  1000   472   472 D SystemServerTiming: SignedConfigService
01-29 12:40:49.220  1000   472   472 V SystemServerTiming: SignedConfigService took to complete: 0ms
01-29 12:40:49.220  1000   472   472 D SystemServerTiming: AppIntegrityService
01-29 12:40:49.220  1000   472   472 I SystemServiceManager: Starting com.android.server.integrity.AppIntegrityManagerService
01-29 12:40:49.224  1000   472   472 E IntegrityFileManager: Error creating staging and rules directory
01-29 12:40:49.226  1000   472   472 V SystemServerTiming: AppIntegrityService took to complete: 6ms
01-29 12:40:49.226  1000   472   472 D SystemServerTiming: StartLogcatManager
01-29 12:40:49.226  1000   472   472 I SystemServiceManager: Starting com.android.server.logcat.LogcatManagerService
01-29 12:40:49.232  1000   472   472 V SystemServerTiming: StartLogcatManager took to complete: 6ms
01-29 12:40:49.233  1000   472   472 I WindowManager: SAFE MODE not enabled
01-29 12:40:49.233  1000   472   472 D SystemServerTiming: StartInputMethodManagerLifecycle
01-29 12:40:49.233  1000   472   472 I SystemServiceManager: Starting com.android.server.inputmethod.InputMethodManagerService$Lifecycle
01-29 12:40:49.238  1000   472   472 V SystemServerTiming: StartInputMethodManagerLifecycle took to complete: 5ms
01-29 12:40:49.238  1000   472   472 D SystemServerTiming: StartAccessibilityManagerService
01-29 12:40:49.239  1000   472   472 I SystemServiceManager: Starting com.android.server.accessibility.AccessibilityManagerService$Lifecycle
01-29 12:40:49.247  1000   472   472 V SystemServerTiming: StartAccessibilityManagerService took to complete: 8ms
01-29 12:40:49.247  1000   472   472 D SystemServerTiming: MakeDisplayReady
01-29 12:40:49.251  1000   472   472 I ActivityTaskManager: Config changes=20005df8 {1.0 ?mcc?mnc [en_US] ldltr sw720dp w1280dp h720dp 240dpi xlrg long land ?uimode ?night -touch -keyb/h/h -nav/h winConfig={ mBounds=Rect(0, 0 - 1920, 1080) mAppBounds=Rect(0, 0 - 1920, 1080) mMaxBounds=Rect(0, 0 - 1920, 1080) mDisplayRotation=ROTATION_0 mWindowingMode=fullscreen mDisplayWindowingMode=fullscreen mActivityType=undefined mAlwaysOnTop=undefined mRotation=ROTATION_0} s.2 ?fontWeightAdjustment}
01-29 12:40:49.253  1000   472   472 I WindowManager: Override config changes=60007dfc {1.0 ?mcc?mnc [en_US] ldltr sw720dp w1280dp h720dp 240dpi xlrg long land ?uimode ?night -touch -keyb/h/h -nav/h winConfig={ mBounds=Rect(0, 0 - 1920, 1080) mAppBounds=Rect(0, 0 - 1920, 1080) mMaxBounds=Rect(0, 0 - 1920, 1080) mDisplayRotation=ROTATION_0 mWindowingMode=fullscreen mDisplayWindowingMode=fullscreen mActivityType=undefined mAlwaysOnTop=undefined mRotation=ROTATION_0} s.2 ?fontWeightAdjustment} for displayId=0
01-29 12:40:49.256  1000   472   472 I DisplayDevice: [0] Layerstack set to 0 for local:0
01-29 12:40:49.260  1000   472   472 V SystemServerTiming: MakeDisplayReady took to complete: 13ms
01-29 12:40:49.260  1000   472   472 D SystemServerTiming: StartStorageManagerService
01-29 12:40:49.261  1000   472   472 I SystemServiceManager: Starting com.android.server.StorageManagerService$Lifecycle
01-29 12:40:49.272  1000   472   492 I InputManager-JNI: Viewport [0] to add: local:0, isActive: false
01-29 12:40:49.273  root   338   524 D installd: Found quota mount /dev/block/mmcblk0p4 at /data
01-29 12:40:49.273  root   338   524 D installd: Found quota mount /dev/block/mmcblk0p4 at /data/user/0
01-29 12:40:49.275  1000   472   554 I InputReader: Reconfiguring input devices, changes=DISPLAY_INFO | 
01-29 12:40:49.282  1000   472   562 D StorageManagerService: Thinking about init, mBootCompleted=false, mDaemonConnected=true
01-29 12:40:49.282  1000   472   562 D StorageManagerService: Thinking about reset, mBootCompleted=false, mDaemonConnected=true
01-29 12:40:49.283  1000   472   472 V SystemServerTiming: StartStorageManagerService took to complete: 23ms
01-29 12:40:49.283  1000   472   472 D SystemServerTiming: StartStorageStatsService
01-29 12:40:49.283  1000   472   472 I SystemServiceManager: Starting com.android.server.usage.StorageStatsService$Lifecycle
01-29 12:40:49.284  1000   472   562 D StorageManagerService: Thinking about init, mBootCompleted=false, mDaemonConnected=true
01-29 12:40:49.284  1000   472   562 D StorageManagerService: Thinking about reset, mBootCompleted=false, mDaemonConnected=true
01-29 12:40:49.285  root   338   524 D installd: Found quota mount /dev/block/mmcblk0p4 at /data
01-29 12:40:49.285  root   338   524 D installd: Found quota mount /dev/block/mmcblk0p4 at /data/user/0
01-29 12:40:49.287  root   338   524 D installd: Found quota mount /dev/block/mmcblk0p4 at /data
01-29 12:40:49.287  root   338   524 D installd: Found quota mount /dev/block/mmcblk0p4 at /data/user/0
01-29 12:40:49.289  1000   472   472 V SystemServerTiming: StartStorageStatsService took to complete: 6ms
01-29 12:40:49.289  1000   472   472 D SystemServerTiming: StartUiModeManager
01-29 12:40:49.289  1000   472   472 I SystemServiceManager: Starting com.android.server.UiModeManagerService
01-29 12:40:49.290  1000   472   496 D SystemServerTimingAsync: InitThreadPoolExec:UiModeManager.onStart
01-29 12:40:49.290  1000   472   496 D SystemServerInitThreadPool: Started executing UiModeManager.onStart
01-01 00:00:27.111  root     0     0 I init    : processing action (sys.sysctl.extra_free_kbytes=*) from (/system/etc/init/hw/init.rc:1203)
01-01 00:00:27.123  root     0     0 I init    : starting service 'exec 18 (/system/bin/extra_free_kbytes.sh 24300)'...
01-29 12:40:49.293  1000   472   472 V SystemServerTiming: StartUiModeManager took to complete: 4ms
01-29 12:40:49.293  1000   472   472 D SystemServerTiming: StartLocaleManagerService
01-29 12:40:49.293  1000   472   472 I SystemServiceManager: Starting com.android.server.locales.LocaleManagerService
01-29 12:40:49.299  1000   472   472 V SystemServerTiming: StartLocaleManagerService took to complete: 6ms
01-29 12:40:49.299  1000   472   472 D SystemServerTiming: UpdatePackagesIfNeeded
01-29 12:40:49.299  1000   472   472 I Watchdog: Pausing HandlerChecker: main thread for reason: dexopt. Pause count: 1
01-29 12:40:49.301  1000   472   472 I Watchdog: Resuming HandlerChecker: main thread for reason: dexopt. Pause count: 0
01-29 12:40:49.302  1000   472   472 V SystemServerTiming: UpdatePackagesIfNeeded took to complete: 2ms
01-29 12:40:49.302  1000   472   472 D SystemServerTiming: PerformFstrimIfNeeded
01-29 12:40:49.303  1000   472   472 V SystemServerTiming: PerformFstrimIfNeeded took to complete: 1ms
01-29 12:40:49.303  1000   472   472 D SystemServerTiming: StartLockSettingsService
01-29 12:40:49.303  1000   472   472 I SystemServiceManager: Starting com.android.server.locksettings.LockSettingsService$Lifecycle
01-01 00:00:27.138  root     0     0 I init    : SVC_EXEC service 'exec 18 (/system/bin/extra_free_kbytes.sh 24300)' pid 563 (uid 0 gid 0+0 context default) started; waiting...
01-29 12:40:49.321  1000   472   496 D SystemServerInitThreadPool: Finished executing UiModeManager.onStart
01-29 12:40:49.321  1000   472   496 V SystemServerTimingAsync: InitThreadPoolExec:UiModeManager.onStart took to complete: 31ms
01-29 12:40:49.340  1000   472   472 V SystemServerTiming: StartLockSettingsService took to complete: 37ms
01-29 12:40:49.340  1000   472   472 D SystemServerTiming: StartTestHarnessMode
01-29 12:40:49.340  1000   472   472 I SystemServiceManager: Starting com.android.server.testharness.TestHarnessModeService
01-29 12:40:49.341  1000   472   472 V SystemServerTiming: StartTestHarnessMode took to complete: 1ms
01-29 12:40:49.342  1000   158   158 I hwservicemanager: getTransport: Cannot find entry android.hardware.oemlock@1.0::IOemLock/default in either framework or device VINTF manifest.
01-29 12:40:49.342  1000   472   472 I OemLock : OemLock HAL not present on device
01-29 12:40:49.342  1000   472   472 D SystemServerTiming: StartDeviceIdleController
01-29 12:40:49.343  1000   472   472 I SystemServiceManager: Starting com.android.server.DeviceIdleController
01-29 12:40:49.350  1000   472   472 V SystemServerTiming: StartDeviceIdleController took to complete: 8ms
01-29 12:40:49.352  1000   472   472 D SystemServerTiming: StartDevicePolicyManager
01-29 12:40:49.352  1000   472   472 I SystemServiceManager: Starting com.android.server.devicepolicy.DevicePolicyManagerService$Lifecycle
01-29 12:40:49.364  1000   472   472 I DevicePolicyManager: Current version 3, latest version 3, not upgrading.
01-29 12:40:49.366  1000   472   472 I DevicePolicyManager: Set ro.organization_owned property to false
01-29 12:40:49.368  1000   472   472 D DevicePolicyManagerService: /data/system/updated_resources.xml doesn't exist
01-29 12:40:49.370  1000   472   472 V SystemServerTiming: StartDevicePolicyManager took to complete: 18ms
01-29 12:40:49.370  1000   472   472 D SystemServerTiming: StartStatusBarManagerService
01-29 12:40:49.374  1000   472   472 V SystemServerTiming: StartStatusBarManagerService took to complete: 4ms
01-29 12:40:49.374  1000   472   472 D SystemServer: MusicRecognitionManagerService not defined by OEM or disabled by flag
01-29 12:40:49.374  1000   472   472 D SystemServer: ContentCaptureService disabled because resource is not overlaid
01-29 12:40:49.375  1000   472   472 D SystemServer: AttentionService is not configured on this device
01-29 12:40:49.375  1000   472   472 D SystemServer: RotationResolverService is not configured on this device
01-29 12:40:49.375  1000   472   472 D SystemServer: SystemCaptionsManagerService disabled because resource is not overlaid
01-29 12:40:49.375  1000   472   472 D SystemServerTiming: StartTextToSpeechManagerService
01-29 12:40:49.375  1000   472   472 I SystemServiceManager: Starting com.android.server.texttospeech.TextToSpeechManagerService
01-29 12:40:49.377  1000   472   472 V SystemServerTiming: StartTextToSpeechManagerService took to complete: 2ms
01-29 12:40:49.377  1000   472   472 D SystemServerTiming: StartAmbientContextService
01-29 12:40:49.377  1000   472   472 I SystemServiceManager: Starting com.android.server.ambientcontext.AmbientContextManagerService
01-29 12:40:49.380  1000   472   472 V SystemServerTiming: StartAmbientContextService took to complete: 3ms
01-29 12:40:49.380  1000   472   472 D SystemServerTiming: StartSpeechRecognitionManagerService
01-29 12:40:49.380  1000   472   472 I SystemServiceManager: Starting com.android.server.speech.SpeechRecognitionManagerService
01-29 12:40:49.382  1000   472   472 V SystemServerTiming: StartSpeechRecognitionManagerService took to complete: 2ms
01-29 12:40:49.382  1000   472   472 D SystemServer: AppPredictionService not defined by OEM
01-29 12:40:49.383  1000   472   472 D SystemServer: ContentSuggestionsService not defined by OEM
01-29 12:40:49.383  1000   472   472 D SystemServerTiming: StartSearchUiService
01-29 12:40:49.383  1000   472   472 I SystemServiceManager: Starting com.android.server.searchui.SearchUiManagerService
01-29 12:40:49.385  1000   472   472 V SystemServerTiming: StartSearchUiService took to complete: 2ms
01-29 12:40:49.385  1000   472   472 D SystemServerTiming: StartSmartspaceService
01-29 12:40:49.385  1000   472   472 I SystemServiceManager: Starting com.android.server.smartspace.SmartspaceManagerService
01-29 12:40:49.387  1000   472   472 V SystemServerTiming: StartSmartspaceService took to complete: 2ms
01-29 12:40:49.387  1000   472   472 D SystemServerTiming: InitConnectivityModuleConnector
01-29 12:40:49.387  1000   472   472 D ConnectivityModuleConnector: Network stack init
01-29 12:40:49.390  1000   472   472 V SystemServerTiming: InitConnectivityModuleConnector took to complete: 3ms
01-29 12:40:49.390  1000   472   472 D SystemServerTiming: InitNetworkStackClient
01-29 12:40:49.391  1000   472   472 V SystemServerTiming: InitNetworkStackClient took to complete: 1ms
01-29 12:40:49.391  1000   472   472 D SystemServerTiming: StartNetworkManagementService
01-29 12:40:49.394  1000   472   472 V SystemServerTiming: StartNetworkManagementService took to complete: 2ms
01-29 12:40:49.394  1000   472   472 D SystemServerTiming: StartFontManagerService
01-29 12:40:49.451  1000   472   482 I system_server: Background young concurrent copying GC freed 110447(5727KB) AllocSpace objects, 15(444KB) LOS objects, 30% free, 10MB/14MB, paused 157us,88us total 188.011ms
01-29 12:40:49.576  root   256   460 I zygote  : Background concurrent copying GC freed 27405(945KB) AllocSpace objects, 3(88KB) LOS objects, 49% free, 9563KB/18MB, paused 160us,39us total 294.544ms
01-29 12:40:49.677  1000   472   525 V SystemServerTimingAsync: AppDataFixup took to complete: 1462ms
01-29 12:40:49.682  1000   472   525 W PackageManager: Skipping preparing app data for com.android.sdksandbox
01-29 12:40:49.682  root   338   338 E installd: Failed to mark default storage /data/data/com.android.sdksandbox: No such file or directory
01-29 12:40:49.683  1000   472   525 W PackageManager: Failed to migrate com.android.sdksandbox: android.os.ServiceSpecificException: Failed to mark default storage /data/data/com.android.sdksandbox (code 2)
01-29 12:40:49.684  1000   472   525 W PackageManager: Skipping preparing app data for com.android.sdksandbox
01-01 00:00:27.578  root     0     0 I init    : Service 'exec 18 (/system/bin/extra_free_kbytes.sh 24300)' (pid 563) exited with status 0 waiting took 0.444000 seconds
01-01 00:00:27.591  root     0     0 I init    : Sending signal 9 to service 'exec 18 (/system/bin/extra_free_kbytes.sh 24300)' (pid 563) process group...
01-01 00:00:27.603  root     0     0 I libprocessgroup: Successfully killed process cgroup uid 0 pid 563 in 0ms
01-29 12:40:49.796  1000   472   472 V SystemServerTiming: StartFontManagerService took to complete: 402ms
01-29 12:40:49.796  1000   472   472 D SystemServerTiming: StartTextServicesManager
01-29 12:40:49.796  1000   472   472 I SystemServiceManager: Starting com.android.server.textservices.TextServicesManagerService$Lifecycle
01-29 12:40:49.797  1000   472   472 V SystemServerTiming: StartTextServicesManager took to complete: 1ms
01-29 12:40:49.798  1000   472   472 D SystemServerTiming: StartNetworkScoreService
01-29 12:40:49.798  1000   472   472 I SystemServiceManager: Starting com.android.server.NetworkScoreService$Lifecycle
01-29 12:40:49.799  1000   472   472 I NetworkScoreService: Registering network_score
01-29 12:40:49.800  1000   472   472 V SystemServerTiming: StartNetworkScoreService took to complete: 2ms
01-29 12:40:49.800  1000   472   472 D SystemServerTiming: StartNetworkStatsService
01-29 12:40:49.833  1000   472   472 I SystemServiceManager: Starting com.android.server.NetworkStatsServiceInitializer
01-29 12:40:49.889  1000   472   472 I NetworkStatsServiceInitializer: Registering netstats
01-29 12:40:49.891  1000   472   472 V SystemServerTiming: StartNetworkStatsService took to complete: 91ms
01-29 12:40:49.892  1000   472   472 D SystemServerTiming: StartNetworkPolicyManagerService
01-29 12:40:49.901  1000   472   585 D CompatibilityChangeReporter: Compat change id reported: 170188668; UID 1000; state: ENABLED
01-29 12:40:49.905  1000   472   472 V SystemServerTiming: StartNetworkPolicyManagerService took to complete: 13ms
01-29 12:40:49.905  1000   472   472 D SystemServerTiming: StartWifi
01-29 12:40:49.961  1000   472   472 I SystemServiceManager: Starting com.android.server.wifi.WifiService
01-29 12:40:49.999  1000   472   472 I WifiContext: Got resolveInfos for com.android.server.wifi.intent.action.SERVICE_WIFI_RESOURCES_APK: [ResolveInfo{c3011d6 com.android.wifi.resources/android.app.Activity m=0x108000}]
01-29 12:40:50.001  1000   472   472 I WifiContext: Found Wifi Resources APK at: com.android.wifi.resources
01-29 12:40:50.084  1000   472   472 D ScanMetrics: Settings package: com.android.car.settings
01-29 12:40:50.085  1000   472   472 E ScanMetrics: Can't get GMS uid
01-29 12:40:50.106  1000   472   525 V SystemServerTimingAsync: AppDataPrepare took to complete: 428ms
01-29 12:40:50.106  1000   472   525 I PackageManager: Deferred reconcileAppsData finished 66 packages
01-29 12:40:50.106  1000   472   525 D SystemServerInitThreadPool: Finished executing prepareAppData
01-29 12:40:50.106  1000   472   525 V SystemServerTimingAsync: InitThreadPoolExec:prepareAppData took to complete: 1891ms
01-29 12:40:50.120  1000   157   157 I servicemanager: Found android.hardware.wifi.supplicant.ISupplicant/default in device VINTF manifest.
01-29 12:40:50.121  1000   472   472 I SupplicantStaIfaceHal: Initializing SupplicantStaIfaceHal using AIDL implementation.
01-29 12:40:50.124  1000   157   157 I servicemanager: Found android.hardware.wifi.supplicant.ISupplicant/default in device VINTF manifest.
01-29 12:40:50.125  1000   472   472 I SupplicantP2pIfaceHal: Initializing SupplicantP2pIfaceHal using AIDL implementation.
01-29 12:40:50.126  1000   472   472 I WifiCoexManager: Default coex algorithm is disabled.
01-29 12:40:50.166  1000   472   472 D WifiOpenNetworkNotifier: Settings toggle enabled=true
01-29 12:40:50.171  1000   472   472 D WifiNl80211Manager: registerCountryCodeEventListener called
01-29 12:40:50.171  wifi   345   345 I wificond: New wificond event callback registered
01-29 12:40:50.171  1000   472   472 D WifiCountryCode: Default country code from system property ro.boot.wificountrycode is null
01-29 12:40:50.177  root   256   256 D MtpDeviceJNI: register_android_mtp_MtpDevice
01-29 12:40:50.177  1000   472   472 D WakeupController: WifiWake enabled
01-29 12:40:50.179  1000   472   472 V HistoricalRegistry: Interaction before persistence initialized
01-29 12:40:50.181  root   256   256 E MediaProfiles: MediaProfiles::createCamcorderProfile failed to locate quality 720p 
01-29 12:40:50.181  root   256   256 E MediaProfiles: MediaProfiles::createCamcorderProfile failed to locate quality 720p 
01-29 12:40:50.185  1000   472   472 I WifiService: Registering wifi
01-29 12:40:50.187  1000   472   472 V SystemServerTiming: StartWifi took to complete: 281ms
01-29 12:40:50.187  1000   472   472 D SystemServerTiming: StartWifiScanning
01-29 12:40:50.189  1000   472   472 I SystemServiceManager: Starting com.android.server.wifi.scanner.WifiScanningService
01-29 12:40:50.189  1000   472   472 I WifiScanningService: Creating wifiscanner
01-29 12:40:50.195  1000   472   482 I system_server: Background concurrent copying GC freed 112298(8304KB) AllocSpace objects, 4(80KB) LOS objects, 49% free, 8780KB/17MB, paused 176us,78us total 248.659ms
01-29 12:40:50.198  1000   472   472 I WifiScanningService: Publishing wifiscanner
01-29 12:40:50.199  1000   472   472 V SystemServerTiming: StartWifiScanning took to complete: 12ms
01-29 12:40:50.199  1000   472   472 D SystemServerTiming: StartPacProxyService
01-29 12:40:50.201  1000   472   472 V SystemServerTiming: StartPacProxyService took to complete: 2ms
01-29 12:40:50.201  1000   472   472 D SystemServerTiming: StartConnectivityService
01-29 12:40:50.202  1000   472   472 I SystemServiceManager: Starting com.android.server.ConnectivityServiceInitializer
01-29 12:40:50.235  root   256   256 I zygote  : Thread[1,tid=256,Native,Thread*=0xe0140e10,peer=0x13240078,"main"] recursive attempt to load library "librtp_jni.so"
01-29 12:40:50.237  1000   472   472 D EthernetTracker: Interface match regexp set to 'eth\d'
01-29 12:40:50.241  1000   472   472 D ConnectivityService: ConnectivityService starting up
01-29 12:40:50.248  1003   439   453 D BootAnimation: Playing files = /system/media/bootanimation.zip/part2, Requested repeat = 0, playUntilComplete = true
01-29 12:40:50.249  1000   472   472 E ConnectivityService: Ignoring protectedNetwork 10
01-29 12:40:50.249  1000   472   472 E ConnectivityService: Ignoring protectedNetwork 11
01-29 12:40:50.249  1000   472   472 E ConnectivityService: Ignoring protectedNetwork 12
01-29 12:40:50.249  1000   472   472 E ConnectivityService: Ignoring protectedNetwork 14
01-29 12:40:50.249  1000   472   472 E ConnectivityService: Ignoring protectedNetwork 15
01-29 12:40:50.260  1000   472   472 D CompatibilityChangeReporter: Compat change id reported: 182478738; UID 1000; state: ENABLED
01-29 12:40:50.270  1000   472   472 D ConnectivityNativeService: Attached BPF_CGROUP_INET4_BIND and BPF_CGROUP_INET6_BIND programs
01-29 12:40:50.287  1000   472   472 W UnsafeUtil: platform method missing - proto runtime falling back to safer methods: java.lang.NoSuchMethodException: sun.misc.Unsafe.copyMemory [class java.lang.Object, long, class java.lang.Object, long, long]
01-29 12:40:50.288  1000   472   472 I ConnectivityServiceInitializer: Registering ethernet
01-29 12:40:50.289  1000   472   472 I ConnectivityServiceInitializer: Registering connectivity
01-29 12:40:50.290  1000   472   472 I ConnectivityServiceInitializer: Registering ipsec
01-29 12:40:50.290  1000   472   472 I ConnectivityServiceInitializer: Registering connectivity_native
01-29 12:40:50.291  1000   472   472 I ConnectivityServiceInitializer: Registering servicediscovery
01-29 12:40:50.292  1000   472   472 I ConnectivityServiceInitializer: Registering nearby
01-29 12:40:50.293  1000   472   472 V SystemServerTiming: StartConnectivityService took to complete: 92ms
01-29 12:40:50.293  1000   472   472 D SystemServerTiming: StartVpnManagerService
01-29 12:40:50.295  1000   472   472 D VpnManagerService: VpnManagerService starting up
01-29 12:40:50.296  1000   472   472 V SystemServerTiming: StartVpnManagerService took to complete: 3ms
01-29 12:40:50.296  1000   472   472 D SystemServerTiming: StartVcnManagementService
01-29 12:40:50.299  1000   472   472 V SystemServerTiming: StartVcnManagementService took to complete: 3ms
01-29 12:40:50.299  1000   472   472 D SystemServerTiming: StartSystemUpdateManagerService
01-29 12:40:50.300  1000   472   472 I SystemUpdateManagerService: No existing info file /data/system/system-update-info.xml
01-29 12:40:50.301  1000   472   472 V SystemServerTiming: StartSystemUpdateManagerService took to complete: 2ms
01-29 12:40:50.301  1000   472   472 D SystemServerTiming: StartUpdateLockService
01-29 12:40:50.302  1000   472   472 V SystemServerTiming: StartUpdateLockService took to complete: 1ms
01-29 12:40:50.302  1000   472   472 D SystemServerTiming: StartNotificationManager
01-29 12:40:50.302  1000   472   472 I SystemServiceManager: Starting com.android.server.notification.NotificationManagerService
01-29 12:40:50.315  1000   472   472 D ConditionProviders.SCP: new ScheduleConditionProvider()
01-29 12:40:50.346  1000   472   472 I NotificationAssistants: Read notification assistant permissions from xml
01-29 12:40:50.347  1000   472   472 I NotificationAssistants: Read notification assistant permissions from xml
01-29 12:40:50.347  1000   472   472 I ConditionProviders: Read condition provider permissions from xml
01-29 12:40:50.347  1000   472   472 I ConditionProviders: Read condition provider permissions from xml
01-29 12:40:50.347  1000   472   472 I ConditionProviders: Read condition provider permissions from xml
01-29 12:40:50.347  1000   472   472 I ConditionProviders: Read condition provider permissions from xml
01-29 12:40:50.347  1000   472   472 D NotificationAssistants: Approving default notification assistant for user 0
01-29 12:40:50.348  1000   472   472 I ConditionProviders:  Allowing condition provider android.ext.services/android.ext.services.notification.Assistant (userSet: true)
01-29 12:40:50.348  1000   472   472 D NotificationAssistants: Approving default notification assistant for user 10
01-29 12:40:50.352  1000   472   472 I ConditionProviders:  Allowing condition provider android.ext.services/android.ext.services.notification.Assistant (userSet: true)
01-29 12:40:50.353  1000   472   472 W ActivityManager: Skipping broadcast of Intent { act=android.app.action.NOTIFICATION_POLICY_ACCESS_GRANTED_CHANGED flg=0x40000010 pkg=android.ext.services }: user 10 and its parent (if any) are stopped
01-29 12:40:50.363  1000   472   472 V SystemServerTiming: StartNotificationManager took to complete: 61ms
01-29 12:40:50.363  1000   472   472 D SystemServerTiming: StartDeviceMonitor
01-29 12:40:50.364  1000   472   472 I SystemServiceManager: Starting com.android.server.storage.DeviceStorageMonitorService
01-29 12:40:50.365  1000   472   472 V SystemServerTiming: StartDeviceMonitor took to complete: 2ms
01-29 12:40:50.365  1000   472   472 D SystemServerTiming: StartLocationManagerService
01-29 12:40:50.365  1000   472   472 I SystemServiceManager: Starting com.android.server.location.LocationManagerService$Lifecycle
01-29 12:40:50.372  1000   472   472 V SystemServerTiming: StartLocationManagerService took to complete: 7ms
01-29 12:40:50.373  1000   472   472 D SystemServerTiming: StartCountryDetectorService
01-29 12:40:50.373  1000   472   472 V SystemServerTiming: StartCountryDetectorService took to complete: 1ms
01-29 12:40:50.373  1000   472   472 D SystemServerTiming: StartTimeDetectorService
01-29 12:40:50.373  1000   472   472 I SystemServiceManager: Starting com.android.server.timedetector.TimeDetectorService$Lifecycle
01-29 12:40:50.375  1000   472   472 V SystemServerTiming: StartTimeDetectorService took to complete: 2ms
01-29 12:40:50.375  1000   472   472 D SystemServerTiming: StartTimeZoneDetectorService
01-29 12:40:50.375  1000   472   472 I SystemServiceManager: Starting com.android.server.timezonedetector.TimeZoneDetectorService$Lifecycle
01-29 12:40:50.379  1000   472   472 V SystemServerTiming: StartTimeZoneDetectorService took to complete: 4ms
01-29 12:40:50.379  1000   472   472 D SystemServerTiming: StartLocationTimeZoneManagerService
01-29 12:40:50.379  1000   472   472 I SystemServiceManager: Starting com.android.server.timezonedetector.location.LocationTimeZoneManagerService$Lifecycle
01-29 12:40:50.380  1000   472   472 V SystemServerTiming: StartLocationTimeZoneManagerService took to complete: 1ms
01-29 12:40:50.380  1000   472   472 D SystemServerTiming: StartGnssTimeUpdateService
01-29 12:40:50.381  1000   472   472 I SystemServiceManager: Starting com.android.server.timedetector.GnssTimeUpdateService$Lifecycle
01-29 12:40:50.383  1000   472   472 V SystemServerTiming: StartGnssTimeUpdateService took to complete: 3ms
01-29 12:40:50.383  1000   472   472 D SystemServerTiming: StartSearchManagerService
01-29 12:40:50.383  1000   472   472 I SystemServiceManager: Starting com.android.server.search.SearchManagerService$Lifecycle
01-29 12:40:50.385  1000   472   472 V SystemServerTiming: StartSearchManagerService took to complete: 2ms
01-29 12:40:50.385  1000   472   472 I SystemServer: Wallpaper service disabled by config
01-29 12:40:50.385  1000   472   472 D SystemServerTiming: StartWallpaperEffectsGenerationService
01-29 12:40:50.385  1000   472   472 I SystemServiceManager: Starting com.android.server.wallpapereffectsgeneration.WallpaperEffectsGenerationManagerService
01-29 12:40:50.387  1000   472   472 V SystemServerTiming: StartWallpaperEffectsGenerationService took to complete: 2ms
01-29 12:40:50.387  1000   472   472 D SystemServerTiming: StartAudioService
01-29 12:40:50.387  1000   472   472 I SystemServiceManager: Starting com.android.server.audio.AudioService$Lifecycle
01-29 12:40:50.404  1000   472   472 I AS.AudioService: Stream 5: using max vol of 7
01-29 12:40:50.404  1000   472   472 I AS.AudioService: Stream 5: using default vol of 5
01-29 12:40:50.404  1000   472   472 I AS.AudioService: Stream 2: using max vol of 7
01-29 12:40:50.404  1000   472   472 I AS.AudioService: Stream 2: using default vol of 5
01-29 12:40:50.407  1000   472   472 I android_os_HwBinder: HwBinder: Starting thread pool for getting: android.hidl.manager@1.0::IServiceManager/default
01-29 12:40:50.412  1041   287   418 W AudioFlinger: no wake lock to update, system not ready yet
01-29 12:40:50.418  1041   287   287 D PermissionCache: checking android.permission.MODIFY_AUDIO_ROUTING for uid=1000 => granted (1197 us)
01-29 12:40:50.428  1041   287   413 D PermissionCache: checking android.permission.MODIFY_AUDIO_SETTINGS for uid=1000 => granted (169 us)
01-29 12:40:50.430  1041   287   413 E AudioFlinger: getMicMute: error -38 getting state from HAL
01-29 12:40:50.430  1041   287   414 W AudioFlinger: setMicMute: error -38 setting state to HAL
01-29 12:40:50.431  1000   472   472 E AudioSystem-JNI: Command failed for android_media_AudioSystem_muteMicrophone: -38
01-29 12:40:50.431  1041   287   414 E AudioFlinger: getMicMute: error -38 getting state from HAL
01-29 12:40:50.431  1000   472   472 E AS.AudioService: Error changing mic mute state to false current:false
01-29 12:40:50.434  1041   287   414 D AudioFlinger: isLowRamDevice:false totalMemory:3967119360 mClientSharedHeapSize:16777216
01-29 12:40:50.435  1000   472   472 V SystemServerTiming: StartAudioService took to complete: 48ms
01-29 12:40:50.435  1000   472   472 D SystemServerTiming: StartSoundTriggerMiddlewareService
01-29 12:40:50.435  1000   472   472 I SystemServiceManager: Starting com.android.server.soundtrigger_middleware.SoundTriggerMiddlewareService$Lifecycle
01-29 12:40:50.438  1041   287   414 I CaptureStateNotifier: Registering a listener
01-29 12:40:50.439  1000   157   157 I servicemanager: Could not find android.hardware.soundtrigger3.ISoundTriggerHw/default in the VINTF manifest.
01-29 12:40:50.439  1000   472   472 I SoundTriggerMiddlewareDefaultHalFactory: Connecting to default soundtrigger-V2.x.ISoundTriggerHw
01-29 12:40:50.440  1000   158   158 I hwservicemanager: getTransport: Cannot find entry android.hardware.soundtrigger@2.0::ISoundTriggerHw/default in either framework or device VINTF manifest.
01-29 12:40:50.446  1000   472   472 E SoundTriggerMiddlewareImpl: Failed to add a SoundTriggerModule instance
01-29 12:40:50.446  1000   472   472 E SoundTriggerMiddlewareImpl: java.util.NoSuchElementException
01-29 12:40:50.446  1000   472   472 E SoundTriggerMiddlewareImpl: 	at android.os.HwBinder.getService(Native Method)
01-29 12:40:50.446  1000   472   472 E SoundTriggerMiddlewareImpl: 	at android.hardware.soundtrigger.V2_0.ISoundTriggerHw.getService(ISoundTriggerHw.java:57)
01-29 12:40:50.446  1000   472   472 E SoundTriggerMiddlewareImpl: 	at android.hardware.soundtrigger.V2_0.ISoundTriggerHw.getService(ISoundTriggerHw.java:64)
01-29 12:40:50.446  1000   472   472 E SoundTriggerMiddlewareImpl: 	at com.android.server.soundtrigger_middleware.DefaultHalFactory.create(DefaultHalFactory.java:76)
01-29 12:40:50.446  1000   472   472 E SoundTriggerMiddlewareImpl: 	at com.android.server.soundtrigger_middleware.SoundTriggerModule.attachToHal(SoundTriggerModule.java:170)
01-29 12:40:50.446  1000   472   472 E SoundTriggerMiddlewareImpl: 	at com.android.server.soundtrigger_middleware.SoundTriggerModule.<init>(SoundTriggerModule.java:103)
01-29 12:40:50.446  1000   472   472 E SoundTriggerMiddlewareImpl: 	at com.android.server.soundtrigger_middleware.SoundTriggerMiddlewareImpl.<init>(SoundTriggerMiddlewareImpl.java:86)
01-29 12:40:50.446  1000   472   472 E SoundTriggerMiddlewareImpl: 	at com.android.server.soundtrigger_middleware.SoundTriggerMiddlewareService$Lifecycle.onStart(SoundTriggerMiddlewareService.java:230)
01-29 12:40:50.446  1000   472   472 E SoundTriggerMiddlewareImpl: 	at com.android.server.SystemServiceManager.startService(SystemServiceManager.java:258)
01-29 12:40:50.446  1000   472   472 E SoundTriggerMiddlewareImpl: 	at com.android.server.SystemServiceManager.startService(SystemServiceManager.java:236)
01-29 12:40:50.446  1000   472   472 E SoundTriggerMiddlewareImpl: 	at com.android.server.SystemServer.startOtherServices(SystemServer.java:2145)
01-29 12:40:50.446  1000   472   472 E SoundTriggerMiddlewareImpl: 	at com.android.server.SystemServer.run(SystemServer.java:937)
01-29 12:40:50.446  1000   472   472 E SoundTriggerMiddlewareImpl: 	at com.android.server.SystemServer.main(SystemServer.java:647)
01-29 12:40:50.446  1000   472   472 E SoundTriggerMiddlewareImpl: 	at java.lang.reflect.Method.invoke(Native Method)
01-29 12:40:50.446  1000   472   472 E SoundTriggerMiddlewareImpl: 	at com.android.internal.os.RuntimeInit$MethodAndArgsCaller.run(RuntimeInit.java:548)
01-29 12:40:50.446  1000   472   472 E SoundTriggerMiddlewareImpl: 	at com.android.internal.os.ZygoteInit.main(ZygoteInit.java:914)
01-29 12:40:50.447  1000   472   472 V SystemServerTiming: StartSoundTriggerMiddlewareService took to complete: 12ms
01-29 12:40:50.447  1000   472   472 D SystemServerTiming: StartBroadcastRadioService
01-29 12:40:50.447  1000   472   472 I SystemServiceManager: Starting com.android.server.broadcastradio.BroadcastRadioService
01-29 12:40:50.447  1000   472   472 V BroadcastRadioService.jni: nativeInit
01-29 12:40:50.448  1000   472   472 V BroadcastRadioService.jni: nativeLoadModules
01-29 12:40:50.451  1000   472   472 I android_os_HwBinder: HwBinder: Starting thread pool for getting: android.hidl.manager@1.0::IServiceManager/default
01-29 12:40:50.453  1000   472   557 V BcRadio2Srv: onRegistration(android.hardware.broadcastradio@2.0::IBroadcastRadio, amfm, true)
01-29 12:40:50.453  1000   472   557 I BcRadio2Srv.module: Try loading module for idx 0, fqName amfm
01-29 12:40:50.454  1000   472   557 I android_os_HwBinder: HwBinder: Starting thread pool for getting: android.hardware.broadcastradio@2.0::IBroadcastRadio/amfm
01-29 12:40:50.457  1000   472   472 V SystemServerTiming: StartBroadcastRadioService took to complete: 10ms
01-29 12:40:50.457  1000   472   472 D SystemServerTiming: StartDockObserver
01-29 12:40:50.457  1000   472   472 I SystemServiceManager: Starting com.android.server.DockObserver
01-29 12:40:50.461  1000   472   557 V BcRadio2Srv: loaded broadcast radio module 0: amfm (HAL 2.0)
01-29 12:40:50.461  1000   472   557 V BcRadio2Srv: onRegistration(android.hardware.broadcastradio@2.0::IBroadcastRadio, dab, true)
01-29 12:40:50.461  1000   472   557 I BcRadio2Srv.module: Try loading module for idx 1, fqName dab
01-29 12:40:50.462  1000   472   557 I android_os_HwBinder: HwBinder: Starting thread pool for getting: android.hardware.broadcastradio@2.0::IBroadcastRadio/dab
01-29 12:40:50.463  1000   472   472 I DockObserver: No extcon dock device found in this kernel.
01-29 12:40:50.464  1000   472   472 V SystemServerTiming: StartDockObserver took to complete: 7ms
01-29 12:40:50.465  1000   472   557 V BcRadio2Srv: loaded broadcast radio module 1: dab (HAL 2.0)
01-29 12:40:50.465  1000   472   472 D SystemServerTiming: StartWiredAccessoryManager
01-29 12:40:50.465  1000   472   472 W WiredAccessoryManager: This kernel does not have wired headset support
01-29 12:40:50.466  1000   472   472 W WiredAccessoryManager: This kernel does not have usb audio support
01-29 12:40:50.466  1000   472   472 W WiredAccessoryManager: This kernel does not have HDMI audio support
01-29 12:40:50.466  1000   472   472 V SystemServerTiming: StartWiredAccessoryManager took to complete: 1ms
01-29 12:40:50.466  1000   472   472 D SystemServerTiming: StartMidiManager
01-29 12:40:50.466  1000   472   472 I SystemServiceManager: Starting com.android.server.midi.MidiService$Lifecycle
01-29 12:40:50.468  1000   472   472 V SystemServerTiming: StartMidiManager took to complete: 2ms
01-29 12:40:50.468  1000   472   472 D SystemServerTiming: StartAdbService
01-29 12:40:50.468  1000   472   472 I SystemServiceManager: Starting com.android.server.adb.AdbService$Lifecycle
01-29 12:40:50.472  1000   472   472 V SystemServerTiming: StartAdbService took to complete: 4ms
01-29 12:40:50.472  1000   472   472 D SystemServerTiming: StartUsbService
01-29 12:40:50.472  1000   472   472 I SystemServiceManager: Starting com.android.server.usb.UsbService$Lifecycle
01-29 12:40:50.472  1000   472   472 V SystemServerTiming: StartUsbService took to complete: 0ms
01-29 12:40:50.473  1000   472   472 D SystemServerTiming: StartSerialService
01-29 12:40:50.473  1000   472   531 D SystemServerTimingAsync: InitThreadPoolExec:UsbService$Lifecycle#onStart
01-29 12:40:50.473  1000   472   531 D SystemServerInitThreadPool: Started executing UsbService$Lifecycle#onStart
01-29 12:40:50.473  1000   472   472 V SystemServerTiming: StartSerialService took to complete: 1ms
01-29 12:40:50.473  1000   472   472 D SystemServerTiming: StartHardwarePropertiesManagerService
01-29 12:40:50.474  1000   472   531 I UsbDeviceManager: failed to write to /sys/class/android_usb/android0/f_rndis/ethaddr
01-29 12:40:50.474  1000   158   158 I hwservicemanager: getTransport: Cannot find entry android.hardware.usb.gadget@1.0::IUsbGadget/default in either framework or device VINTF manifest.
01-29 12:40:50.476  1000   472   472 D HardwarePropertiesManagerService-JNI: Link to death notification successful
01-29 12:40:50.479  1000   472   472 V SystemServerTiming: StartHardwarePropertiesManagerService took to complete: 6ms
01-29 12:40:50.479  1000   472   472 D SystemServerTiming: StartTwilightService
01-29 12:40:50.479  1000   472   472 I SystemServiceManager: Starting com.android.server.twilight.TwilightService
01-29 12:40:50.479  1000   472   472 V SystemServerTiming: StartTwilightService took to complete: 0ms
01-29 12:40:50.479  1000   472   472 D SystemServerTiming: StartColorDisplay
01-29 12:40:50.479  1000   472   472 I SystemServiceManager: Starting com.android.server.display.color.ColorDisplayService
01-29 12:40:50.482  1000   472   472 V SystemServerTiming: StartColorDisplay took to complete: 3ms
01-29 12:40:50.482  1000   472   472 D SystemServerTiming: StartJobScheduler
01-29 12:40:50.482  1000   472   472 I SystemServiceManager: Starting com.android.server.job.JobSchedulerService
01-29 12:40:50.483  1000   472   531 I UsbDeviceManager: USB GADGET HAL not present in the device
01-29 12:40:50.483  1000   472   531 I UsbDeviceManager: java.util.NoSuchElementException
01-29 12:40:50.483  1000   472   531 I UsbDeviceManager: 	at android.os.HwBinder.getService(Native Method)
01-29 12:40:50.483  1000   472   531 I UsbDeviceManager: 	at android.hardware.usb.gadget.V1_0.IUsbGadget.getService(IUsbGadget.java:57)
01-29 12:40:50.483  1000   472   531 I UsbDeviceManager: 	at android.hardware.usb.gadget.V1_0.IUsbGadget.getService(IUsbGadget.java:64)
01-29 12:40:50.483  1000   472   531 I UsbDeviceManager: 	at com.android.server.usb.UsbDeviceManager.<init>(UsbDeviceManager.java:302)
01-29 12:40:50.483  1000   472   531 I UsbDeviceManager: 	at com.android.server.usb.UsbService.<init>(UsbService.java:183)
01-29 12:40:50.483  1000   472   531 I UsbDeviceManager: 	at com.android.server.usb.UsbService$Lifecycle.lambda$onStart$0$com-android-server-usb-UsbService$Lifecycle(UsbService.java:97)
01-29 12:40:50.483  1000   472   531 I UsbDeviceManager: 	at com.android.server.usb.UsbService$Lifecycle$$ExternalSyntheticLambda2.run(Unknown Source:2)
01-29 12:40:50.483  1000   472   531 I UsbDeviceManager: 	at com.android.server.SystemServerInitThreadPool.lambda$submitTask$0$com-android-server-SystemServerInitThreadPool(SystemServerInitThreadPool.java:106)
01-29 12:40:50.483  1000   472   531 I UsbDeviceManager: 	at com.android.server.SystemServerInitThreadPool$$ExternalSyntheticLambda0.run(Unknown Source:6)
01-29 12:40:50.483  1000   472   531 I UsbDeviceManager: 	at java.util.concurrent.Executors$RunnableAdapter.call(Executors.java:463)
01-29 12:40:50.483  1000   472   531 I UsbDeviceManager: 	at java.util.concurrent.FutureTask.run(FutureTask.java:264)
01-29 12:40:50.483  1000   472   531 I UsbDeviceManager: 	at java.util.concurrent.ThreadPoolExecutor.runWorker(ThreadPoolExecutor.java:1137)
01-29 12:40:50.483  1000   472   531 I UsbDeviceManager: 	at java.util.concurrent.ThreadPoolExecutor$Worker.run(ThreadPoolExecutor.java:637)
01-29 12:40:50.483  1000   472   531 I UsbDeviceManager: 	at com.android.internal.util.ConcurrentUtils$1$1.run(ConcurrentUtils.java:65)
01-29 12:40:50.490  1000   472   472 D JobStore: Start tag: job-info
01-29 12:40:50.490  1000   472   472 W JobStore: Periodic job for uid='1010099' persisted run-time is too big [360:01:27, 720:01:27]. Clamping to [360:00:28,720:00:28]
01-29 12:40:50.492  1000   472   472 W JobStore: Periodic job for uid='1010099' persisted run-time is too big [24:01:27, 48:01:27]. Clamping to [24:00:28,48:00:28]
01-29 12:40:50.492  1000   472   472 W JobStore: Periodic job for uid='10099' persisted run-time is too big [24:01:30, 48:01:30]. Clamping to [24:00:28,48:00:28]
01-29 12:40:50.493  1000   472   472 W JobStore: Periodic job for uid='10099' persisted run-time is too big [360:01:30, 720:01:30]. Clamping to [360:00:28,720:00:28]
01-29 12:40:50.494  1000   472   472 W JobStore: Periodic job for uid='1000' persisted run-time is too big [24:01:01, 48:01:01]. Clamping to [24:00:28,48:00:28]
01-29 12:40:50.494  1000   472   472 I JobStore: Read 9 jobs
01-01 00:00:28.323  root     0     0 I         : read descriptors
01-01 00:00:28.329  root     0     0 I         : read strings
01-01 00:00:28.333  root     0     0 I         : read descriptors
01-29 12:40:50.499  1000   472   472 V HistoricalRegistry: Interaction before persistence initialized
01-29 12:40:50.499  1000   472   472 V HistoricalRegistry: Interaction before persistence initialized
01-01 00:00:28.336  root     0     0 I         : read strings
01-29 12:40:50.500  1000   472   472 W JobScheduler: !!! RTC not yet good; tracking time updates for job scheduling
01-29 12:40:50.500  1000   472   596 D ConnectivityService: NetReassign [no changes]
01-29 12:40:50.501  1000   472   472 V SystemServerTiming: StartJobScheduler took to complete: 19ms
01-29 12:40:50.501  1000   472   472 D SystemServerTiming: StartSoundTrigger
01-29 12:40:50.502  1000   472   472 I SystemServiceManager: Starting com.android.server.soundtrigger.SoundTriggerService
01-29 12:40:50.503  1000   472   472 V SystemServerTiming: StartSoundTrigger took to complete: 1ms
01-29 12:40:50.503  1000   472   472 D SystemServerTiming: StartTrustManager
01-29 12:40:50.503  1000   472   472 I SystemServiceManager: Starting com.android.server.trust.TrustManagerService
01-29 12:40:50.504  1000   472   472 V SystemServerTiming: StartTrustManager took to complete: 1ms
01-29 12:40:50.504  1000   472   472 D SystemServerTiming: StartVoiceRecognitionManager
01-29 12:40:50.505  1000   472   472 I SystemServiceManager: Starting com.android.server.voiceinteraction.VoiceInteractionManagerService
01-29 12:40:50.511  1000   472   531 W StorageManagerService: No primary storage defined yet; hacking together a stub
01-29 12:40:50.516  1000   472   472 V SystemServerTiming: StartVoiceRecognitionManager took to complete: 12ms
01-29 12:40:50.516  1000   472   472 D SystemServerTiming: StartAppHibernationService
01-29 12:40:50.516  1000   472   472 I SystemServiceManager: Starting com.android.server.apphibernation.AppHibernationService
01-29 12:40:50.519  1000   472   531 D UsbPortManager: Querying USB HAL version
01-29 12:40:50.520  1000   157   157 I servicemanager: Could not find android.hardware.usb.IUsb/default in the VINTF manifest.
01-29 12:40:50.521  1000   472   472 V SystemServerTiming: StartAppHibernationService took to complete: 4ms
01-29 12:40:50.521  1000   472   472 D SystemServerTiming: StartGestureLauncher
01-29 12:40:50.521  1000   472   472 I SystemServiceManager: Starting com.android.server.GestureLauncherService
01-29 12:40:50.521  1000   472   472 V SystemServerTiming: StartGestureLauncher took to complete: 0ms
01-29 12:40:50.523  1000   472   472 D SystemServerTiming: StartSensorNotification
01-29 12:40:50.523  1000   472   472 I SystemServiceManager: Starting com.android.server.SensorNotificationService
01-29 12:40:50.523  1000   472   472 V SystemServerTiming: StartSensorNotification took to complete: 0ms
01-29 12:40:50.523  1000   472   472 D SystemServerTiming: StartDiskStatsService
01-29 12:40:50.524  1000   472   472 D CompatibilityChangeReporter: Compat change id reported: 194532703; UID 1000; state: ENABLED
01-29 12:40:50.524  1000   472   531 I android_os_HwBinder: HwBinder: Starting thread pool for getting: android.hardware.usb@1.0::IUsb/default
01-29 12:40:50.525  1000   472   472 D CompatibilityChangeReporter: Compat change id reported: 194532703; UID 1000; state: ENABLED
01-29 12:40:50.526  1000   472   472 D CompatibilityChangeReporter: Compat change id reported: 194532703; UID 1000; state: DISABLED
01-29 12:40:50.528  1000   472   472 V SystemServerTiming: StartDiskStatsService took to complete: 5ms
01-29 12:40:50.528  1000   472   472 D SystemServerTiming: RuntimeService
01-29 12:40:50.529  1000   472   472 V SystemServerTiming: RuntimeService took to complete: 1ms
01-29 12:40:50.529  1000   472   472 D SystemServerTiming: StartNetworkTimeUpdateService
01-29 12:40:50.529  1000   472   531 I UsbPortManager: USB HAL HIDL present
01-29 12:40:50.531  1000   472   531 I android_os_HwBinder: HwBinder: Starting thread pool for getting: android.hidl.manager@1.0::IServiceManager/default
01-29 12:40:50.531  1000   472   472 V SystemServerTiming: StartNetworkTimeUpdateService took to complete: 2ms
01-29 12:40:50.531  1000   472   472 D SystemServerTiming: CertBlacklister
01-29 12:40:50.532  1000   472   557 I UsbPortManager: Usb hal service started android.hardware.usb@1.0::IUsb default
01-29 12:40:50.533  1000   472   531 I android_os_HwBinder: HwBinder: Starting thread pool for getting: android.hardware.usb@1.0::IUsb/default
01-29 12:40:50.533  1000   472   472 V SystemServerTiming: CertBlacklister took to complete: 2ms
01-29 12:40:50.533  1000   472   472 D SystemServerTiming: StartEmergencyAffordanceService
01-29 12:40:50.533  1000   472   472 I SystemServiceManager: Starting com.android.server.emergency.EmergencyAffordanceService
01-29 12:40:50.534  1000   284   284 I android.hardware.usb@1.0-service: registering callback
01-29 12:40:50.534  1000   472   531 D UsbPortManager: getInstance done
01-29 12:40:50.534  1000   284   284 E android.hardware.usb@1.0-service: Failed to open /sys/class/dual_role_usb
01-29 12:40:50.535  1000   472   472 V SystemServerTiming: StartEmergencyAffordanceService took to complete: 1ms
01-29 12:40:50.535  1000   472   472 D SystemServerTiming: startBlobStoreManagerService
01-29 12:40:50.535  1000   472   472 I SystemServiceManager: Starting com.android.server.blob.BlobStoreManagerService
01-29 12:40:50.536  1000   284   620 E android.hardware.usb@1.0-service: creating thread
01-29 12:40:50.537  1000   472   531 D SystemServerInitThreadPool: Finished executing UsbService$Lifecycle#onStart
01-29 12:40:50.537  1000   472   531 V SystemServerTimingAsync: InitThreadPoolExec:UsbService$Lifecycle#onStart took to complete: 64ms
01-29 12:40:50.543  1000   472   472 V SystemServerTiming: startBlobStoreManagerService took to complete: 8ms
01-29 12:40:50.543  1000   472   472 D SystemServerTiming: StartDreamManager
01-29 12:40:50.543  1000   472   472 I SystemServiceManager: Starting com.android.server.dreams.DreamManagerService
01-29 12:40:50.544  1000   472   472 V SystemServerTiming: StartDreamManager took to complete: 1ms
01-29 12:40:50.544  1000   472   472 D SystemServerTiming: AddGraphicsStatsService
01-29 12:40:50.548  1000   472   472 V SystemServerTiming: AddGraphicsStatsService took to complete: 4ms
01-29 12:40:50.548  1000   472   472 D SystemServerTiming: StartAttestationVerificationService
01-29 12:40:50.548  1000   472   472 I SystemServiceManager: Starting com.android.server.security.AttestationVerificationManagerService
01-29 12:40:50.549  1000   472   472 D AVF     : Started
01-29 12:40:50.550  1000   472   472 V SystemServerTiming: StartAttestationVerificationService took to complete: 1ms
01-29 12:40:50.550  1000   472   472 D SystemServerTiming: StartCompanionDeviceManager
01-29 12:40:50.550  1000   472   472 I SystemServiceManager: Starting com.android.server.companion.CompanionDeviceManagerService
01-29 12:40:50.551  1000   472   472 I CompanionDevice_PersistentDataStore: Reading associations for user 0 from disk
01-29 12:40:50.552  1000   472   472 I CompanionDevice_PersistentDataStore: Reading associations for user 10 from disk
01-29 12:40:50.555  1000   472   472 V SystemServerTiming: StartCompanionDeviceManager took to complete: 4ms
01-29 12:40:50.555  1000   472   472 D SystemServerTiming: StartVirtualDeviceManager
01-29 12:40:50.555  1000   472   472 I SystemServiceManager: Starting com.android.server.companion.virtual.VirtualDeviceManagerService
01-29 12:40:50.556  1000   472   472 V SystemServerTiming: StartVirtualDeviceManager took to complete: 1ms
