01-01 00:00:05.553  root     0     0 I apexd   : Bind mounting /system/apex/com.android.car.framework onto /apex/com.android.car.framework
01-01 00:00:05.564  root     0     0 I apexd   : Bind mounting /system/apex/com.android.conscrypt onto /apex/com.android.conscrypt
01-01 00:00:05.610  root     0     0 W printk  : apexd: 26 output lines suppressed due to ratelimiting
01-01 00:00:05.718  root     0     0 I ueventd : Coldboot took 0.269 seconds
01-01 00:00:06.208  root     0     0 I         : Registered swp emulation handler
01-01 00:00:06.309  root     0     0 I logd.auditd: start
01-01 00:00:06.339  root     0     0 I logd    : Loaded bug_map file: /vendor/etc/selinux/selinux_denial_metadata
01-01 00:00:06.347  root     0     0 I logd    : Loaded bug_map file: /system/etc/selinux/bug_map
01-01 00:00:06.371  1000   158   158 I hwservicemanager: getDeviceHalManifest: Successfully processed VINTF information
01-01 00:00:06.371  1000   158   158 I hwservicemanager: getFrameworkHalManifest: Successfully processed VINTF information
01-01 00:00:06.372  1000   158   158 I hwservicemanager: hwservicemanager is ready now.
01-01 00:00:06.533  root     0     0 W EXT4-fs (mmcblk0p4): Ignoring removed nomblk_io_submit option
01-01 00:00:06.587  1000   157   157 I servicemanager: getDeviceHalManifest: Reading VINTF information.
01-01 00:00:06.594  1000   157   157 I servicemanager: getDeviceHalManifest: Successfully processed VINTF information
01-01 00:00:06.594  1000   157   157 I servicemanager: getFrameworkHalManifest: Reading VINTF information.
01-01 00:00:06.599  1000   157   157 I servicemanager: getFrameworkHalManifest: Successfully processed VINTF information
01-01 00:00:06.599  1000   157   157 I servicemanager: Could not find android.hardware.automotive.vehicle.IVehicle/default in the VINTF manifest.
01-01 00:00:06.599  1000   171   171 D carwatchdogd: AIDL VHAL service, descriptor: android.hardware.automotive.vehicle.IVehicle/default is not declared, maybe HIDL VHAL is used instead?
01-01 00:00:06.600  1000   171   171 E cutils-trace: Error opening trace file: No such file or directory (2)
01-01 00:00:06.600  1000   158   158 E cutils-trace: Error opening trace file: No such file or directory (2)
01-01 00:00:06.601  1000   158   158 I hwservicemanager: Since android.hardware.automotive.vehicle@2.0::IVehicle/default is not registered, trying to start it as a lazy HAL.
01-01 00:00:06.601  1000   171   171 W carwatchdogd: VHAL is not connected: Failed to connect to VHAL.
01-01 00:00:06.601  1000   171   171 W carwatchdogd: Failed to update WATCHDOG_ALIVE VHAL property. Will try again in 3s, error: VHAL is not connected: Failed to connect to VHAL.
01-01 00:00:06.603  1000   157   157 I servicemanager: Found android.automotive.watchdog.ICarWatchdog/default in framework VINTF manifest.
01-01 00:00:06.605  1000   171   180 I carwatchdogd: Starting BOOT_TIME_COLLECTION performance data collection
01-01 00:00:06.631  root     0     0 I EXT4-fs (mmcblk0p4): mounted filesystem with ordered data mode. Opts: errors=remount-ro,nomblk_io_submit. Quota mode: journalled.
01-01 00:00:06.742  1062   174   174 I evsmanagerd: EVS manager starting
01-01 00:00:06.743  1062   174   184 I evsmanagerd: EVS managed service connecting to hardware service at hw/1
01-01 00:00:06.743  1062   174   174 I evsmanagerd: Main thread entering thread pool
01-01 00:00:06.745  1000   157   157 I servicemanager: Found android.hardware.automotive.evs.IEvsEnumerator/hw/1 in device VINTF manifest.
01-01 00:00:06.746  1062   174   184 I evsmanagerd: Failed to connect to AIDL EVS HAL implementation.  Trying to connect to HIDL EVS HAL implementation instead.
01-01 00:00:06.746  1062   174   184 E cutils-trace: Error opening trace file: No such file or directory (2)
01-01 00:00:06.747  1000   158   158 I hwservicemanager: getTransport: Cannot find entry android.hardware.automotive.evs@1.1::IEvsEnumerator/hw/1 in either framework or device VINTF manifest.
01-01 00:00:06.748  1062   174   184 I evsmanagerd: No EVS HAL implementation is available.  Retrying after 1000 ms
01-01 00:00:06.782  root     0     0 I e2fsck  : e2fsck 1.46.2 (28-Feb-2021)
01-01 00:00:06.804  root     0     0 I e2fsck  : userdata: clean, 8262/303104 files, 98153/1212160 blocks
01-01 00:00:06.825  root     0     0 W EXT4-fs (mmcblk0p4): Ignoring removed nomblk_io_submit option
01-01 00:00:06.853  root     0     0 I EXT4-fs (mmcblk0p4): mounted filesystem with ordered data mode. Opts: nomblk_io_submit,errors=panic. Quota mode: journalled.
01-01 00:00:06.892  1000   158   179 W libc    : Unable to set property "ctl.interface_start" to "android.hardware.automotive.vehicle@2.0::IVehicle/default": error code: 0x20
01-01 00:00:06.892  1000   158   179 I hwservicemanager: Tried to start android.hardware.automotive.vehicle@2.0::IVehicle/default as a lazy service, but was unable to. Usually this happens when a service is not installed, but if the service is intended to be used as a lazy service, then it may be configured incorrectly.
01-01 00:00:06.931  1062   173   173 I EvsApp  : EVS app starting
01-01 00:00:06.937  1062   173   173 I EvsApp  : Acquiring EVS Enumerator
01-01 00:00:06.937  1062   173   173 E cutils-trace: Error opening trace file: No such file or directory (2)
01-01 00:00:06.938  1000   158   158 I hwservicemanager: Since android.hardware.automotive.evs@1.1::IEvsEnumerator/default is not registered, trying to start it as a lazy HAL.
01-01 00:00:06.939  1000   158   192 W libc    : Unable to set property "ctl.interface_start" to "android.hardware.automotive.evs@1.1::IEvsEnumerator/default": error code: 0x20
01-01 00:00:06.939  1000   158   192 I hwservicemanager: Tried to start android.hardware.automotive.evs@1.1::IEvsEnumerator/default as a lazy service, but was unable to. Usually this happens when a service is not installed, but if the service is intended to be used as a lazy service, then it may be configured incorrectly.
01-01 00:00:06.940  1000   158   158 I hwservicemanager: Since android.hardware.automotive.evs@1.1::IEvsEnumerator/default is not registered, trying to start it as a lazy HAL.
01-01 00:00:06.940  1062   173   173 I HidlServiceManagement: getService: Trying again for android.hardware.automotive.evs@1.1::IEvsEnumerator/default...
01-01 00:00:06.941  1000   158   194 W libc    : Unable to set property "ctl.interface_start" to "android.hardware.automotive.evs@1.1::IEvsEnumerator/default": error code: 0x20
01-01 00:00:06.941  1000   158   194 I hwservicemanager: Tried to start android.hardware.automotive.evs@1.1::IEvsEnumerator/default as a lazy service, but was unable to. Usually this happens when a service is not installed, but if the service is intended to be used as a lazy service, then it may be configured incorrectly.
01-01 00:00:06.971  1003   172   172 I cardisplayproxyd: cardisplayproxy service is starting
01-01 00:00:06.975  1000   157   157 I servicemanager: Found android.frameworks.automotive.display.ICarDisplayProxy/default in framework VINTF manifest.
01-01 00:00:06.976  1003   172   172 I cardisplayproxyd: Main thread entering thread pool
01-01 00:00:07.111  1000   157   157 I servicemanager: Since 'android.system.suspend.ISystemSuspend/default' could not be found, trying to start it as a lazy AIDL service
01-01 00:00:07.112  1000   157   204 W libc    : Unable to set property "ctl.interface_start" to "aidl/android.system.suspend.ISystemSuspend/default": error code: 0x20
01-01 00:00:07.113  1000   157   204 I servicemanager: Tried to start aidl service android.system.suspend.ISystemSuspend/default as a lazy service, but was unable to. Usually this happens when a service is not installed, but if the service is intended to be used as a lazy service, then it may be configured incorrectly.
01-01 00:00:07.115  root   203   203 I fsverity_init: LoadKeyFromFile path=/system/etc/security/fsverity/fsverity-release.x509.der keyname=fsv_system_0
01-01 00:00:07.138  1000   157   157 I servicemanager: Found android.system.suspend.ISystemSuspend/default in framework VINTF manifest.
01-01 00:00:07.139  1000   158   158 I hwservicemanager: getTransport: Cannot find entry android.system.suspend@1.0::ISystemSuspend/default in either framework or device VINTF manifest.
01-01 00:00:07.140  1000   198   198 E HidlServiceManagement: Service android.system.suspend@1.0::ISystemSuspend/default must be in VINTF manifest in order to register/get.
01-01 00:00:07.140  1000   198   198 I android.system.suspend@1.0-service: system-suspend HIDL hal not supported, use the AIDL suspend hal for requesting wakelocks
01-01 00:00:07.156  1000   199   199 W carpowerpolicyd: Proceed without registered policies: Failed to read and/or parse /vendor/etc/automotive/power_policy.xml
01-01 00:00:07.157  1000   199   199 W carpowerpolicyd: Failed to start monitoring Silent Mode HW state: /sys/power/pm_silentmode_hw_state doesn't exist
01-01 00:00:07.157  1000   157   157 I servicemanager: Found android.frameworks.automotive.powerpolicy.ICarPowerPolicyServer/default in framework VINTF manifest.
01-01 00:00:07.158  1000   157   157 I servicemanager: Found android.frameworks.automotive.powerpolicy.internal.ICarPowerPolicySystemNotification/default in framework VINTF manifest.
01-01 00:00:07.158  1000   157   157 I servicemanager: Could not find android.hardware.automotive.vehicle.IVehicle/default in the VINTF manifest.
01-01 00:00:07.158  1000   199   199 D carpowerpolicyd: AIDL VHAL service, descriptor: android.hardware.automotive.vehicle.IVehicle/default is not declared, maybe HIDL VHAL is used instead?
01-01 00:00:07.167  1000   158   158 I hwservicemanager: Since android.hardware.automotive.vehicle@2.0::IVehicle/default is not registered, trying to start it as a lazy HAL.
01-01 00:00:07.168  1000   199   199 W carpowerpolicyd: Failed to connect to VHAL. Retrying in 200 ms.
01-01 00:00:07.174  1000   158   210 W libc    : Unable to set property "ctl.interface_start" to "android.hardware.automotive.vehicle@2.0::IVehicle/default": error code: 0x20
01-01 00:00:07.174  1000   158   210 I hwservicemanager: Tried to start android.hardware.automotive.vehicle@2.0::IVehicle/default as a lazy service, but was unable to. Usually this happens when a service is not installed, but if the service is intended to be used as a lazy service, then it may be configured incorrectly.
01-01 00:00:07.177  1003   175   175 I EvsDriver: EVS Hardware Enumerator service is starting
01-01 00:00:07.179  1000   157   157 I servicemanager: Found android.frameworks.automotive.display.ICarDisplayProxy/default in framework VINTF manifest.
01-01 00:00:07.182  1054   201   201 I automotive.vehicle@2.0-impl: VehicleHalManager::init
01-01 00:00:07.183  1054   201   201 E android.hardware.automotive.vehicle@2.0-default-service: freeze frame: 7183914755
01-01 00:00:07.184  1054   201   201 E android.hardware.automotive.vehicle@2.0-default-service: freeze frame: 7184047347
01-01 00:00:07.184  1054   201   201 E android.hardware.automotive.vehicle@2.0-default-service: freeze frame: 7184090569
01-01 00:00:07.184  1054   201   201 I automotive.vehicle@2.0-default-service: Registering as service...
01-01 00:00:07.187  1054   201   201 I HidlServiceManagement: Registered android.hardware.automotive.vehicle@2.0::IVehicle/default
01-01 00:00:07.187  1054   201   201 I HidlServiceManagement: Removing namespace from process name android.hardware.automotive.vehicle@2.0-default-service to vehicle@2.0-default-service.
01-01 00:00:07.188  1054   201   201 I automotive.vehicle@2.0-default-service: Ready
01-01 00:00:07.189  1003   175   175 I EvsDriver: Parsing configuration file takes 9.060574e+00 ms.
01-01 00:00:07.189  1003   175   175 I EvsDriver: enumerateCameras: Starting dev/video* enumeration
01-01 00:00:07.191  1003   175   175 I EvsDriver: /dev/video14 is added
01-01 00:00:07.191  1003   175   175 I EvsDriver: /dev/video15 is added
01-01 00:00:07.191  1003   175   175 I EvsDriver: /dev/video21 is added
01-01 00:00:07.191  1003   175   175 I EvsDriver: /dev/video22 is added
01-01 00:00:07.191  1003   175   175 I EvsDriver: Found 4 qualified video capture devices of 14 checked.
01-01 00:00:07.191  1003   175   175 I EvsDriver: enumerateDisplays: Starting display enumeration
01-01 00:00:07.195  1000   157   157 I servicemanager: Since 'SurfaceFlingerAIDL' could not be found, trying to start it as a lazy AIDL service
01-01 00:00:07.199  1000   157   216 W libc    : Unable to set property "ctl.interface_start" to "aidl/SurfaceFlingerAIDL": error code: 0x20
01-01 00:00:07.199  1000   157   216 I servicemanager: Tried to start aidl service SurfaceFlingerAIDL as a lazy service, but was unable to. Usually this happens when a service is not installed, but if the service is intended to be used as a lazy service, then it may be configured incorrectly.
01-01 00:00:07.247  root     0     0 E incfs   : IncFs_Features: failed to open features dir, assuming v1/none.: No such file or directory
01-01 00:00:07.257  root   176   176 I ServiceManager: Waiting for service 'android.security.maintenance' on '/dev/binder'...
01-01 00:00:07.272  1058   217   217 I tombstoned: tombstoned successfully initialized
01-01 00:00:07.274  1000   202   202 I keymaster:  patchlevel string does not match expected format.  Using patchlevel 0
01-01 00:00:07.276  1000   202   202 I HidlServiceManagement: Registered android.hardware.keymaster@4.1::IKeymasterDevice/default
01-01 00:00:07.276  1000   202   202 I HidlServiceManagement: Removing namespace from process name android.hardware.keymaster@4.1-service to keymaster@4.1-service.
01-01 00:00:07.369  1000   157   157 I servicemanager: Could not find android.hardware.automotive.vehicle.IVehicle/default in the VINTF manifest.
01-01 00:00:07.369  1000   199   199 D carpowerpolicyd: AIDL VHAL service, descriptor: android.hardware.automotive.vehicle.IVehicle/default is not declared, maybe HIDL VHAL is used instead?
01-01 00:00:07.371  1000   199   199 D carpowerpolicyd: Policy(system_power_policy_initial_on) is notified to VHAL
01-01 00:00:07.371  1000   199   199 I carpowerpolicyd: The current power policy is system_power_policy_initial_on
01-01 00:00:07.371  1000   199   199 D carpowerpolicyd: Policy(system_power_policy_initial_on) is applied as the initial one
01-01 00:00:07.371  1054   201   201 I automotive.vehicle@2.0-impl: SubscriptionManager::addOrUpdateSubscription, callback: 0xb400007069dae490
01-01 00:00:07.371  1054   201   201 I automotive.vehicle@2.0-impl: Creating new client and linking to death recipient, cookie: 0xb400007039dc37f0
01-01 00:00:07.371  1054   201   201 I automotive.vehicle@2.0-impl: SubscriptionManager::addOrUpdateSubscription, prop: 0x11100f21
01-01 00:00:07.371  1054   201   201 I automotive.vehicle@2.0-impl: addOrUpdateSubscription opts.propId: 0x11100f21
01-01 00:00:07.371  1054   201   201 I DefaultVehicleHal_v2_0: subscribe propId: 0x11100f21, sampleRate: 0.000000
01-01 00:00:07.372  1054   201   201 I automotive.vehicle@2.0-impl: SubscriptionManager::addOrUpdateSubscription, callback: 0xb400007069db1070
01-01 00:00:07.372  1054   201   201 I automotive.vehicle@2.0-impl: SubscriptionManager::addOrUpdateSubscription, prop: 0x11100f22
01-01 00:00:07.372  1054   201   201 I automotive.vehicle@2.0-impl: addOrUpdateSubscription opts.propId: 0x11100f22
01-01 00:00:07.372  1054   201   201 I DefaultVehicleHal_v2_0: subscribe propId: 0x11100f22, sampleRate: 0.000000
01-01 00:00:07.372  1000   199   199 I carpowerpolicyd: Connected to VHAL
01-01 00:00:07.409  1017   200   220 I keystore2: getDeviceHalManifest: Reading VINTF information.
01-01 00:00:07.417  1017   200   220 I keystore2: getDeviceHalManifest: Successfully processed VINTF information
01-01 00:00:07.422  1017   200   200 I keystore2: found android.hardware.keymaster@4.0::IKeymasterDevice with interface name default and seclevel SOFTWARE
01-01 00:00:07.423  1000   158   158 I hwservicemanager: getTransport: Cannot find entry android.hardware.keymaster@3.0::IKeymasterDevice/default in either framework or device VINTF manifest.
01-01 00:00:07.423  1017   200   200 W keystore2: No secure Keymaster implementation found, but device offers insecure Keymaster HAL. Using as default.
01-01 00:00:07.426  1017   200   200 I keymaster:  patchlevel string does not match expected format.  Using patchlevel 0
01-01 00:00:07.426  1017   200   200 I keymaster:  patchlevel string does not match expected format.  Using patchlevel 0
01-01 00:00:07.428  1000   157   157 I servicemanager: Found android.system.keystore2.IKeystoreService/default in framework VINTF manifest.
01-01 00:00:07.458  root   176   176 I ServiceManager: Waiting for service 'android.security.maintenance' on '/dev/binder' successful after waiting 202ms
01-01 00:00:07.505  root     0     0 E vold    : keystore2 Keystore earlyBootEnded returned service specific error: -68
01-01 00:00:07.557  root     0     0 I logd    : logd reinit
01-01 00:00:07.563  root     0     0 E logd    : FrameworkListener: read() failed (Connection reset by peer)
01-01 00:00:07.569  root     0     0 I apexd   : This device does not support updatable APEX. Exiting
01-01 00:00:07.578  root     0     0 I apexd   : Marking APEXd as activated
01-01 00:00:07.748  1000   157   157 I servicemanager: Found android.hardware.automotive.evs.IEvsEnumerator/hw/1 in device VINTF manifest.
01-01 00:00:07.748  1062   174   184 I evsmanagerd: Failed to connect to AIDL EVS HAL implementation.  Trying to connect to HIDL EVS HAL implementation instead.
01-01 00:00:07.749  1000   158   158 I hwservicemanager: getTransport: Cannot find entry android.hardware.automotive.evs@1.1::IEvsEnumerator/hw/1 in either framework or device VINTF manifest.
01-01 00:00:07.749  1062   174   184 I evsmanagerd: No EVS HAL implementation is available.  Retrying after 1000 ms
01-01 00:00:07.748  9999   232   232 I derive_sdk: Read version 3 from 7
01-01 00:00:07.750  9999   232   232 I derive_sdk: Read version 3 from 5
01-01 00:00:07.750  9999   232   232 I derive_sdk: Read version 3 from 9
01-01 00:00:07.751  9999   232   232 I derive_sdk: Read version 3 from 4
01-01 00:00:07.752  9999   232   232 I derive_sdk: Read version 3 from 6
01-01 00:00:07.752  9999   232   232 I derive_sdk: Read version 3 from 13
01-01 00:00:07.753  9999   232   232 I derive_sdk: Read version 3 from 3
01-01 00:00:07.754  9999   232   232 I derive_sdk: Read version 3 from 2
01-01 00:00:07.754  9999   232   232 I derive_sdk: Read version 3 from 1
01-01 00:00:07.755  9999   232   232 I derive_sdk: Read version 3 from 10
01-01 00:00:07.755  9999   232   232 I derive_sdk: Read version 3 from 8
01-01 00:00:07.756  9999   232   232 I derive_sdk: Read version 3 from 12
01-01 00:00:07.757  9999   232   232 I derive_sdk: Read version 3 from 11
01-01 00:00:07.757  9999   232   232 I derive_sdk: R extension version is 3
01-01 00:00:07.757  9999   232   232 I derive_sdk: S extension version is 3
01-01 00:00:07.758  9999   232   232 I derive_sdk: T extension version is 3
01-01 00:00:07.793  root     0     0 D vdc     : Waited 0ms for vold
01-01 00:00:07.826  root   234   234 D vold_prepare_subdirs: Setting up mode 771 uid 1000 gid 1000 context u:object_r:system_data_file:s0:c512,c768 on path: /data/user_de/0
01-01 00:00:07.827  root   234   234 D vold_prepare_subdirs: Setting up mode 771 uid 1000 gid 1000 context u:object_r:sdk_sandbox_system_data_file:s0:c512,c768 on path: /data/misc_de/0/sdksandbox
01-01 00:00:07.828  root   234   234 D vold_prepare_subdirs: Setting up mode 700 uid 0 gid 0 context u:object_r:vold_data_file:s0 on path: /data/misc_de/0/vold
01-01 00:00:07.829  root   234   234 D vold_prepare_subdirs: Setting up mode 700 uid 0 gid 0 context u:object_r:storaged_data_file:s0 on path: /data/misc_de/0/storaged
01-01 00:00:07.829  root   234   234 D vold_prepare_subdirs: Setting up mode 700 uid 0 gid 0 context u:object_r:rollback_data_file:s0 on path: /data/misc_de/0/rollback
01-01 00:00:07.829  root   234   234 D vold_prepare_subdirs: Setting up mode 700 uid 0 gid 0 context u:object_r:apex_rollback_data_file:s0 on path: /data/misc_de/0/apexrollback
01-01 00:00:07.830  root   234   234 D vold_prepare_subdirs: Setting up mode 711 uid 0 gid 0 context u:object_r:apex_module_data_file:s0 on path: /data/misc_de/0/apexdata
01-01 00:00:07.831  root   234   234 D vold_prepare_subdirs: Setting up mode 771 uid 0 gid 1000 context u:object_r:apex_module_data_file:s0 on path: /data/misc_de/0/apexdata/com.android.virt
01-01 00:00:07.831  root   234   234 D vold_prepare_subdirs: Setting up mode 771 uid 0 gid 1000 context u:object_r:apex_module_data_file:s0 on path: /data/misc_de/0/apexdata/com.android.compos
01-01 00:00:07.832  root   234   234 D vold_prepare_subdirs: Setting up mode 771 uid 0 gid 1000 context u:object_r:apex_system_server_data_file:s0 on path: /data/misc_de/0/apexdata/com.android.wifi
01-01 00:00:07.832  root   234   234 D vold_prepare_subdirs: Setting up mode 771 uid 0 gid 1000 context u:object_r:apex_module_data_file:s0 on path: /data/misc_de/0/apexdata/com.android.vndk.v33
01-01 00:00:07.833  root   234   234 D vold_prepare_subdirs: Setting up mode 771 uid 0 gid 1000 context u:object_r:apex_system_server_data_file:s0 on path: /data/misc_de/0/apexdata/com.android.uwb
01-01 00:00:07.833  root   234   234 D vold_prepare_subdirs: Setting up mode 771 uid 0 gid 1000 context u:object_r:apex_module_data_file:s0 on path: /data/misc_de/0/apexdata/com.android.tzdata
01-01 00:00:07.833  root   234   234 D vold_prepare_subdirs: Setting up mode 771 uid 0 gid 1000 context u:object_r:apex_module_data_file:s0 on path: /data/misc_de/0/apexdata/com.android.tethering
01-01 00:00:07.834  root   234   234 D vold_prepare_subdirs: Setting up mode 771 uid 0 gid 1000 context u:object_r:apex_module_data_file:s0 on path: /data/misc_de/0/apexdata/com.android.sdkext
01-01 00:00:07.834  root   234   234 D vold_prepare_subdirs: Setting up mode 771 uid 0 gid 1000 context u:object_r:apex_module_data_file:s0 on path: /data/misc_de/0/apexdata/com.android.scheduling
01-01 00:00:07.835  root   234   234 D vold_prepare_subdirs: Setting up mode 771 uid 0 gid 1000 context u:object_r:apex_module_data_file:s0 on path: /data/misc_de/0/apexdata/com.android.runtime
01-01 00:00:07.835  root   234   234 D vold_prepare_subdirs: Setting up mode 771 uid 0 gid 1000 context u:object_r:apex_module_data_file:s0 on path: /data/misc_de/0/apexdata/com.android.resolv
01-01 00:00:07.835  root   234   234 D vold_prepare_subdirs: Setting up mode 771 uid 0 gid 1000 context u:object_r:apex_system_server_data_file:s0 on path: /data/misc_de/0/apexdata/com.android.permission
01-01 00:00:07.836  root   234   234 D vold_prepare_subdirs: Setting up mode 771 uid 0 gid 1000 context u:object_r:apex_module_data_file:s0 on path: /data/misc_de/0/apexdata/com.android.os.statsd
01-01 00:00:07.836  root   234   234 D vold_prepare_subdirs: Setting up mode 771 uid 0 gid 1000 context u:object_r:apex_module_data_file:s0 on path: /data/misc_de/0/apexdata/com.android.ondevicepersonalization
01-01 00:00:07.836  root   234   234 D vold_prepare_subdirs: Setting up mode 771 uid 0 gid 1000 context u:object_r:apex_module_data_file:s0 on path: /data/misc_de/0/apexdata/com.android.neuralnetworks
01-01 00:00:07.837  root   234   234 D vold_prepare_subdirs: Setting up mode 771 uid 0 gid 1000 context u:object_r:apex_module_data_file:s0 on path: /data/misc_de/0/apexdata/com.android.mediaprovider
01-01 00:00:07.837  root   234   234 D vold_prepare_subdirs: Setting up mode 771 uid 0 gid 1000 context u:object_r:apex_module_data_file:s0 on path: /data/misc_de/0/apexdata/com.android.media.swcodec
01-01 00:00:07.838  root   234   234 D vold_prepare_subdirs: Setting up mode 771 uid 0 gid 1000 context u:object_r:apex_module_data_file:s0 on path: /data/misc_de/0/apexdata/com.android.media
01-01 00:00:07.838  root   234   234 D vold_prepare_subdirs: Setting up mode 771 uid 0 gid 1000 context u:object_r:apex_module_data_file:s0 on path: /data/misc_de/0/apexdata/com.android.ipsec
01-01 00:00:07.838  root   234   234 D vold_prepare_subdirs: Setting up mode 771 uid 0 gid 1000 context u:object_r:apex_module_data_file:s0 on path: /data/misc_de/0/apexdata/com.android.i18n
01-01 00:00:07.839  root   234   234 D vold_prepare_subdirs: Setting up mode 771 uid 0 gid 1000 context u:object_r:apex_module_data_file:s0 on path: /data/misc_de/0/apexdata/com.android.extservices
01-01 00:00:07.839  root   234   234 D vold_prepare_subdirs: Setting up mode 771 uid 0 gid 1000 context u:object_r:apex_module_data_file:s0 on path: /data/misc_de/0/apexdata/com.android.conscrypt
01-01 00:00:07.840  root   234   234 D vold_prepare_subdirs: Setting up mode 771 uid 0 gid 1000 context u:object_r:apex_module_data_file:s0 on path: /data/misc_de/0/apexdata/com.android.car.framework
01-01 00:00:07.840  root   234   234 D vold_prepare_subdirs: Setting up mode 771 uid 0 gid 1000 context u:object_r:apex_module_data_file:s0 on path: /data/misc_de/0/apexdata/com.android.btservices
01-01 00:00:07.841  root   234   234 D vold_prepare_subdirs: Setting up mode 771 uid 0 gid 1000 context u:object_r:apex_module_data_file:s0 on path: /data/misc_de/0/apexdata/com.android.art
01-01 00:00:07.841  root   234   234 D vold_prepare_subdirs: Setting up mode 771 uid 0 gid 1000 context u:object_r:apex_module_data_file:s0 on path: /data/misc_de/0/apexdata/com.android.appsearch
01-01 00:00:07.841  root   234   234 D vold_prepare_subdirs: Setting up mode 771 uid 0 gid 1000 context u:object_r:apex_module_data_file:s0 on path: /data/misc_de/0/apexdata/com.android.adservices
01-01 00:00:07.842  root   234   234 D vold_prepare_subdirs: Setting up mode 771 uid 0 gid 1000 context u:object_r:apex_module_data_file:s0 on path: /data/misc_de/0/apexdata/com.android.adbd
01-01 00:00:07.842  root   234   234 D vold_prepare_subdirs: Setting up mode 771 uid 1000 gid 1000 context u:object_r:user_profile_root_file:s0:c512,c768 on path: /data/misc/profiles/cur/0
01-01 00:00:07.842  root   234   234 D vold_prepare_subdirs: Setting up mode 700 uid 1000 gid 1000 context u:object_r:fingerprint_vendor_data_file:s0 on path: /data/vendor_de/0/fpdata
01-01 00:00:07.843  root   234   234 D vold_prepare_subdirs: Setting up mode 700 uid 1000 gid 1000 context u:object_r:face_vendor_data_file:s0 on path: /data/vendor_de/0/facedata
01-01 00:00:07.885  1000   237   237 I derive_classpath: ParseFragments for bootclasspath
01-01 00:00:07.898  1000   237   237 I derive_classpath: ReadClasspathFragment /apex/com.android.art/etc/classpaths/bootclasspath.pb
01-01 00:00:07.898  1000   237   237 I derive_classpath: ReadClasspathFragment /system/etc/classpaths/bootclasspath.pb
01-01 00:00:07.899  1000   237   237 I derive_classpath: ReadClasspathFragment /apex/com.android.adservices/etc/classpaths/bootclasspath.pb
01-01 00:00:07.900  1000   237   237 I derive_classpath: ReadClasspathFragment /apex/com.android.appsearch/etc/classpaths/bootclasspath.pb
01-01 00:00:07.900  1000   237   237 I derive_classpath: ReadClasspathFragment /apex/com.android.btservices/etc/classpaths/bootclasspath.pb
01-01 00:00:07.901  1000   237   237 I derive_classpath: ReadClasspathFragment /apex/com.android.car.framework/etc/classpaths/bootclasspath.pb
01-01 00:00:07.901  1000   237   237 I derive_classpath: ReadClasspathFragment /apex/com.android.conscrypt/etc/classpaths/bootclasspath.pb
01-01 00:00:07.902  1000   237   237 I derive_classpath: ReadClasspathFragment /apex/com.android.ipsec/etc/classpaths/bootclasspath.pb
01-01 00:00:07.902  1000   237   237 I derive_classpath: ReadClasspathFragment /apex/com.android.media/etc/classpaths/bootclasspath.pb
01-01 00:00:07.903  1000   237   237 I derive_classpath: ReadClasspathFragment /apex/com.android.mediaprovider/etc/classpaths/bootclasspath.pb
01-01 00:00:07.904  1000   237   237 I derive_classpath: ReadClasspathFragment /apex/com.android.ondevicepersonalization/etc/classpaths/bootclasspath.pb
01-01 00:00:07.904  1000   237   237 I derive_classpath: ReadClasspathFragment /apex/com.android.os.statsd/etc/classpaths/bootclasspath.pb
01-01 00:00:07.905  1000   237   237 I derive_classpath: ReadClasspathFragment /apex/com.android.permission/etc/classpaths/bootclasspath.pb
01-01 00:00:07.905  1000   237   237 I derive_classpath: ReadClasspathFragment /apex/com.android.scheduling/etc/classpaths/bootclasspath.pb
01-01 00:00:07.906  1000   237   237 I derive_classpath: ReadClasspathFragment /apex/com.android.sdkext/etc/classpaths/bootclasspath.pb
01-01 00:00:07.906  1000   237   237 I derive_classpath: ReadClasspathFragment /apex/com.android.tethering/etc/classpaths/bootclasspath.pb
01-01 00:00:07.907  1000   237   237 I derive_classpath: ReadClasspathFragment /apex/com.android.uwb/etc/classpaths/bootclasspath.pb
01-01 00:00:07.908  1000   237   237 I derive_classpath: ReadClasspathFragment /apex/com.android.wifi/etc/classpaths/bootclasspath.pb
01-01 00:00:07.908  1000   237   237 I derive_classpath: ParseFragments for systemserverclasspath
01-01 00:00:07.911  1000   237   237 I derive_classpath: ReadClasspathFragment /system/etc/classpaths/systemserverclasspath.pb
01-01 00:00:07.912  1000   237   237 I derive_classpath: ReadClasspathFragment /apex/com.android.adservices/etc/classpaths/systemserverclasspath.pb
01-01 00:00:07.913  1000   237   237 I derive_classpath: ReadClasspathFragment /apex/com.android.appsearch/etc/classpaths/systemserverclasspath.pb
01-01 00:00:07.913  1000   237   237 I derive_classpath: ReadClasspathFragment /apex/com.android.art/etc/classpaths/systemserverclasspath.pb
01-01 00:00:07.914  1000   237   237 I derive_classpath: ReadClasspathFragment /apex/com.android.btservices/etc/classpaths/systemserverclasspath.pb
01-01 00:00:07.914  1000   237   237 I derive_classpath: ReadClasspathFragment /apex/com.android.car.framework/etc/classpaths/systemserverclasspath.pb
01-01 00:00:07.915  1000   237   237 I derive_classpath: ReadClasspathFragment /apex/com.android.compos/etc/classpaths/systemserverclasspath.pb
01-01 00:00:07.915  1000   237   237 I derive_classpath: ReadClasspathFragment /apex/com.android.media/etc/classpaths/systemserverclasspath.pb
01-01 00:00:07.916  1000   237   237 I derive_classpath: ReadClasspathFragment /apex/com.android.os.statsd/etc/classpaths/systemserverclasspath.pb
01-01 00:00:07.917  1000   237   237 I derive_classpath: ReadClasspathFragment /apex/com.android.permission/etc/classpaths/systemserverclasspath.pb
01-01 00:00:07.917  1000   237   237 I derive_classpath: ReadClasspathFragment /apex/com.android.scheduling/etc/classpaths/systemserverclasspath.pb
01-01 00:00:07.918  1000   237   237 I derive_classpath: ReadClasspathFragment /apex/com.android.tethering/etc/classpaths/systemserverclasspath.pb
01-01 00:00:07.918  1000   237   237 I derive_classpath: ReadClasspathFragment /apex/com.android.uwb/etc/classpaths/systemserverclasspath.pb
01-01 00:00:07.919  1000   237   237 I derive_classpath: ReadClasspathFragment /apex/com.android.wifi/etc/classpaths/systemserverclasspath.pb
01-01 00:00:07.919  1000   237   237 I derive_classpath: WriteClasspathExports /data/system/environ/classpath
01-01 00:00:07.920  1000   237   237 I derive_classpath: WriteClasspathExports content
01-01 00:00:07.920  1000   237   237 I derive_classpath: export BOOTCLASSPATH /apex/com.android.art/javalib/core-oj.jar:/apex/com.android.art/javalib/core-libart.jar:/apex/com.android.art/javalib/okhttp.jar:/apex/com.android.art/javalib/bouncycastle.jar:/apex/com.android.art/javalib/apache-xml.jar:/system/framework/framework.jar:/system/framework/framework-graphics.jar:/system/framework/ext.jar:/system/framework/telephony-common.jar:/system/framework/voip-common.jar:/system/framework/ims-common.jar:/system/framework/android.car.builtin.jar:/apex/com.android.i18n/javalib/core-icu4j.jar:/apex/com.android.adservices/javalib/framework-adservices.jar:/apex/com.android.adservices/javalib/framework-sdksandbox.jar:/apex/com.android.appsearch/javalib/framework-appsearch.jar:/apex/com.android.btservices/javalib/framework-bluetooth.jar:/apex/com.android.car.framework/javalib/android.car-module.jar:/apex/com.android.conscrypt/javalib/conscrypt.jar:/apex/com.android.ipsec/javalib/android.net.ipsec.ike.jar:/apex/com.android.media/javalib/updatable-media.jar:/apex/com.android.mediaprovider/javalib/framework-mediaprovider.jar:/apex/com.android.ondevicepersonalization/javalib/framework-ondevicepersonalization.jar:/apex/com.android.os.statsd/javalib/framework-statsd.jar:/apex/com.android.permission/javalib/framework-permission.jar:/apex/com.android.permission/javalib/framework-permission-s.jar:/apex/com.android.scheduling/javalib/framework-scheduling.jar:/apex/com.android.sdkext/javalib/framework-sdkextensions.jar:/apex/com.android.tethering/javalib/framework-connectivity.jar:/apex/com.android.tethering/javalib/framework-connectivity-t.jar:/apex/com.android.tethering/javalib/framework-tethering.jar:/apex/com.android.uwb/javalib/framework-uwb.jar:/apex/com.android.wifi/javalib/framework-wifi.jar
01-01 00:00:07.920  1000   237   237 I derive_classpath: export DEX2OATBOOTCLASSPATH /apex/com.android.art/javalib/core-oj.jar:/apex/com.android.art/javalib/core-libart.jar:/apex/com.android.art/javalib/okhttp.jar:/apex/com.android.art/javalib/bouncycastle.jar:/apex/com.android.art/javalib/apache-xml.jar:/system/framework/framework.jar:/system/framework/framework-graphics.jar:/system/framework/ext.jar:/system/framework/telephony-common.jar:/system/framework/voip-common.jar:/system/framework/ims-common.jar:/system/framework/android.car.builtin.jar:/apex/com.android.i18n/javalib/core-icu4j.jar
01-01 00:00:07.920  1000   237   237 I derive_classpath: export SYSTEMSERVERCLASSPATH /system/framework/com.android.location.provider.jar:/system/framework/services.jar:/system/framework/car-frameworks-service.jar:/apex/com.android.adservices/javalib/service-adservices.jar:/apex/com.android.adservices/javalib/service-sdksandbox.jar:/apex/com.android.appsearch/javalib/service-appsearch.jar:/apex/com.android.art/javalib/service-art.jar:/apex/com.android.car.framework/javalib/car-frameworks-service-module.jar:/apex/com.android.compos/javalib/service-compos.jar:/apex/com.android.media/javalib/service-media-s.jar:/apex/com.android.permission/javalib/service-permission.jar
01-01 00:00:07.920  1000   237   237 I derive_classpath: export STANDALONE_SYSTEMSERVER_JARS /apex/com.android.btservices/javalib/service-bluetooth.jar:/apex/com.android.os.statsd/javalib/service-statsd.jar:/apex/com.android.scheduling/javalib/service-scheduling.jar:/apex/com.android.tethering/javalib/service-connectivity.jar:/apex/com.android.uwb/javalib/service-uwb.jar:/apex/com.android.wifi/javalib/service-wifi.jar
01-01 00:00:07.940  1062   173   173 W HidlServiceManagement: Waited one second for android.hardware.automotive.evs@1.1::IEvsEnumerator/default
01-01 00:00:07.941  1000   158   158 I hwservicemanager: Since android.hardware.automotive.evs@1.1::IEvsEnumerator/default is not registered, trying to start it as a lazy HAL.
01-01 00:00:07.941  1062   173   173 I HidlServiceManagement: getService: Trying again for android.hardware.automotive.evs@1.1::IEvsEnumerator/default...
01-01 00:00:07.942  1000   158   239 W libc    : Unable to set property "ctl.interface_start" to "android.hardware.automotive.evs@1.1::IEvsEnumerator/default": error code: 0x20
01-01 00:00:07.942  1000   158   239 I hwservicemanager: Tried to start android.hardware.automotive.evs@1.1::IEvsEnumerator/default as a lazy service, but was unable to. Usually this happens when a service is not installed, but if the service is intended to be used as a lazy service, then it may be configured incorrectly.
01-01 00:00:08.054  root     0     0 I apexd   : This device does not support updatable APEX. Exiting
01-01 00:00:08.060  root     0     0 I apexd   : Marking APEXd as ready
01-01 00:00:08.093  1000   242   242 I tzdatacheck: timezone distro dir /data/misc/zoneinfo/current does not exist. No action required.
01-01 00:00:08.112  root   197   197 W ServiceManager: Waited one second for android.system.suspend.ISystemSuspend/default (is service started? are binder threads started and available?)
01-01 00:00:08.113  1000   157   157 I BpBinder: onLastStrongRef automatically unlinking death recipients: <uncached descriptor>
01-01 00:00:08.196  1003   172   195 W ServiceManager: Waited one second for SurfaceFlingerAIDL (is service started? are binder threads started and available?)
01-01 00:00:08.197  1000   157   157 I servicemanager: Since 'SurfaceFlingerAIDL' could not be found, trying to start it as a lazy AIDL service
01-01 00:00:08.198  1000   157   246 W libc    : Unable to set property "ctl.interface_start" to "aidl/SurfaceFlingerAIDL": error code: 0x20
01-01 00:00:08.199  1000   157   246 I servicemanager: Tried to start aidl service SurfaceFlingerAIDL as a lazy service, but was unable to. Usually this happens when a service is not installed, but if the service is intended to be used as a lazy service, then it may be configured incorrectly.
01-01 00:00:08.205  root     0     0 D LibBpfLoader: Loading optional ELF object /apex/com.android.tethering/etc/bpf/test.o with license Apache 2.0
01-01 00:00:08.205  root     0     0 I LibBpfLoader: Section bpfloader_min_ver value is 2 [0x2]
01-01 00:00:08.211  root     0     0 I LibBpfLoader: Section bpfloader_max_ver value is 65536 [0x10000]
01-01 00:00:08.219  root     0     0 I LibBpfLoader: Section size_of_bpf_map_def value is 116 [0x74]
01-01 00:00:08.226  root     0     0 I LibBpfLoader: Section size_of_bpf_prog_def value is 92 [0x5c]
01-01 00:00:08.232  root     0     0 I LibBpfLoader: BpfLoader version 0x00013 processing ELF object /apex/com.android.tethering/etc/bpf/test.o with ver [0x00002,0x10000)
01-01 00:00:08.247  root     0     0 D LibBpfLoader: Loaded code section 3 (xdp_drop_ipv4_udp_ether)
01-01 00:00:08.247  root     0     0 D LibBpfLoader: Adding section 3 to cs list
01-01 00:00:08.248  root     0     0 D LibBpfLoader: Couldn't find section btf_min_bpfloader_ver (defaulting to 0 [0x0]).
01-01 00:00:08.248  root     0     0 D LibBpfLoader: Couldn't find section btf_min_kernel_ver (defaulting to 0 [0x0]).
01-01 00:00:08.749  1000   157   157 I servicemanager: Found android.hardware.automotive.evs.IEvsEnumerator/hw/1 in device VINTF manifest.
01-01 00:00:08.750  1062   174   184 I evsmanagerd: Failed to connect to AIDL EVS HAL implementation.  Trying to connect to HIDL EVS HAL implementation instead.
01-01 00:00:08.750  1000   158   158 I hwservicemanager: getTransport: Cannot find entry android.hardware.automotive.evs@1.1::IEvsEnumerator/hw/1 in either framework or device VINTF manifest.
01-01 00:00:08.750  1062   174   184 I evsmanagerd: No EVS HAL implementation is available.  Retrying after 1000 ms
01-01 00:00:08.941  1062   173   173 W HidlServiceManagement: Waited one second for android.hardware.automotive.evs@1.1::IEvsEnumerator/default
01-01 00:00:08.942  1000   158   158 I hwservicemanager: Since android.hardware.automotive.evs@1.1::IEvsEnumerator/default is not registered, trying to start it as a lazy HAL.
01-01 00:00:08.942  1062   173   173 I HidlServiceManagement: getService: Trying again for android.hardware.automotive.evs@1.1::IEvsEnumerator/default...
01-01 00:00:08.943  1000   158   247 W libc    : Unable to set property "ctl.interface_start" to "android.hardware.automotive.evs@1.1::IEvsEnumerator/default": error code: 0x20
01-01 00:00:08.943  1000   158   247 I hwservicemanager: Tried to start android.hardware.automotive.evs@1.1::IEvsEnumerator/default as a lazy service, but was unable to. Usually this happens when a service is not installed, but if the service is intended to be used as a lazy service, then it may be configured incorrectly.
01-01 00:00:09.198  1003   172   195 W ServiceManager: Waited one second for SurfaceFlingerAIDL (is service started? are binder threads started and available?)
01-01 00:00:09.198  1000   157   157 I servicemanager: Since 'SurfaceFlingerAIDL' could not be found, trying to start it as a lazy AIDL service
01-01 00:00:09.199  1000   157   248 W libc    : Unable to set property "ctl.interface_start" to "aidl/SurfaceFlingerAIDL": error code: 0x20
01-01 00:00:09.199  1000   157   248 I servicemanager: Tried to start aidl service SurfaceFlingerAIDL as a lazy service, but was unable to. Usually this happens when a service is not installed, but if the service is intended to be used as a lazy service, then it may be configured incorrectly.
01-01 00:00:09.604  1000   157   157 I servicemanager: Could not find android.hardware.automotive.vehicle.IVehicle/default in the VINTF manifest.
01-01 00:00:09.604  1000   171   171 D carwatchdogd: AIDL VHAL service, descriptor: android.hardware.automotive.vehicle.IVehicle/default is not declared, maybe HIDL VHAL is used instead?
01-01 00:00:09.606  1054   201   201 I automotive.vehicle@2.0-impl: SubscriptionManager::addOrUpdateSubscription, callback: 0xb400007069db1070
01-01 00:00:09.606  1054   201   201 I automotive.vehicle@2.0-impl: Creating new client and linking to death recipient, cookie: 0xb400007039dc4b30
01-01 00:00:09.606  1054   201   201 I automotive.vehicle@2.0-impl: SubscriptionManager::addOrUpdateSubscription, prop: 0x11500f33
01-01 00:00:09.606  1054   201   201 I automotive.vehicle@2.0-impl: addOrUpdateSubscription opts.propId: 0x11500f33
01-01 00:00:09.606  1054   201   201 I DefaultVehicleHal_v2_0: subscribe propId: 0x11500f33, sampleRate: 0.000000
01-01 00:00:09.606  1000   171   171 I carwatchdogd: Successfully connected to VHAL.
01-01 00:00:09.608  1000   171   171 I carwatchdogd: Fetched HIDL VHAL PID 201
01-01 00:00:09.751  1000   157   157 I servicemanager: Found android.hardware.automotive.evs.IEvsEnumerator/hw/1 in device VINTF manifest.
01-01 00:00:09.751  1062   174   184 I evsmanagerd: Failed to connect to AIDL EVS HAL implementation.  Trying to connect to HIDL EVS HAL implementation instead.
01-01 00:00:09.752  1000   158   158 I hwservicemanager: getTransport: Cannot find entry android.hardware.automotive.evs@1.1::IEvsEnumerator/hw/1 in either framework or device VINTF manifest.
01-01 00:00:09.752  1062   174   184 I evsmanagerd: No EVS HAL implementation is available.  Retrying after 1000 ms
01-01 00:00:09.942  1062   173   173 W HidlServiceManagement: Waited one second for android.hardware.automotive.evs@1.1::IEvsEnumerator/default
01-01 00:00:09.943  1000   158   158 I hwservicemanager: Since android.hardware.automotive.evs@1.1::IEvsEnumerator/default is not registered, trying to start it as a lazy HAL.
01-01 00:00:09.943  1062   173   173 I HidlServiceManagement: getService: Trying again for android.hardware.automotive.evs@1.1::IEvsEnumerator/default...
01-01 00:00:09.944  1000   158   252 W libc    : Unable to set property "ctl.interface_start" to "android.hardware.automotive.evs@1.1::IEvsEnumerator/default": error code: 0x20
01-01 00:00:09.944  1000   158   252 I hwservicemanager: Tried to start android.hardware.automotive.evs@1.1::IEvsEnumerator/default as a lazy service, but was unable to. Usually this happens when a service is not installed, but if the service is intended to be used as a lazy service, then it may be configured incorrectly.
01-01 00:00:09.965  root     0     0 W printk  : bpfloader: 1689 output lines suppressed due to ratelimiting
01-01 00:00:09.998  root     0     0 I init    : Created socket '/dev/socket/zygote_secondary', mode 660, user 0, group 1000
01-01 00:00:10.007  root     0     0 I init    : Created socket '/dev/socket/usap_pool_secondary', mode 660, user 0, group 1000
01-01 00:00:10.022  root     0     0 I init    : processing action (firmware_mounts_complete) from (/system/etc/init/hw/init.rc:513)
01-01 00:00:10.032  root     0     0 I init    : processing action (early-boot) from (/system/etc/init/installd.rc:5)
01-01 00:00:10.063  1066   253   253 I ServiceManager: Waiting for service 'statscompanion' on '/dev/binder'...
01-01 00:00:10.054  root     0     0 I init    : processing action (early-boot) from (/vendor/etc/init/android.hardware.light-service.rpi.rc:1)
01-01 00:00:10.065  root     0     0 I init    : processing action (boot) from (/system/etc/init/hw/init.rc:1069)
01-01 00:00:10.075  root     1     1 I init    : type=1400 audit(0.0:3): avc: denied { write } for name="discard_max_bytes" dev="sysfs" ino=23311 scontext=u:r:init:s0 tcontext=u:object_r:sysfs:s0 tclass=file permissive=1
01-01 00:00:10.081  root     0     0 I init    : Command 'verity_update_state' action=boot (/system/etc/init/hw/init.rc:1177) took 0ms and failed: fs_mgr_load_verity_state() failed
01-01 00:00:10.075  root     1     1 I init    : type=1400 audit(0.0:4): avc: denied { open } for path="/sys/devices/platform/emmc2bus/fe340000.mmc/mmc_host/mmc0/mmc0:aaaa/block/mmcblk0/queue/discard_max_bytes" dev="sysfs" ino=23311 scontext=u:r:init:s0 tcontext=u:object_r:sysfs:s0 tclass=file permissive=1
01-01 00:00:10.111  root     0     0 I init    : starting service 'hidl_memory'...
01-01 00:00:10.146  root     0     0 I init    : service 'cardisplayproxyd' requested start, but it is already running (flags: 132)
01-01 00:00:10.155  root     0     0 I init    : service 'evs_app' requested start, but it is already running (flags: 132)
01-01 00:00:10.173  root   254   254 I netdClient: Skipping libnetd_client init since *we* are netd
01-01 00:00:10.199  1003   172   195 W ServiceManager: Waited one second for SurfaceFlingerAIDL (is service started? are binder threads started and available?)
01-01 00:00:10.199  1000   157   157 I servicemanager: Since 'SurfaceFlingerAIDL' could not be found, trying to start it as a lazy AIDL service
01-01 00:00:10.201  1000   260   260 I HidlServiceManagement: Registered android.hidl.allocator@1.0::IAllocator/ashmem
01-01 00:00:10.202  1000   260   260 I HidlServiceManagement: Removing namespace from process name android.hidl.allocator@1.0-service to allocator@1.0-service.
01-01 00:00:10.215  root   254   254 I netd    : netd 1.0 starting
01-01 00:00:10.226  root   254   254 I netd    : Pid file removed
01-01 00:00:10.226  root   254   254 I netd    : SIGPIPE is blocked
01-01 00:00:10.226  root   254   254 I netd    : setCloseOnExec(dnsproxyd)
01-01 00:00:10.226  root   254   254 I netd    : setCloseOnExec(fwmarkd)
01-01 00:00:10.226  root   254   254 I netd    : setCloseOnExec(mdns)
01-01 00:00:10.227  root   254   254 I NetdUpdatable: libnetd_updatable_init: Initializing
01-01 00:00:10.227  root   254   254 I BpfHandler: BPF programs are loaded
01-01 00:00:10.228  root   254   254 I netd    : libnetd_updatable_init success
01-01 00:00:10.235  root   254   254 I netd    : NetlinkManager instanced
01-01 00:00:10.235  root   254   254 I netd    : enter NetworkController ctor
01-01 00:00:10.236  root   254   254 E TcUtils : NLMSG_ERROR message return error: -2
01-01 00:00:10.236  root   254   254 E TcUtils : NLMSG_ERROR message return error: -2
01-01 00:00:10.236  root   254   254 E TcUtils : NLMSG_ERROR message return error: -2
01-01 00:00:10.236  root   254   254 E TcUtils : NLMSG_ERROR message return error: -2
01-01 00:00:10.236  root   254   254 E TcUtils : NLMSG_ERROR message return error: -2
01-01 00:00:10.237  root   254   254 E TcUtils : NLMSG_ERROR message return error: -2
01-01 00:00:10.237  root   254   254 E TcUtils : NLMSG_ERROR message return error: -2
01-01 00:00:10.237  root   254   254 E TcUtils : NLMSG_ERROR message return error: -2
01-01 00:00:10.237  root   254   254 I netd    : leave NetworkController ctor
01-01 00:00:10.237  root   254   254 I netd    : enter TetherController ctor
01-01 00:00:10.237  root   254   254 D TetherController: Setting IP forward enable = 0
01-01 00:00:10.240  root   254   254 I netd    : leave TetherController ctor
01-01 00:00:10.294  1002   262   262 I HidlServiceManagement: Registered android.hardware.bluetooth@1.1::IBluetoothHci/default
01-01 00:00:10.294  1002   262   262 I HidlServiceManagement: Removing namespace from process name android.hardware.bluetooth@1.1-service.btlinux to bluetooth@1.1-service.btlinux.
01-01 00:00:10.303  1041   263   263 I HidlServiceManagement: Registered android.hardware.broadcastradio@2.0::IBroadcastRadio/amfm
01-01 00:00:10.303  1041   263   263 I HidlServiceManagement: Removing namespace from process name android.hardware.broadcastradio@2.0-service to broadcastradio@2.0-service.
01-01 00:00:10.308  1041   263   263 I HidlServiceManagement: Registered android.hardware.broadcastradio@2.0::IBroadcastRadio/dab
01-01 00:00:10.309  1041   263   263 I HidlServiceManagement: Removing namespace from process name android.hardware.broadcastradio@2.0-service to broadcastradio@2.0-service.
01-01 00:00:10.335  1000   269   269 I HidlServiceManagement: Registered android.hardware.gatekeeper@1.0::IGatekeeper/default
01-01 00:00:10.336  1000   269   269 I HidlServiceManagement: Removing namespace from process name android.hardware.gatekeeper@1.0-service.software to gatekeeper@1.0-service.software.
01-01 00:00:10.342  1000   157   157 I servicemanager: Found android.hardware.drm.IDrmFactory/clearkey in device VINTF manifest.
01-01 00:00:10.356  1000   157   266 W libc    : Unable to set property "ctl.interface_start" to "aidl/SurfaceFlingerAIDL": error code: 0x20
01-01 00:00:10.356  1000   157   266 I servicemanager: Tried to start aidl service SurfaceFlingerAIDL as a lazy service, but was unable to. Usually this happens when a service is not installed, but if the service is intended to be used as a lazy service, then it may be configured incorrectly.
01-01 00:00:10.365  1000   272   272 I android.hardware.health-service.rpi: default instance initializing with healthd_config...
01-01 00:00:10.362  root     0     0 W healthd : No battery devices found
01-01 00:00:10.369  root   254   254 I netd    : Creating child chains: 100678us
