01-01 00:00:25.891  1000   473   473 D PackageManager: Ephemeral resolver NOT found; no matching intent filters
01-01 00:00:25.891  1000   473   473 D PackageManager: Instant App installer not found with android.intent.action.INSTALL_INSTANT_APP_PACKAGE
01-01 00:00:25.891  1000   473   473 D PackageManager: Clear ephemeral installer activity
01-01 00:00:25.901  1000   473   473 D PackageManagerTiming: GC
01-01 00:00:25.901  1000   473   473 V PackageManagerTiming: GC took to complete: 0ms
01-01 00:00:25.901  1000   473   473 I PackageManager: Fix for b/169414761 is applied
01-01 00:00:25.901  1000   473   473 V PackageManagerTiming: create package manager took to complete: 1418ms
01-01 00:00:25.901  1000   473   473 V UserSystemPackageInstaller: Checking that all system packages are whitelisted.
01-01 00:00:25.928  1000   473   473 W UserSystemPackageInstaller: checkWhitelistedSystemPackages(mode=ENFORCE|IMPLICIT_WHITELIST) has 74 warnings:
01-01 00:00:25.928  1000   473   473 W UserSystemPackageInstaller: com.android.car.companiondevicesupport is allowlisted but not present.
01-01 00:00:25.928  1000   473   473 W UserSystemPackageInstaller: com.android.car.calendar is allowlisted but not present.
01-01 00:00:25.928  1000   473   473 W UserSystemPackageInstaller: com.android.theme.color.amethyst is allowlisted but not present.
01-01 00:00:25.928  1000   473   473 W UserSystemPackageInstaller: com.android.theme.icon.pebble is allowlisted but not present.
01-01 00:00:25.928  1000   473   473 W UserSystemPackageInstaller: com.android.car.rotaryime is allowlisted but not present.
01-01 00:00:25.928  1000   473   473 W UserSystemPackageInstaller: com.android.theme.color.sand is allowlisted but not present.
01-01 00:00:25.928  1000   473   473 W UserSystemPackageInstaller: com.android.car.shell is allowlisted but not present.
01-01 00:00:25.929  1000   473   473 W UserSystemPackageInstaller: com.android.theme.icon.vessel is allowlisted but not present.
01-01 00:00:25.929  1000   473   473 W UserSystemPackageInstaller: com.android.car.cluster.home is allowlisted but not present.
01-01 00:00:25.929  1000   473   473 W UserSystemPackageInstaller: com.android.theme.color.cinnamon is allowlisted but not present.
01-01 00:00:25.929  1000   473   473 W UserSystemPackageInstaller: com.android.theme.icon_pack.victor.settings is allowlisted but not present.
01-01 00:00:25.929  1000   473   473 W UserSystemPackageInstaller: com.android.theme.icon_pack.rounded.systemui is allowlisted but not present.
01-01 00:00:25.929  1000   473   473 W UserSystemPackageInstaller: com.android.theme.icon.taperedrect is allowlisted but not present.
01-01 00:00:25.929  1000   473   473 W UserSystemPackageInstaller: com.android.theme.icon_pack.rounded.android is allowlisted but not present.
01-01 00:00:25.929  1000   473   473 W UserSystemPackageInstaller: com.android.internal.systemui.onehanded.gestural is allowlisted but not present.
01-01 00:00:25.929  1000   473   473 W UserSystemPackageInstaller: com.android.theme.icon_pack.victor.systemui is allowlisted but not present.
01-01 00:00:25.929  1000   473   473 W UserSystemPackageInstaller: com.android.theme.icon_pack.circular.themepicker is allowlisted but not present.
01-01 00:00:25.929  1000   473   473 W UserSystemPackageInstaller: com.android.soundrecorder is allowlisted but not present.
01-01 00:00:25.929  1000   473   473 W UserSystemPackageInstaller: com.android.theme.color.tangerine is allowlisted but not present.
01-01 00:00:25.930  1000   473   473 W UserSystemPackageInstaller: com.android.theme.color.aquamarine is allowlisted but not present.
01-01 00:00:25.930  1000   473   473 W UserSystemPackageInstaller: com.android.theme.color.black is allowlisted but not present.
01-01 00:00:25.930  1000   473   473 W UserSystemPackageInstaller: com.android.carrierconfig is allowlisted but not present.
01-01 00:00:25.930  1000   473   473 W UserSystemPackageInstaller: com.android.theme.color.green is allowlisted but not present.
01-01 00:00:25.930  1000   473   473 W UserSystemPackageInstaller: com.android.theme.color.ocean is allowlisted but not present.
01-01 00:00:25.930  1000   473   473 W UserSystemPackageInstaller: com.android.theme.color.space is allowlisted but not present.
01-01 00:00:25.930  1000   473   473 W UserSystemPackageInstaller: com.android.theme.icon_pack.rounded.launcher is allowlisted but not present.
01-01 00:00:25.930  1000   473   473 W UserSystemPackageInstaller: com.android.theme.icon_pack.kai.settings is allowlisted but not present.
01-01 00:00:25.930  1000   473   473 W UserSystemPackageInstaller: com.android.ons is allowlisted but not present.
01-01 00:00:25.930  1000   473   473 W UserSystemPackageInstaller: com.android.stk is allowlisted but not present.
01-01 00:00:25.930  1000   473   473 W UserSystemPackageInstaller: com.android.internal.systemui.navbar.twobutton is allowlisted but not present.
01-01 00:00:25.930  1000   473   473 W UserSystemPackageInstaller: com.android.telephony.resources is allowlisted but not present.
01-01 00:00:25.931  1000   473   473 W UserSystemPackageInstaller: com.android.theme.icon_pack.sam.settings is allowlisted but not present.
01-01 00:00:25.931  1000   473   473 W UserSystemPackageInstaller: com.android.theme.icon_pack.kai.themepicker is allowlisted but not present.
01-01 00:00:25.931  1000   473   473 W UserSystemPackageInstaller: com.android.theme.icon_pack.victor.launcher is allowlisted but not present.
01-01 00:00:25.931  1000   473   473 W UserSystemPackageInstaller: com.android.theme.icon_pack.filled.settings is allowlisted but not present.
01-01 00:00:25.931  1000   473   473 W UserSystemPackageInstaller: com.android.theme.icon_pack.kai.systemui is allowlisted but not present.
01-01 00:00:25.931  1000   473   473 W UserSystemPackageInstaller: com.android.car.hidecameraapps is allowlisted but not present.
01-01 00:00:25.931  1000   473   473 W UserSystemPackageInstaller: com.android.theme.icon_pack.circular.settings is allowlisted but not present.
01-01 00:00:25.931  1000   473   473 W UserSystemPackageInstaller: com.android.theme.icon_pack.sam.systemui is allowlisted but not present.
01-01 00:00:25.931  1000   473   473 W UserSystemPackageInstaller: com.android.car.module is allowlisted but not present.
01-01 00:00:25.931  1000   473   473 W UserSystemPackageInstaller: com.android.cellbroadcastreceiver is allowlisted but not present.
01-01 00:00:25.932  1000   473   473 W UserSystemPackageInstaller: com.android.theme.icon.teardrop is allowlisted but not present.
01-01 00:00:25.932  1000   473   473 W UserSystemPackageInstaller: com.android.theme.icon_pack.rounded.themepicker is allowlisted but not present.
01-01 00:00:25.932  1000   473   473 W UserSystemPackageInstaller: com.android.car.ui.sharedlibrary is allowlisted but not present.
01-01 00:00:25.932  1000   473   473 W UserSystemPackageInstaller: com.android.theme.icon_pack.filled.systemui is allowlisted but not present.
01-01 00:00:25.932  1000   473   473 W UserSystemPackageInstaller: com.android.carrierdefaultapp is allowlisted but not present.
01-01 00:00:25.932  1000   473   473 W UserSystemPackageInstaller: com.android.theme.icon_pack.sam.android is allowlisted but not present.
01-01 00:00:25.932  1000   473   473 W UserSystemPackageInstaller: com.android.theme.icon_pack.filled.android is allowlisted but not present.
01-01 00:00:25.932  1000   473   473 W UserSystemPackageInstaller: com.android.supplemental.process is allowlisted but not present.
01-01 00:00:25.932  1000   473   473 W UserSystemPackageInstaller: com.android.theme.icon_pack.circular.systemui is allowlisted but not present.
01-01 00:00:25.932  1000   473   473 W UserSystemPackageInstaller: com.android.voicetrigger is allowlisted but not present.
01-01 00:00:25.932  1000   473   473 W UserSystemPackageInstaller: com.android.theme.icon_pack.kai.android is allowlisted but not present.
01-01 00:00:25.932  1000   473   473 W UserSystemPackageInstaller: com.android.theme.icon_pack.kai.launcher is allowlisted but not present.
01-01 00:00:25.933  1000   473   473 W UserSystemPackageInstaller: com.android.theme.icon_pack.sam.launcher is allowlisted but not present.
01-01 00:00:25.933  1000   473   473 W UserSystemPackageInstaller: com.android.theme.icon.squircle is allowlisted but not present.
01-01 00:00:25.933  1000   473   473 W UserSystemPackageInstaller: com.android.theme.icon_pack.victor.android is allowlisted but not present.
01-01 00:00:25.933  1000   473   473 W UserSystemPackageInstaller: com.android.theme.color.palette is allowlisted but not present.
01-01 00:00:25.933  1000   473   473 W UserSystemPackageInstaller: com.android.settings is allowlisted but not present.
01-01 00:00:25.933  1000   473   473 W UserSystemPackageInstaller: com.android.theme.icon_pack.filled.launcher is allowlisted but not present.
01-01 00:00:25.933  1000   473   473 W UserSystemPackageInstaller: com.android.theme.color.carbon is allowlisted but not present.
01-01 00:00:25.933  1000   473   473 W UserSystemPackageInstaller: com.android.remoteprovisioner is allowlisted but not present.
01-01 00:00:25.933  1000   473   473 W UserSystemPackageInstaller: com.android.theme.icon_pack.circular.launcher is allowlisted but not present.
01-01 00:00:25.933  1000   473   473 W UserSystemPackageInstaller: com.android.permissioncontroller.car.rro is allowlisted unnecessarily since it's a static overlay.
01-01 00:00:25.933  1000   473   473 W UserSystemPackageInstaller: com.android.theme.icon_pack.filled.themepicker is allowlisted but not present.
01-01 00:00:25.934  1000   473   473 W UserSystemPackageInstaller: com.android.car.rotaryplayground is allowlisted but not present.
01-01 00:00:25.934  1000   473   473 W UserSystemPackageInstaller: com.android.theme.icon_pack.victor.themepicker is allowlisted but not present.
01-01 00:00:25.934  1000   473   473 W UserSystemPackageInstaller: com.android.theme.color.orchid is allowlisted but not present.
01-01 00:00:25.934  1000   473   473 W UserSystemPackageInstaller: com.android.theme.color.purple is allowlisted but not present.
01-01 00:00:25.934  1000   473   473 W UserSystemPackageInstaller: com.google.android.car.hideapps is allowlisted but not present.
01-01 00:00:25.934  1000   473   473 W UserSystemPackageInstaller: com.android.theme.icon_pack.sam.themepicker is allowlisted but not present.
01-01 00:00:25.934  1000   473   473 W UserSystemPackageInstaller: com.android.theme.icon.roundedrect is allowlisted but not present.
01-01 00:00:25.934  1000   473   473 W UserSystemPackageInstaller: com.android.theme.icon_pack.rounded.settings is allowlisted but not present.
01-01 00:00:25.934  1000   473   473 W UserSystemPackageInstaller: com.android.car.resources.vendor is allowlisted but not present.
01-01 00:00:25.935  1000   473   473 W UserSystemPackageInstaller: com.android.theme.icon_pack.circular.android is allowlisted but not present.
01-01 00:00:25.937  1000   473   473 I Watchdog: Resuming HandlerChecker: main thread for reason: packagemanagermain. Pause count: 0
01-01 00:00:25.937  1000   473   473 I SystemServerDexLoadReporter: Configuring system server dex reporter
01-01 00:00:25.940  1000   473   473 V SystemServerTiming: StartPackageManagerService took to complete: 1468ms
01-01 00:00:25.941  1000   473   473 D SystemServerTiming: StartOtaDexOptService
01-01 00:00:25.941  1000   473   473 I Watchdog: Pausing HandlerChecker: main thread for reason: moveab. Pause count: 1
01-01 00:00:25.942  1000   473   473 D OTADexopt: No upgrade, skipping A/B artifacts check.
01-01 00:00:25.942  1000   473   473 I Watchdog: Resuming HandlerChecker: main thread for reason: moveab. Pause count: 0
01-01 00:00:25.942  1000   473   473 V SystemServerTiming: StartOtaDexOptService took to complete: 1ms
01-01 00:00:25.942  1000   473   473 D SystemServerTiming: StartUserManagerService
01-01 00:00:25.942  1000   473   473 I SystemServiceManager: Starting com.android.server.pm.UserManagerService$LifeCycle
01-01 00:00:25.943  1000   473   473 V SystemServerTiming: StartUserManagerService took to complete: 1ms
01-01 00:00:25.943  1000   473   473 D SystemServerTiming: InitAttributerCache
01-01 00:00:25.943  1000   473   473 V SystemServerTiming: InitAttributerCache took to complete: 0ms
01-01 00:00:25.944  1000   473   473 D SystemServerTiming: SetSystemProcess
01-01 00:00:25.951  1000   473   501 I ActivityManager: Connection with lmkd established
01-01 00:00:25.951  lmkd   154   154 I lowmemorykiller: lmkd data connection established
01-01 00:00:25.955  1000   473   473 V SystemServerTiming: SetSystemProcess took to complete: 11ms
01-01 00:00:25.957  1000   473   473 D CompatibilityChangeReporter: Compat change id reported: 161145287; UID 1000; state: DISABLED
01-01 00:00:25.958  1000   473   473 D SystemServerTiming: InitWatchdog
01-01 00:00:25.959  1000   473   473 V SystemServerTiming: InitWatchdog took to complete: 1ms
01-01 00:00:25.959  1000   473   473 D SystemServerTiming: StartOverlayManagerService
01-01 00:00:25.961  1000   473   487 V HistoricalRegistry: Interaction before persistence initialized
01-01 00:00:25.962  1000   473   488 V HistoricalRegistry: Interaction before persistence initialized
01-01 00:00:25.963  1041   283   283 I audioserver: Waiting for sensor privacy service
01-01 00:00:25.963  1047   310   310 I cameraserver: Waiting for sensor privacy service
01-01 00:00:25.974  root     0     0 I init    : service 'idmap2d' requested start, but it is already running (flags: 4)
01-01 00:00:25.983  root     0     0 I init    : Control message: Processed ctl.start for 'idmap2d' from pid: 473 (system_server)
01-01 00:00:26.002  1003   436   454 D BootAnimation: Playing files = /system/media/bootanimation.zip/part2, Requested repeat = 0, playUntilComplete = true
01-01 00:00:26.055  1000   473   483 I system_server: Background concurrent copying GC freed 412384(19MB) AllocSpace objects, 104(3100KB) LOS objects, 49% free, 8469KB/16MB, paused 156us,44us total 154.326ms
01-01 00:00:26.223  1000   473   473 V SystemServerTiming: StartOverlayManagerService took to complete: 264ms
01-01 00:00:26.223  1000   473   473 D SystemServerTiming: StartResourcesManagerService
01-01 00:00:26.223  1000   473   490 W ActivityTaskManager: Skip updateConfiguration because mWindowManager isn't set
01-01 00:00:26.225  1000   473   473 V SystemServerTiming: StartResourcesManagerService took to complete: 2ms
01-01 00:00:26.225  1000   473   473 D SystemServerTiming: StartSensorPrivacyService
01-01 00:00:26.230  1000   473   473 V SystemServerTiming: StartSensorPrivacyService took to complete: 5ms
01-01 00:00:26.231  1000   473   473 D SystemServerTiming: StartSensorService
01-01 00:00:26.231  1000   473   473 I SystemServiceManager: Starting com.android.server.sensors.SensorService
01-01 00:00:26.231  1000   473   473 V SystemServerTiming: StartSensorService took to complete: 0ms
01-01 00:00:26.231  1000   473   473 V SystemServerTiming: startBootstrapServices took to complete: 2384ms
01-01 00:00:26.231  1000   473   527 D SystemServerTimingAsync: InitThreadPoolExec:StartNativeSensorService
01-01 00:00:26.231  1000   473   527 D SystemServerInitThreadPool: Started executing StartNativeSensorService
01-01 00:00:26.231  1000   473   527 D SystemServerTimingAsync: StartNativeSensorService
01-01 00:00:26.232  1000   473   527 D SensorService: nuSensorService starting...
01-01 00:00:26.232  1000   155   155 I servicemanager: Found android.hardware.sensors.ISensors/default in device VINTF manifest.
01-01 00:00:26.232  1000   473   473 D SystemServerTiming: startCoreServices
01-01 00:00:26.233  1000   473   473 D SystemServerTiming: StartSystemConfigService
01-01 00:00:26.233  1000   473   473 I SystemServiceManager: Starting com.android.server.SystemConfigService
01-01 00:00:26.234  1000   473   473 V SystemServerTiming: StartSystemConfigService took to complete: 1ms
01-01 00:00:26.234  1000   473   473 D SystemServerTiming: StartBatteryService
01-01 00:00:26.234  1000   473   473 I SystemServiceManager: Starting com.android.server.BatteryService
01-01 00:00:26.235  1000   277   277 D android.hardware.sensors@aidl-service.multihal.bosch: Sensor activate SMI230 BOSCH Accelerometer Sensor 0
01-01 00:00:26.235  1000   277   277 D android.hardware.sensors@aidl-service.multihal.bosch: Sensor activate SMI230 BOSCH Gyroscope Sensor 0
01-01 00:00:26.235  1000   277   277 D android.hardware.sensors@aidl-service.multihal.bosch: Sensor activate SMI230 BOSCH Accelerometer Uncalibrated Sensor 0
01-01 00:00:26.235  1000   277   277 D android.hardware.sensors@aidl-service.multihal.bosch: Sensor activate SMI230 BOSCH Gyroscope Uncalibrated Sensor 0
01-01 00:00:26.235  1000   277   277 D android.hardware.sensors@aidl-service.multihal.bosch: Sensor activate SMI230 BOSCH Gravity Sensor 0
01-01 00:00:26.235  1000   277   277 D android.hardware.sensors@aidl-service.multihal.bosch: Sensor activate SMI230 BOSCH Linear Accelerometer Sensor 0
01-01 00:00:26.238  1000   155   155 I servicemanager: Found android.hardware.health.IHealth/default in device VINTF manifest.
01-01 00:00:26.247  1041   283   283 D audioserver: Do not init aaudio service, status 0, policy info size 1
01-01 00:00:26.250 media   323   471 W AudioAnalytics: onAudioServerStart: (key=audio.policy) AudioPolicy ctor, loadTimeMs:12616.545898
01-01 00:00:26.231  1000   277   277 I android.hardwar: type=1400 audit(0.0:64): avc: denied { call } for scontext=u:r:hal_sensors_default:s0 tcontext=u:r:system_server:s0 tclass=binder permissive=1
01-01 00:00:26.244  root     0     0 W healthd : battery none chg=
01-01 00:00:26.257  1000   473   473 I HealthServiceWrapperAidl: health: HealthServiceWrapper listening to AIDL HAL
01-01 00:00:26.257  1000   473   473 I BatteryService: health: Waited 0ms and received the update.
01-01 00:00:26.258  1000   473   531 D SensorService: new thread SensorEventAckReceiver
01-01 00:00:26.258  1000   473   532 D SensorService: nuSensorService thread starting...
01-01 00:00:26.258  1000   473   527 V HistoricalRegistry: Interaction before persistence initialized
01-01 00:00:26.260  1000   473   473 V SystemServerTiming: StartBatteryService took to complete: 26ms
01-01 00:00:26.260  1000   473   473 D SystemServerTiming: StartUsageService
01-01 00:00:26.260  1047   310   310 I HidlServiceManagement: Registered android.frameworks.cameraservice.service@2.2::ICameraService/default
01-01 00:00:26.261  1000   473   527 V SystemServerTimingAsync: StartNativeSensorService took to complete: 29ms
01-01 00:00:26.261  1000   473   527 D SystemServerInitThreadPool: Finished executing StartNativeSensorService
01-01 00:00:26.261  1000   473   527 V SystemServerTimingAsync: InitThreadPoolExec:StartNativeSensorService took to complete: 30ms
01-01 00:00:26.261  1000   473   473 I SystemServiceManager: Starting com.android.server.usage.UsageStatsService
01-01 00:00:26.265  1047   310   310 I CameraService: CameraService pinged cameraservice proxy
01-01 00:00:26.266  1047   310   310 I cameraserver: ServiceManager: 0xb40000767591d4a0 done instantiate
01-01 00:00:26.270  1000   473   473 V SystemServerTiming: StartUsageService took to complete: 10ms
01-01 00:00:26.270  1000   473   473 D SystemServerTiming: StartWebViewUpdateService
01-01 00:00:26.270  1000   473   473 I SystemServiceManager: Starting com.android.server.webkit.WebViewUpdateService
01-01 00:00:26.272  1000   473   473 V SystemServerTiming: StartWebViewUpdateService took to complete: 2ms
01-01 00:00:26.273  1000   473   473 D SystemServerTiming: StartCachedDeviceStateService
01-01 00:00:26.273  1000   473   473 I SystemServiceManager: Starting com.android.server.CachedDeviceStateService
01-01 00:00:26.273  1000   473   473 V SystemServerTiming: StartCachedDeviceStateService took to complete: 0ms
01-01 00:00:26.273  1000   473   473 D SystemServerTiming: StartBinderCallsStatsService
01-01 00:00:26.273  1000   473   473 I SystemServiceManager: Starting com.android.server.BinderCallsStatsService$LifeCycle
01-01 00:00:26.275  1000   473   473 V SystemServerTiming: StartBinderCallsStatsService took to complete: 2ms
01-01 00:00:26.275  1000   473   473 D SystemServerTiming: StartLooperStatsService
01-01 00:00:26.275  1000   473   473 I SystemServiceManager: Starting com.android.server.LooperStatsService$Lifecycle
01-01 00:00:26.277  1000   473   473 V SystemServerTiming: StartLooperStatsService took to complete: 2ms
01-01 00:00:26.278  1000   473   473 D SystemServerTiming: StartRollbackManagerService
01-01 00:00:26.278  1000   473   473 I SystemServiceManager: Starting com.android.server.rollback.RollbackManagerService
01-01 00:00:26.280  root   321   321 D installd: Found quota mount /dev/block/mmcblk0p4 at /data
01-01 00:00:26.280  root   321   321 D installd: Found quota mount /dev/block/mmcblk0p4 at /data/user/0
01-01 00:00:26.282  1000   473   473 I PackageWatchdog: Syncing state, reason: added new observer
01-01 00:00:26.282  1000   473   473 I PackageWatchdog: Not pruning observers, elapsed time: 0ms
01-01 00:00:26.282  1000   473   473 I PackageWatchdog: Cancelling state sync, nothing to sync
01-01 00:00:26.283  1000   473   498 I PackageWatchdog: Saving observer state to file
01-01 00:00:26.307  1000   473   473 V SystemServerTiming: StartRollbackManagerService took to complete: 29ms
01-01 00:00:26.307  1000   473   473 D SystemServerTiming: StartNativeTombstoneManagerService
01-01 00:00:26.307  1000   473   473 I SystemServiceManager: Starting com.android.server.os.NativeTombstoneManagerService
01-01 00:00:26.308  1000   473   473 V SystemServerTiming: StartNativeTombstoneManagerService took to complete: 1ms
01-01 00:00:26.308  1000   473   473 D SystemServerTiming: StartBugreportManagerService
01-01 00:00:26.308  1000   473   473 I SystemServiceManager: Starting com.android.server.os.BugreportManagerService
01-01 00:00:26.309  1000   473   473 V SystemServerTiming: StartBugreportManagerService took to complete: 1ms
01-01 00:00:26.309  1000   473   473 D SystemServerTiming: GpuService
01-01 00:00:26.309  1000   473   473 I SystemServiceManager: Starting com.android.server.gpu.GpuService
01-01 00:00:26.309  1000   473   473 V SystemServerTiming: GpuService took to complete: 0ms
01-01 00:00:26.309  1000   473   473 V SystemServerTiming: startCoreServices took to complete: 76ms
01-01 00:00:26.309  1000   473   473 D SystemServerTiming: startOtherServices
01-01 00:00:26.310  1000   473   473 D SystemServerTiming: StartKeyAttestationApplicationIdProviderService
01-01 00:00:26.311  1000   473   540 D SystemServerTimingAsync: InitThreadPoolExec:SecondaryZygotePreload
01-01 00:00:26.311  1000   473   540 D SystemServerInitThreadPool: Started executing SecondaryZygotePreload
01-01 00:00:26.311  1000   473   473 V SystemServerTiming: StartKeyAttestationApplicationIdProviderService took to complete: 1ms
01-01 00:00:26.311  1000   473   473 D SystemServerTiming: StartKeyChainSystemService
01-01 00:00:26.311  1000   473   540 I SystemServer: SecondaryZygotePreload
01-01 00:00:26.311  1000   473   473 I SystemServiceManager: Starting com.android.server.security.KeyChainSystemService
01-01 00:00:26.311  1000   473   540 D SystemServerTimingAsync: SecondaryZygotePreload
01-01 00:00:26.312  1000   473   473 V SystemServerTiming: StartKeyChainSystemService took to complete: 1ms
01-01 00:00:26.312  1000   473   473 D SystemServerTiming: StartBinaryTransparencyService
01-01 00:00:26.312  1000   473   473 I SystemServiceManager: Starting com.android.server.BinaryTransparencyService
01-01 00:00:26.314  1000   473   473 I TransparencyService: Started BinaryTransparencyService
01-01 00:00:26.314  1000   473   473 V SystemServerTiming: StartBinaryTransparencyService took to complete: 2ms
01-01 00:00:26.314  1000   473   473 D SystemServerTiming: StartSchedulingPolicyService
01-01 00:00:26.314  1000   473   497 D SystemServerTimingAsync: InitThreadPoolExec:SchedulingPolicyService.<init>
01-01 00:00:26.314  1000   473   497 D SystemServerInitThreadPool: Started executing SchedulingPolicyService.<init>
01-01 00:00:26.316  root   255   255 I Zygote  : Lazily preloading resources.
01-01 00:00:26.316  root   255   255 D Zygote  : begin preload
01-01 00:00:26.316  root   255   255 I Zygote  : Calling ZygoteHooks.beginPreload()
01-01 00:00:26.316  1000   473   473 V SystemServerTiming: StartSchedulingPolicyService took to complete: 2ms
01-01 00:00:26.316  1000   473   473 D SystemServerTiming: StartTelecomLoaderService
01-01 00:00:26.317  1000   473   473 I SystemServiceManager: Starting com.android.server.telecom.TelecomLoaderService
01-01 00:00:26.320  1000   473   473 V SystemServerTiming: StartTelecomLoaderService took to complete: 3ms
01-01 00:00:26.321  1000   473   473 D SystemServerTiming: StartTelephonyRegistry
01-01 00:00:26.324  1000   473   473 V SystemServerTiming: StartTelephonyRegistry took to complete: 3ms
01-01 00:00:26.324  1000   473   473 D SystemServerTiming: StartEntropyMixer
01-01 00:00:26.327  1000   473   473 I EntropyMixer: Loaded existing seed file
01-01 00:00:26.327  1000   473   497 I SchedulingPolicyService: Moving 365 back to group default
01-01 00:00:26.328  1000   473   497 D SystemServerInitThreadPool: Finished executing SchedulingPolicyService.<init>
01-01 00:00:26.328  1000   473   497 V SystemServerTimingAsync: InitThreadPoolExec:SchedulingPolicyService.<init> took to complete: 14ms
01-01 00:00:26.340  1000   473   473 I EntropyMixer: Updated seed file
01-01 00:00:26.340  1000   473   473 V SystemServerTiming: StartEntropyMixer took to complete: 15ms
01-01 00:00:26.341  1000   473   473 D SystemServerTiming: StartAccountManagerService
01-01 00:00:26.341  1000   473   473 I SystemServiceManager: Starting com.android.server.accounts.AccountManagerService$Lifecycle
01-01 00:00:26.348  1000   473   473 D CompatibilityChangeReporter: Compat change id reported: 148180766; UID 1000; state: ENABLED
01-01 00:00:26.350  1000   473   473 V SystemServerTiming: StartAccountManagerService took to complete: 9ms
01-01 00:00:26.350  1000   473   473 D SystemServerTiming: StartContentService
01-01 00:00:26.350  1000   473   473 I SystemServiceManager: Starting com.android.server.content.ContentService$Lifecycle
01-01 00:00:26.353  1000   473   473 V SystemServerTiming: StartContentService took to complete: 3ms
01-01 00:00:26.353  1000   473   473 D SystemServerTiming: InstallSystemProviders
01-01 00:00:26.413  1000   473   473 W SettingsState: No settings state /data/system/users/0/settings_config.xml
01-01 00:00:26.421  1000   473   473 W SettingsState: No settings state /data/system/users/0/settings_ssaid.xml
01-01 00:00:26.428  1000   473   473 W SettingsState: No settings state /data/system/users/10/settings_ssaid.xml
01-01 00:00:26.446  1000   473   499 D ActivityManager: Freezer enabled
01-01 00:00:26.446  1000   473   499 D ActivityManager: freezer override set to false
01-01 00:00:26.447  1000   473   473 V SystemServerTiming: InstallSystemProviders took to complete: 94ms
01-01 00:00:26.447  1000   473   473 D SystemServerTiming: UpdateWatchdogTimeout
01-01 00:00:26.447  1000   473   473 I Watchdog: Watchdog timeout updated to 60000 millis
01-01 00:00:26.447  1000   473   473 V SystemServerTiming: UpdateWatchdogTimeout took to complete: 0ms
01-01 00:00:26.447  1000   473   473 D SystemServerTiming: StartDropBoxManager
01-01 00:00:26.447  1000   473   473 I SystemServiceManager: Starting com.android.server.DropBoxManagerService
01-01 00:00:26.448  1000   473   473 V SystemServerTiming: StartDropBoxManager took to complete: 1ms
01-01 00:00:26.448  1000   473   473 D SystemServerTiming: StartRoleManagerService
01-01 00:00:26.449  1000   473   473 I SystemServiceManager: Starting com.android.role.RoleService
01-01 00:00:26.450  root   255   255 V ZygoteInitTiming_lazy: BeginPreload took to complete: 133ms
01-01 00:00:26.450  root   255   255 I Zygote  : Preloading classes...
01-01 00:00:26.453  1000   473   473 V SystemServerTiming: StartRoleManagerService took to complete: 5ms
01-01 00:00:26.453  1000   473   473 D SystemServerTiming: StartVibratorManagerService
01-01 00:00:26.453  1000   473   473 I SystemServiceManager: Starting com.android.server.vibrator.VibratorManagerService$Lifecycle
01-01 00:00:26.461  1000   155   155 I servicemanager: Could not find android.hardware.vibrator.IVibratorManager/default in the VINTF manifest.
01-01 00:00:26.461  1000   155   155 I servicemanager: Could not find android.hardware.vibrator.IVibrator/default in the VINTF manifest.
01-01 00:00:26.462  1000   156   156 I hwservicemanager: getTransport: Cannot find entry android.hardware.vibrator@1.0::IVibrator/default in either framework or device VINTF manifest.
01-01 00:00:26.463  1000   473   473 V SystemServerTiming: StartVibratorManagerService took to complete: 10ms
01-01 00:00:26.463  1000   473   473 D SystemServerTiming: StartDynamicSystemService
01-01 00:00:26.464  1000   473   473 V SystemServerTiming: StartDynamicSystemService took to complete: 1ms
01-01 00:00:26.464  1000   473   473 D SystemServerTiming: StartConsumerIrService
01-01 00:00:26.465  1000   155   155 I servicemanager: Could not find android.hardware.ir.IConsumerIr/default in the VINTF manifest.
01-01 00:00:26.466  1000   156   156 I hwservicemanager: getTransport: Cannot find entry android.hardware.ir@1.0::IConsumerIr/default in either framework or device VINTF manifest.
01-01 00:00:26.467  1000   473   473 V SystemServerTiming: StartConsumerIrService took to complete: 3ms
01-01 00:00:26.467  1000   473   473 D SystemServerTiming: StartResourceEconomy
01-01 00:00:26.467  1000   473   473 I SystemServiceManager: Starting com.android.server.tare.InternalResourceService
01-01 00:00:26.475  1000   473   473 V SystemServerTiming: StartResourceEconomy took to complete: 8ms
01-01 00:00:26.475  1000   473   473 D SystemServerTiming: StartAlarmManagerService
01-01 00:00:26.478  1000   473   473 I SystemServiceManager: Starting com.android.server.alarm.AlarmManagerService
01-01 00:00:26.483  1000   473   473 D AlarmManagerService: Kernel timezone updated to 0 minutes west of GMT
01-01 00:00:26.483  1000   473   473 I AlarmManager: Current time only 26483, advancing to build time 1738154449000
01-01 00:00:26.483  1000   473   473 D AlarmManagerService: Setting time of day to sec=1738154449
01-29 12:40:49.000  1000   473   473 E AlarmManagerService: Unable to open /dev/rtc0: No such file or directory
01-29 12:40:49.000  1000   473   473 W AlarmManagerService: Unable to set rtc to 1738154449: No such file or directory
01-29 12:40:49.000  1000   473   473 D CompatibilityChangeReporter: Compat change id reported: 160794467; UID 1000; state: ENABLED
01-29 12:40:49.003  1000   473   473 V SystemServerTiming: StartAlarmManagerService took to complete: 11ms
01-29 12:40:49.003  1000   473   473 D SystemServerTiming: StartInputManagerService
01-29 12:40:49.009  1066   252   262 I ServiceManager: Waiting for service 'statscompanion' on '/dev/binder'...
01-29 12:40:49.022  1000   473   473 I InputManager: Initializing input manager, mUseDevInputEventForAudioJack=false
01-29 12:40:49.022  1000   473   473 V SystemServerTiming: StartInputManagerService took to complete: 19ms
01-29 12:40:49.022  1000   473   473 D SystemServerTiming: DeviceStateManagerService
01-29 12:40:49.022  1000   473   473 I SystemServiceManager: Starting com.android.server.devicestate.DeviceStateManagerService
01-01 00:00:26.479  1000   270   270 I composer@2.4-se: type=1400 audit(0.0:65): avc: denied { read } for path="socket:[21366]" dev="sockfs" ino=21366 scontext=u:r:hal_graphics_composer_default:s0 tcontext=u:r:hal_graphics_composer_default:s0 tclass=netlink_kobject_uevent_socket permissive=1
01-29 12:40:49.035  1000   473   473 V SystemServerTiming: DeviceStateManagerService took to complete: 13ms
01-29 12:40:49.035  1000   473   473 D SystemServerTiming: StartCameraServiceProxy
01-29 12:40:49.035  1000   473   473 I SystemServiceManager: Starting com.android.server.camera.CameraServiceProxy
01-29 12:40:49.046  1000   473   473 V SystemServerTiming: StartCameraServiceProxy took to complete: 11ms
01-29 12:40:49.046  1000   473   473 D SystemServerTiming: StartWindowManagerService
01-29 12:40:49.046  1000   473   473 I SystemServiceManager: Starting phase 200
01-29 12:40:49.046  1000   473   473 D SystemServerTiming: OnBootPhase_200
01-29 12:40:49.046  1000   473   473 D SystemServerTiming: OnBootPhase_200_com.android.server.security.FileIntegrityService
01-29 12:40:49.046  1000   473   473 V SystemServerTiming: OnBootPhase_200_com.android.server.security.FileIntegrityService took to complete: 0ms
01-29 12:40:49.046  1000   473   473 D SystemServerTiming: OnBootPhase_200_com.android.server.pm.Installer
01-29 12:40:49.046  1000   473   473 V SystemServerTiming: OnBootPhase_200_com.android.server.pm.Installer took to complete: 0ms
01-29 12:40:49.046  1000   473   473 D SystemServerTiming: OnBootPhase_200_com.android.server.os.DeviceIdentifiersPolicyService
01-29 12:40:49.046  1000   473   473 V SystemServerTiming: OnBootPhase_200_com.android.server.os.DeviceIdentifiersPolicyService took to complete: 0ms
01-29 12:40:49.046  1000   473   473 D SystemServerTiming: OnBootPhase_200_com.android.server.uri.UriGrantsManagerService$Lifecycle
01-29 12:40:49.046  1000   473   473 V SystemServerTiming: OnBootPhase_200_com.android.server.uri.UriGrantsManagerService$Lifecycle took to complete: 0ms
01-29 12:40:49.046  1000   473   473 D SystemServerTiming: OnBootPhase_200_com.android.server.powerstats.PowerStatsService
01-29 12:40:49.046  1000   473   473 V SystemServerTiming: OnBootPhase_200_com.android.server.powerstats.PowerStatsService took to complete: 0ms
01-29 12:40:49.046  1000   473   473 D SystemServerTiming: OnBootPhase_200_com.android.server.wm.ActivityTaskManagerService$Lifecycle
01-29 12:40:49.046  1000   473   473 V SystemServerTiming: OnBootPhase_200_com.android.server.wm.ActivityTaskManagerService$Lifecycle took to complete: 0ms
01-29 12:40:49.046  1000   473   473 D SystemServerTiming: OnBootPhase_200_com.android.server.am.ActivityManagerService$Lifecycle
01-29 12:40:49.046  1000   473   473 V SystemServerTiming: OnBootPhase_200_com.android.server.am.ActivityManagerService$Lifecycle took to complete: 0ms
01-29 12:40:49.046  1000   473   473 D SystemServerTiming: OnBootPhase_200_com.android.server.pm.DataLoaderManagerService
01-29 12:40:49.046  1000   473   473 V SystemServerTiming: OnBootPhase_200_com.android.server.pm.DataLoaderManagerService took to complete: 0ms
01-29 12:40:49.046  1000   473   473 D SystemServerTiming: OnBootPhase_200_com.android.server.power.PowerManagerService
01-29 12:40:49.046  1000   473   473 V SystemServerTiming: OnBootPhase_200_com.android.server.power.PowerManagerService took to complete: 0ms
01-29 12:40:49.046  1000   473   473 D SystemServerTiming: OnBootPhase_200_com.android.server.power.ThermalManagerService
01-29 12:40:49.046  1000   473   473 V SystemServerTiming: OnBootPhase_200_com.android.server.power.ThermalManagerService took to complete: 0ms
01-29 12:40:49.046  1000   473   473 D SystemServerTiming: OnBootPhase_200_com.android.server.power.hint.HintManagerService
01-29 12:40:49.046  1000   473   473 V SystemServerTiming: OnBootPhase_200_com.android.server.power.hint.HintManagerService took to complete: 0ms
01-29 12:40:49.046  1000   473   473 D SystemServerTiming: OnBootPhase_200_com.android.server.recoverysystem.RecoverySystemService$Lifecycle
01-29 12:40:49.046  1000   473   473 V SystemServerTiming: OnBootPhase_200_com.android.server.recoverysystem.RecoverySystemService$Lifecycle took to complete: 0ms
01-29 12:40:49.046  1000   473   473 D SystemServerTiming: OnBootPhase_200_com.android.server.lights.LightsService
01-29 12:40:49.046  1000   473   473 V SystemServerTiming: OnBootPhase_200_com.android.server.lights.LightsService took to complete: 0ms
01-29 12:40:49.047  1000   473   473 D SystemServerTiming: OnBootPhase_200_com.android.server.display.DisplayManagerService
01-29 12:40:49.047  1000   473   473 V SystemServerTiming: OnBootPhase_200_com.android.server.display.DisplayManagerService took to complete: 0ms
01-29 12:40:49.047  1000   473   473 D SystemServerTiming: OnBootPhase_200_com.android.server.pm.verify.domain.DomainVerificationService
01-29 12:40:49.047  1000   473   473 V SystemServerTiming: OnBootPhase_200_com.android.server.pm.verify.domain.DomainVerificationService took to complete: 0ms
01-29 12:40:49.047  1000   473   473 D SystemServerTiming: OnBootPhase_200_com.android.server.pm.PackageInstallerService$Lifecycle
01-29 12:40:49.047  1000   473   473 V SystemServerTiming: OnBootPhase_200_com.android.server.pm.PackageInstallerService$Lifecycle took to complete: 0ms
01-29 12:40:49.047  1000   473   473 D SystemServerTiming: OnBootPhase_200_com.android.server.pm.UserManagerService$LifeCycle
01-29 12:40:49.047  1000   473   473 V SystemServerTiming: OnBootPhase_200_com.android.server.pm.UserManagerService$LifeCycle took to complete: 0ms
01-29 12:40:49.047  1000   473   473 D SystemServerTiming: OnBootPhase_200_com.android.server.om.OverlayManagerService
01-29 12:40:49.047  1000   473   473 V SystemServerTiming: OnBootPhase_200_com.android.server.om.OverlayManagerService took to complete: 0ms
01-29 12:40:49.047  1000   473   473 D SystemServerTiming: OnBootPhase_200_com.android.server.resources.ResourcesManagerService
01-29 12:40:49.047  1000   473   473 V SystemServerTiming: OnBootPhase_200_com.android.server.resources.ResourcesManagerService took to complete: 0ms
01-29 12:40:49.047  1000   473   473 D SystemServerTiming: OnBootPhase_200_com.android.server.sensorprivacy.SensorPrivacyService
01-29 12:40:49.047  root   255   461 I zygote  : Background concurrent copying GC freed 2395(106KB) AllocSpace objects, 1(48KB) LOS objects, 49% free, 2975KB/5950KB, paused 168us,46us total 182.681ms
01-29 12:40:49.047  1000   473   473 V SystemServerTiming: OnBootPhase_200_com.android.server.sensorprivacy.SensorPrivacyService took to complete: 0ms
01-29 12:40:49.047  1000   473   473 D SystemServerTiming: OnBootPhase_200_com.android.server.sensors.SensorService
01-29 12:40:49.047  1000   473   473 V SystemServerTiming: OnBootPhase_200_com.android.server.sensors.SensorService took to complete: 1ms
01-29 12:40:49.047  1000   473   473 D SystemServerTiming: OnBootPhase_200_com.android.server.SystemConfigService
01-29 12:40:49.047  1000   473   473 V SystemServerTiming: OnBootPhase_200_com.android.server.SystemConfigService took to complete: 0ms
01-29 12:40:49.047  1000   473   473 D SystemServerTiming: OnBootPhase_200_com.android.server.BatteryService
01-29 12:40:49.047  1000   473   473 V SystemServerTiming: OnBootPhase_200_com.android.server.BatteryService took to complete: 0ms
01-29 12:40:49.047  1000   473   473 D SystemServerTiming: OnBootPhase_200_com.android.server.usage.UsageStatsService
01-29 12:40:49.047  1000   473   473 V SystemServerTiming: OnBootPhase_200_com.android.server.usage.UsageStatsService took to complete: 0ms
01-29 12:40:49.047  1000   473   473 D SystemServerTiming: OnBootPhase_200_com.android.server.webkit.WebViewUpdateService
01-29 12:40:49.047  1000   473   473 V SystemServerTiming: OnBootPhase_200_com.android.server.webkit.WebViewUpdateService took to complete: 0ms
01-29 12:40:49.047  1000   473   473 D SystemServerTiming: OnBootPhase_200_com.android.server.CachedDeviceStateService
01-29 12:40:49.047  1000   473   473 V SystemServerTiming: OnBootPhase_200_com.android.server.CachedDeviceStateService took to complete: 0ms
01-29 12:40:49.047  1000   473   473 D SystemServerTiming: OnBootPhase_200_com.android.server.BinderCallsStatsService$LifeCycle
01-29 12:40:49.047  1000   473   473 V SystemServerTiming: OnBootPhase_200_com.android.server.BinderCallsStatsService$LifeCycle took to complete: 0ms
01-29 12:40:49.047  1000   473   473 D SystemServerTiming: OnBootPhase_200_com.android.server.LooperStatsService$Lifecycle
01-29 12:40:49.047  1000   473   473 V SystemServerTiming: OnBootPhase_200_com.android.server.LooperStatsService$Lifecycle took to complete: 0ms
01-29 12:40:49.047  1000   473   473 D SystemServerTiming: OnBootPhase_200_com.android.server.rollback.RollbackManagerService
01-29 12:40:49.047  1000   473   473 V SystemServerTiming: OnBootPhase_200_com.android.server.rollback.RollbackManagerService took to complete: 0ms
01-29 12:40:49.047  1000   473   473 D SystemServerTiming: OnBootPhase_200_com.android.server.os.NativeTombstoneManagerService
01-29 12:40:49.047  1000   473   473 V SystemServerTiming: OnBootPhase_200_com.android.server.os.NativeTombstoneManagerService took to complete: 0ms
01-29 12:40:49.048  1000   473   473 D SystemServerTiming: OnBootPhase_200_com.android.server.os.BugreportManagerService
01-29 12:40:49.048  1000   473   473 V SystemServerTiming: OnBootPhase_200_com.android.server.os.BugreportManagerService took to complete: 0ms
01-29 12:40:49.048  1000   473   473 D SystemServerTiming: OnBootPhase_200_com.android.server.gpu.GpuService
01-29 12:40:49.048  1000   473   473 V SystemServerTiming: OnBootPhase_200_com.android.server.gpu.GpuService took to complete: 0ms
01-29 12:40:49.048  1000   473   473 D SystemServerTiming: OnBootPhase_200_com.android.server.security.KeyChainSystemService
01-29 12:40:49.048  1000   473   473 V SystemServerTiming: OnBootPhase_200_com.android.server.security.KeyChainSystemService took to complete: 0ms
01-29 12:40:49.048  1000   473   473 D SystemServerTiming: OnBootPhase_200_com.android.server.BinaryTransparencyService
01-29 12:40:49.048  1000   473   473 V SystemServerTiming: OnBootPhase_200_com.android.server.BinaryTransparencyService took to complete: 0ms
01-29 12:40:49.048  1000   473   473 D SystemServerTiming: OnBootPhase_200_com.android.server.telecom.TelecomLoaderService
01-29 12:40:49.048  1000   473   473 V SystemServerTiming: OnBootPhase_200_com.android.server.telecom.TelecomLoaderService took to complete: 0ms
01-29 12:40:49.048  1000   473   473 D SystemServerTiming: OnBootPhase_200_com.android.server.accounts.AccountManagerService$Lifecycle
01-29 12:40:49.048  1000   473   473 V SystemServerTiming: OnBootPhase_200_com.android.server.accounts.AccountManagerService$Lifecycle took to complete: 0ms
01-29 12:40:49.048  1000   473   473 D SystemServerTiming: OnBootPhase_200_com.android.server.content.ContentService$Lifecycle
01-29 12:40:49.048  1000   473   473 V SystemServerTiming: OnBootPhase_200_com.android.server.content.ContentService$Lifecycle took to complete: 0ms
01-29 12:40:49.048  1000   473   473 D SystemServerTiming: OnBootPhase_200_com.android.server.DropBoxManagerService
01-29 12:40:49.048  1000   473   473 V SystemServerTiming: OnBootPhase_200_com.android.server.DropBoxManagerService took to complete: 0ms
01-29 12:40:49.048  1000   473   473 D SystemServerTiming: OnBootPhase_200_com.android.role.RoleService
01-29 12:40:49.048  1000   473   473 V SystemServerTiming: OnBootPhase_200_com.android.role.RoleService took to complete: 0ms
01-29 12:40:49.048  1000   473   473 D SystemServerTiming: OnBootPhase_200_com.android.server.vibrator.VibratorManagerService$Lifecycle
01-29 12:40:49.048  1000   473   473 V SystemServerTiming: OnBootPhase_200_com.android.server.vibrator.VibratorManagerService$Lifecycle took to complete: 0ms
01-29 12:40:49.048  1000   473   473 D SystemServerTiming: OnBootPhase_200_com.android.server.tare.InternalResourceService
01-29 12:40:49.048  1000   473   473 V SystemServerTiming: OnBootPhase_200_com.android.server.tare.InternalResourceService took to complete: 0ms
01-29 12:40:49.048  1000   473   473 D SystemServerTiming: OnBootPhase_200_com.android.server.alarm.AlarmManagerService
01-29 12:40:49.048  1000   473   473 V SystemServerTiming: OnBootPhase_200_com.android.server.alarm.AlarmManagerService took to complete: 0ms
01-29 12:40:49.048  1000   473   473 D SystemServerTiming: OnBootPhase_200_com.android.server.devicestate.DeviceStateManagerService
01-29 12:40:49.048  1000   473   473 V SystemServerTiming: OnBootPhase_200_com.android.server.devicestate.DeviceStateManagerService took to complete: 0ms
01-29 12:40:49.048  1000   473   473 D SystemServerTiming: OnBootPhase_200_com.android.server.camera.CameraServiceProxy
01-29 12:40:49.048  1000   473   473 V SystemServerTiming: OnBootPhase_200_com.android.server.camera.CameraServiceProxy took to complete: 0ms
01-29 12:40:49.048  1000   473   473 V SystemServerTiming: OnBootPhase_200 took to complete: 3ms
01-29 12:40:49.055  1000   473   473 I WindowManager: No existing display settings, starting empty
01-29 12:40:49.056  1000   473   473 I WindowManager: No existing display settings, starting empty
01-29 12:40:49.071  1000   473   493 I WindowTracing: Setting window tracing log level to 1
01-29 12:40:49.072  1000   473   493 I WindowTracing: Setting window tracing buffer capacity to 10485760bytes
01-29 12:40:49.081  root   255   255 I Typeface: Preloading /system/fonts/Roboto-Regular.ttf
01-29 12:40:49.085  1000   473   473 V SystemServerTiming: StartWindowManagerService took to complete: 39ms
01-29 12:40:49.085  1000   473   473 D SystemServerTiming: SetWindowManagerService
01-29 12:40:49.091  root   255   255 I Typeface: Preloading /system/fonts/RobotoStatic-Regular.ttf
01-29 12:40:49.096  1000   473   492 I DropBoxManagerService: add tag=system_server_strictmode isTagEnabled=true flags=0x2
01-29 12:40:49.141  1000   473   473 I ActivityTaskManager: Loaded persisted task ids for user 0
01-29 12:40:49.144  1000   473   473 V SystemServerTiming: SetWindowManagerService took to complete: 60ms
01-29 12:40:49.144  1000   473   473 D SystemServerTiming: WindowManagerServiceOnInitReady
01-29 12:40:49.177  1000   473   473 V SystemServerTiming: WindowManagerServiceOnInitReady took to complete: 33ms
01-29 12:40:49.178  1000   473   473 D SystemServerTiming: StartInputManager
01-29 12:40:49.178  1000   473   473 I InputManager: Starting input manager
01-29 12:40:49.178  1000   473   527 D SystemServerTimingAsync: InitThreadPoolExec:StartHidlServices
01-29 12:40:49.178  1000   473   527 D SystemServerInitThreadPool: Started executing StartHidlServices
01-29 12:40:49.178  1000   473   527 D SystemServerTimingAsync: StartHidlServices
01-29 12:40:49.179  1000   473   553 E EventHub: Could not get device name for /dev/input/mice: Inappropriate ioctl for device
01-29 12:40:49.179  1000   473   553 E EventHub: could not get driver version for /dev/input/mice, Inappropriate ioctl for device
01-29 12:40:49.180  root   255   255 E ActivityRecognitionHardware: activity_recognition HAL is deprecated. class_init is effectively a no-op
01-29 12:40:49.180  1000   473   473 I InputManager: Enabling motion classifier because just booted: feature enabled, long press timeout = 400
01-29 12:40:49.180  1000   473   473 I InputClassifier: Enabling motion classifier
01-29 12:40:49.182  1000   473   527 I HidlServiceManagement: Registered android.frameworks.sensorservice@1.0::ISensorManager/default
01-29 12:40:49.184  1000   156   156 I hwservicemanager: getTransport: Cannot find entry android.frameworks.schedulerservice@1.0::ISchedulingPolicyService/default in either framework or device VINTF manifest.
01-29 12:40:49.185  1000   473   473 V SystemServerTiming: StartInputManager took to complete: 7ms
01-29 12:40:49.185  1000   473   473 D SystemServerTiming: DisplayManagerWindowManagerAndInputReady
01-29 12:40:49.185  1000   473   473 V SystemServerTiming: DisplayManagerWindowManagerAndInputReady took to complete: 0ms
01-29 12:40:49.185  1000   473   473 D SystemServerTiming: StartBluetoothService
01-29 12:40:49.185  1000   473   527 W system_server: android.frameworks.schedulerservice@1.0::ISchedulingPolicyService is deprecated. Skipping registration.
01-29 12:40:49.185  1000   473   527 V SystemServerTimingAsync: StartHidlServices took to complete: 7ms
01-29 12:40:49.186  1000   473   527 D SystemServerInitThreadPool: Finished executing StartHidlServices
01-29 12:40:49.186  1000   473   527 V SystemServerTimingAsync: InitThreadPoolExec:StartHidlServices took to complete: 8ms
01-29 12:40:49.187  1000   155   155 I servicemanager: Could not find android.hardware.input.processor.IInputProcessor/default in the VINTF manifest.
01-29 12:40:49.188  1000   473   554 I InputClassifier: HAL android.hardware.input.processor.IInputProcessor/default is not declared
01-29 12:40:49.224  1000   473   553 I InputReader: Device added: id=-1, eventHubId=-1, name='Virtual', descriptor='a718a782d34bc767f4689c232d64d527998ea7fd',sources=KEYBOARD | DPAD
01-29 12:40:49.229  1000   473   473 I SystemServiceManager: Starting com.android.server.bluetooth.BluetoothService
01-29 12:40:49.252  1000   473   473 D BluetoothManagerService: Loading stored name and address
01-29 12:40:49.252  1000   473   473 D BluetoothManagerService: Stored bluetooth Name=null,Address=null
01-29 12:40:49.252  1000   473   473 D BluetoothManagerService: Bluetooth persisted state: 0
01-29 12:40:49.253  1000   473   473 D BluetoothManagerService: Detected SystemUiUid: 10088
01-29 12:40:49.254  1000   473   473 V SystemServerTiming: StartBluetoothService took to complete: 69ms
01-29 12:40:49.254  1000   473   473 D SystemServerTiming: IpConnectivityMetrics
01-29 12:40:49.254  1000   473   473 I SystemServiceManager: Starting com.android.server.connectivity.IpConnectivityMetrics
01-29 12:40:49.255  1000   473   473 V SystemServerTiming: IpConnectivityMetrics took to complete: 1ms
01-29 12:40:49.255  1000   473   473 D SystemServerTiming: NetworkWatchlistService
01-29 12:40:49.255  1000   473   473 I SystemServiceManager: Starting com.android.server.net.watchlist.NetworkWatchlistService$Lifecycle
01-29 12:40:49.268  1000   473   473 I WatchlistSettings: Reload watchlist settings done
01-29 12:40:49.268  1000   473   558 I WatchlistLoggingHandler: No need to aggregate record yet.
