01-01 00:00:10.549  1000   269   269 I HidlServiceManagement: Removing namespace from process name android.hardware.graphics.allocator@4.0-service.minigbm_gbm_mesa to allocator@4.0-service.minigbm_gbm_mesa.
01-01 00:00:10.550  1000   269   269 I AllocatorService: IAllocator 4.0 service is initialized.
01-01 00:00:10.611  1000   279   279 D hdmi_cec: open_hdmi_cec: id=hdmi_cec_hw_if
01-01 00:00:10.612  1000   279   279 D hdmi_cec: cec_init: type=4
01-01 00:00:10.612  1000   279   279 D hdmi_cec: cec_init: vendor_id=0c03
01-01 00:00:10.612  1000   279   279 D hdmi_cec: cec_init: version=5
01-01 00:00:10.612  1000   279   279 D hdmi_cec: cec_init: initialized CEC controller
01-01 00:00:10.612  1000   279   292 I hdmi_cec: event_thread start!
01-01 00:00:10.613  1000   279   279 I HidlServiceManagement: Registered android.hardware.tv.cec@1.0::IHdmiCec/default
01-01 00:00:10.613  1000   279   279 I HidlServiceManagement: Removing namespace from process name android.hardware.tv.cec@1.0-service to cec@1.0-service.
01-01 00:00:10.614  1000   279   279 I LegacySupport: Registration complete for android.hardware.tv.cec@1.0::IHdmiCec/default.
01-01 00:00:10.607  1000   279   279 I android.hardwar: type=1400 audit(0.0:5): avc: denied { read } for name="u:object_r:default_prop:s0" dev="tmpfs" ino=99 scontext=u:r:hal_tv_cec_default:s0 tcontext=u:object_r:default_prop:s0 tclass=file permissive=1
01-01 00:00:10.607  1000   279   279 I android.hardwar: type=1400 audit(0.0:6): avc: denied { open } for path="/dev/__properties__/u:object_r:default_prop:s0" dev="tmpfs" ino=99 scontext=u:r:hal_tv_cec_default:s0 tcontext=u:object_r:default_prop:s0 tclass=file permissive=1
01-01 00:00:10.607  1000   279   279 I android.hardwar: type=1400 audit(0.0:7): avc: denied { getattr } for path="/dev/__properties__/u:object_r:default_prop:s0" dev="tmpfs" ino=99 scontext=u:r:hal_tv_cec_default:s0 tcontext=u:object_r:default_prop:s0 tclass=file permissive=1
01-01 00:00:10.607  1000   279   279 I android.hardwar: type=1400 audit(0.0:8): avc: denied { map } for path="/dev/__properties__/u:object_r:default_prop:s0" dev="tmpfs" ino=99 scontext=u:r:hal_tv_cec_default:s0 tcontext=u:object_r:default_prop:s0 tclass=file permissive=1
01-01 00:00:10.611  1000   279   279 I android.hardwar: type=1400 audit(0.0:9): avc: denied { read } for name="u:object_r:hdmi_config_prop:s0" dev="tmpfs" ino=152 scontext=u:r:hal_tv_cec_default:s0 tcontext=u:object_r:hdmi_config_prop:s0 tclass=file permissive=1
01-01 00:00:10.611  1000   279   279 I android.hardwar: type=1400 audit(0.0:10): avc: denied { open } for path="/dev/__properties__/u:object_r:hdmi_config_prop:s0" dev="tmpfs" ino=152 scontext=u:r:hal_tv_cec_default:s0 tcontext=u:object_r:hdmi_config_prop:s0 tclass=file permissive=1
01-01 00:00:10.611  1000   279   279 I android.hardwar: type=1400 audit(0.0:11): avc: denied { getattr } for path="/dev/__properties__/u:object_r:hdmi_config_prop:s0" dev="tmpfs" ino=152 scontext=u:r:hal_tv_cec_default:s0 tcontext=u:object_r:hdmi_config_prop:s0 tclass=file permissive=1
01-01 00:00:10.611  1000   279   279 I android.hardwar: type=1400 audit(0.0:12): avc: denied { map } for path="/dev/__properties__/u:object_r:hdmi_config_prop:s0" dev="tmpfs" ino=152 scontext=u:r:hal_tv_cec_default:s0 tcontext=u:object_r:hdmi_config_prop:s0 tclass=file permissive=1
01-01 00:00:10.664  root   253   253 I netd    : netd 1.0 starting
01-01 00:00:10.733  1000   155   155 I servicemanager: Found android.hardware.automotive.evs.IEvsEnumerator/hw/1 in device VINTF manifest.
01-01 00:00:10.734  1062   173   183 I evsmanagerd: Failed to connect to AIDL EVS HAL implementation.  Trying to connect to HIDL EVS HAL implementation instead.
01-01 00:00:10.734  1000   156   156 I hwservicemanager: getTransport: Cannot find entry android.hardware.automotive.evs@1.1::IEvsEnumerator/hw/1 in either framework or device VINTF manifest.
01-01 00:00:10.734  1062   173   183 I evsmanagerd: No EVS HAL implementation is available.  Retrying after 1000 ms
01-01 00:00:10.739  root   253   253 I netd    : Pid file removed
01-01 00:00:10.739  root   253   253 I netd    : SIGPIPE is blocked
01-01 00:00:10.739  root   253   253 I netd    : setCloseOnExec(dnsproxyd)
01-01 00:00:10.739  root   253   253 I netd    : setCloseOnExec(fwmarkd)
01-01 00:00:10.739  root   253   253 I netd    : setCloseOnExec(mdns)
01-01 00:00:10.739  root   253   253 I NetdUpdatable: libnetd_updatable_init: Initializing
01-01 00:00:10.739  root   253   253 I BpfHandler: BPF programs are loaded
01-01 00:00:10.740  root   253   253 I netd    : libnetd_updatable_init success
01-01 00:00:10.768  root   253   253 I netd    : NetlinkManager instanced
01-01 00:00:10.768  root   253   253 I netd    : enter NetworkController ctor
01-01 00:00:10.768  root   253   253 E TcUtils : NLMSG_ERROR message return error: -2
01-01 00:00:10.769  root   253   253 E TcUtils : NLMSG_ERROR message return error: -2
01-01 00:00:10.769  root   253   253 E TcUtils : NLMSG_ERROR message return error: -2
01-01 00:00:10.769  root   253   253 E TcUtils : NLMSG_ERROR message return error: -2
01-01 00:00:10.769  root   253   253 E TcUtils : NLMSG_ERROR message return error: -2
01-01 00:00:10.769  root   253   253 E TcUtils : NLMSG_ERROR message return error: -2
01-01 00:00:10.769  root   253   253 E TcUtils : NLMSG_ERROR message return error: -2
01-01 00:00:10.769  root   253   253 E TcUtils : NLMSG_ERROR message return error: -2
01-01 00:00:10.769  root   253   253 I netd    : leave NetworkController ctor
01-01 00:00:10.770  root   253   253 I netd    : enter TetherController ctor
01-01 00:00:10.770  root   253   253 D TetherController: Setting IP forward enable = 0
01-01 00:00:10.772  root   253   253 I netd    : leave TetherController ctor
01-01 00:00:10.888 media   266   266 I HidlServiceManagement: Registered android.hardware.cas@1.2::IMediaCasService/default
01-01 00:00:10.889 media   266   266 I HidlServiceManagement: Removing namespace from process name android.hardware.cas@1.2-service to cas@1.2-service.
01-01 00:00:10.896  1076   284   284 I credstore: Registered binder service
01-01 00:00:10.935  root   253   253 I netd    : Creating child chains: 152382us
01-01 00:00:10.935  root   253   253 I netd    : Setting up OEM hooks: 221us
01-01 00:00:10.938  root   253   253 I netd    : Setting up FirewallController hooks: 2403us
01-01 00:00:10.944  root   253   253 I netd    : Setting up TetherController hooks: 6559us
01-01 00:00:10.945  1062   172   172 W HidlServiceManagement: Waited one second for android.hardware.automotive.evs@1.1::IEvsEnumerator/default
01-01 00:00:10.945  1000   156   156 I hwservicemanager: Since android.hardware.automotive.evs@1.1::IEvsEnumerator/default is not registered, trying to start it as a lazy HAL.
01-01 00:00:10.946  1062   172   172 I HidlServiceManagement: getService: Trying again for android.hardware.automotive.evs@1.1::IEvsEnumerator/default...
01-01 00:00:10.951  root   253   253 I netd    : Setting up BandwidthController hooks: 6271us
01-01 00:00:10.951  root   253   253 I netd    : Setting up IdletimerController hooks: 119us
01-01 00:00:10.958  root   253   253 I netd    : Setting up StrictController hooks: 7235us
01-01 00:00:10.970  1000   156   305 W libc    : Unable to set property "ctl.interface_start" to "android.hardware.automotive.evs@1.1::IEvsEnumerator/default": error code: 0x20
01-01 00:00:10.970  1000   156   305 I hwservicemanager: Tried to start android.hardware.automotive.evs@1.1::IEvsEnumerator/default as a lazy service, but was unable to. Usually this happens when a service is not installed, but if the service is intended to be used as a lazy service, then it may be configured incorrectly.
01-01 00:00:10.976  root   253   253 I netd    : Enabling bandwidth control: 17580us
01-01 00:00:10.980  root   253   253 I netd    : Initializing RouteController: 4593us
01-01 00:00:10.981  root   253   253 D XfrmController: XfrmController::ipSecAddXfrmInterface, line=1480
01-01 00:00:10.982  root   253   253 D XfrmController: XfrmController::ipSecRemoveTunnelInterface, line=1693
01-01 00:00:10.982  root   253   253 D XfrmController: deviceName=ipsec_test
01-01 00:00:10.987  root     0     0 E selinux : SELinux: Could not get canonical path for /sys/devices/virtual/net/ipsec_test/queues/tx-0 restorecon: No such file or directory.
01-01 00:00:11.001  root     0     0 E selinux :  
01-01 00:00:11.004  root     0     0 E ueventd : selinux_android_restorecon(/sys/devices/virtual/net/ipsec_test/queues/tx-0) failed: No such file or directory
01-01 00:00:11.044  root   253   253 D XfrmController: Sending Netlink XFRM Message: XFRM_MSG_FLUSHSA
01-01 00:00:11.045  root   253   253 D XfrmController: Sending Netlink XFRM Message: XFRM_MSG_FLUSHPOLICY
01-01 00:00:11.043  1000   270   270 I android.hardwar: type=1400 audit(0.0:13): avc: denied { create } for scontext=u:r:hal_graphics_composer_default:s0 tcontext=u:r:hal_graphics_composer_default:s0 tclass=netlink_kobject_uevent_socket permissive=1
01-01 00:00:11.043  1000   270   270 I android.hardwar: type=1400 audit(0.0:14): avc: denied { bind } for scontext=u:r:hal_graphics_composer_default:s0 tcontext=u:r:hal_graphics_composer_default:s0 tclass=netlink_kobject_uevent_socket permissive=1
01-01 00:00:11.048  1000   270   270 I HidlServiceManagement: Registered android.hardware.graphics.composer@2.4::IComposer/default
01-01 00:00:11.043  1000   277   277 I android.hardwar: type=1400 audit(0.0:15): avc: denied { read } for name="devices" dev="sysfs" ino=10457 scontext=u:r:hal_sensors_default:s0 tcontext=u:object_r:sysfs:s0 tclass=dir permissive=1
01-01 00:00:11.049  1000   270   270 I HidlServiceManagement: Removing namespace from process name android.hardware.graphics.composer@2.4-service to composer@2.4-service.
01-01 00:00:11.043  1000   277   277 I android.hardwar: type=1400 audit(0.0:16): avc: denied { open } for path="/sys/bus/iio/devices" dev="sysfs" ino=10457 scontext=u:r:hal_sensors_default:s0 tcontext=u:object_r:sysfs:s0 tclass=dir permissive=1
01-01 00:00:11.047  1000   270   270 I android.hardwar: type=1400 audit(0.0:17): avc: denied { read } for path="socket:[21366]" dev="sockfs" ino=21366 scontext=u:r:hal_graphics_composer_default:s0 tcontext=u:r:hal_graphics_composer_default:s0 tclass=netlink_kobject_uevent_socket permissive=1
01-01 00:00:11.067  1000   277   277 I android.hardwar: type=1400 audit(0.0:18): avc: denied { read } for name="name" dev="sysfs" ino=22990 scontext=u:r:hal_sensors_default:s0 tcontext=u:object_r:sysfs:s0 tclass=file permissive=1
01-01 00:00:11.067  1000   277   277 I android.hardwar: type=1400 audit(0.0:19): avc: denied { open } for path="/sys/devices/platform/soc/fe204000.spi/spi_master/spi0/spi0.0/iio:device1/name" dev="sysfs" ino=22990 scontext=u:r:hal_sensors_default:s0 tcontext=u:object_r:sysfs:s0 tclass=file permissive=1
01-01 00:00:11.067  1000   277   277 I android.hardwar: type=1400 audit(0.0:20): avc: denied { getattr } for path="/sys/devices/platform/soc/fe204000.spi/spi_master/spi0/spi0.0/iio:device1/name" dev="sysfs" ino=22990 scontext=u:r:hal_sensors_default:s0 tcontext=u:object_r:sysfs:s0 tclass=file permissive=1
01-01 00:00:11.098  1000   304   304 I bootstat: Service started: /system/bin/bootstat --set_system_boot_reason 
01-01 00:00:11.099  1000   304   304 I bootstat: Canonical boot reason: reboot,shell
01-01 00:00:11.099  1000   304   304 I bootstat: Canonical boot reason: reboot,shell
01-01 00:00:11.130  1003   171   194 W ServiceManager: Waited one second for SurfaceFlingerAIDL (is service started? are binder threads started and available?)
01-01 00:00:11.131  1000   155   155 I servicemanager: Since 'SurfaceFlingerAIDL' could not be found, trying to start it as a lazy AIDL service
01-01 00:00:11.159  root   253   253 I resolv  : resolv_init: Initializing resolver
01-01 00:00:11.188  9999   308   308 I perfetto:           probes.cc:104 Starting /system/bin/traced_probes service
01-01 00:00:11.190  1000   277   277 D android.hardware.sensors@aidl-service.multihal.bosch: AddSensor[1] SMI230 BOSCH Accelerometer Sensor
01-01 00:00:11.192  1000   277   277 D android.hardware.sensors@aidl-service.multihal.bosch: AddSensor[2] SMI230 BOSCH Gyroscope Sensor
01-01 00:00:11.193  1000   277   277 D android.hardware.sensors@aidl-service.multihal.bosch: AddSensor[3] SMI230 BOSCH Accelerometer Uncalibrated Sensor
01-01 00:00:11.194  1000   277   277 D android.hardware.sensors@aidl-service.multihal.bosch: AddSensor[4] SMI230 BOSCH Gyroscope Uncalibrated Sensor
01-01 00:00:11.195  1000   277   277 D android.hardware.sensors@aidl-service.multihal.bosch: AddSensor[5] SMI230 BOSCH Gravity Sensor
01-01 00:00:11.196  1000   277   277 D android.hardware.sensors@aidl-service.multihal.bosch: AddSensor[6] SMI230 BOSCH Linear Accelerometer Sensor
01-01 00:00:11.197  1000   155   155 I servicemanager: Found android.hardware.sensors.ISensors/default in device VINTF manifest.
01-01 00:00:11.229  9999   308   340 I perfetto: _activity_trigger.cc:71 mm_events ftrace instance not found. Triggering of traces on memory pressure will not be available on this device.
01-01 00:00:11.344  1000   304   304 E bootstat: Failed to read /metadata/bootstat/persist.sys.boot.reason: No such file or directory
01-01 00:00:11.344  1000   304   304 I bootstat: Value of persist.sys.boot.reason : reboot,shell
01-01 00:00:11.344  1000   304   304 I bootstat: Normalized last reboot reason : reboot,shell
01-01 00:00:11.345  9999   309   309 W perfetto:          service.cc:237 Started traced, listening on /dev/socket/traced_producer /dev/socket/traced_consumer
01-01 00:00:11.390  9999   308   308 I perfetto:  probes_producer.cc:311 Connected to the service
01-01 00:00:11.418  1000   311   311 I idmap2d : Starting
01-01 00:00:11.479  1000   155   155 I servicemanager: Found android.hardware.health.IHealth/default in device VINTF manifest.
01-01 00:00:11.481  root   325   325 I ServiceManager: Waiting for service 'package_native' on '/dev/binder'...
01-01 00:00:11.485 shell   303   303 I adbd    : persist.adb.watchdog set to ''
01-01 00:00:11.486 shell   303   303 I adbd    : persist.sys.test_harness set to ''
01-01 00:00:11.487 shell   303   303 I adbd    : adb watchdog timeout set to 600 seconds
01-01 00:00:11.487 shell   303   356 I adbd    : Waiting for persist.adb.tls_server.enable=1
01-01 00:00:11.488 shell   303   358 I adbd    : opening control endpoint /dev/usb-ffs/adb/ep0
01-01 00:00:11.488 shell   303   303 I adbd    : Setup mdns on port= 5555
01-01 00:00:11.488 shell   303   303 I adbd    : adbd listening on tcp:5555
01-01 00:00:11.489 shell   303   303 I adbd    : adbd listening on vsock:5555
01-01 00:00:11.489 shell   303   303 I adbd    : adbd started
01-01 00:00:11.490  root     0     0 I         : read descriptors
01-01 00:00:11.493  root     0     0 I         : read strings
01-01 00:00:11.553  1000   304   304 E bootstat: Failed to unlink /metadata/bootstat/persist.sys.boot.reason: No such file or directory
01-01 00:00:11.554 shell   303   358 I adbd    : UsbFfsConnection constructed
01-01 00:00:11.556  1000   156   156 I hwservicemanager: getTransport: Cannot find entry android.hardware.atrace@1.0::IAtraceDevice/default in either framework or device VINTF manifest.
01-01 00:00:11.557 shell   303   364 I adbd    : UsbFfs-monitor thread spawned
01-01 00:00:11.607  1000   155   330 W libc    : Unable to set property "ctl.interface_start" to "aidl/SurfaceFlingerAIDL": error code: 0x20
01-01 00:00:11.607  1000   155   330 I servicemanager: Tried to start aidl service SurfaceFlingerAIDL as a lazy service, but was unable to. Usually this happens when a service is not installed, but if the service is intended to be used as a lazy service, then it may be configured incorrectly.
01-01 00:00:11.616  1000   155   155 I servicemanager: Could not find android.hardware.net.nlinterceptor.IInterceptor/default in the VINTF manifest.
01-01 00:00:11.682  1000   370   370 I flags_health_check: ServerConfigurableFlagsReset reset_mode value: 0
01-01 00:00:11.682  1000   370   370 I flags_health_check: ServerConfigurableFlagsReset attempted boot count is under threshold, skipping reset.
01-01 00:00:11.735  1000   155   155 I servicemanager: Found android.hardware.automotive.evs.IEvsEnumerator/hw/1 in device VINTF manifest.
01-01 00:00:11.735  1062   173   183 I evsmanagerd: Failed to connect to AIDL EVS HAL implementation.  Trying to connect to HIDL EVS HAL implementation instead.
01-01 00:00:11.736  1000   156   156 I hwservicemanager: getTransport: Cannot find entry android.hardware.automotive.evs@1.1::IEvsEnumerator/hw/1 in either framework or device VINTF manifest.
01-01 00:00:11.736  1062   173   183 I evsmanagerd: No EVS HAL implementation is available.  Retrying after 1000 ms
01-01 00:00:11.768  1000   156   156 I hwservicemanager: getTransport: Cannot find entry android.hardware.usb.gadget@1.0::IUsbGadget/default in either framework or device VINTF manifest.
01-01 00:00:11.769  root   367   367 I usbd    : Usb HAL not found
01-01 00:00:11.808 media   323   323 V MediaUtils: physMem: 3967119360
01-01 00:00:11.808 media   323   323 V MediaUtils: requested limit: 134217728
01-01 00:00:11.809 media   323   323 I libc    : malloc_limit: Allocation limit enabled, max size 134217728 bytes
01-01 00:00:11.848 media   323   323 D AudioPowerUsage: AudioPowerUsage
01-01 00:00:11.849 media   323   323 D AudioAnalytics: AudioAnalytics
01-01 00:00:11.849 media   323   323 D MediaMetricsService: MediaMetricsService
01-01 00:00:11.851  1047   265   265 I android.hardware.camera.provider@2.5-service: CameraProvider@2.5 legacy service is starting.
01-01 00:00:11.918 shell   303   364 I adbd    : USB event: FUNCTIONFS_BIND
01-01 00:00:11.926  1000   366   366 I gatekeeperd: Starting gatekeeperd...
01-01 00:00:11.923  1000   270   270 I composer@2.4-se: type=1400 audit(0.0:21): avc: denied { read } for path="socket:[21366]" dev="sockfs" ino=21366 scontext=u:r:hal_graphics_composer_default:s0 tcontext=u:r:hal_graphics_composer_default:s0 tclass=netlink_kobject_uevent_socket permissive=1
01-01 00:00:11.953  1062   172   172 W HidlServiceManagement: Waited one second for android.hardware.automotive.evs@1.1::IEvsEnumerator/default
01-01 00:00:11.920  root     0     0 I dwc2 fe980000.usb: bound driver configfs-gadget
01-01 00:00:11.954  1000   156   156 I hwservicemanager: Since android.hardware.automotive.evs@1.1::IEvsEnumerator/default is not registered, trying to start it as a lazy HAL.
01-01 00:00:11.954  1062   172   172 I HidlServiceManagement: getService: Trying again for android.hardware.automotive.evs@1.1::IEvsEnumerator/default...
01-01 00:00:11.957  1000   156   374 W libc    : Unable to set property "ctl.interface_start" to "android.hardware.automotive.evs@1.1::IEvsEnumerator/default": error code: 0x20
01-01 00:00:11.958  1000   156   374 I hwservicemanager: Tried to start android.hardware.automotive.evs@1.1::IEvsEnumerator/default as a lazy service, but was unable to. Usually this happens when a service is not installed, but if the service is intended to be used as a lazy service, then it may be configured incorrectly.
01-01 00:00:12.132  1003   171   194 W ServiceManager: Waited one second for SurfaceFlingerAIDL (is service started? are binder threads started and available?)
01-01 00:00:12.132  1000   155   155 I servicemanager: Since 'SurfaceFlingerAIDL' could not be found, trying to start it as a lazy AIDL service
01-01 00:00:12.136  1000   155   375 W libc    : Unable to set property "ctl.interface_start" to "aidl/SurfaceFlingerAIDL": error code: 0x20
01-01 00:00:12.136  1000   155   375 I servicemanager: Tried to start aidl service SurfaceFlingerAIDL as a lazy service, but was unable to. Usually this happens when a service is not installed, but if the service is intended to be used as a lazy service, then it may be configured incorrectly.
01-01 00:00:12.304  1041   258   258 I HidlServiceManagement: Registered android.hardware.audio@7.1::IDevicesFactory/default
01-01 00:00:12.305  1041   258   258 I HidlServiceManagement: Removing namespace from process name android.hardware.audio.service to audio.service.
01-01 00:00:12.306  1041   258   258 I LegacySupport: Registration complete for android.hardware.audio@7.1::IDevicesFactory/default.
01-01 00:00:12.362  1047   264   264 I android.hardware.camera.provider@2.5-external-service: CameraProvider@2.5 external webcam service is starting.
01-01 00:00:12.383  1047   264   264 I ExtCamUtils@3.4: loadFromCfg: load external camera config succeed!
01-01 00:00:12.383  1047   264   264 I ExtCamUtils@3.4: loadFromCfg: device 10 will be ignored by external camera provider
01-01 00:00:12.383  1047   264   264 I ExtCamUtils@3.4: loadFromCfg: device 11 will be ignored by external camera provider
01-01 00:00:12.383  1047   264   264 I ExtCamUtils@3.4: loadFromCfg: device 12 will be ignored by external camera provider
01-01 00:00:12.384  1047   264   264 I ExtCamUtils@3.4: loadFromCfg: device 13 will be ignored by external camera provider
01-01 00:00:12.384  1047   264   264 I ExtCamUtils@3.4: loadFromCfg: device 14 will be ignored by external camera provider
01-01 00:00:12.384  1047   264   264 I ExtCamUtils@3.4: loadFromCfg: device 15 will be ignored by external camera provider
01-01 00:00:12.384  1047   264   264 I ExtCamUtils@3.4: loadFromCfg: device 16 will be ignored by external camera provider
01-01 00:00:12.384  1047   264   264 I ExtCamUtils@3.4: loadFromCfg: device 18 will be ignored by external camera provider
01-01 00:00:12.384  1047   264   264 I ExtCamUtils@3.4: loadFromCfg: device 19 will be ignored by external camera provider
01-01 00:00:12.384  1047   264   264 I ExtCamUtils@3.4: loadFromCfg: device 20 will be ignored by external camera provider
01-01 00:00:12.384  1047   264   264 I ExtCamUtils@3.4: loadFromCfg: device 21 will be ignored by external camera provider
01-01 00:00:12.384  1047   264   264 I ExtCamUtils@3.4: loadFromCfg: device 22 will be ignored by external camera provider
01-01 00:00:12.384  1047   264   264 I ExtCamUtils@3.4: loadFromCfg: device 23 will be ignored by external camera provider
01-01 00:00:12.384  1047   264   264 I ExtCamUtils@3.4: loadFromCfg: device 31 will be ignored by external camera provider
01-01 00:00:12.384  1047   264   264 I ExtCamUtils@3.4: loadFromCfg: depth output is not enabled
01-01 00:00:12.384  1047   264   264 I ExtCamUtils@3.4: loadFromCfg: no minimum stream size specified
01-01 00:00:12.385  1047   264   264 I ExtCamUtils@3.4: loadFromCfg: no sensor orientation specified
01-01 00:00:12.385  1047   264   264 I ExtCamUtils@3.4: loadFromCfg: external camera cfg loaded: maxJpgBufSize 3145728, num video buffers 4, num still buffers 2, orientation 0
01-01 00:00:12.385  1047   264   264 I ExtCamUtils@3.4: loadFromCfg: fpsLimitList: 640x480@30.000000
01-01 00:00:12.385  1047   264   264 I ExtCamUtils@3.4: loadFromCfg: fpsLimitList: 1280x720@15.000000
01-01 00:00:12.385  1047   264   264 I ExtCamUtils@3.4: loadFromCfg: fpsLimitList: 1920x1080@10.000000
01-01 00:00:12.385  1047   264   264 I ExtCamUtils@3.4: loadFromCfg: minStreamSize: 0x0
01-01 00:00:12.389  1047   264   378 I CamPrvdr@2.4-external: threadLoop start monitoring new V4L2 devices
01-01 00:00:12.392  1047   264   264 I HidlServiceManagement: Registered android.hardware.camera.provider@2.5::ICameraProvider/external/0
01-01 00:00:12.392  1047   264   264 I HidlServiceManagement: Removing namespace from process name android.hardware.camera.provider@2.5-external-service to provider@2.5-external-service.
01-01 00:00:12.446  1000   156   156 I hwservicemanager: getTransport: Cannot find entry android.hardware.configstore@1.0::ISurfaceFlingerConfigs/default in either framework or device VINTF manifest.
01-01 00:00:12.464  wifi   281   281 I HidlServiceManagement: Removing namespace from process name android.hardware.wifi@1.0-service to wifi@1.0-service.
01-01 00:00:12.525  1000   286   286 I SurfaceFlinger: Using HWComposer service: default
01-01 00:00:12.525  1000   286   286 I SurfaceFlinger: SurfaceFlinger is starting
01-01 00:00:12.526  1000   286   286 I SurfaceFlinger: Disabling blur effects, they are not supported.
01-01 00:00:12.526  1047   265   265 W libcamera:  WARN IPAManager ipa_manager.cpp:114 Public key not valid
01-01 00:00:12.530  1000   286   286 I SurfaceFlinger: SurfaceFlinger's main thread ready to run. Initializing graphics H/W...
01-01 00:00:12.530  1000   286   286 E SurfaceFlinger: Unrecognized RenderEngineType ; ignoring!
01-01 00:00:12.530  1000   286   286 D RenderEngine: Threaded RenderEngine with SkiaGL Backend
01-01 00:00:12.583  1047   265   385 E libcamera: ERROR MediaDevice media_device.cpp:483 /dev/media0[]: Failed to open media device at /dev/media0: Permission denied
01-01 00:00:12.584  1047   265   385 E libcamera: ERROR MediaDevice media_device.cpp:483 /dev/media1[]: Failed to open media device at /dev/media1: Permission denied
01-01 00:00:12.601  1047   265   265 I CamPrvdr@2.4-legacy: Loaded "libcamera camera HALv3 module" camera module
01-01 00:00:12.579  1047   265   265 I android.hardwar: type=1400 audit(0.0:22): avc: denied { read } for name="devices" dev="sysfs" ino=10409 scontext=u:r:hal_camera_default:s0 tcontext=u:object_r:sysfs:s0 tclass=dir permissive=1
01-01 00:00:12.601  1047   265   265 I CamPrvdr@2.4-legacy: setUpVendorTags: No vendor tags defined for this device.
01-01 00:00:12.602  1047   265   265 I HidlServiceManagement: Registered android.hardware.camera.provider@2.5::ICameraProvider/legacy/0
01-01 00:00:12.603  1047   265   265 I HidlServiceManagement: Removing namespace from process name android.hardware.camera.provider@2.5-service_64 to provider@2.5-service_64.
01-01 00:00:12.632 shell   303   359 I adbd    : adbd mDNS service _adb._tcp registered: 1
01-01 00:00:12.667  1000   286   384 D libEGL  : loaded /vendor/lib64/egl/libEGL_mesa.so
01-01 00:00:12.579  1047   265   265 I android.hardwar: type=1400 audit(0.0:23): avc: denied { open } for path="/sys/bus/media/devices" dev="sysfs" ino=10409 scontext=u:r:hal_camera_default:s0 tcontext=u:object_r:sysfs:s0 tclass=dir permissive=1
01-01 00:00:12.579  1047   265   265 I android.hardwar: type=1400 audit(0.0:24): avc: denied { getattr } for path="/dev/media2" dev="tmpfs" ino=316 scontext=u:r:hal_camera_default:s0 tcontext=u:object_r:device:s0 tclass=chr_file permissive=1
01-01 00:00:12.579  1047   265   265 I android.hardwar: type=1400 audit(0.0:25): avc: denied { read write } for name="media2" dev="tmpfs" ino=316 scontext=u:r:hal_camera_default:s0 tcontext=u:object_r:device:s0 tclass=chr_file permissive=1
01-01 00:00:12.750  1041   258   258 I HidlServiceManagement: Registered android.hardware.audio.effect@7.0::IEffectsFactory/default
01-01 00:00:12.579  1047   265   265 I android.hardwar: type=1400 audit(0.0:26): avc: denied { open } for path="/dev/media2" dev="tmpfs" ino=316 scontext=u:r:hal_camera_default:s0 tcontext=u:object_r:device:s0 tclass=chr_file permissive=1
01-01 00:00:12.750  1041   258   258 I LegacySupport: Registration complete for android.hardware.audio.effect@7.0::IEffectsFactory/default.
01-01 00:00:12.750  1000   156   156 I hwservicemanager: getTransport: Cannot find entry android.hardware.soundtrigger@2.3::ISoundTriggerHw/default in either framework or device VINTF manifest.
01-01 00:00:12.751  1000   155   155 I servicemanager: Found android.hardware.automotive.evs.IEvsEnumerator/hw/1 in device VINTF manifest.
01-01 00:00:12.751  1000   286   384 D libEGL  : loaded /vendor/lib64/egl/libGLESv1_CM_mesa.so
01-01 00:00:12.751  1062   173   183 I evsmanagerd: Failed to connect to AIDL EVS HAL implementation.  Trying to connect to HIDL EVS HAL implementation instead.
01-01 00:00:12.751  1000   156   156 I hwservicemanager: getTransport: Cannot find entry android.hardware.automotive.evs@1.1::IEvsEnumerator/hw/1 in either framework or device VINTF manifest.
01-01 00:00:12.751  1062   173   183 I evsmanagerd: No EVS HAL implementation is available.  Retrying after 1000 ms
01-01 00:00:12.579  1047   265   265 I android.hardwar: type=1400 audit(0.0:27): avc: denied { ioctl } for path="/dev/media2" dev="tmpfs" ino=316 ioctlcmd=0x7c00 scontext=u:r:hal_camera_default:s0 tcontext=u:object_r:device:s0 tclass=chr_file permissive=1
01-01 00:00:12.774  1041   258   258 E LegacySupport: Could not get passthrough implementation for android.hardware.soundtrigger@2.3::ISoundTriggerHw/default.
01-01 00:00:12.775  1000   156   156 I hwservicemanager: getTransport: Cannot find entry android.hardware.soundtrigger@2.2::ISoundTriggerHw/default in either framework or device VINTF manifest.
01-01 00:00:12.775  1041   258   258 E LegacySupport: Could not get passthrough implementation for android.hardware.soundtrigger@2.2::ISoundTriggerHw/default.
01-01 00:00:12.776  1000   156   156 I hwservicemanager: getTransport: Cannot find entry android.hardware.soundtrigger@2.1::ISoundTriggerHw/default in either framework or device VINTF manifest.
01-01 00:00:12.776  1041   258   258 E LegacySupport: Could not get passthrough implementation for android.hardware.soundtrigger@2.1::ISoundTriggerHw/default.
01-01 00:00:12.776  1000   156   156 I hwservicemanager: getTransport: Cannot find entry android.hardware.soundtrigger@2.0::ISoundTriggerHw/default in either framework or device VINTF manifest.
01-01 00:00:12.777  1041   258   258 E LegacySupport: Could not get passthrough implementation for android.hardware.soundtrigger@2.0::ISoundTriggerHw/default.
01-01 00:00:12.777  1041   258   258 W audiohalservice: Could not register Soundtrigger API
01-01 00:00:12.777  1000   156   156 I hwservicemanager: getTransport: Cannot find entry android.hardware.bluetooth.audio@2.2::IBluetoothAudioProvidersFactory/default in either framework or device VINTF manifest.
01-01 00:00:12.778  1041   258   258 E LegacySupport: Could not get passthrough implementation for android.hardware.bluetooth.audio@2.2::IBluetoothAudioProvidersFactory/default.
01-01 00:00:12.778  1000   156   156 I hwservicemanager: getTransport: Cannot find entry android.hardware.bluetooth.audio@2.1::IBluetoothAudioProvidersFactory/default in either framework or device VINTF manifest.
01-01 00:00:12.779  1041   258   258 E LegacySupport: Could not get passthrough implementation for android.hardware.bluetooth.audio@2.1::IBluetoothAudioProvidersFactory/default.
01-01 00:00:12.779  1000   156   156 I hwservicemanager: getTransport: Cannot find entry android.hardware.bluetooth.audio@2.0::IBluetoothAudioProvidersFactory/default in either framework or device VINTF manifest.
01-01 00:00:12.779  1041   258   258 E LegacySupport: Could not get passthrough implementation for android.hardware.bluetooth.audio@2.0::IBluetoothAudioProvidersFactory/default.
01-01 00:00:12.779  1041   258   258 W audiohalservice: Could not register Bluetooth Audio API
01-01 00:00:12.780  1000   156   156 I hwservicemanager: getTransport: Cannot find entry android.hardware.bluetooth.a2dp@1.0::IBluetoothAudioOffload/default in either framework or device VINTF manifest.
01-01 00:00:12.780  1041   258   258 E LegacySupport: Could not get passthrough implementation for android.hardware.bluetooth.a2dp@1.0::IBluetoothAudioOffload/default.
01-01 00:00:12.780  1041   258   258 W audiohalservice: Could not register Bluetooth Audio Offload API
01-01 00:00:12.579  1047   265   265 I android.hardwar: type=1400 audit(0.0:28): avc: denied { read } for name="uevent" dev="sysfs" ino=21011 scontext=u:r:hal_camera_default:s0 tcontext=u:object_r:sysfs:s0 tclass=file permissive=1
01-01 00:00:12.579  1047   265   265 I android.hardwar: type=1400 audit(0.0:29): avc: denied { open } for path="/sys/devices/platform/soc/fe00b840.mailbox/bcm2835-isp/video4linux/video13/uevent" dev="sysfs" ino=21011 scontext=u:r:hal_camera_default:s0 tcontext=u:object_r:sysfs:s0 tclass=file permissive=1
01-01 00:00:12.849  1000   286   384 D libEGL  : loaded /vendor/lib64/egl/libGLESv2_mesa.so
01-01 00:00:12.579  1047   265   265 I android.hardwar: type=1400 audit(0.0:30): avc: denied { getattr } for path="/sys/devices/platform/soc/fe00b840.mailbox/bcm2835-isp/video4linux/video13/uevent" dev="sysfs" ino=21011 scontext=u:r:hal_camera_default:s0 tcontext=u:object_r:sysfs:s0 tclass=file permissive=1
01-01 00:00:12.899  1041   283   283 I FastMixerState: sMaxFastTracks = 8
01-01 00:00:12.937  1041   283   283 V MediaUtils: physMem: 3967119360
01-01 00:00:12.937  1041   283   283 V MediaUtils: requested limit: 536870912
01-01 00:00:12.937  1041   283   283 I libc    : malloc_limit: Allocation limit enabled, max size 536870912 bytes
01-01 00:00:12.939  1041   283   283 I audioserver: ServiceManager: 0xb4000073874097f0
01-01 00:00:12.955  1062   172   172 W HidlServiceManagement: Waited one second for android.hardware.automotive.evs@1.1::IEvsEnumerator/default
01-01 00:00:12.955  1000   156   156 I hwservicemanager: Since android.hardware.automotive.evs@1.1::IEvsEnumerator/default is not registered, trying to start it as a lazy HAL.
01-01 00:00:12.955  1062   172   172 I HidlServiceManagement: getService: Trying again for android.hardware.automotive.evs@1.1::IEvsEnumerator/default...
01-01 00:00:12.957  1000   156   388 W libc    : Unable to set property "ctl.interface_start" to "android.hardware.automotive.evs@1.1::IEvsEnumerator/default": error code: 0x20
01-01 00:00:12.957  1000   156   388 I hwservicemanager: Tried to start android.hardware.automotive.evs@1.1::IEvsEnumerator/default as a lazy service, but was unable to. Usually this happens when a service is not installed, but if the service is intended to be used as a lazy service, then it may be configured incorrectly.
01-01 00:00:12.960  1041   283   283 W BatteryNotifier: batterystats service unavailable!
01-01 00:00:12.962  1000   156   156 I hwservicemanager: getTransport: Cannot find entry android.hardware.audio.effect@7.1::IEffectsFactory/default in either framework or device VINTF manifest.
01-01 00:00:12.983  1000   286   384 I DMABUFHEAPS: Using : Non-legacy ION heaps
01-01 00:00:12.984  1000   286   384 I MESA    : Using IMapper v4 API
01-01 00:00:13.058  1046   365   365 I mediaswcodec: media swcodec service starting
01-01 00:00:13.133  1003   171   194 W ServiceManager: Waited one second for SurfaceFlingerAIDL (is service started? are binder threads started and available?)
01-01 00:00:13.134  1000   155   155 I servicemanager: Since 'SurfaceFlingerAIDL' could not be found, trying to start it as a lazy AIDL service
01-01 00:00:13.134 media   276   276 W android.hardware.media.c2@1.2-service-ffmpeg: Could not read additional policy file '/vendor/etc/seccomp_policy/android.hardware.media.c2@1.2-ffmpeg-extended.policy'
01-01 00:00:13.135  1046   365   365 W mediaswcodec: libminijail[365]: failed to get path of fd 4: No such file or directory
01-01 00:00:13.135 media   276   276 W android.hardware.media.c2@1.2-service-ffmpeg: libminijail[276]: failed to get path of fd 4: No such file or directory
01-01 00:00:13.136  1046   365   365 W mediaswcodec: libminijail[365]: allowing syscall: connect
01-01 00:00:13.136  1046   365   365 W mediaswcodec: libminijail[365]: allowing syscall: fcntl
01-01 00:00:13.136  1046   365   365 W mediaswcodec: libminijail[365]: allowing syscall: sendto
01-01 00:00:13.136  1046   365   365 W mediaswcodec: libminijail[365]: allowing syscall: socket
01-01 00:00:13.136 media   276   276 W android.hardware.media.c2@1.2-service-ffmpeg: libminijail[276]: allowing syscall: connect
01-01 00:00:13.136  1046   365   365 W mediaswcodec: libminijail[365]: allowing syscall: writev
01-01 00:00:13.136 media   276   276 W android.hardware.media.c2@1.2-service-ffmpeg: libminijail[276]: allowing syscall: fcntl
01-01 00:00:13.136 media   276   276 W android.hardware.media.c2@1.2-service-ffmpeg: libminijail[276]: allowing syscall: sendto
01-01 00:00:13.137  1000   155   390 W libc    : Unable to set property "ctl.interface_start" to "aidl/SurfaceFlingerAIDL": error code: 0x20
01-01 00:00:13.137  1000   155   390 I servicemanager: Tried to start aidl service SurfaceFlingerAIDL as a lazy service, but was unable to. Usually this happens when a service is not installed, but if the service is intended to be used as a lazy service, then it may be configured incorrectly.
01-01 00:00:13.137  1046   365   365 W mediaswcodec: libminijail[365]: compile_file: <fd>(75): syscall munmap redefined here
01-01 00:00:13.137 media   276   276 W android.hardware.media.c2@1.2-service-ffmpeg: libminijail[276]: allowing syscall: socket
01-01 00:00:13.137  1046   365   365 W mediaswcodec: libminijail[365]: compile_file: <fd>(39): previous definition here
01-01 00:00:13.137 media   276   276 W android.hardware.media.c2@1.2-service-ffmpeg: libminijail[276]: allowing syscall: writev
01-01 00:00:13.139 media   276   276 W android.hardware.media.c2@1.2-service-ffmpeg: libminijail[276]: compile_file: <fd>(75): syscall munmap redefined here
01-01 00:00:13.139 media   276   276 W android.hardware.media.c2@1.2-service-ffmpeg: libminijail[276]: compile_file: <fd>(39): previous definition here
01-01 00:00:13.140 media   276   276 W android.hardware.media.c2@1.2-service-ffmpeg: libminijail[276]: logging seccomp filter failures
01-01 00:00:13.158  1046   365   365 W mediaswcodec: libminijail[365]: compile_file: <fd>(97): syscall sysinfo redefined here
01-01 00:00:13.158  1046   365   365 W mediaswcodec: libminijail[365]: compile_file: <fd>(81): previous definition here
01-01 00:00:13.158  1046   365   365 W mediaswcodec: libminijail[365]: logging seccomp filter failures
01-01 00:00:13.159  1046   365   365 I CodecServiceRegistrant: Creating software Codec2 service...
01-01 00:00:13.211 media   276   276 I HidlServiceManagement: Registered android.hardware.media.c2@1.2::IComponentStore/ffmpeg
01-01 00:00:13.211 media   276   276 I HidlServiceManagement: Removing namespace from process name android.hardware.media.c2@1.2-service-ffmpeg to c2@1.2-service-ffmpeg.
01-01 00:00:13.214  1046   365   365 I HidlServiceManagement: Registered android.hardware.media.c2@1.2::IComponentStore/software
01-01 00:00:13.215  1000   156   156 I hwservicemanager: getTransport: Cannot find entry android.hardware.media.c2@1.0::IComponentStore/default in either framework or device VINTF manifest.
01-01 00:00:13.216  1046   365   365 I CodecServiceRegistrant: Preferred Codec2 store is defaulted to "software".
01-01 00:00:13.216  1046   365   365 I CodecServiceRegistrant: Software Codec2 service created and registered.
01-01 00:00:13.233  1000   286   384 W EGL-MAIN: failed to get driver name for fd -1
01-01 00:00:13.234  1000   286   384 W EGL-MAIN: MESA-LOADER: failed to retrieve device information
01-01 00:00:13.234  1000   286   384 W EGL-MAIN: failed to get driver name for fd -1
01-01 00:00:13.352  1000   155   155 I servicemanager: Found android.hardware.bluetooth.audio.IBluetoothAudioProviderFactory/default in device VINTF manifest.
01-01 00:00:13.352  1041   258   258 I audiohalservice: createIBluetoothAudioProviderFactory() from android.hardware.bluetooth.audio-impl success
01-01 00:00:13.399  1040   322   322 I main_extractorservice: enable media.extractor memory limits
01-01 00:00:13.399  1040   322   322 V MediaUtils: physMem: 3967119360
01-01 00:00:13.400  1040   322   322 V MediaUtils: requested limit: 793423860
01-01 00:00:13.400  1040   322   322 I libc    : malloc_limit: Allocation limit enabled, max size 793423860 bytes
01-01 00:00:13.492  1040   322   322 W mediaextractor: Could not read additional policy file '/vendor/etc/seccomp_policy/mediaextractor.policy'
01-01 00:00:13.493  1040   322   322 W mediaextractor: libminijail[322]: failed to get path of fd 4: No such file or directory
01-01 00:00:13.493  1040   322   322 W mediaextractor: libminijail[322]: allowing syscall: connect
01-01 00:00:13.493  1040   322   322 W mediaextractor: libminijail[322]: allowing syscall: fcntl
01-01 00:00:13.493  1040   322   322 W mediaextractor: libminijail[322]: allowing syscall: sendto
01-01 00:00:13.493  1040   322   322 W mediaextractor: libminijail[322]: allowing syscall: socket
01-01 00:00:13.493  1040   322   322 W mediaextractor: libminijail[322]: allowing syscall: writev
01-01 00:00:13.493  1040   322   322 W mediaextractor: libminijail[322]: compile_file: <fd>(42): syscall readlinkat redefined here
01-01 00:00:13.493  1040   322   322 W mediaextractor: libminijail[322]: compile_file: <fd>(38): previous definition here
01-01 00:00:13.526  1040   322   322 W mediaextractor: libminijail[322]: compile_file: /apex/com.android.media/etc/seccomp_policy/crash_dump.arm64.policy(1): syscall read redefined here
01-01 00:00:13.526  1040   322   322 W mediaextractor: libminijail[322]: compile_file: <fd>(18): previous definition here
01-01 00:00:13.526  1040   322   322 W mediaextractor: libminijail[322]: compile_file: /apex/com.android.media/etc/seccomp_policy/crash_dump.arm64.policy(2): syscall write redefined here
01-01 00:00:13.526  1040   322   322 W mediaextractor: libminijail[322]: compile_file: <fd>(6): previous definition here
01-01 00:00:13.526  1040   322   322 W mediaextractor: libminijail[322]: compile_file: /apex/com.android.media/etc/seccomp_policy/crash_dump.arm64.policy(3): syscall exit redefined here
01-01 00:00:13.526  1040   322   322 W mediaextractor: libminijail[322]: compile_file: <fd>(27): previous definition here
01-01 00:00:13.526  1040   322   322 W mediaextractor: libminijail[322]: compile_file: /apex/com.android.media/etc/seccomp_policy/crash_dump.arm64.policy(4): syscall rt_sigreturn redefined here
01-01 00:00:13.526  1040   322   322 W mediaextractor: libminijail[322]: compile_file: <fd>(29): previous definition here
01-01 00:00:13.527  1040   322   322 W mediaextractor: libminijail[322]: compile_file: /apex/com.android.media/etc/seccomp_policy/crash_dump.arm64.policy(5): syscall exit_group redefined here
01-01 00:00:13.527  1040   322   322 W mediaextractor: libminijail[322]: compile_file: <fd>(28): previous definition here
01-01 00:00:13.527  1040   322   322 W mediaextractor: libminijail[322]: compile_file: /apex/com.android.media/etc/seccomp_policy/crash_dump.arm64.policy(8): syscall futex redefined here
01-01 00:00:13.527  1040   322   322 W mediaextractor: libminijail[322]: compile_file: <fd>(4): previous definition here
01-01 00:00:13.527  1040   322   322 W mediaextractor: libminijail[322]: compile_file: /apex/com.android.media/etc/seccomp_policy/crash_dump.arm64.policy(9): syscall getrandom redefined here
01-01 00:00:13.527  1040   322   322 W mediaextractor: libminijail[322]: compile_file: <fd>(32): previous definition here
01-01 00:00:13.527  1040   322   322 W mediaextractor: libminijail[322]: compile_file: /apex/com.android.media/etc/seccomp_policy/crash_dump.arm64.policy(14): syscall openat redefined here
01-01 00:00:13.527  1040   322   322 W mediaextractor: libminijail[322]: compile_file: <fd>(12): previous definition here
01-01 00:00:13.527  1040   322   322 W mediaextractor: libminijail[322]: compile_file: /apex/com.android.media/etc/seccomp_policy/crash_dump.arm64.policy(15): syscall dup redefined here
01-01 00:00:13.527  1040   322   322 W mediaextractor: libminijail[322]: compile_file: <fd>(9): previous definition here
01-01 00:00:13.527  1040   322   322 W mediaextractor: libminijail[322]: compile_file: /apex/com.android.media/etc/seccomp_policy/crash_dump.arm64.policy(16): syscall close redefined here
01-01 00:00:13.527  1040   322   322 W mediaextractor: libminijail[322]: compile_file: <fd>(8): previous definition here
01-01 00:00:13.527  1040   322   322 W mediaextractor: libminijail[322]: compile_file: /apex/com.android.media/etc/seccomp_policy/crash_dump.arm64.policy(17): syscall lseek redefined here
01-01 00:00:13.527  1040   322   322 W mediaextractor: libminijail[322]: compile_file: <fd>(23): previous definition here
01-01 00:00:13.527  1040   322   322 W mediaextractor: libminijail[322]: compile_file: /apex/com.android.media/etc/seccomp_policy/crash_dump.arm64.policy(18): syscall getdents64 redefined here
01-01 00:00:13.527  1040   322   322 W mediaextractor: libminijail[322]: compile_file: <fd>(41): previous definition here
01-01 00:00:13.528  1040   322   322 W mediaextractor: libminijail[322]: compile_file: /apex/com.android.media/etc/seccomp_policy/crash_dump.arm64.policy(19): syscall faccessat redefined here
01-01 00:00:13.528  1040   322   322 W mediaextractor: libminijail[322]: compile_file: <fd>(25): previous definition here
01-01 00:00:13.528  1040   322   322 W mediaextractor: libminijail[322]: compile_file: /apex/com.android.media/etc/seccomp_policy/crash_dump.arm64.policy(28): syscall prctl redefined here
01-01 00:00:13.528  1040   322   322 W mediaextractor: libminijail[322]: compile_file: <fd>(5): previous definition here
01-01 00:00:13.528  1040   322   322 W mediaextractor: libminijail[322]: compile_file: /apex/com.android.media/etc/seccomp_policy/crash_dump.arm64.policy(29): syscall madvise redefined here
01-01 00:00:13.528  1040   322   322 W mediaextractor: libminijail[322]: compile_file: <fd>(14): previous definition here
01-01 00:00:13.528  1040   322   322 W mediaextractor: libminijail[322]: compile_file: /apex/com.android.media/etc/seccomp_policy/crash_dump.arm64.policy(30): syscall mprotect redefined here
01-01 00:00:13.528  1040   322   322 W mediaextractor: libminijail[322]: compile_file: <fd>(13): previous definition here
01-01 00:00:13.528  1040   322   322 W mediaextractor: libminijail[322]: compile_file: /apex/com.android.media/etc/seccomp_policy/crash_dump.arm64.policy(31): syscall munmap redefined here
01-01 00:00:13.529  1040   322   322 W mediaextractor: libminijail[322]: compile_file: <fd>(11): previous definition here
01-01 00:00:13.529  1040   322   322 W mediaextractor: libminijail[322]: compile_file: /apex/com.android.media/etc/seccomp_policy/crash_dump.arm64.policy(32): syscall getuid redefined here
01-01 00:00:13.529  1040   322   322 W mediaextractor: libminijail[322]: compile_file: <fd>(15): previous definition here
01-01 00:00:13.529  1040   322   322 W mediaextractor: libminijail[322]: compile_file: /apex/com.android.media/etc/seccomp_policy/crash_dump.arm64.policy(33): syscall fstat redefined here
01-01 00:00:13.529  1040   322   322 W mediaextractor: libminijail[322]: compile_file: <fd>(16): previous definition here
01-01 00:00:13.529  1040   322   322 W mediaextractor: libminijail[322]: compile_file: /apex/com.android.media/etc/seccomp_policy/crash_dump.arm64.policy(34): syscall mmap redefined here
01-01 00:00:13.529  1040   322   322 W mediaextractor: libminijail[322]: compile_file: <fd>(10): previous definition here
01-01 00:00:13.529  1047   310   310 I cameraserver: ServiceManager: 0xb40000767591d4a0
01-01 00:00:13.529  1047   310   310 I CameraService: CameraService started (pid=310)
01-01 00:00:13.535  1046   363   363 I android.hardware.media.omx@1.0-service: mediacodecservice starting
01-01 00:00:13.541  1047   310   310 I CameraService: CameraService process starting
01-01 00:00:13.541  1047   310   310 W BatteryNotifier: batterystats service unavailable!
01-01 00:00:13.542  1047   310   310 W BatteryNotifier: batterystats service unavailable!
01-01 00:00:13.545  1047   310   310 I cameraserver: Connecting to new camera provider: external/0, isRemote? 1
01-01 00:00:13.546  1047   310   310 I CameraProviderManager: Camera provider external/0 ready with 0 camera devices
01-01 00:00:13.547  1047   310   310 I cameraserver: Connecting to new camera provider: legacy/0, isRemote? 1
01-01 00:00:13.548  1047   265   265 D CamPrvdr@2.5-legacy: notifyDeviceStateChange: New device state: 0x0
01-01 00:00:13.549  1047   310   310 I CameraProviderManager: Camera provider legacy/0 ready with 0 camera devices
01-01 00:00:13.551  1047   310   310 I cameraserver: Waiting for activity service
01-01 00:00:13.552  1040   322   322 W mediaextractor: libminijail[322]: logging seccomp filter failures
01-01 00:00:13.559  1047   310   397 W CameraProviderManager: addHidlProviderLocked: Camera provider HAL with name 'external/0' already registered
01-01 00:00:13.559  1047   310   397 W CameraProviderManager: addHidlProviderLocked: Camera provider HAL with name 'legacy/0' already registered
01-01 00:00:13.562  1000   156   156 I hwservicemanager: getTransport: Cannot find entry android.hardware.audio.effect@7.1::IEffectsFactory/default in either framework or device VINTF manifest.
01-01 00:00:13.559 media   273   273 I android.hardwar: type=1400 audit(0.0:31): avc: denied { read } for name="u:object_r:default_prop:s0" dev="tmpfs" ino=99 scontext=u:r:mediacodec:s0 tcontext=u:object_r:default_prop:s0 tclass=file permissive=1
01-01 00:00:13.564 media   273   273 D android.hardware.media.c2@1.0-service-v4l2: Service starting...
01-01 00:00:13.559 media   273   273 I android.hardwar: type=1400 audit(0.0:32): avc: denied { open } for path="/dev/__properties__/u:object_r:default_prop:s0" dev="tmpfs" ino=99 scontext=u:r:mediacodec:s0 tcontext=u:object_r:default_prop:s0 tclass=file permissive=1
01-01 00:00:13.563 media   273   273 I android.hardwar: type=1400 audit(0.0:33): avc: denied { getattr } for path="/dev/__properties__/u:object_r:default_prop:s0" dev="tmpfs" ino=99 scontext=u:r:mediacodec:s0 tcontext=u:object_r:default_prop:s0 tclass=file permissive=1
01-01 00:00:13.563 media   273   273 I android.hardwar: type=1400 audit(0.0:34): avc: denied { map } for path="/dev/__properties__/u:object_r:default_prop:s0" dev="tmpfs" ino=99 scontext=u:r:mediacodec:s0 tcontext=u:object_r:default_prop:s0 tclass=file permissive=1
01-01 00:00:13.583 media   323   373 I ServiceManager: Waiting for service 'package_native' on '/dev/binder'...
01-01 00:00:13.590  1046   363   363 W android.hardware.media.omx@1.0-service: libminijail[363]: failed to get path of fd 4: No such file or directory
