01-01 00:00:13.591  1046   363   363 W android.hardware.media.omx@1.0-service: libminijail[363]: allowing syscall: clock_gettime
01-01 00:00:13.591  1041   283   283 I AudioFlinger: Using default 3000 mSec as standby time.
01-01 00:00:13.591  1046   363   363 W android.hardware.media.omx@1.0-service: libminijail[363]: allowing syscall: connect
01-01 00:00:13.591  1046   363   363 W android.hardware.media.omx@1.0-service: libminijail[363]: allowing syscall: fcntl64
01-01 00:00:13.591  1046   363   363 W android.hardware.media.omx@1.0-service: libminijail[363]: allowing syscall: socket
01-01 00:00:13.591  1046   363   363 W android.hardware.media.omx@1.0-service: libminijail[363]: allowing syscall: writev
01-01 00:00:13.592  1046   363   363 W android.hardware.media.omx@1.0-service: libminijail[363]: compile_file: <fd>(59): syscall getrandom redefined here
01-01 00:00:13.592  1046   363   363 W android.hardware.media.omx@1.0-service: libminijail[363]: compile_file: <fd>(15): previous definition here
01-01 00:00:13.597 media   273   273 W android.hardware.media.c2@1.0-service-v4l2-32: libminijail[273]: failed to get path of fd 4: No such file or directory
01-01 00:00:13.598 media   273   273 W android.hardware.media.c2@1.0-service-v4l2-32: libminijail[273]: allowing syscall: clock_gettime
01-01 00:00:13.598 media   273   273 W android.hardware.media.c2@1.0-service-v4l2-32: libminijail[273]: allowing syscall: connect
01-01 00:00:13.598 media   273   273 W android.hardware.media.c2@1.0-service-v4l2-32: libminijail[273]: allowing syscall: fcntl64
01-01 00:00:13.598 media   273   273 W android.hardware.media.c2@1.0-service-v4l2-32: libminijail[273]: allowing syscall: socket
01-01 00:00:13.598 media   273   273 W android.hardware.media.c2@1.0-service-v4l2-32: libminijail[273]: allowing syscall: writev
01-01 00:00:13.599 media   273   273 W android.hardware.media.c2@1.0-service-v4l2-32: libminijail[273]: compile_file: <fd>(23): nonexistent syscall 'mmap'
01-01 00:00:13.599 media   273   273 W android.hardware.media.c2@1.0-service-v4l2-32: libminijail[273]: compile_file: <fd>(25): nonexistent syscall 'getrlimit'
01-01 00:00:13.599 media   273   273 W android.hardware.media.c2@1.0-service-v4l2-32: libminijail[273]: compile_file: <fd>(27): nonexistent syscall 'newfstatat'
01-01 00:00:13.600 media   273   273 W android.hardware.media.c2@1.0-service-v4l2-32: libminijail[273]: compile_file: <fd>(75): syscall munmap redefined here
01-01 00:00:13.600 media   273   273 W android.hardware.media.c2@1.0-service-v4l2-32: libminijail[273]: compile_file: <fd>(39): previous definition here
01-01 00:00:13.600 media   273   273 W android.hardware.media.c2@1.0-service-v4l2-32: libminijail[273]: compile_file: <fd>(93): syscall getdents64 redefined here
01-01 00:00:13.600 media   273   273 W android.hardware.media.c2@1.0-service-v4l2-32: libminijail[273]: compile_file: <fd>(52): previous definition here
01-01 00:00:13.600 media   273   273 W android.hardware.media.c2@1.0-service-v4l2-32: libminijail[273]: logging seccomp filter failures
01-01 00:00:13.601 media   273   273 D android.hardware.media.c2@1.0-service-v4l2: Instantiating Codec2's V4L2 IComponentStore service...
01-01 00:00:13.606  1046   363   363 W android.hardware.media.omx@1.0-service: libminijail[363]: compile_file: /system/etc/seccomp_policy/crash_dump.arm.policy(1): syscall read redefined here
01-01 00:00:13.606  1046   363   363 W android.hardware.media.omx@1.0-service: libminijail[363]: compile_file: <fd>(9): previous definition here
01-01 00:00:13.607  1046   363   363 W android.hardware.media.omx@1.0-service: libminijail[363]: compile_file: /system/etc/seccomp_policy/crash_dump.arm.policy(2): syscall write redefined here
01-01 00:00:13.607  1046   363   363 W android.hardware.media.omx@1.0-service: libminijail[363]: compile_file: <fd>(5): previous definition here
01-01 00:00:13.607  1046   363   363 W android.hardware.media.omx@1.0-service: libminijail[363]: compile_file: /system/etc/seccomp_policy/crash_dump.arm.policy(3): syscall exit redefined here
01-01 00:00:13.607  1046   363   363 W android.hardware.media.omx@1.0-service: libminijail[363]: compile_file: <fd>(40): previous definition here
01-01 00:00:13.607  1046   363   363 W android.hardware.media.omx@1.0-service: libminijail[363]: compile_file: /system/etc/seccomp_policy/crash_dump.arm.policy(4): syscall rt_sigreturn redefined here
01-01 00:00:13.607  1046   363   363 W android.hardware.media.omx@1.0-service: libminijail[363]: compile_file: <fd>(45): previous definition here
01-01 00:00:13.608  1046   363   363 W android.hardware.media.omx@1.0-service: libminijail[363]: compile_file: /system/etc/seccomp_policy/crash_dump.arm.policy(6): syscall exit_group redefined here
01-01 00:00:13.608  1046   363   363 W android.hardware.media.omx@1.0-service: libminijail[363]: compile_file: <fd>(44): previous definition here
01-01 00:00:13.608  1046   363   363 W android.hardware.media.omx@1.0-service: libminijail[363]: compile_file: /system/etc/seccomp_policy/crash_dump.arm.policy(7): syscall clock_gettime redefined here
01-01 00:00:13.608  1046   363   363 W android.hardware.media.omx@1.0-service: libminijail[363]: compile_file: <fd>(7): previous definition here
01-01 00:00:13.609  1046   363   363 W android.hardware.media.omx@1.0-service: libminijail[363]: compile_file: /system/etc/seccomp_policy/crash_dump.arm.policy(8): syscall gettimeofday redefined here
01-01 00:00:13.609  1046   363   363 W android.hardware.media.omx@1.0-service: libminijail[363]: compile_file: <fd>(47): previous definition here
01-01 00:00:13.609  1046   363   363 W android.hardware.media.omx@1.0-service: libminijail[363]: compile_file: /system/etc/seccomp_policy/crash_dump.arm.policy(9): syscall futex redefined here
01-01 00:00:13.609  1046   363   363 W android.hardware.media.omx@1.0-service: libminijail[363]: compile_file: <fd>(3): previous definition here
01-01 00:00:13.609  1046   363   363 W android.hardware.media.omx@1.0-service: libminijail[363]: compile_file: /system/etc/seccomp_policy/crash_dump.arm.policy(10): syscall getrandom redefined here
01-01 00:00:13.609  1046   363   363 W android.hardware.media.omx@1.0-service: libminijail[363]: compile_file: <fd>(15): previous definition here
01-01 00:00:13.609  1046   363   363 W android.hardware.media.omx@1.0-service: libminijail[363]: compile_file: /system/etc/seccomp_policy/crash_dump.arm.policy(13): syscall ppoll redefined here
01-01 00:00:13.609  1046   363   363 W android.hardware.media.omx@1.0-service: libminijail[363]: compile_file: <fd>(13): previous definition here
01-01 00:00:13.610  1046   363   363 W android.hardware.media.omx@1.0-service: libminijail[363]: compile_file: /system/etc/seccomp_policy/crash_dump.arm.policy(14): syscall pipe2 redefined here
01-01 00:00:13.610  1046   363   363 W android.hardware.media.omx@1.0-service: libminijail[363]: compile_file: <fd>(46): previous definition here
01-01 00:00:13.610  1046   363   363 W android.hardware.media.omx@1.0-service: libminijail[363]: compile_file: /system/etc/seccomp_policy/crash_dump.arm.policy(15): syscall openat redefined here
01-01 00:00:13.610  1046   363   363 W android.hardware.media.omx@1.0-service: libminijail[363]: compile_file: <fd>(30): previous definition here
01-01 00:00:13.610  1046   363   363 W android.hardware.media.omx@1.0-service: libminijail[363]: compile_file: /system/etc/seccomp_policy/crash_dump.arm.policy(16): syscall dup redefined here
01-01 00:00:13.610  1046   363   363 W android.hardware.media.omx@1.0-service: libminijail[363]: compile_file: <fd>(12): previous definition here
01-01 00:00:13.610  1046   363   363 W android.hardware.media.omx@1.0-service: libminijail[363]: compile_file: /system/etc/seccomp_policy/crash_dump.arm.policy(17): syscall close redefined here
01-01 00:00:13.610  1046   363   363 W android.hardware.media.omx@1.0-service: libminijail[363]: compile_file: <fd>(10): previous definition here
01-01 00:00:13.610  1046   363   363 W android.hardware.media.omx@1.0-service: libminijail[363]: compile_file: /system/etc/seccomp_policy/crash_dump.arm.policy(18): syscall lseek redefined here
01-01 00:00:13.611  1046   363   363 W android.hardware.media.omx@1.0-service: libminijail[363]: compile_file: <fd>(50): previous definition here
01-01 00:00:13.611  1046   363   363 W android.hardware.media.omx@1.0-service: libminijail[363]: compile_file: /system/etc/seccomp_policy/crash_dump.arm.policy(19): syscall getdents64 redefined here
01-01 00:00:13.611  1046   363   363 W android.hardware.media.omx@1.0-service: libminijail[363]: compile_file: <fd>(58): previous definition here
01-01 00:00:13.611  1046   363   363 W android.hardware.media.omx@1.0-service: libminijail[363]: compile_file: /system/etc/seccomp_policy/crash_dump.arm.policy(20): syscall faccessat redefined here
01-01 00:00:13.611  1046   363   363 W android.hardware.media.omx@1.0-service: libminijail[363]: compile_file: <fd>(38): previous definition here
01-01 00:00:13.611  1046   363   363 W android.hardware.media.omx@1.0-service: libminijail[363]: compile_file: /system/etc/seccomp_policy/crash_dump.arm.policy(26): syscall rt_sigprocmask redefined here
01-01 00:00:13.611  1046   363   363 W android.hardware.media.omx@1.0-service: libminijail[363]: compile_file: <fd>(41): previous definition here
01-01 00:00:13.612  1046   363   363 W android.hardware.media.omx@1.0-service: libminijail[363]: compile_file: /system/etc/seccomp_policy/crash_dump.arm.policy(29): syscall prctl redefined here
01-01 00:00:13.612  1046   363   363 W android.hardware.media.omx@1.0-service: libminijail[363]: compile_file: <fd>(6): previous definition here
01-01 00:00:13.613  1046   363   363 W android.hardware.media.omx@1.0-service: libminijail[363]: compile_file: /system/etc/seccomp_policy/crash_dump.arm.policy(30): syscall madvise redefined here
01-01 00:00:13.613  1046   363   363 W android.hardware.media.omx@1.0-service: libminijail[363]: compile_file: <fd>(29): previous definition here
01-01 00:00:13.613  1046   363   363 W android.hardware.media.omx@1.0-service: libminijail[363]: compile_file: /system/etc/seccomp_policy/crash_dump.arm.policy(31): syscall mprotect redefined here
01-01 00:00:13.613  1046   363   363 W android.hardware.media.omx@1.0-service: libminijail[363]: compile_file: <fd>(28): previous definition here
01-01 00:00:13.613  1046   363   363 W android.hardware.media.omx@1.0-service: libminijail[363]: compile_file: /system/etc/seccomp_policy/crash_dump.arm.policy(32): syscall munmap redefined here
01-01 00:00:13.614  1046   363   363 W android.hardware.media.omx@1.0-service: libminijail[363]: compile_file: <fd>(27): previous definition here
01-01 00:00:13.614  1046   363   363 W android.hardware.media.omx@1.0-service: libminijail[363]: compile_file: /system/etc/seccomp_policy/crash_dump.arm.policy(33): syscall getuid32 redefined here
01-01 00:00:13.614  1046   363   363 W android.hardware.media.omx@1.0-service: libminijail[363]: compile_file: <fd>(34): previous definition here
01-01 00:00:13.614  1046   363   363 W android.hardware.media.omx@1.0-service: libminijail[363]: compile_file: /system/etc/seccomp_policy/crash_dump.arm.policy(34): syscall fstat64 redefined here
01-01 00:00:13.614  1046   363   363 W android.hardware.media.omx@1.0-service: libminijail[363]: compile_file: <fd>(35): previous definition here
01-01 00:00:13.614  1046   363   363 W android.hardware.media.omx@1.0-service: libminijail[363]: compile_file: /system/etc/seccomp_policy/crash_dump.arm.policy(35): syscall mmap2 redefined here
01-01 00:00:13.614  1046   363   363 W android.hardware.media.omx@1.0-service: libminijail[363]: compile_file: <fd>(14): previous definition here
01-01 00:00:13.620  1046   363   363 W android.hardware.media.omx@1.0-service: libminijail[363]: compile_file: <fd>(66): syscall _llseek redefined here
01-01 00:00:13.620  1046   363   363 W android.hardware.media.omx@1.0-service: libminijail[363]: compile_file: <fd>(51): previous definition here
01-01 00:00:13.620  1046   363   363 W android.hardware.media.omx@1.0-service: libminijail[363]: compile_file: <fd>(70): syscall recvfrom redefined here
01-01 00:00:13.620  1046   363   363 W android.hardware.media.omx@1.0-service: libminijail[363]: compile_file: /system/etc/seccomp_policy/crash_dump.arm.policy(22): previous definition here
01-01 00:00:13.621  1046   363   363 W android.hardware.media.omx@1.0-service: libminijail[363]: compile_file: <fd>(73): syscall sysinfo redefined here
01-01 00:00:13.621  1046   363   363 W android.hardware.media.omx@1.0-service: libminijail[363]: compile_file: /system/etc/seccomp_policy/crash_dump.arm.policy(23): previous definition here
01-01 00:00:13.621  1046   363   363 W android.hardware.media.omx@1.0-service: libminijail[363]: logging seccomp filter failures
01-01 00:00:13.623  1046   363   363 E vndksupport: Could not load libstagefrighthw.so from default namespace: dlopen failed: library "libstagefrighthw.so" not found.
01-01 00:00:13.645 media   273   273 I HidlServiceManagement: Registered android.hardware.media.c2@1.0::IComponentStore/v4l2
01-01 00:00:13.646 media   273   273 I HidlServiceManagement: Removing namespace from process name android.hardware.media.c2@1.0-service-v4l2-32 to c2@1.0-service-v4l2-32.
01-01 00:00:13.646 media   273   273 I android.hardware.media.c2@1.0-service-v4l2: Codec2's IComponentStore service created.
01-01 00:00:13.659  1046   363   363 I SoftOMXPlugin: createOMXPlugin
01-01 00:00:13.660  1046   363   363 D MediaCodecsXmlParser: parsing /vendor/etc/media_codecs.xml...
01-01 00:00:13.672  1046   363   363 D MediaCodecsXmlParser: parsing /vendor/etc/media_codecs_ffmpeg_c2.xml...
01-01 00:00:13.685  1046   363   363 D MediaCodecsXmlParser: parsing /vendor/etc/media_codecs_v4l2_c2_video.xml...
01-01 00:00:13.703  1046   363   363 D MediaCodecsXmlParser: parsing /vendor/etc/media_codecs_google_c2_audio.xml...
01-01 00:00:13.721  1046   363   363 D MediaCodecsXmlParser: parsing /vendor/etc/media_codecs_google_c2_tv.xml...
01-01 00:00:13.740  1046   363   363 D MediaCodecsXmlParser: parsing /vendor/etc/media_codecs_google_c2_video.xml...
01-01 00:00:13.752  1000   155   155 I servicemanager: Found android.hardware.automotive.evs.IEvsEnumerator/hw/1 in device VINTF manifest.
01-01 00:00:13.753  1062   173   183 I evsmanagerd: Failed to connect to AIDL EVS HAL implementation.  Trying to connect to HIDL EVS HAL implementation instead.
01-01 00:00:13.753  1000   156   156 I hwservicemanager: getTransport: Cannot find entry android.hardware.automotive.evs@1.1::IEvsEnumerator/hw/1 in either framework or device VINTF manifest.
01-01 00:00:13.753  1062   173   183 I evsmanagerd: No EVS HAL implementation is available.  Retrying after 1000 ms
01-01 00:00:13.754  1046   363   363 I MediaCodecsXmlParser: Did not find media_codecs_performance.xml in search path
01-01 00:00:13.754  1046   363   363 I MediaCodecsXmlParser: Did not find media_codecs_shaping.xml in search path
01-01 00:00:13.758  1046   363   363 I HidlServiceManagement: Registered android.hardware.media.omx@1.0::IOmx/default
01-01 00:00:13.759  1046   363   363 I HidlServiceManagement: Removing namespace from process name android.hardware.media.omx@1.0-service to omx@1.0-service.
01-01 00:00:13.759  1046   363   363 I android.hardware.media.omx@1.0-service: IOmx HAL service created.
01-01 00:00:13.760  1046   363   363 I OmxStore: omx common prefix: no nodes
01-01 00:00:13.760  1046   363   363 D MediaCodecsXmlParser: parsing /vendor/etc/media_codecs.xml...
01-01 00:00:13.760  1046   363   363 D MediaCodecsXmlParser: parsing /vendor/etc/media_codecs_ffmpeg_c2.xml...
01-01 00:00:13.761  1046   363   363 D MediaCodecsXmlParser: parsing /vendor/etc/media_codecs_v4l2_c2_video.xml...
01-01 00:00:13.761  1046   363   363 D MediaCodecsXmlParser: parsing /vendor/etc/media_codecs_google_c2_audio.xml...
01-01 00:00:13.762  1046   363   363 D MediaCodecsXmlParser: parsing /vendor/etc/media_codecs_google_c2_tv.xml...
01-01 00:00:13.762  1046   363   363 D MediaCodecsXmlParser: parsing /vendor/etc/media_codecs_google_c2_video.xml...
01-01 00:00:13.763  1046   363   363 I MediaCodecsXmlParser: Did not find media_codecs_performance.xml in search path
01-01 00:00:13.763  1046   363   363 I MediaCodecsXmlParser: Did not find media_codecs_shaping.xml in search path
01-01 00:00:13.764  1046   363   363 E MediaCodecsXmlParser: Cannot find the role for a decoder of type audio/alac
01-01 00:00:13.765  1046   363   363 I HidlServiceManagement: Registered android.hardware.media.omx@1.0::IOmxStore/default
01-01 00:00:13.766  1046   363   363 I HidlServiceManagement: Removing namespace from process name android.hardware.media.omx@1.0-service to omx@1.0-service.
01-01 00:00:13.859  1041   283   283 D APM_EngineLoader: Loaded engine from libaudiopolicyenginedefault.so
01-01 00:00:13.859  1041   283   283 D APM::AudioPolicyEngine/Base: loadAudioPolicyEngineConfig: No configuration found, using default matching phone experience.
01-01 00:00:13.870  1041   283   283 W APM::AudioPolicyEngine/Base: loadAudioPolicyEngineConfig: No configuration of AUDIO_STREAM_CALL_ASSISTANT found, using default volume configuration
01-01 00:00:13.895  root   254   254 D AndroidRuntime: >>>>>> START com.android.internal.os.ZygoteInit uid 0 <<<<<<
01-01 00:00:13.949  1041   283   283 I AudioFlinger: loadHwModule() Loaded primary audio interface, handle 10
01-01 00:00:13.956  1062   172   172 W HidlServiceManagement: Waited one second for android.hardware.automotive.evs@1.1::IEvsEnumerator/default
01-01 00:00:13.956  1000   156   156 I hwservicemanager: Since android.hardware.automotive.evs@1.1::IEvsEnumerator/default is not registered, trying to start it as a lazy HAL.
01-01 00:00:13.957  1062   172   172 I HidlServiceManagement: getService: Trying again for android.hardware.automotive.evs@1.1::IEvsEnumerator/default...
01-01 00:00:13.958  1000   156   415 W libc    : Unable to set property "ctl.interface_start" to "android.hardware.automotive.evs@1.1::IEvsEnumerator/default": error code: 0x20
01-01 00:00:13.958  1000   156   415 I hwservicemanager: Tried to start android.hardware.automotive.evs@1.1::IEvsEnumerator/default as a lazy service, but was unable to. Usually this happens when a service is not installed, but if the service is intended to be used as a lazy service, then it may be configured incorrectly.
01-01 00:00:13.962  1041   283   283 I AudioFlinger: openOutput() this 0xb4000074474181f0, module 10 Device AUDIO_DEVICE_OUT_SPEAKER, @:, SamplingRate 48000, Format 0x000001, Channels 0x3, flags 0x2
01-01 00:00:13.959  1041   258   258 I binder:258_2: type=1400 audit(0.0:35): avc: denied { read } for name="u:object_r:audio_prop:s0" dev="tmpfs" ino=37 scontext=u:r:hal_audio_default:s0 tcontext=u:object_r:audio_prop:s0 tclass=file permissive=1
01-01 00:00:13.959  1041   258   258 I binder:258_2: type=1400 audit(0.0:36): avc: denied { open } for path="/dev/__properties__/u:object_r:audio_prop:s0" dev="tmpfs" ino=37 scontext=u:r:hal_audio_default:s0 tcontext=u:object_r:audio_prop:s0 tclass=file permissive=1
01-01 00:00:13.959  1041   258   258 I binder:258_2: type=1400 audit(0.0:37): avc: denied { getattr } for path="/dev/__properties__/u:object_r:audio_prop:s0" dev="tmpfs" ino=37 scontext=u:r:hal_audio_default:s0 tcontext=u:object_r:audio_prop:s0 tclass=file permissive=1
01-01 00:00:13.959  1041   258   258 I binder:258_2: type=1400 audit(0.0:38): avc: denied { map } for path="/dev/__properties__/u:object_r:audio_prop:s0" dev="tmpfs" ino=37 scontext=u:r:hal_audio_default:s0 tcontext=u:object_r:audio_prop:s0 tclass=file permissive=1
01-01 00:00:13.964  1041   258   258 I audio_hw_rpi: adev_open_output_stream selects channels=2 rate=48000 format=0
01-01 00:00:13.993  1041   283   283 I AudioFlinger: HAL output buffer size 1024 frames, normal sink buffer size 1024 frames
01-01 00:00:13.994  1000   156   156 I hwservicemanager: getTransport: Cannot find entry android.hardware.audio.effect@7.1::IEffectsFactory/default in either framework or device VINTF manifest.
01-01 00:00:14.088  1000   286   384 I RenderEngine: OpenGL ES informations:
01-01 00:00:14.088  1000   286   384 I RenderEngine: vendor    : Broadcom
01-01 00:00:14.088  1000   286   384 I RenderEngine: renderer  : V3D 4.2.14
01-01 00:00:14.088  1000   286   384 I RenderEngine: version   : OpenGL ES 3.1 Mesa 24.0.5 (git-0980e80ca0)
01-01 00:00:14.088  1000   286   384 I RenderEngine: extensions: GL_EXT_debug_marker GL_EXT_blend_minmax GL_EXT_multi_draw_arrays GL_EXT_texture_filter_anisotropic GL_EXT_texture_compression_s3tc GL_EXT_texture_compression_dxt1 GL_EXT_texture_compression_rgtc GL_EXT_texture_format_BGRA8888 GL_OES_compressed_ETC1_RGB8_texture GL_OES_depth24 GL_OES_element_index_uint GL_OES_fbo_render_mipmap GL_OES_mapbuffer GL_OES_rgb8_rgba8 GL_OES_standard_derivatives GL_OES_stencil8 GL_OES_texture_3D GL_OES_texture_float GL_OES_texture_half_float GL_OES_texture_half_float_linear GL_OES_texture_npot GL_OES_vertex_half_float GL_EXT_draw_instanced GL_EXT_texture_sRGB_decode GL_OES_EGL_image GL_OES_depth_texture GL_AMD_performance_monitor GL_OES_packed_depth_stencil GL_EXT_texture_type_2_10_10_10_REV GL_NV_conditional_render GL_OES_get_program_binary GL_APPLE_texture_max_level GL_EXT_discard_framebuffer GL_EXT_read_format_bgra GL_NV_pack_subimage GL_EXT_frag_depth GL_NV_fbo_color_attachments GL_OES_EGL_image_external GL_OES_EGL_sync GL_OES_vertex_array_object GL_ANGLE_pack_revers
01-01 00:00:14.088  1000   286   384 I RenderEngine: GL_MAX_TEXTURE_SIZE = 4096
01-01 00:00:14.088  1000   286   384 I RenderEngine: GL_MAX_VIEWPORT_DIMS = 4096
01-01 00:00:14.099  1000   155   155 I servicemanager: Could not find android.hardware.graphics.composer3.IComposer/default in the VINTF manifest.
01-01 00:00:14.124  1000   270   270 I DMABUFHEAPS: Using : Non-legacy ION heaps
01-01 00:00:14.127  1000   270   270 I composer@2.4-se: type=1400 audit(0.0:39): avc: denied { read } for path="socket:[21366]" dev="sockfs" ino=21366 scontext=u:r:hal_graphics_composer_default:s0 tcontext=u:r:hal_graphics_composer_default:s0 tclass=netlink_kobject_uevent_socket permissive=1
01-01 00:00:14.134  1003   171   194 W ServiceManager: Waited one second for SurfaceFlingerAIDL (is service started? are binder threads started and available?)
01-01 00:00:14.135  1000   155   155 I servicemanager: Since 'SurfaceFlingerAIDL' could not be found, trying to start it as a lazy AIDL service
01-01 00:00:14.132  root     0     0 I vc4-drm gpu: [drm] Cannot find any crtc or sizes
01-01 00:00:14.136  1000   155   417 W libc    : Unable to set property "ctl.interface_start" to "aidl/SurfaceFlingerAIDL": error code: 0x20
01-01 00:00:14.136  1000   155   417 I servicemanager: Tried to start aidl service SurfaceFlingerAIDL as a lazy service, but was unable to. Usually this happens when a service is not installed, but if the service is intended to be used as a lazy service, then it may be configured incorrectly.
01-01 00:00:14.161  1040   322   322 I MediaExtractorFactory: plugin directory not present (/system/lib64/extractors)
01-01 00:00:14.161  1040   322   322 I MediaExtractorFactory: plugin directory not present (/system_ext/lib64/extractors)
01-01 00:00:14.176  1041   283   283 I BufferProvider: found effect "Multichannel Downmix To Stereo" from The Android Open Source Project
01-01 00:00:14.177  1041   283   283 D AudioFlinger: Failed to add event callback
01-01 00:00:14.178  1041   283   419 I AudioFlinger: AudioFlinger's thread 0xb4000075c81f89a0 tid=419 ready to run
01-01 00:00:14.178  1041   283   283 E APM_AudioPolicyManager: invalid volume index range
01-01 00:00:14.178  1041   283   283 E APM_AudioPolicyManager: invalid volume index range
01-01 00:00:14.179  1041   283   283 E APM_AudioPolicyManager: invalid volume index range
01-01 00:00:14.179  1041   283   283 V APM_AudioPolicyManager: checkAndSetVolume cannot set volume group 4 volume when is not requested for comm
01-01 00:00:14.179  1041   283   283 E APM_AudioPolicyManager: invalid volume index range
01-01 00:00:14.179  1041   283   283 E APM_AudioPolicyManager: invalid volume index range
01-01 00:00:14.179  1041   283   283 E APM_AudioPolicyManager: invalid volume index range
01-01 00:00:14.179  1041   283   283 E APM_AudioPolicyManager: invalid volume index range
01-01 00:00:14.189  1041   283   419 W AudioFlinger: no wake lock to update, system not ready yet
01-01 00:00:14.189  1041   283   419 D AudioFlinger: ro.audio.silent is ignored since no output device is set
01-01 00:00:14.190  1041   258   258 W StreamHAL: Error from HAL stream in function get_presentation_position: Operation not permitted
01-01 00:00:14.190  1041   283   419 W AudioFlinger: no wake lock to update, system not ready yet
01-01 00:00:14.190  1041   283   283 E APM_AudioPolicyManager: invalid volume index range
01-01 00:00:14.191  1041   283   283 E APM_AudioPolicyManager: invalid volume index range
01-01 00:00:14.191  1041   283   283 E APM_AudioPolicyManager: invalid volume index range
01-01 00:00:14.191  1041   283   283 E APM_AudioPolicyManager: invalid volume index range
01-01 00:00:14.191  1041   283   419 D AudioFlinger: ro.audio.silent is ignored since no output device is set
01-01 00:00:14.192  1041   283   283 W AudioFlinger: moveEffects() bad srcOutput 0
01-01 00:00:14.192  1041   283   283 V APM_AudioPolicyManager: selectOutputForMusicEffects selected output 13
01-01 00:00:14.192  1041   283   283 V APM_AudioPolicyManager: setOutputDevices device {AUDIO_DEVICE_OUT_SPEAKER, @:} delayMs 0
01-01 00:00:14.192  1041   283   283 V APM_AudioPolicyManager: setOutputDevices() prevDevice {AUDIO_DEVICE_OUT_SPEAKER, @:}
01-01 00:00:14.193  1041   283   283 V APM_AudioPolicyManager: setOutputDevices changing device to {AUDIO_DEVICE_OUT_SPEAKER, @:}
01-01 00:00:14.238  1041   283   283 V APM_AudioPolicyManager: setOutputDevices() AF::createAudioPatch returned 0 patchHandle 12 num_sources 1 num_sinks 1
01-01 00:00:14.239  1041   283   283 E APM_AudioPolicyManager: invalid volume index range
01-01 00:00:14.239  1041   283   283 E APM_AudioPolicyManager: invalid volume index range
01-01 00:00:14.239  1041   283   283 E APM_AudioPolicyManager: invalid volume index range
01-01 00:00:14.239  1041   283   283 V APM_AudioPolicyManager: checkAndSetVolume cannot set volume group 4 volume when is not requested for comm
01-01 00:00:14.239  1041   283   283 E APM_AudioPolicyManager: invalid volume index range
01-01 00:00:14.239  1041   283   283 E APM_AudioPolicyManager: invalid volume index range
01-01 00:00:14.239  1041   283   283 E APM_AudioPolicyManager: invalid volume index range
01-01 00:00:14.239  1041   283   283 E APM_AudioPolicyManager: invalid volume index range
01-01 00:00:14.239  1041   283   283 E APM_AudioPolicyManager: invalid volume index range
01-01 00:00:14.239  1041   283   283 E APM_AudioPolicyManager: invalid volume index range
01-01 00:00:14.239  1041   283   283 E APM_AudioPolicyManager: invalid volume index range
01-01 00:00:14.239  1041   283   283 E APM_AudioPolicyManager: invalid volume index range
01-01 00:00:14.245  1041   283   421 I AudioFlinger: AudioFlinger's thread 0xb4000075c7dd2bb0 tid=421 ready to run
01-01 00:00:14.248  1041   283   421 W AudioFlinger: no wake lock to update, system not ready yet
01-01 00:00:14.250  1041   258   377 E DevicesFactoryHAL: loadAudioInterface couldn't load audio hw module audio.a2dp (No such file or directory)
01-01 00:00:14.251  1041   283   283 W DevicesFactoryHalHidl: The specified device name is not recognized: "a2dp"
01-01 00:00:14.251  1041   283   283 E AudioFlinger: loadHwModule() error -22 loading module a2dp
01-01 00:00:14.251  1041   283   283 W APM_AudioPolicyManager: could not open HW module a2dp
01-01 00:00:14.265  1041   283   283 I AudioFlinger: loadHwModule() Loaded usb audio interface, handle 18
01-01 00:00:14.265  1041   283   283 V APM_AudioPolicyManager: onNewAudioModulesAvailableInt: Input device list is empty! for profile usb_device input
01-01 00:00:14.270  1000   270   270 I hwc-drm-connector: force mode 1920x1080@0Hz for display in connector HDMI-A-1
01-01 00:00:14.270  1000   270   270 I hwc-drm-connector: force mode 1920x1080@0Hz for display in connector HDMI-A-2
01-01 00:00:14.270  1000   270   270 I hwc-drm-two: No pipelines available. Creating null-display for headless mode
01-01 00:00:14.270  1000   270   270 I hwc-display-configs: set mode 1920x1080@60Hz for HEADLESS-MODE
01-01 00:00:14.271  1000   286   286 I SurfaceFlinger: Connecting HAL display 0
01-01 00:00:14.271  1000   286   286 I HWComposer: Switching to legacy multi-display mode
01-01 00:00:14.279  1000   286   286 W HwcComposer: getPerFrameMetadataKeys failed with 8
01-01 00:00:14.286  1041   258   377 I r_submix: adev_open(name=audio_hw_if)
01-01 00:00:14.286  1041   258   377 I r_submix: adev_init_check()
01-01 00:00:14.287  1041   283   283 I AudioFlinger: loadHwModule() Loaded r_submix audio interface, handle 26
01-01 00:00:14.287  1000   156   156 I hwservicemanager: getTransport: Cannot find entry android.hardware.configstore@1.1::ISurfaceFlingerConfigs/default in either framework or device VINTF manifest.
01-01 00:00:14.287  1041   258   377 D r_submix: adev_open_input_stream(addr=0)
01-01 00:00:14.288  1041   258   377 I r_submix: adev_open_input_stream(): about to create pipe at index 9, rate 48000, pipe size 4096
01-01 00:00:14.288  1041   258   377 D r_submix: submix_audio_device_create_pipe_l(addr=0, idx=9)
01-01 00:00:14.288  1041   258   377 D r_submix:   now using address 0 for route 9
01-01 00:00:14.296  1000   155   155 I servicemanager: Could not find android.hardware.graphics.allocator.IAllocator/default in the VINTF manifest.
01-01 00:00:14.296  1041   283   425 I AudioFlinger: AudioFlinger's thread 0xb4000075c7dd2bb0 tid=425 ready to run
01-01 00:00:14.297  1041   258   377 I r_submix: in_standby()
01-01 00:00:14.297  1000   269   269 I [minigbm:gbm_mesa_internals.cpp(233)]: Found GPU v3d
01-01 00:00:14.297  1041   283   425 W AudioFlinger: no wake lock to update, system not ready yet
01-01 00:00:14.298  1000   269   269 I [minigbm:gbm_mesa_internals.cpp(249)]: GPU require KMSRO entry, searching for separate KMS driver...
01-01 00:00:14.298  1041   258   377 I r_submix: in_standby()
01-01 00:00:14.298  1000   269   269 I [minigbm:gbm_mesa_internals.cpp(255)]: Found KMS dev vc4
01-01 00:00:14.301  1041   283   425 W AudioFlinger: no wake lock to update, system not ready yet
01-01 00:00:14.301  1041   258   377 D r_submix: adev_close_input_stream()
01-01 00:00:14.301  1041   258   377 D r_submix: submix_audio_device_release_pipe_l(idx=9) addr=0
01-01 00:00:14.301  1041   258   377 D r_submix: submix_audio_device_destroy_pipe_l(): pipe destroyed
01-01 00:00:14.301  root   254   254 I AndroidRuntime: Using default boot image
01-01 00:00:14.301  root   254   254 I AndroidRuntime: Leaving lock profiling enabled
01-01 00:00:14.315  1000   269   269 I allocator@4.0-s: type=1400 audit(0.0:40): avc: denied { read } for name="u:object_r:default_prop:s0" dev="tmpfs" ino=99 scontext=u:r:hal_graphics_allocator_default:s0 tcontext=u:object_r:default_prop:s0 tclass=file permissive=1
01-01 00:00:14.315  1000   269   269 I allocator@4.0-s: type=1400 audit(0.0:41): avc: denied { open } for path="/dev/__properties__/u:object_r:default_prop:s0" dev="tmpfs" ino=99 scontext=u:r:hal_graphics_allocator_default:s0 tcontext=u:object_r:default_prop:s0 tclass=file permissive=1
01-01 00:00:14.315  1000   269   269 I allocator@4.0-s: type=1400 audit(0.0:42): avc: denied { getattr } for path="/dev/__properties__/u:object_r:default_prop:s0" dev="tmpfs" ino=99 scontext=u:r:hal_graphics_allocator_default:s0 tcontext=u:object_r:default_prop:s0 tclass=file permissive=1
01-01 00:00:14.315  1000   269   269 I allocator@4.0-s: type=1400 audit(0.0:43): avc: denied { map } for path="/dev/__properties__/u:object_r:default_prop:s0" dev="tmpfs" ino=99 scontext=u:r:hal_graphics_allocator_default:s0 tcontext=u:object_r:default_prop:s0 tclass=file permissive=1
01-01 00:00:14.329  root   254   254 I zygote64: option[0]=-Xzygote
01-01 00:00:14.329  root   254   254 I zygote64: option[1]=-Xdeny-art-apex-data-files
01-01 00:00:14.329  root   254   254 I zygote64: option[2]=exit
01-01 00:00:14.329  root   254   254 I zygote64: option[3]=vfprintf
01-01 00:00:14.329  root   254   254 I zygote64: option[4]=sensitiveThread
01-01 00:00:14.330  root   254   254 I zygote64: option[5]=-verbose:gc
01-01 00:00:14.330  root   254   254 I zygote64: option[6]=-XX:PerfettoHprof=true
01-01 00:00:14.330  root   254   254 I zygote64: option[7]=-XX:PerfettoJavaHeapStackProf=true
01-01 00:00:14.330  root   254   254 I zygote64: option[8]=-Xprimaryzygote
01-01 00:00:14.330  root   254   254 I zygote64: option[9]=-Xms16m
01-01 00:00:14.330  root   254   254 I zygote64: option[10]=-Xmx512m
01-01 00:00:14.330  root   254   254 I zygote64: option[11]=-XX:HeapGrowthLimit=192m
01-01 00:00:14.330  root   254   254 I zygote64: option[12]=-XX:HeapMinFree=512k
01-01 00:00:14.330  root   254   254 I zygote64: option[13]=-XX:HeapMaxFree=8m
01-01 00:00:14.330  root   254   254 I zygote64: option[14]=-XX:HeapTargetUtilization=0.75
01-01 00:00:14.330  root   254   254 I zygote64: option[15]=-Xusejit:true
01-01 00:00:14.330  root   254   254 I zygote64: option[16]=-Xjitsaveprofilinginfo
01-01 00:00:14.330  root   254   254 I zygote64: option[17]=-XMadviseWillNeedVdexFileSize:104857600
01-01 00:00:14.330  root   254   254 I zygote64: option[18]=-XMadviseWillNeedOdexFileSize:104857600
01-01 00:00:14.330  root   254   254 I zygote64: option[19]=-XMadviseWillNeedArtFileSize:4294967295
01-01 00:00:14.330  root   254   254 I zygote64: option[20]=-XjdwpOptions:suspend=n,server=y
01-01 00:00:14.330  root   254   254 I zygote64: option[21]=-XjdwpProvider:default
01-01 00:00:14.330  root   254   254 I zygote64: option[22]=-Xopaque-jni-ids:swapable
01-01 00:00:14.330  root   254   254 I zygote64: option[23]=-Xlockprofthreshold:500
01-01 00:00:14.330  root   254   254 I zygote64: option[24]=-Xcompiler-option
01-01 00:00:14.330  root   254   254 I zygote64: option[25]=-j2
01-01 00:00:14.330  root   254   254 I zygote64: option[26]=-Xcompiler-option
01-01 00:00:14.330  root   254   254 I zygote64: option[27]=--cpu-set=0,1
01-01 00:00:14.330  root   254   254 I zygote64: option[28]=-Xcompiler-option
01-01 00:00:14.330  root   254   254 I zygote64: option[29]=--instruction-set-variant=cortex-a72
01-01 00:00:14.330  root   254   254 I zygote64: option[30]=-Xcompiler-option
01-01 00:00:14.330  root   254   254 I zygote64: option[31]=--instruction-set-features=default
01-01 00:00:14.330  root   254   254 I zygote64: option[32]=-Xcompiler-option
01-01 00:00:14.330  root   254   254 I zygote64: option[33]=--generate-mini-debug-info
01-01 00:00:14.330  root   254   254 I zygote64: option[34]=-Ximage-compiler-option
01-01 00:00:14.330  root   254   254 I zygote64: option[35]=--runtime-arg
01-01 00:00:14.330  root   254   254 I zygote64: option[36]=-Ximage-compiler-option
01-01 00:00:14.330  root   254   254 I zygote64: option[37]=-Xms64m
01-01 00:00:14.330  root   254   254 I zygote64: option[38]=-Ximage-compiler-option
01-01 00:00:14.330  root   254   254 I zygote64: option[39]=--runtime-arg
01-01 00:00:14.330  root   254   254 I zygote64: option[40]=-Ximage-compiler-option
01-01 00:00:14.330  root   254   254 I zygote64: option[41]=-Xmx64m
01-01 00:00:14.330  root   254   254 I zygote64: option[42]=-Ximage-compiler-option
01-01 00:00:14.331  root   254   254 I zygote64: option[43]=--dirty-image-objects=/system/etc/dirty-image-objects
01-01 00:00:14.331  root   254   254 I zygote64: option[44]=-Ximage-compiler-option
01-01 00:00:14.331  root   254   254 I zygote64: option[45]=--instruction-set-variant=cortex-a72
01-01 00:00:14.331  root   254   254 I zygote64: option[46]=-Ximage-compiler-option
01-01 00:00:14.331  root   254   254 I zygote64: option[47]=--instruction-set-features=default
01-01 00:00:14.331  root   254   254 I zygote64: option[48]=-Ximage-compiler-option
01-01 00:00:14.331  root   254   254 I zygote64: option[49]=--generate-mini-debug-info
01-01 00:00:14.331  root   254   254 I zygote64: option[50]=-Duser.locale=en-US
01-01 00:00:14.331  root   254   254 I zygote64: option[51]=--cpu-abilist=arm64-v8a
01-01 00:00:14.331  root   254   254 I zygote64: option[52]=-Xcore-platform-api-policy:just-warn
01-01 00:00:14.331  root   254   254 I zygote64: option[53]=-Xfingerprint:Raspberry/bosch_hal_v2_0/rpi4:13/TQ3A.230901.001/2:userdebug/test-keys
01-01 00:00:14.340  1000   269   269 I DMABUFHEAPS: Using DMA-BUF heap named: system
01-01 00:00:14.341  1041   283   283 I AudioFlinger: loadHwModule() Loaded bluetooth audio interface, handle 34
01-01 00:00:14.345  1041   283   283 I audioserver: Waiting for activity service
01-01 00:00:14.346  1000   286   429 W EventThread: Ignoring VSYNC request while display is disconnected
01-01 00:00:14.347  1000   286   429 W EventThread: Ignoring VSYNC request while display is disconnected
01-01 00:00:14.347  1000   286   430 W EventThread: Ignoring VSYNC request while display is disconnected
01-01 00:00:14.347  1000   286   430 W EventThread: Ignoring VSYNC request while display is disconnected
01-01 00:00:14.348  1000   286   286 I SurfaceFlinger: Dispatching display hotplug event displayId=0, connected=1
01-01 00:00:14.348  1000   286   429 W EventThread: Ignoring VSYNC request while display is disconnected
01-01 00:00:14.348  1000   286   429 W EventThread: Ignoring VSYNC request while display is disconnected
01-01 00:00:14.373  root   254   254 W zygote64: ART APEX data files are untrusted.
01-01 00:00:14.386  root   254   254 I zygote64: Core platform API reporting enabled, enforcing=false
01-01 00:00:14.549  1000   286   433 W SurfaceFlinger: Failed to set thread name on dispatch thread
01-01 00:00:14.553  1000   155   155 I BpBinder: onLastStrongRef automatically unlinking death recipients: <uncached descriptor>
01-01 00:00:14.554  1000   156   156 I hwservicemanager: getTransport: Cannot find entry android.frameworks.displayservice@1.0::IDisplayService/default in either framework or device VINTF manifest.
01-01 00:00:14.555  1003   174   174 I EvsDriver: Display 0 is detected on the port, 0
01-01 00:00:14.555  1003   174   174 I EvsDriver: Found 1 displays
01-01 00:00:14.556  1003   171   194 E IPCThreadState: binder thread pool (1 threads) starved for 7437 ms
01-01 00:00:14.556  1003   174   437 I EvsDriver: Start monitoring new V4L2 devices
01-01 00:00:14.556  1000   286   286 E HidlServiceManagement: Service android.frameworks.displayservice@1.0::IDisplayService/default must be in VINTF manifest in order to register/get.
01-01 00:00:14.556  1000   286   286 E SurfaceFlinger: Did not register (deprecated) IDisplayService service.
01-01 00:00:14.556  1000   155   155 I servicemanager: Found android.hardware.automotive.evs.IEvsEnumerator/hw/1 in device VINTF manifest.
01-01 00:00:14.556  1000   286   286 D SurfaceFlinger: Setting power mode 2 on display 0
01-01 00:00:14.557  1000   286   286 I SurfaceFlinger: Active display is 0
01-01 00:00:14.557  1003   174   174 I EvsDriver: EVS Hardware Enumerator is ready
01-01 00:00:14.557  1000   286   286 D SurfaceFlinger: Finished setting power mode 2 on display 0
01-01 00:00:14.683 media   324   324 I mediaserver: ServiceManager: 0xe93010c0
01-01 00:00:14.689 media   324   324 W BatteryNotifier: batterystats service unavailable!
01-01 00:00:14.690 media   324   324 W BatteryNotifier: batterystats service unavailable!
01-01 00:00:14.738  root   255   255 D AndroidRuntime: >>>>>> START com.android.internal.os.ZygoteInit uid 0 <<<<<<
01-01 00:00:14.754  1000   155   155 I servicemanager: Found android.hardware.automotive.evs.IEvsEnumerator/hw/1 in device VINTF manifest.
01-01 00:00:14.755  1062   173   183 I evsmanagerd: EVS managed service is starting as android.hardware.automotive.evs.IEvsEnumerator/default
01-01 00:00:14.756  1000   155   155 I servicemanager: Found android.hardware.automotive.evs.IEvsEnumerator/default in framework VINTF manifest.
01-01 00:00:14.758  1062   173   183 I HidlServiceManagement: Registered android.hardware.automotive.evs@1.1::IEvsEnumerator/default
01-01 00:00:14.758  1062   173   183 I evsmanagerd: Registration complete
01-01 00:00:14.760  1062   172   172 I EvsApp  : Acquiring EVS Display
01-01 00:00:14.760  1000   156   156 I hw-BpHwBinder: onLastStrongRef automatically unlinking death recipients
01-01 00:00:14.762  1062   172   172 I EvsApp  : Connecting to Vehicle HAL
01-01 00:00:14.763  1000   155   155 I servicemanager: Could not find android.hardware.automotive.vehicle.IVehicle/default in the VINTF manifest.
01-01 00:00:14.763  1062   172   172 D evs_app : AIDL VHAL service is not declared, maybe HIDL VHAL is used instead?
01-01 00:00:14.764  1003   174   443 I EvsDriver: Display resolution is 1920x1080
01-01 00:00:14.765  1054   200   215 I automotive.vehicle@2.0-impl: SubscriptionManager::addOrUpdateSubscription, callback: 0xb400007742e44ad0
01-01 00:00:14.765  1054   200   215 I automotive.vehicle@2.0-impl: Creating new client and linking to death recipient, cookie: 0xb400007712e64a50
01-01 00:00:14.766  1054   200   215 I automotive.vehicle@2.0-impl: SubscriptionManager::addOrUpdateSubscription, prop: 0x11400400
01-01 00:00:14.766  1054   200   215 I automotive.vehicle@2.0-impl: addOrUpdateSubscription opts.propId: 0x11400400
01-01 00:00:14.766  1054   200   215 I DefaultVehicleHal_v2_0: subscribe propId: 0x11400400, sampleRate: 0.000000
01-01 00:00:14.766  1054   200   215 I automotive.vehicle@2.0-impl: SubscriptionManager::addOrUpdateSubscription, callback: 0xb400007742e43570
01-01 00:00:14.766  1054   200   215 I automotive.vehicle@2.0-impl: SubscriptionManager::addOrUpdateSubscription, prop: 0x11400408
01-01 00:00:14.766  1054   200   215 I automotive.vehicle@2.0-impl: addOrUpdateSubscription opts.propId: 0x11400408
01-01 00:00:14.766  1054   200   215 I DefaultVehicleHal_v2_0: subscribe propId: 0x11400408, sampleRate: 0.000000
01-01 00:00:14.766  1062   172   172 I EvsApp  : Constructing state controller
01-01 00:00:14.767  1062   172   172 I EvsApp  : Camera list callback received 5cameras.
01-01 00:00:14.767  1062   172   172 W EvsApp  : No config information for hardware camera /dev/video22
01-01 00:00:14.767  1062   172   172 W EvsApp  : No config information for hardware camera /dev/video21
01-01 00:00:14.767  1062   172   172 W EvsApp  : No config information for hardware camera /dev/video15
01-01 00:00:14.768  1062   172   172 W EvsApp  : No config information for hardware camera /dev/video14
01-01 00:00:14.768  1062   172   172 W EvsApp  : No config information for hardware camera group0
01-01 00:00:14.768  1062   172   172 I EvsApp  : Entering running state
01-01 00:00:14.781  1003   174   443 D libEGL  : loaded /vendor/lib64/egl/libEGL_mesa.so
01-01 00:00:14.783  1003   174   443 D libEGL  : loaded /vendor/lib64/egl/libGLESv1_CM_mesa.so
01-01 00:00:14.785  1003   174   443 D libEGL  : loaded /vendor/lib64/egl/libGLESv2_mesa.so
01-01 00:00:14.791  1003   174   174 I binder:174_1: type=1400 audit(0.0:44): avc: denied { read } for name="dri" dev="tmpfs" ino=299 scontext=u:r:hal_evs_default:s0 tcontext=u:object_r:gpu_device:s0 tclass=dir permissive=1
01-01 00:00:14.791  1003   174   174 I binder:174_1: type=1400 audit(0.0:45): avc: denied { open } for path="/dev/dri" dev="tmpfs" ino=299 scontext=u:r:hal_evs_default:s0 tcontext=u:object_r:gpu_device:s0 tclass=dir permissive=1
01-01 00:00:14.791  1003   174   174 I binder:174_1: type=1400 audit(0.0:46): avc: denied { read } for name="uevent" dev="sysfs" ino=4416 scontext=u:r:hal_evs_default:s0 tcontext=u:object_r:sysfs_gpu:s0 tclass=file permissive=1
01-01 00:00:14.791  1003   174   174 I binder:174_1: type=1400 audit(0.0:47): avc: denied { open } for path="/sys/devices/platform/v3dbus/fec00000.v3d/uevent" dev="sysfs" ino=4416 scontext=u:r:hal_evs_default:s0 tcontext=u:object_r:sysfs_gpu:s0 tclass=file permissive=1
01-01 00:00:14.791  1003   174   174 I binder:174_1: type=1400 audit(0.0:48): avc: denied { getattr } for path="/sys/devices/platform/v3dbus/fec00000.v3d/uevent" dev="sysfs" ino=4416 scontext=u:r:hal_evs_default:s0 tcontext=u:object_r:sysfs_gpu:s0 tclass=file permissive=1
01-01 00:00:14.795  1003   174   174 I binder:174_1: type=1400 audit(0.0:49): avc: denied { read } for name="u:object_r:default_prop:s0" dev="tmpfs" ino=99 scontext=u:r:hal_evs_default:s0 tcontext=u:object_r:default_prop:s0 tclass=file permissive=1
01-01 00:00:14.795  1003   174   174 I binder:174_1: type=1400 audit(0.0:50): avc: denied { open } for path="/dev/__properties__/u:object_r:default_prop:s0" dev="tmpfs" ino=99 scontext=u:r:hal_evs_default:s0 tcontext=u:object_r:default_prop:s0 tclass=file permissive=1
01-01 00:00:14.795  1003   174   174 I binder:174_1: type=1400 audit(0.0:51): avc: denied { getattr } for path="/dev/__properties__/u:object_r:default_prop:s0" dev="tmpfs" ino=99 scontext=u:r:hal_evs_default:s0 tcontext=u:object_r:default_prop:s0 tclass=file permissive=1
01-01 00:00:14.795  1003   174   174 I binder:174_1: type=1400 audit(0.0:52): avc: denied { map } for path="/dev/__properties__/u:object_r:default_prop:s0" dev="tmpfs" ino=99 scontext=u:r:hal_evs_default:s0 tcontext=u:object_r:default_prop:s0 tclass=file permissive=1
01-01 00:00:14.802  1003   174   443 I DMABUFHEAPS: Using : Non-legacy ION heaps
01-01 00:00:14.799  1003   174   174 I binder:174_1: type=1400 audit(0.0:53): avc: denied { read } for name="ion" dev="tmpfs" ino=373 scontext=u:r:hal_evs_default:s0 tcontext=u:object_r:ion_device:s0 tclass=chr_file permissive=1
01-01 00:00:14.799  1003   174   174 I binder:174_1: type=1400 audit(0.0:54): avc: denied { open } for path="/dev/ion" dev="tmpfs" ino=373 scontext=u:r:hal_evs_default:s0 tcontext=u:object_r:ion_device:s0 tclass=chr_file permissive=1
01-01 00:00:14.799  1003   174   174 I binder:174_1: type=1400 audit(0.0:55): avc: denied { ioctl } for path="/dev/ion" dev="tmpfs" ino=373 ioctlcmd=0x4901 scontext=u:r:hal_evs_default:s0 tcontext=u:object_r:ion_device:s0 tclass=chr_file permissive=1
01-01 00:00:14.803  1003   174   443 I MESA    : Using IMapper v4 API
01-01 00:00:14.808  1003   174   443 W EGL-MAIN: failed to get driver name for fd -1
01-01 00:00:14.808  1003   174   443 W EGL-MAIN: MESA-LOADER: failed to retrieve device information
01-01 00:00:14.808  1003   174   443 W EGL-MAIN: failed to get driver name for fd -1
01-01 00:00:14.818  1000   156   156 I hwservicemanager: getTransport: Cannot find entry android.hardware.configstore@1.0::ISurfaceFlingerConfigs/default in either framework or device VINTF manifest.
01-01 00:00:14.823  1003   436   436 D BootAnimation: BootAnimationStartTiming start time: 14823ms
01-01 00:00:14.823  1003   436   436 D BootAnimation: BootAnimationPreloadTiming start time: 14823ms
01-01 00:00:14.835  1003   171   171 I HwBinder:171_1: type=1400 audit(0.0:56): avc: denied { read } for name="ion" dev="tmpfs" ino=373 scontext=u:r:automotive_display_service:s0 tcontext=u:object_r:ion_device:s0 tclass=chr_file permissive=1
01-01 00:00:14.835  1003   171   171 I HwBinder:171_1: type=1400 audit(0.0:57): avc: denied { open } for path="/dev/ion" dev="tmpfs" ino=373 scontext=u:r:automotive_display_service:s0 tcontext=u:object_r:ion_device:s0 tclass=chr_file permissive=1
01-01 00:00:14.835  1003   171   171 I HwBinder:171_1: type=1400 audit(0.0:58): avc: denied { ioctl } for path="/dev/ion" dev="tmpfs" ino=373 ioctlcmd=0x4901 scontext=u:r:automotive_display_service:s0 tcontext=u:object_r:ion_device:s0 tclass=chr_file permissive=1
01-01 00:00:14.839  1003   171   446 I DMABUFHEAPS: Using : Non-legacy ION heaps
01-01 00:00:14.841  1000   155   155 I servicemanager: Could not find android.hardware.graphics.allocator.IAllocator/default in the VINTF manifest.
01-01 00:00:14.849  1000   155   155 I servicemanager: Could not find android.hardware.graphics.allocator.IAllocator/default in the VINTF manifest.
01-01 00:00:14.908  1003   436   436 D BootAnimation: /system/media/bootanimation.zip is loaded successfully
01-01 00:00:15.114  root   255   255 I AndroidRuntime: Using default boot image
01-01 00:00:15.114  root   255   255 I AndroidRuntime: Leaving lock profiling enabled
01-01 00:00:15.133  1000   155   155 I servicemanager: Could not find android.hardware.graphics.allocator.IAllocator/default in the VINTF manifest.
01-01 00:00:15.139  1003   174   439 E IPCThreadState: binder thread pool (1 threads) starved for 370 ms
01-01 00:00:15.140  1062   172   445 I EvsApp  : Activated state 4
01-01 00:00:15.149  root   255   255 I zygote  : option[0]=-Xzygote
01-01 00:00:15.149  root   255   255 I zygote  : option[1]=-Xdeny-art-apex-data-files
01-01 00:00:15.149  root   255   255 I zygote  : option[2]=exit
01-01 00:00:15.149  root   255   255 I zygote  : option[3]=vfprintf
01-01 00:00:15.149  root   255   255 I zygote  : option[4]=sensitiveThread
01-01 00:00:15.149  root   255   255 I zygote  : option[5]=-verbose:gc
01-01 00:00:15.149  root   255   255 I zygote  : option[6]=-XX:PerfettoHprof=true
01-01 00:00:15.149  root   255   255 I zygote  : option[7]=-XX:PerfettoJavaHeapStackProf=true
01-01 00:00:15.150  root   255   255 I zygote  : option[8]=-Xms16m
01-01 00:00:15.150  root   255   255 I zygote  : option[9]=-Xmx512m
01-01 00:00:15.150  root   255   255 I zygote  : option[10]=-XX:HeapGrowthLimit=192m
01-01 00:00:15.150  root   255   255 I zygote  : option[11]=-XX:HeapMinFree=512k
01-01 00:00:15.150  root   255   255 I zygote  : option[12]=-XX:HeapMaxFree=8m
01-01 00:00:15.150  root   255   255 I zygote  : option[13]=-XX:HeapTargetUtilization=0.75
01-01 00:00:15.150  root   255   255 I zygote  : option[14]=-Xusejit:true
01-01 00:00:15.150  root   255   255 I zygote  : option[15]=-Xjitsaveprofilinginfo
