01-01 00:00:15.150  root   255   255 I zygote  : option[16]=-XMadviseWillNeedVdexFileSize:104857600
01-01 00:00:15.150  root   255   255 I zygote  : option[17]=-XMadviseWillNeedOdexFileSize:104857600
01-01 00:00:15.150  root   255   255 I zygote  : option[18]=-XMadviseWillNeedArtFileSize:4294967295
01-01 00:00:15.150  root   255   255 I zygote  : option[19]=-XjdwpOptions:suspend=n,server=y
01-01 00:00:15.150  root   255   255 I zygote  : option[20]=-XjdwpProvider:default
01-01 00:00:15.150  root   255   255 I zygote  : option[21]=-Xopaque-jni-ids:swapable
01-01 00:00:15.150  root   255   255 I zygote  : option[22]=-Xlockprofthreshold:500
01-01 00:00:15.150  root   255   255 I zygote  : option[23]=-Xcompiler-option
01-01 00:00:15.150  root   255   255 I zygote  : option[24]=-j2
01-01 00:00:15.150  root   255   255 I zygote  : option[25]=-Xcompiler-option
01-01 00:00:15.151  root   255   255 I zygote  : option[26]=--cpu-set=0,1
01-01 00:00:15.151  root   255   255 I zygote  : option[27]=-Xcompiler-option
01-01 00:00:15.151  root   255   255 I zygote  : option[28]=--instruction-set-variant=cortex-a72
01-01 00:00:15.151  root   255   255 I zygote  : option[29]=-Xcompiler-option
01-01 00:00:15.151  root   255   255 I zygote  : option[30]=--instruction-set-features=default
01-01 00:00:15.151  root   255   255 I zygote  : option[31]=-Xcompiler-option
01-01 00:00:15.151  root   255   255 I zygote  : option[32]=--generate-mini-debug-info
01-01 00:00:15.151  root   255   255 I zygote  : option[33]=-Ximage-compiler-option
01-01 00:00:15.151  root   255   255 I zygote  : option[34]=--runtime-arg
01-01 00:00:15.151  root   255   255 I zygote  : option[35]=-Ximage-compiler-option
01-01 00:00:15.151  root   255   255 I zygote  : option[36]=-Xms64m
01-01 00:00:15.151  root   255   255 I zygote  : option[37]=-Ximage-compiler-option
01-01 00:00:15.151  root   255   255 I zygote  : option[38]=--runtime-arg
01-01 00:00:15.151  root   255   255 I zygote  : option[39]=-Ximage-compiler-option
01-01 00:00:15.151  root   255   255 I zygote  : option[40]=-Xmx64m
01-01 00:00:15.151  root   255   255 I zygote  : option[41]=-Ximage-compiler-option
01-01 00:00:15.151  root   255   255 I zygote  : option[42]=--dirty-image-objects=/system/etc/dirty-image-objects
01-01 00:00:15.151  root   255   255 I zygote  : option[43]=-Ximage-compiler-option
01-01 00:00:15.151  root   255   255 I zygote  : option[44]=--instruction-set-variant=cortex-a72
01-01 00:00:15.152  root   255   255 I zygote  : option[45]=-Ximage-compiler-option
01-01 00:00:15.152  root   255   255 I zygote  : option[46]=--instruction-set-features=default
01-01 00:00:15.152  root   255   255 I zygote  : option[47]=-Ximage-compiler-option
01-01 00:00:15.152  root   255   255 I zygote  : option[48]=--generate-mini-debug-info
01-01 00:00:15.152  root   255   255 I zygote  : option[49]=-Duser.locale=en-US
01-01 00:00:15.152  root   255   255 I zygote  : option[50]=--cpu-abilist=armeabi-v7a,armeabi
01-01 00:00:15.152  root   255   255 I zygote  : option[51]=-Xcore-platform-api-policy:just-warn
01-01 00:00:15.152  root   255   255 I zygote  : option[52]=-Xfingerprint:Raspberry/bosch_hal_v2_0/rpi4:13/TQ3A.230901.001/2:userdebug/test-keys
01-01 00:00:15.184  1066   252   252 W ServiceManager: Service statscompanion didn't start. Returning NULL
01-01 00:00:15.378  1066   252   252 I statsd  : Statsd starts to listen to socket.
01-01 00:00:15.390  root   255   255 W zygote  : ART APEX data files are untrusted.
01-01 00:00:15.396  root   255   255 I zygote  : Core platform API reporting enabled, enforcing=false
01-01 00:00:15.815  1003   436   436 D BootAnimation: BootAnimationPreloadStopTiming start time: 15815ms
01-01 00:00:15.835  1003   436   454 D libEGL  : loaded /vendor/lib64/egl/libEGL_mesa.so
01-01 00:00:15.838  1003   436   454 D libEGL  : loaded /vendor/lib64/egl/libGLESv1_CM_mesa.so
01-01 00:00:15.842  1003   436   454 D libEGL  : loaded /vendor/lib64/egl/libGLESv2_mesa.so
01-01 00:00:15.862  1003   436   454 I DMABUFHEAPS: Using : Non-legacy ION heaps
01-01 00:00:15.863  1003   436   454 I MESA    : Using IMapper v4 API
01-01 00:00:15.868  1003   436   454 W EGL-MAIN: failed to get driver name for fd -1
01-01 00:00:15.869  1003   436   454 W EGL-MAIN: MESA-LOADER: failed to retrieve device information
01-01 00:00:15.869  1003   436   454 W EGL-MAIN: failed to get driver name for fd -1
01-01 00:00:15.878  1000   156   156 I hwservicemanager: getTransport: Cannot find entry android.hardware.configstore@1.0::ISurfaceFlingerConfigs/default in either framework or device VINTF manifest.
01-01 00:00:15.884  1000   155   155 I servicemanager: Could not find android.hardware.graphics.allocator.IAllocator/default in the VINTF manifest.
01-01 00:00:16.151  1003   436   454 D BootAnimation: Playing files = /system/media/bootanimation.zip/part0, Requested repeat = 1, playUntilComplete = true
01-01 00:00:16.209  1000   286   286 I SurfaceFlinger: Enter boot animation
01-01 00:00:16.492  root   255   255 D zygote  : Time zone APEX ICU file found: /apex/com.android.tzdata/etc/icu/icu_tzdata.dat
01-01 00:00:16.502  root   255   255 D zygote  : I18n APEX ICU file found: /apex/com.android.i18n/etc/icu/icudt70l.dat
01-01 00:00:16.504  root   254   254 D zygote64: Time zone APEX ICU file found: /apex/com.android.tzdata/etc/icu/icu_tzdata.dat
01-01 00:00:16.505  root   254   254 D zygote64: I18n APEX ICU file found: /apex/com.android.i18n/etc/icu/icudt70l.dat
01-01 00:00:16.516  root   325   325 W ServiceManager: Service package_native didn't start. Returning NULL
01-01 00:00:16.520  root   325   457 I ServiceManager: Waiting for service 'package_native' on '/dev/binder'...
01-01 00:00:16.703  root   255   255 I zygote  : Using memfd for future sealing
01-01 00:00:16.722  root   254   254 I zygote64: Using memfd for future sealing
01-01 00:00:17.212  1003   436   454 D BootAnimation: Playing files = /system/media/bootanimation.zip/part1, Requested repeat = 1, playUntilComplete = true
01-01 00:00:17.298  root   254   254 D Zygote  : begin preload
01-01 00:00:17.298  root   254   254 I Zygote  : Calling ZygoteHooks.beginPreload()
01-01 00:00:17.321  root   255   255 I zygote  : Explicit concurrent copying GC freed 2246(240KB) AllocSpace objects, 0(0B) LOS objects, 79% free, 403KB/1939KB, paused 201us,50us total 20.917ms
01-01 00:00:17.338  root   255   255 I zygote  : Explicit concurrent copying GC freed 81(50KB) AllocSpace objects, 0(0B) LOS objects, 78% free, 417KB/1953KB, paused 168us,42us total 14.639ms
01-01 00:00:17.401  root   255   255 I Zygote  : Accepting command socket connections
01-01 00:00:17.521  root   254   254 I Zygote  : Preloading classes...
01-01 00:00:17.765  root   254   254 I Typeface: Preloading /system/fonts/Roboto-Regular.ttf
01-01 00:00:17.769  root   254   254 I Typeface: Preloading /system/fonts/RobotoStatic-Regular.ttf
01-01 00:00:17.878  root   254   254 E ActivityRecognitionHardware: activity_recognition HAL is deprecated. class_init is effectively a no-op
01-01 00:00:17.948  1003   436   454 D BootAnimation: Playing files = /system/media/bootanimation.zip/part2, Requested repeat = 0, playUntilComplete = true
01-01 00:00:18.139  root   254   465 I zygote64: Verified 5508 classes from mainline modules in 1.015s
01-01 00:00:18.289  root   254   466 I zygote64: Background concurrent copying GC freed 157120(7262KB) AllocSpace objects, 27(804KB) LOS objects, 49% free, 9031KB/17MB, paused 348us,15us total 101.820ms
01-01 00:00:18.597  root   255   460 I zygote  : Verified 5508 classes from mainline modules in 1.419s
01-01 00:00:18.615 media   323   373 W ServiceManager: Service package_native didn't start. Returning NULL
01-01 00:00:18.616 media   323   373 E ServiceUtilities: getInfo: Cannot find package_native
01-01 00:00:18.627  root   254   254 D MtpDeviceJNI: register_android_mtp_MtpDevice
01-01 00:00:18.630  root   254   254 E MediaProfiles: MediaProfiles::createCamcorderProfile failed to locate quality 720p 
01-01 00:00:18.630  root   254   254 E MediaProfiles: MediaProfiles::createCamcorderProfile failed to locate quality 720p 
01-01 00:00:18.698  root   254   254 I zygote64: Thread[1,tid=254,Native,Thread*=0xb4000077eb4bb010,peer=0x139c0000,"main"] recursive attempt to load library "librtp_jni.so"
01-01 00:00:19.360  root   254   254 W Zygote  : Class not found for preloading: com.android.internal.telephony.ServiceStateTracker$$ExternalSyntheticLambda6
01-01 00:00:19.537  root   254   254 I Zygote  : ...preloaded 16430 classes in 2016ms.
01-01 00:00:19.548  root   254   254 D ApplicationLoaders: Created zygote-cached class loader: /system/framework/android.hidl.base-V1.0-java.jar
01-01 00:00:19.557  root   254   254 D ApplicationLoaders: Created zygote-cached class loader: /system/framework/android.hidl.manager-V1.0-java.jar
01-01 00:00:19.565  root   254   254 D ApplicationLoaders: Created zygote-cached class loader: /system/framework/android.test.base.jar
01-01 00:00:19.565  root   254   254 I Zygote  : Preloading resources...
01-01 00:00:19.602  root   254   254 W Resources: Preloaded drawable resource #0x1080297 (android:drawable/dialog_background_material) that varies with configuration!!
01-01 00:00:19.635  root   254   254 I Zygote  : ...preloaded 64 resources in 70ms.
01-01 00:00:19.640  root   254   254 I Zygote  : ...preloaded 41 resources in 5ms.
01-01 00:00:19.662  root   254   254 D libEGL  : loaded /vendor/lib64/egl/libEGL_mesa.so
01-01 00:00:19.665  root   254   254 D libEGL  : loaded /vendor/lib64/egl/libGLESv1_CM_mesa.so
01-01 00:00:19.669  root   254   254 D libEGL  : loaded /vendor/lib64/egl/libGLESv2_mesa.so
01-01 00:00:19.683  root   254   254 I Zygote  : Preloading shared libraries...
01-01 00:00:19.692  root   254   254 E zygote64: Unable to find pattern file or unable to map it for am
01-01 00:00:19.697  root   254   254 I Zygote  : Called ZygoteHooks.endPreload()
01-01 00:00:19.698  root   254   254 I Zygote  : Installed AndroidKeyStoreProvider in 1ms.
01-01 00:00:19.700  root   254   254 I Zygote  : Warmed up JCA providers in 2ms.
01-01 00:00:19.700  root   254   254 D Zygote  : end preload
01-01 00:00:19.816  root   254   254 I zygote64: Explicit concurrent copying GC freed 160394(6926KB) AllocSpace objects, 6(136KB) LOS objects, 49% free, 10221KB/19MB, paused 224us,15us total 115.667ms
01-01 00:00:19.905  root   254   254 I zygote64: Explicit concurrent copying GC freed 8329(315KB) AllocSpace objects, 1(28KB) LOS objects, 49% free, 9909KB/19MB, paused 38us,14us total 87.825ms
01-01 00:00:19.974  1003   436   454 D BootAnimation: Playing files = /system/media/bootanimation.zip/part2, Requested repeat = 0, playUntilComplete = true
01-01 00:00:20.338  root   254   254 D Zygote  : Forked child process 473
01-01 00:00:20.339  root   254   254 I Zygote  : System server process 473 has been created
01-01 00:00:20.341  root   254   254 I Zygote  : Accepting command socket connections
01-01 00:00:21.575  root   325   457 W ServiceManager: Service package_native didn't start. Returning NULL
01-01 00:00:21.906  root   473   473 I Zygote  : seccomp disabled by setenforce 0
01-01 00:00:21.983  1003   436   454 D BootAnimation: Playing files = /system/media/bootanimation.zip/part2, Requested repeat = 0, playUntilComplete = true
01-01 00:00:22.122  1000   473   473 W system_server: Failed to upload odrefresh metrics: metrics file '/data/misc/odrefresh/odrefresh-metrics.txt' could not be opened: No such file or directory
01-01 00:00:22.132 shell   303   362 I adbd    : jdwp connection from 473
01-01 00:00:23.882  1000   473   497 I incfs   : Initial API level of the device: 33
01-01 00:00:23.883  1000   473   497 I incfs   : ro.incremental.enable: on
01-01 00:00:23.883  1000   473   497 I incfs   : isFsAvailable: false
01-01 00:00:23.965  root   321   352 D installd: Found quota mount /dev/block/mmcblk0p4 at /data
01-01 00:00:23.965  root   321   352 D installd: Found quota mount /dev/block/mmcblk0p4 at /data/user/0
01-01 00:00:23.979  1000   155   155 I servicemanager: Could not find android.hardware.power.stats.IPowerStats/default in the VINTF manifest.
01-01 00:00:23.984  1000   156   156 I hwservicemanager: getTransport: Cannot find entry android.hardware.power.stats@1.0::IPowerStats/default in either framework or device VINTF manifest.
01-01 00:00:23.984  1000   473   473 E PowerStatsService: Unable to get power.stats HAL service.
01-01 00:00:23.984  1000   473   473 E PowerStatsService: nativeInit failed to connect to power.stats HAL
01-01 00:00:23.986  1000   156   156 I hwservicemanager: getTransport: Cannot find entry android.frameworks.stats@1.0::IStats/default in either framework or device VINTF manifest.
01-01 00:00:23.986  1000   473   473 E HidlServiceManagement: Service android.frameworks.stats@1.0::IStats/default must be in VINTF manifest in order to register/get.
01-01 00:00:23.987  1000   473   473 W system_server: Cannot register HIDL android.frameworks.stats@1.0::IStats: -2147483648
01-01 00:00:23.987  1000   155   155 I servicemanager: Found android.frameworks.stats.IStats/default in framework VINTF manifest.
01-01 00:00:23.988  1000   156   156 I hwservicemanager: getTransport: Cannot find entry android.hardware.memtrack@1.0::IMemtrack/default in either framework or device VINTF manifest.
01-01 00:00:23.989  1000   155   155 I servicemanager: Could not find android.hardware.memtrack.IMemtrack/default in the VINTF manifest.
01-01 00:00:23.989  1000   473   473 I Stability: Interface set with vintf stability downgraded to system stability stability
01-01 00:00:23.990  1003   436   454 D BootAnimation: Playing files = /system/media/bootanimation.zip/part2, Requested repeat = 0, playUntilComplete = true
01-01 00:00:24.171  1000   156   156 I hwservicemanager: getTransport: Cannot find entry android.hardware.power.stats@1.0::IPowerStats/default in either framework or device VINTF manifest.
01-01 00:00:24.171  1000   473   506 E BatteryStatsService: Unable to load Power.Stats.HAL. Setting rail availability to false
01-01 00:00:24.173  1000   473   506 E BluetoothAdapter: Bluetooth service is null
01-01 00:00:24.179  1000   197   197 I binder:197_3: type=1400 audit(0.0:59): avc: denied { read } for name="wakeup0" dev="sysfs" ino=19170 scontext=u:r:system_suspend:s0 tcontext=u:object_r:sysfs:s0 tclass=dir permissive=1
01-01 00:00:24.179  1000   197   197 I binder:197_3: type=1400 audit(0.0:60): avc: denied { open } for path="/sys/devices/platform/scb/fd500000.pcie/pci0000:00/0000:00:00.0/0000:01:00.0/wakeup/wakeup0" dev="sysfs" ino=19170 scontext=u:r:system_suspend:s0 tcontext=u:object_r:sysfs:s0 tclass=dir permissive=1
01-01 00:00:24.179  1000   197   197 I binder:197_3: type=1400 audit(0.0:61): avc: denied { read } for name="event_count" dev="sysfs" ino=19177 scontext=u:r:system_suspend:s0 tcontext=u:object_r:sysfs:s0 tclass=file permissive=1
01-01 00:00:24.179  1000   197   197 I binder:197_3: type=1400 audit(0.0:62): avc: denied { open } for path="/sys/devices/platform/scb/fd500000.pcie/pci0000:00/0000:00:00.0/0000:01:00.0/wakeup/wakeup0/event_count" dev="sysfs" ino=19177 scontext=u:r:system_suspend:s0 tcontext=u:object_r:sysfs:s0 tclass=file permissive=1
01-01 00:00:24.179  1000   197   197 I binder:197_3: type=1400 audit(0.0:63): avc: denied { getattr } for path="/sys/devices/platform/scb/fd500000.pcie/pci0000:00/0000:00:00.0/0000:01:00.0/wakeup/wakeup0/event_count" dev="sysfs" ino=19177 scontext=u:r:system_suspend:s0 tcontext=u:object_r:sysfs:s0 tclass=file permissive=1
01-01 00:00:24.375  1000   155   155 I servicemanager: Found android.hardware.power.IPower/default in device VINTF manifest.
01-01 00:00:24.376  9999   282   282 I android.hardware.power-service.example: Power isModeSupported: 7
01-01 00:00:24.377  9999   282   282 I android.hardware.power-service.example: Power isModeSupported: 0
01-01 00:00:24.391  1000   155   155 I servicemanager: Found android.hardware.light.ILights/default in device VINTF manifest.
01-01 00:00:24.479  1000   473   493 W StrictMode: No activity manager; failed to Dropbox violation.
01-01 00:00:24.480  1000   473   493 W StrictMode: No activity manager; failed to Dropbox violation.
01-01 00:00:24.481  1000   473   493 W StrictMode: No activity manager; failed to Dropbox violation.
01-01 00:00:24.481  1000   473   493 W StrictMode: No activity manager; failed to Dropbox violation.
01-01 00:00:24.482  1000   473   493 W StrictMode: No activity manager; failed to Dropbox violation.
01-01 00:00:24.482  1000   473   493 W StrictMode: No activity manager; failed to Dropbox violation.
01-01 00:00:24.483  1000   473   493 W StrictMode: No activity manager; failed to Dropbox violation.
01-01 00:00:24.559  1000   473   473 D FallbackCategoryProvider: Found 1 fallback categories
--------- beginning of system
01-01 00:00:24.674  1000   473   473 E PackageManager: Package com.android.car.media.localmediaplayer was user id 0 but is now user SharedUserSetting{823aa94 com.android.car.media/10042} with id 10042; I am not changing its files so it will probably fail!
01-01 00:00:24.675  1000   473   473 E PackageManager: Package com.android.networkstack.tethering was user id 0 but is now user SharedUserSetting{af14107 android.uid.networkstack/1073} with id 1073; I am not changing its files so it will probably fail!
01-01 00:00:24.676  1000   473   473 E PackageManager: Package com.android.soundpicker was user id 0 but is now user SharedUserSetting{34d8c6e android.media/10025} with id 10025; I am not changing its files so it will probably fail!
01-01 00:00:24.677  1000   473   473 E PackageManager: Package com.android.experimentalcar was user id 0 but is now user SharedUserSetting{ec191ca android.uid.system/1000} with id 1000; I am not changing its files so it will probably fail!
01-01 00:00:24.678  1000   473   473 E PackageManager: Package com.android.cts.ctsshim was user id 0 but is now user SharedUserSetting{b102f5 com.android.cts.ctsshim/10068} with id 10068; I am not changing its files so it will probably fail!
01-01 00:00:24.678  1000   473   473 E PackageManager: Package com.android.phone was user id 0 but is now user SharedUserSetting{93f501f android.uid.phone/1001} with id 1001; I am not changing its files so it will probably fail!
01-01 00:00:24.679  1000   473   473 E PackageManager: Package com.android.shell was user id 0 but is now user SharedUserSetting{3c23356 android.uid.shell/2000} with id 2000; I am not changing its files so it will probably fail!
01-01 00:00:24.680  1000   473   473 E PackageManager: Package com.android.wallpaperbackup was user id 0 but is now user SharedUserSetting{ec191ca android.uid.system/1000} with id 1000; I am not changing its files so it will probably fail!
01-01 00:00:24.680  1000   473   473 E PackageManager: Package com.android.providers.blockednumber was user id 0 but is now user SharedUserSetting{c770273 android.uid.shared/10020} with id 10020; I am not changing its files so it will probably fail!
01-01 00:00:24.681  1000   473   473 E PackageManager: Package com.android.providers.userdictionary was user id 0 but is now user SharedUserSetting{c770273 android.uid.shared/10020} with id 10020; I am not changing its files so it will probably fail!
01-01 00:00:24.682  1000   473   473 E PackageManager: Package com.android.location.fused was user id 0 but is now user SharedUserSetting{ec191ca android.uid.system/1000} with id 1000; I am not changing its files so it will probably fail!
01-01 00:00:24.683  1000   473   473 E PackageManager: Package com.android.systemui was user id 0 but is now user SharedUserSetting{59ab83a android.uid.systemui/10088} with id 10088; I am not changing its files so it will probably fail!
01-01 00:00:24.683  1000   473   473 E PackageManager: Package com.android.bluetooth was user id 0 but is now user SharedUserSetting{10500e1 android.uid.bluetooth/1002} with id 1002; I am not changing its files so it will probably fail!
01-01 00:00:24.684  1000   473   473 E PackageManager: Package com.android.providers.contacts was user id 0 but is now user SharedUserSetting{c770273 android.uid.shared/10020} with id 10020; I am not changing its files so it will probably fail!
01-01 00:00:24.978  1000   473   473 V SLog    : static_init took to complete: 2ms
01-01 00:00:24.978  1000   473   473 W PackageSettings: Missing permission state for package com.android.uwb.resources on user 0
01-01 00:00:24.978  1000   473   473 W PackageSettings: Missing permission state for package com.android.internal.display.cutout.emulation.corner on user 0
01-01 00:00:24.978  1000   473   473 W PackageSettings: Missing permission state for package com.android.internal.display.cutout.emulation.double on user 0
01-01 00:00:24.978  1000   473   473 W PackageSettings: Missing permission state for package com.android.internal.systemui.navbar.gestural_wide_back on user 0
01-01 00:00:24.979  1000   473   473 W PackageSettings: Missing permission state for package com.android.virtualmachine.res on user 0
01-01 00:00:24.979  1000   473   473 W PackageSettings: Missing permission state for package com.android.providers.settings.rpi on user 0
01-01 00:00:24.979  1000   473   473 W PackageSettings: Missing permission state for package com.android.connectivity.resources on user 0
01-01 00:00:24.979  1000   473   473 W PackageSettings: Missing permission state for package com.android.internal.display.cutout.emulation.hole on user 0
01-01 00:00:24.979  1000   473   473 W PackageSettings: Missing permission state for package com.android.internal.display.cutout.emulation.tall on user 0
01-01 00:00:24.979  1000   473   473 W PackageSettings: Missing permission state for package com.android.internal.systemui.navbar.threebutton on user 0
01-01 00:00:24.979  1000   473   473 W PackageSettings: Missing permission state for package com.android.car.scriptexecutor on user 0
01-01 00:00:24.979  1000   473   473 W PackageSettings: Missing permission state for package com.android.compos.payload on user 0
01-01 00:00:24.980  1000   473   473 W PackageSettings: Missing permission state for package com.android.internal.systemui.navbar.gestural_extra_wide_back on user 0
01-01 00:00:24.980  1000   473   473 W PackageSettings: Missing permission state for package com.android.wifi.resources.rpi on user 0
01-01 00:00:24.980  1000   473   473 W PackageSettings: Missing permission state for package com.android.car.frameworkpackagestubs on user 0
01-01 00:00:24.980  1000   473   473 W PackageSettings: Missing permission state for package com.android.dreams.basic on user 0
01-01 00:00:24.980  1000   473   473 W PackageSettings: Missing permission state for package com.android.car.resources.rpi on user 0
01-01 00:00:24.980  1000   473   473 W PackageSettings: Missing permission state for package android.ext.shared on user 0
01-01 00:00:24.980  1000   473   473 W PackageSettings: Missing permission state for package com.android.wifi.resources on user 0
01-01 00:00:24.980  1000   473   473 W PackageSettings: Missing permission state for package com.android.cameraextensions on user 0
01-01 00:00:24.980  1000   473   473 W PackageSettings: Missing permission state for package com.android.theme.font.notoserifsource on user 0
01-01 00:00:24.980  1000   473   473 W PackageSettings: Missing permission state for package com.android.internal.display.cutout.emulation.waterfall on user 0
01-01 00:00:24.981  1000   473   473 W PackageSettings: Missing permission state for package android.rpi on user 0
01-01 00:00:24.981  1000   473   473 W PackageSettings: Missing permission state for package com.android.bookmarkprovider on user 0
01-01 00:00:24.981  1000   473   473 W PackageSettings: Missing permission state for package com.android.permissioncontroller.car.rro on user 0
01-01 00:00:24.981  1000   473   473 W PackageSettings: Missing permission state for package com.android.internal.systemui.navbar.gestural on user 0
01-01 00:00:24.981  1000   473   473 W PackageSettings: Missing permission state for package com.android.car.updatable on user 0
01-01 00:00:24.982  1000   473   473 W PackageSettings: Missing permission state for package com.android.internal.systemui.navbar.gestural_narrow_back on user 0
01-01 00:00:24.983  1000   473   473 W PackageSettings: Missing permission state for shared user: android.uid.log
01-01 00:00:24.983  1000   473   473 W PackageSettings: Missing permission state for shared user: android.uid.uwb
01-01 00:00:25.005  1000   473   473 W PackageSettings: Missing permission state for package com.android.uwb.resources on user 10
01-01 00:00:25.005  1000   473   473 W PackageSettings: Missing permission state for package com.android.internal.display.cutout.emulation.corner on user 10
01-01 00:00:25.005  1000   473   473 W PackageSettings: Missing permission state for package com.android.internal.display.cutout.emulation.double on user 10
01-01 00:00:25.005  1000   473   473 W PackageSettings: Missing permission state for package com.android.internal.systemui.navbar.gestural_wide_back on user 10
01-01 00:00:25.005  1000   473   473 W PackageSettings: Missing permission state for package com.android.virtualmachine.res on user 10
01-01 00:00:25.005  1000   473   473 W PackageSettings: Missing permission state for package com.android.providers.settings.rpi on user 10
01-01 00:00:25.006  1000   473   473 W PackageSettings: Missing permission state for package com.android.connectivity.resources on user 10
01-01 00:00:25.006  1000   473   473 W PackageSettings: Missing permission state for package com.android.internal.display.cutout.emulation.hole on user 10
01-01 00:00:25.006  1000   473   473 W PackageSettings: Missing permission state for package com.android.internal.display.cutout.emulation.tall on user 10
01-01 00:00:25.006  1000   473   473 W PackageSettings: Missing permission state for package com.android.internal.systemui.navbar.threebutton on user 10
01-01 00:00:25.006  1000   473   473 W PackageSettings: Missing permission state for package com.android.car.scriptexecutor on user 10
01-01 00:00:25.006  1000   473   473 W PackageSettings: Missing permission state for package com.android.compos.payload on user 10
01-01 00:00:25.006  1000   473   473 W PackageSettings: Missing permission state for package com.android.internal.systemui.navbar.gestural_extra_wide_back on user 10
01-01 00:00:25.006  1000   473   473 W PackageSettings: Missing permission state for package com.android.wifi.resources.rpi on user 10
01-01 00:00:25.006  1000   473   473 W PackageSettings: Missing permission state for package com.android.car.frameworkpackagestubs on user 10
01-01 00:00:25.007  1000   473   473 W PackageSettings: Missing permission state for package com.android.dreams.basic on user 10
01-01 00:00:25.007  1000   473   473 W PackageSettings: Missing permission state for package com.android.car.resources.rpi on user 10
01-01 00:00:25.007  1000   473   473 W PackageSettings: Missing permission state for package android.ext.shared on user 10
01-01 00:00:25.007  1000   473   473 W PackageSettings: Missing permission state for package com.android.wifi.resources on user 10
01-01 00:00:25.007  1000   473   473 W PackageSettings: Missing permission state for package com.android.cameraextensions on user 10
01-01 00:00:25.007  1000   473   473 W PackageSettings: Missing permission state for package com.android.theme.font.notoserifsource on user 10
01-01 00:00:25.007  1000   473   473 W PackageSettings: Missing permission state for package com.android.internal.display.cutout.emulation.waterfall on user 10
01-01 00:00:25.007  1000   473   473 W PackageSettings: Missing permission state for package android.rpi on user 10
01-01 00:00:25.008  1000   473   473 W PackageSettings: Missing permission state for package com.android.bookmarkprovider on user 10
01-01 00:00:25.008  1000   473   473 W PackageSettings: Missing permission state for package com.android.permissioncontroller.car.rro on user 10
01-01 00:00:25.008  1000   473   473 W PackageSettings: Missing permission state for package com.android.internal.systemui.navbar.gestural on user 10
01-01 00:00:25.008  1000   473   473 W PackageSettings: Missing permission state for package com.android.car.updatable on user 10
01-01 00:00:25.008  1000   473   473 W PackageSettings: Missing permission state for package com.android.internal.systemui.navbar.gestural_narrow_back on user 10
01-01 00:00:25.009  1000   473   473 W PackageSettings: Missing permission state for shared user: android.uid.log
01-01 00:00:25.009  1000   473   473 W PackageSettings: Missing permission state for shared user: android.uid.uwb
01-01 00:00:25.023  1000   473   473 W PackageSettings: Missing permission state for package com.android.uwb.resources on user 11
01-01 00:00:25.024  1000   473   473 W PackageSettings: Missing permission state for package com.android.internal.display.cutout.emulation.corner on user 11
01-01 00:00:25.024  1000   473   473 W PackageSettings: Missing permission state for package com.android.internal.display.cutout.emulation.double on user 11
01-01 00:00:25.024  1000   473   473 W PackageSettings: Missing permission state for package com.android.internal.systemui.navbar.gestural_wide_back on user 11
01-01 00:00:25.024  1000   473   473 W PackageSettings: Missing permission state for package com.android.virtualmachine.res on user 11
01-01 00:00:25.024  1000   473   473 W PackageSettings: Missing permission state for package com.android.providers.settings.rpi on user 11
01-01 00:00:25.024  1000   473   473 W PackageSettings: Missing permission state for package com.android.connectivity.resources on user 11
01-01 00:00:25.024  1000   473   473 W PackageSettings: Missing permission state for package com.android.internal.display.cutout.emulation.hole on user 11
01-01 00:00:25.024  1000   473   473 W PackageSettings: Missing permission state for package com.android.internal.display.cutout.emulation.tall on user 11
01-01 00:00:25.024  1000   473   473 W PackageSettings: Missing permission state for package com.android.internal.systemui.navbar.threebutton on user 11
01-01 00:00:25.024  1000   473   473 W PackageSettings: Missing permission state for package com.android.car.scriptexecutor on user 11
01-01 00:00:25.025  1000   473   473 W PackageSettings: Missing permission state for package com.android.compos.payload on user 11
01-01 00:00:25.025  1000   473   473 W PackageSettings: Missing permission state for package com.android.internal.systemui.navbar.gestural_extra_wide_back on user 11
01-01 00:00:25.025  1000   473   473 W PackageSettings: Missing permission state for package com.android.wifi.resources.rpi on user 11
01-01 00:00:25.025  1000   473   473 W PackageSettings: Missing permission state for package com.android.car.frameworkpackagestubs on user 11
01-01 00:00:25.025  1000   473   473 W PackageSettings: Missing permission state for package com.android.dreams.basic on user 11
01-01 00:00:25.025  1000   473   473 W PackageSettings: Missing permission state for package com.android.car.resources.rpi on user 11
01-01 00:00:25.025  1000   473   473 W PackageSettings: Missing permission state for package android.ext.shared on user 11
01-01 00:00:25.025  1000   473   473 W PackageSettings: Missing permission state for package com.android.wifi.resources on user 11
01-01 00:00:25.025  1000   473   473 W PackageSettings: Missing permission state for package com.android.cameraextensions on user 11
01-01 00:00:25.025  1000   473   473 W PackageSettings: Missing permission state for package com.android.theme.font.notoserifsource on user 11
01-01 00:00:25.025  1000   473   473 W PackageSettings: Missing permission state for package com.android.internal.display.cutout.emulation.waterfall on user 11
01-01 00:00:25.026  1000   473   473 W PackageSettings: Missing permission state for package android.rpi on user 11
01-01 00:00:25.026  1000   473   473 W PackageSettings: Missing permission state for package com.android.bookmarkprovider on user 11
01-01 00:00:25.026  1000   473   473 W PackageSettings: Missing permission state for package com.android.permissioncontroller.car.rro on user 11
01-01 00:00:25.026  1000   473   473 W PackageSettings: Missing permission state for package com.android.internal.systemui.navbar.gestural on user 11
01-01 00:00:25.026  1000   473   473 W PackageSettings: Missing permission state for package com.android.car.updatable on user 11
01-01 00:00:25.026  1000   473   473 W PackageSettings: Missing permission state for package com.android.internal.systemui.navbar.gestural_narrow_back on user 11
01-01 00:00:25.027  1000   473   473 W PackageSettings: Missing permission state for shared user: android.uid.log
01-01 00:00:25.027  1000   473   473 W PackageSettings: Missing permission state for shared user: android.uid.uwb
01-01 00:00:25.049  1000   473   473 W PackageSettings: Missing permission state for package com.android.uwb.resources on user 12
01-01 00:00:25.049  1000   473   473 W PackageSettings: Missing permission state for package com.android.internal.display.cutout.emulation.corner on user 12
01-01 00:00:25.049  1000   473   473 W PackageSettings: Missing permission state for package com.android.internal.display.cutout.emulation.double on user 12
01-01 00:00:25.049  1000   473   473 W PackageSettings: Missing permission state for package com.android.internal.systemui.navbar.gestural_wide_back on user 12
01-01 00:00:25.049  1000   473   473 W PackageSettings: Missing permission state for package com.android.virtualmachine.res on user 12
01-01 00:00:25.050  1000   473   473 W PackageSettings: Missing permission state for package com.android.providers.settings.rpi on user 12
01-01 00:00:25.050  1000   473   473 W PackageSettings: Missing permission state for package com.android.connectivity.resources on user 12
01-01 00:00:25.050  1000   473   473 W PackageSettings: Missing permission state for package com.android.internal.display.cutout.emulation.hole on user 12
01-01 00:00:25.050  1000   473   473 W PackageSettings: Missing permission state for package com.android.internal.display.cutout.emulation.tall on user 12
01-01 00:00:25.050  1000   473   473 W PackageSettings: Missing permission state for package com.android.internal.systemui.navbar.threebutton on user 12
01-01 00:00:25.050  1000   473   473 W PackageSettings: Missing permission state for package com.android.car.scriptexecutor on user 12
01-01 00:00:25.050  1000   473   473 W PackageSettings: Missing permission state for package com.android.compos.payload on user 12
01-01 00:00:25.050  1000   473   473 W PackageSettings: Missing permission state for package com.android.internal.systemui.navbar.gestural_extra_wide_back on user 12
01-01 00:00:25.050  1000   473   473 W PackageSettings: Missing permission state for package com.android.wifi.resources.rpi on user 12
01-01 00:00:25.051  1000   473   473 W PackageSettings: Missing permission state for package com.android.car.frameworkpackagestubs on user 12
01-01 00:00:25.051  1000   473   473 W PackageSettings: Missing permission state for package com.android.dreams.basic on user 12
01-01 00:00:25.051  1000   473   473 W PackageSettings: Missing permission state for package com.android.car.resources.rpi on user 12
01-01 00:00:25.051  1000   473   473 W PackageSettings: Missing permission state for package android.ext.shared on user 12
01-01 00:00:25.051  1000   473   473 W PackageSettings: Missing permission state for package com.android.wifi.resources on user 12
01-01 00:00:25.051  1000   473   473 W PackageSettings: Missing permission state for package com.android.cameraextensions on user 12
01-01 00:00:25.051  1000   473   473 W PackageSettings: Missing permission state for package com.android.theme.font.notoserifsource on user 12
01-01 00:00:25.051  1000   473   473 W PackageSettings: Missing permission state for package com.android.internal.display.cutout.emulation.waterfall on user 12
01-01 00:00:25.051  1000   473   473 W PackageSettings: Missing permission state for package android.rpi on user 12
01-01 00:00:25.052  1000   473   473 W PackageSettings: Missing permission state for package com.android.bookmarkprovider on user 12
01-01 00:00:25.052  1000   473   473 W PackageSettings: Missing permission state for package com.android.permissioncontroller.car.rro on user 12
01-01 00:00:25.052  1000   473   473 W PackageSettings: Missing permission state for package com.android.internal.systemui.navbar.gestural on user 12
01-01 00:00:25.052  1000   473   473 W PackageSettings: Missing permission state for package com.android.car.updatable on user 12
01-01 00:00:25.052  1000   473   473 W PackageSettings: Missing permission state for package com.android.internal.systemui.navbar.gestural_narrow_back on user 12
01-01 00:00:25.053  1000   473   473 W PackageSettings: Missing permission state for shared user: android.uid.log
01-01 00:00:25.053  1000   473   473 W PackageSettings: Missing permission state for shared user: android.uid.uwb
01-01 00:00:25.055  1000   473   473 V PackageManagerTiming: read user settings took to complete: 495ms
01-01 00:00:25.102  1000   473   473 D PackageManager: Directories scanned as system partitions: [/system:0, /vendor:524288, /odm:4194304, /oem:262144, /system/product:1048576, /system/system_ext:2097152, /apex/com.android.virt:8388608, /apex/com.android.compos:8388608, /apex/com.android.wifi:8388608, /apex/com.android.vndk.v33:8388608, /apex/com.android.uwb:8388608, /apex/com.android.tzdata:8388608, /apex/com.android.tethering:8388608, /apex/com.android.sdkext:8388608, /apex/com.android.scheduling:8388608, /apex/com.android.runtime:8388608, /apex/com.android.resolv:8388608, /apex/com.android.permission:8388608, /apex/com.android.os.statsd:8388608, /apex/com.android.ondevicepersonalization:8388608, /apex/com.android.neuralnetworks:8388608, /apex/com.android.mediaprovider:8388608, /apex/com.android.media.swcodec:8388608, /apex/com.android.media:8388608, /apex/com.android.ipsec:8388608, /apex/com.android.i18n:8388608, /apex/com.android.extservices:8388608, /apex/com.android.conscrypt:8388608, /apex/com.android.car.framework:8388608, /apex/com.android.btservices:8388608, /apex/com.android.art:8388608, /apex/com.android.appsearch:8388608, /apex/com.android.adservices:8388608, /apex/com.android.adbd:8388608]
01-01 00:00:25.104  1000   473   473 D PackageManager: Keeping known cache a1c7e2f7d6a773372358ee95cd2d275d6e9f09fc
01-01 00:00:25.105  1000   473   473 D PackageManager: No files in app dir /system/system_ext/overlay
01-01 00:00:25.112  1000   473   473 I PackageBackwardCompatibility: Loaded android.content.pm.AndroidTestBaseUpdater
01-01 00:00:25.114  1000   473   473 D CompatibilityChangeReporter: Compat change id reported: 143539591; UID -1; state: DISABLED
01-01 00:00:25.114  1000   473   473 D CompatibilityChangeReporter: Compat change id reported: 168782947; UID -1; state: ENABLED
01-01 00:00:25.126  1000   473   473 D PackageManager: No files in app dir /oem/overlay
01-01 00:00:25.126  1000   473   473 D PackageManager: No files in app dir /odm/overlay
01-01 00:00:25.137  1000   473   473 W PackageManager: Failed to parse /system/framework/oat: Missing base APK in /system/framework/oat
01-01 00:00:25.137  1000   473   473 W PackageManager: Failed to parse /system/framework/arm64: Missing base APK in /system/framework/arm64
01-01 00:00:25.138  1000   473   473 W PackageManager: Failed to parse /system/framework/arm: Missing base APK in /system/framework/arm
01-01 00:00:25.195  1000   473   473 D CompatibilityChangeReporter: Compat change id reported: 168782947; UID -1; state: DISABLED
01-01 00:00:25.271  1000   473   473 I PackageManager: /system/priv-app/NetworkStack changed; collecting certs
01-01 00:00:25.286  1000   473   473 W PackageManager: Failed to scan /system/priv-app/NetworkStack: Application package com.android.networkstack already installed.  Skipping duplicate.
01-01 00:00:25.292  1000   473   473 I PackageManager: Replacing default ResolverActivity with custom activity: ComponentInfo{com.android.car.activityresolver/com.android.car.activityresolver.CarResolverActivity}
01-01 00:00:25.355  1000   473   473 D PackageManager: No files in app dir /vendor/priv-app
01-01 00:00:25.355  1000   473   473 D PackageManager: No files in app dir /vendor/app
01-01 00:00:25.356  1000   473   473 D PackageManager: No files in app dir /odm/priv-app
01-01 00:00:25.356  1000   473   473 D PackageManager: No files in app dir /odm/app
01-01 00:00:25.356  1000   473   473 D PackageManager: No files in app dir /oem/app
01-01 00:00:25.419  1000   473   473 D PackageManager: No files in app dir /apex/com.android.virt/priv-app
01-01 00:00:25.420  1000   473   520 W PackageCacher: Failed to find APEX file backing /apex/com.android.virt/app/android.system.virtualmachine.res@TQ3A.230901.001
01-01 00:00:25.423  1000   473   473 D PackageManager: No files in app dir /apex/com.android.compos/priv-app
01-01 00:00:25.424  1000   473   522 W PackageCacher: Failed to find APEX file backing /apex/com.android.compos/app/CompOSPayloadApp@TQ3A.230901.001
01-01 00:00:25.428  1000   473   521 W PackageCacher: Failed to find APEX file backing /apex/com.android.wifi/priv-app/ServiceWifiResources@TQ3A.230901.001
01-01 00:00:25.434  1000   473   519 W PackageCacher: Failed to find APEX file backing /apex/com.android.wifi/app/OsuLogin@TQ3A.230901.001
01-01 00:00:25.434  1000   473   520 W PackageCacher: Failed to find APEX file backing /apex/com.android.wifi/app/WifiDialog@TQ3A.230901.001
01-01 00:00:25.440  1000   473   473 D PackageManager: No files in app dir /apex/com.android.vndk.v33/priv-app
01-01 00:00:25.440  1000   473   473 D PackageManager: No files in app dir /apex/com.android.vndk.v33/app
01-01 00:00:25.441  1000   473   522 W PackageCacher: Failed to find APEX file backing /apex/com.android.uwb/priv-app/ServiceUwbResources@TQ3A.230901.001
01-01 00:00:25.445  1000   473   473 D PackageManager: No files in app dir /apex/com.android.uwb/app
01-01 00:00:25.445  1000   473   473 D PackageManager: No files in app dir /apex/com.android.tzdata/priv-app
01-01 00:00:25.445  1000   473   473 D PackageManager: No files in app dir /apex/com.android.tzdata/app
01-01 00:00:25.446  1000   473   521 W PackageCacher: Failed to find APEX file backing /apex/com.android.tethering/priv-app/ServiceConnectivityResources@TQ3A.230901.001
01-01 00:00:25.447  1000   473   519 W PackageCacher: Failed to find APEX file backing /apex/com.android.tethering/priv-app/TetheringNext@TQ3A.230901.001
01-01 00:00:25.454  1000   473   520 W PackageCacher: Failed to find APEX file backing /apex/com.android.tethering/app/HalfSheetUX@TQ3A.230901.001
01-01 00:00:25.458  1000   473   473 D PackageManager: No files in app dir /apex/com.android.sdkext/priv-app
01-01 00:00:25.458  1000   473   473 D PackageManager: No files in app dir /apex/com.android.sdkext/app
01-01 00:00:25.459  1000   473   473 D PackageManager: No files in app dir /apex/com.android.scheduling/priv-app
01-01 00:00:25.459  1000   473   473 D PackageManager: No files in app dir /apex/com.android.scheduling/app
01-01 00:00:25.459  1000   473   473 D PackageManager: No files in app dir /apex/com.android.runtime/priv-app
01-01 00:00:25.459  1000   473   473 D PackageManager: No files in app dir /apex/com.android.runtime/app
01-01 00:00:25.459  1000   473   473 D PackageManager: No files in app dir /apex/com.android.resolv/priv-app
01-01 00:00:25.460  1000   473   473 D PackageManager: No files in app dir /apex/com.android.resolv/app
01-01 00:00:25.461  1000   473   522 W PackageCacher: Failed to find APEX file backing /apex/com.android.permission/priv-app/SafetyCenterResources@TQ3A.230901.001
01-01 00:00:25.462  1000   473   521 W PackageCacher: Failed to find APEX file backing /apex/com.android.permission/priv-app/PermissionController@TQ3A.230901.001
01-01 00:00:25.470  1000   473   473 D PackageManager: No files in app dir /apex/com.android.permission/app
01-01 00:00:25.470  1000   473   473 D PackageManager: No files in app dir /apex/com.android.os.statsd/priv-app
01-01 00:00:25.471  1000   473   473 D PackageManager: No files in app dir /apex/com.android.os.statsd/app
01-01 00:00:25.471  1000   473   473 D PackageManager: No files in app dir /apex/com.android.ondevicepersonalization/priv-app
01-01 00:00:25.472  1000   473   519 W PackageCacher: Failed to find APEX file backing /apex/com.android.ondevicepersonalization/app/OnDevicePersonalization@TQ3A.230901.001
01-01 00:00:25.476  1000   473   473 D PackageManager: No files in app dir /apex/com.android.neuralnetworks/priv-app
01-01 00:00:25.477  1000   473   473 D PackageManager: No files in app dir /apex/com.android.neuralnetworks/app
01-01 00:00:25.478  1000   473   520 W PackageCacher: Failed to find APEX file backing /apex/com.android.mediaprovider/priv-app/MediaProvider@TQ3A.230901.001
01-01 00:00:25.482  1000   473   473 D PackageManager: No files in app dir /apex/com.android.mediaprovider/app
01-01 00:00:25.483  1000   473   473 D PackageManager: No files in app dir /apex/com.android.media.swcodec/priv-app
01-01 00:00:25.483  1000   473   473 D PackageManager: No files in app dir /apex/com.android.media.swcodec/app
01-01 00:00:25.483  1000   473   473 D PackageManager: No files in app dir /apex/com.android.media/priv-app
01-01 00:00:25.483  1000   473   473 D PackageManager: No files in app dir /apex/com.android.media/app
01-01 00:00:25.483  1000   473   473 D PackageManager: No files in app dir /apex/com.android.ipsec/priv-app
01-01 00:00:25.483  1000   473   473 D PackageManager: No files in app dir /apex/com.android.ipsec/app
01-01 00:00:25.484  1000   473   473 D PackageManager: No files in app dir /apex/com.android.i18n/priv-app
01-01 00:00:25.484  1000   473   473 D PackageManager: No files in app dir /apex/com.android.i18n/app
01-01 00:00:25.485  1000   473   522 W PackageCacher: Failed to find APEX file backing /apex/com.android.extservices/priv-app/ExtServices@TQ3A.230901.001
01-01 00:00:25.490  1000   473   473 D PackageManager: No files in app dir /apex/com.android.extservices/app
01-01 00:00:25.490  1000   473   473 D PackageManager: No files in app dir /apex/com.android.conscrypt/priv-app
01-01 00:00:25.490  1000   473   473 D PackageManager: No files in app dir /apex/com.android.conscrypt/app
01-01 00:00:25.491  1000   473   521 W PackageCacher: Failed to find APEX file backing /apex/com.android.car.framework/priv-app/CarServiceUpdatable@TQ3A.230901.001
01-01 00:00:25.498  1000   473   519 W PackageCacher: Failed to find APEX file backing /apex/com.android.car.framework/app/ScriptExecutor@TQ3A.230901.001
01-01 00:00:25.502  1000   473   473 D PackageManager: No files in app dir /apex/com.android.btservices/priv-app
01-01 00:00:25.503  1000   473   520 W PackageCacher: Failed to find APEX file backing /apex/com.android.btservices/app/Bluetooth@TQ3A.230901.001
01-01 00:00:25.509  1000   473   473 D PackageManager: No files in app dir /apex/com.android.art/priv-app
01-01 00:00:25.510  1000   473   473 D PackageManager: No files in app dir /apex/com.android.art/app
01-01 00:00:25.510  1000   473   473 D PackageManager: No files in app dir /apex/com.android.appsearch/priv-app
01-01 00:00:25.510  1000   473   473 D PackageManager: No files in app dir /apex/com.android.appsearch/app
01-01 00:00:25.512  1000   473   522 W PackageCacher: Failed to find APEX file backing /apex/com.android.adservices/priv-app/AdServicesApk@TQ3A.230901.001
01-01 00:00:25.516  1000   473   521 W PackageCacher: Failed to find APEX file backing /apex/com.android.adservices/app/SdkSandbox@TQ3A.230901.001
01-01 00:00:25.520  1000   473   473 D PackageManager: No files in app dir /apex/com.android.adbd/priv-app
01-01 00:00:25.520  1000   473   473 D PackageManager: No files in app dir /apex/com.android.adbd/app
01-01 00:00:25.537  1000   473   473 I PackageManager: Finished scanning system apps. Time: 438 ms, packageCount: 137 , timePerPackage: 3 , cached: 138
01-01 00:00:25.539  1000   473   473 D PackageManager: No files in app dir /data/app
01-01 00:00:25.539  1000   473   473 I PackageManager: Finished scanning non-system apps. Time: 2 ms, packageCount: 0 , timePerPackage: 0 , cached: 0
01-01 00:00:25.540  1000   473   473 W PackageManager: Missing required system package: .
01-01 00:00:25.540  1000   473   473 W PackageManager: Missing required system package: .
01-01 00:00:25.541  1000   473   473 W PackageManager: Missing required system package: com.android.launcher3.
01-01 00:00:25.544  1000   473   473 I PackageManager: Time to scan packages: 0.445 seconds
01-01 00:00:25.544  1000   473   473 I PackageManager: Permission ownership changed. Updating all permissions.
01-01 00:00:25.607  1000   473   473 V PackageManager: reconcileAppsData for null u0 0x3 migrateAppData=true
01-01 00:00:25.627  root   321   352 I SELinux : SELinux: Loaded file_contexts
01-01 00:00:25.781  1000   473   473 V PackageManager: reconcileAppsData finished 25 packages
01-01 00:00:25.782  1000   473   473 D PackageManagerTiming: write settings
01-01 00:00:25.782  1000   473   523 D SystemServerTimingAsync: InitThreadPoolExec:prepareAppData
01-01 00:00:25.782  1000   473   523 D SystemServerInitThreadPool: Started executing prepareAppData
01-01 00:00:25.783  root   321   352 D installd: Found valid user 12
01-01 00:00:25.783  root   321   352 D installd: Found valid user 10
01-01 00:00:25.783  root   321   352 D installd: Found valid user 11
01-01 00:00:25.825  1000   473   473 I SELinux : SELinux: Loaded file_contexts
01-01 00:00:25.887  1000   473   473 V PackageManagerTiming: write settings took to complete: 105ms
01-01 00:00:25.888  1000   473   473 W PackageManager: There should probably be a verifier, but, none were found
01-01 00:00:25.888  1000   473   473 W PackageManager: Domain verification agent not found
