01-01 00:00:10.371  1000   156   156 I servicemanager: Found android.hardware.health.IHealth/default in device VINTF manifest.
01-01 00:00:10.371  1000   273   273 I android.hardware.health-service.rpi: default: Hal init done
01-01 00:00:10.374  root     0     0 W healthd : battery none chg=
01-01 00:00:10.382  root     0     0 W         : using random host ethernet address
01-01 00:00:10.387  1000   271   271 I DMABUFHEAPS: Using : Non-legacy ION heaps
01-01 00:00:10.390  1000   271   271 I HidlServiceManagement: Registered android.hardware.graphics.allocator@4.0::IAllocator/default
01-01 00:00:10.390  1000   271   271 I HidlServiceManagement: Removing namespace from process name android.hardware.graphics.allocator@4.0-service.minigbm_gbm_mesa to allocator@4.0-service.minigbm_gbm_mesa.
01-01 00:00:10.391  1000   271   271 I AllocatorService: IAllocator 4.0 service is initialized.
01-01 00:00:10.415  1000   156   156 I servicemanager: Found android.hardware.power.IPower/default in device VINTF manifest.
01-01 00:00:10.420  1000   282   282 I HidlServiceManagement: Registered android.hardware.usb@1.0::IUsb/default
01-01 00:00:10.420  1000   282   282 I HidlServiceManagement: Removing namespace from process name android.hardware.usb@1.0-service to usb@1.0-service.
01-01 00:00:10.420  1000   282   282 I android.hardware.usb@1.0-service: USB HAL Ready.
01-01 00:00:10.458  1000   280   280 I android.hardware.thermal@2.0-service-mock: Thermal HAL Service Mock 2.0 starting...
01-01 00:00:10.462  1000   280   280 I HidlServiceManagement: Registered android.hardware.thermal@2.0::IThermal/default
01-01 00:00:10.462  1000   280   280 I HidlServiceManagement: Removing namespace from process name android.hardware.thermal@2.0-service.mock to thermal@2.0-service.mock.
01-01 00:00:10.463  1000   280   280 I android.hardware.thermal@2.0-service-mock: Thermal Service started successfully.
01-01 00:00:10.498  root   255   255 I netd    : Creating child chains: 161385us
01-01 00:00:10.498  root   255   255 I netd    : Setting up OEM hooks: 255us
01-01 00:00:10.500  root   255   255 I netd    : Setting up FirewallController hooks: 2019us
01-01 00:00:10.506  root   255   255 I netd    : Setting up TetherController hooks: 6159us
01-01 00:00:10.512  root   255   255 I netd    : Setting up BandwidthController hooks: 6094us
01-01 00:00:10.512  root   255   255 I netd    : Setting up IdletimerController hooks: 133us
01-01 00:00:10.520  1000   281   281 D hdmi_cec: open_hdmi_cec: id=hdmi_cec_hw_if
01-01 00:00:10.520  1000   281   281 D hdmi_cec: cec_init: type=4
01-01 00:00:10.520  1000   281   281 D hdmi_cec: cec_init: vendor_id=0c03
01-01 00:00:10.521  1000   281   281 D hdmi_cec: cec_init: version=5
01-01 00:00:10.521  1000   281   281 D hdmi_cec: cec_init: initialized CEC controller
01-01 00:00:10.521  1000   281   297 I hdmi_cec: event_thread start!
01-01 00:00:10.522  root   255   255 I netd    : Setting up StrictController hooks: 9482us
01-01 00:00:10.522  1000   281   281 I HidlServiceManagement: Registered android.hardware.tv.cec@1.0::IHdmiCec/default
01-01 00:00:10.522  1000   281   281 I HidlServiceManagement: Removing namespace from process name android.hardware.tv.cec@1.0-service to cec@1.0-service.
01-01 00:00:10.523  1000   281   281 I LegacySupport: Registration complete for android.hardware.tv.cec@1.0::IHdmiCec/default.
01-01 00:00:10.519  1000   281   281 I android.hardwar: type=1400 audit(0.0:5): avc: denied { read } for name="u:object_r:default_prop:s0" dev="tmpfs" ino=99 scontext=u:r:hal_tv_cec_default:s0 tcontext=u:object_r:default_prop:s0 tclass=file permissive=1
01-01 00:00:10.556  root   255   255 I netd    : Enabling bandwidth control: 34282us
01-01 00:00:10.560  root   255   255 I netd    : Initializing RouteController: 3457us
01-01 00:00:10.560  root   255   255 D XfrmController: XfrmController::ipSecAddXfrmInterface, line=1480
01-01 00:00:10.564  root   255   255 D XfrmController: XfrmController::ipSecRemoveTunnelInterface, line=1693
01-01 00:00:10.564  root   255   255 D XfrmController: deviceName=ipsec_test
01-01 00:00:10.519  1000   281   281 I android.hardwar: type=1400 audit(0.0:6): avc: denied { open } for path="/dev/__properties__/u:object_r:default_prop:s0" dev="tmpfs" ino=99 scontext=u:r:hal_tv_cec_default:s0 tcontext=u:object_r:default_prop:s0 tclass=file permissive=1
01-01 00:00:10.519  1000   281   281 I android.hardwar: type=1400 audit(0.0:7): avc: denied { getattr } for path="/dev/__properties__/u:object_r:default_prop:s0" dev="tmpfs" ino=99 scontext=u:r:hal_tv_cec_default:s0 tcontext=u:object_r:default_prop:s0 tclass=file permissive=1
01-01 00:00:10.519  1000   281   281 I android.hardwar: type=1400 audit(0.0:8): avc: denied { map } for path="/dev/__properties__/u:object_r:default_prop:s0" dev="tmpfs" ino=99 scontext=u:r:hal_tv_cec_default:s0 tcontext=u:object_r:default_prop:s0 tclass=file permissive=1
01-01 00:00:10.519  1000   281   281 I android.hardwar: type=1400 audit(0.0:9): avc: denied { read } for name="u:object_r:hdmi_config_prop:s0" dev="tmpfs" ino=152 scontext=u:r:hal_tv_cec_default:s0 tcontext=u:object_r:hdmi_config_prop:s0 tclass=file permissive=1
01-01 00:00:10.519  1000   281   281 I android.hardwar: type=1400 audit(0.0:10): avc: denied { open } for path="/dev/__properties__/u:object_r:hdmi_config_prop:s0" dev="tmpfs" ino=152 scontext=u:r:hal_tv_cec_default:s0 tcontext=u:object_r:hdmi_config_prop:s0 tclass=file permissive=1
01-01 00:00:10.519  1000   281   281 I android.hardwar: type=1400 audit(0.0:11): avc: denied { getattr } for path="/dev/__properties__/u:object_r:hdmi_config_prop:s0" dev="tmpfs" ino=152 scontext=u:r:hal_tv_cec_default:s0 tcontext=u:object_r:hdmi_config_prop:s0 tclass=file permissive=1
01-01 00:00:10.519  1000   281   281 I android.hardwar: type=1400 audit(0.0:12): avc: denied { map } for path="/dev/__properties__/u:object_r:hdmi_config_prop:s0" dev="tmpfs" ino=152 scontext=u:r:hal_tv_cec_default:s0 tcontext=u:object_r:hdmi_config_prop:s0 tclass=file permissive=1
01-01 00:00:10.632  root   255   255 D XfrmController: Sending Netlink XFRM Message: XFRM_MSG_FLUSHSA
01-01 00:00:10.632  root   255   255 D XfrmController: Sending Netlink XFRM Message: XFRM_MSG_FLUSHPOLICY
01-01 00:00:10.632  root   255   255 I netd    : Initializing XfrmController: 72551us
01-01 00:00:10.684  1000   279   279 D android.hardware.sensors@2.0-service.bosch: Entering Bosch Sensors HAL service.
01-01 00:00:10.690 media   268   268 I HidlServiceManagement: Registered android.hardware.cas@1.2::IMediaCasService/default
01-01 00:00:10.690 media   268   268 I HidlServiceManagement: Removing namespace from process name android.hardware.cas@1.2-service to cas@1.2-service.
01-01 00:00:10.711  1000   279   279 I android.hardwar: type=1400 audit(0.0:13): avc: denied { read } for name="devices" dev="sysfs" ino=10457 scontext=u:r:hal_sensors_default:s0 tcontext=u:object_r:sysfs:s0 tclass=dir permissive=1
01-01 00:00:10.711  1000   279   279 I android.hardwar: type=1400 audit(0.0:14): avc: denied { open } for path="/sys/bus/iio/devices" dev="sysfs" ino=10457 scontext=u:r:hal_sensors_default:s0 tcontext=u:object_r:sysfs:s0 tclass=dir permissive=1
01-01 00:00:10.711  1000   279   279 I android.hardwar: type=1400 audit(0.0:15): avc: denied { read } for name="name" dev="sysfs" ino=22990 scontext=u:r:hal_sensors_default:s0 tcontext=u:object_r:sysfs:s0 tclass=file permissive=1
01-01 00:00:10.711  1000   279   279 I android.hardwar: type=1400 audit(0.0:16): avc: denied { open } for path="/sys/devices/platform/soc/fe204000.spi/spi_master/spi0/spi0.0/iio:device1/name" dev="sysfs" ino=22990 scontext=u:r:hal_sensors_default:s0 tcontext=u:object_r:sysfs:s0 tclass=file permissive=1
01-01 00:00:10.711  1000   279   279 I android.hardwar: type=1400 audit(0.0:17): avc: denied { getattr } for path="/sys/devices/platform/soc/fe204000.spi/spi_master/spi0/spi0.0/iio:device1/name" dev="sysfs" ino=22990 scontext=u:r:hal_sensors_default:s0 tcontext=u:object_r:sysfs:s0 tclass=file permissive=1
01-01 00:00:10.715  root   255   255 I resolv  : resolv_init: Initializing resolver
01-01 00:00:10.759  1000   156   156 I servicemanager: Found android.hardware.automotive.evs.IEvsEnumerator/hw/1 in device VINTF manifest.
01-01 00:00:10.759  1062   175   186 I evsmanagerd: Failed to connect to AIDL EVS HAL implementation.  Trying to connect to HIDL EVS HAL implementation instead.
01-01 00:00:10.759  1000   157   157 I hwservicemanager: getTransport: Cannot find entry android.hardware.automotive.evs@1.1::IEvsEnumerator/hw/1 in either framework or device VINTF manifest.
01-01 00:00:10.759  1062   175   186 I evsmanagerd: No EVS HAL implementation is available.  Retrying after 1000 ms
01-01 00:00:10.808  1076   286   286 I credstore: Registered binder service
01-01 00:00:10.841  1000   279   279 D android.hardware.sensors@2.0-service.bosch: AddSensor[1] SMI230 BOSCH Accelerometer Sensor
01-01 00:00:10.842  1000   279   279 D android.hardware.sensors@2.0-service.bosch: AddSensor[2] SMI230 BOSCH Gyroscope Sensor
01-01 00:00:10.843  1000   279   279 D android.hardware.sensors@2.0-service.bosch: AddSensor[3] SMI230 BOSCH Accelerometer Uncalibrated Sensor
01-01 00:00:10.844  1000   279   279 D android.hardware.sensors@2.0-service.bosch: AddSensor[4] SMI230 BOSCH Gyroscope Uncalibrated Sensor
01-01 00:00:10.846  1000   279   279 D android.hardware.sensors@2.0-service.bosch: AddSensor[5] SMI230 BOSCH Gravity Sensor
01-01 00:00:10.847  1000   279   279 D android.hardware.sensors@2.0-service.bosch: AddSensor[6] SMI230 BOSCH Linear Accelerometer Sensor
01-01 00:00:10.860  1000   279   279 I HidlServiceManagement: Registered android.hardware.sensors@2.0::ISensors/default
01-01 00:00:10.861  1000   279   279 I HidlServiceManagement: Removing namespace from process name android.hardware.sensors@2.0-service.bosch to sensors@2.0-service.bosch.
01-01 00:00:10.861  1000   279   279 D android.hardware.sensors@2.0-service.bosch: Successfully registered Bosch Sensors HAL service.
01-01 00:00:10.929  1062   174   174 W HidlServiceManagement: Waited one second for android.hardware.automotive.evs@1.1::IEvsEnumerator/default
01-01 00:00:10.930  1000   157   157 I hwservicemanager: Since android.hardware.automotive.evs@1.1::IEvsEnumerator/default is not registered, trying to start it as a lazy HAL.
01-01 00:00:10.930  1062   174   174 I HidlServiceManagement: getService: Trying again for android.hardware.automotive.evs@1.1::IEvsEnumerator/default...
01-01 00:00:10.934  1000   157   327 W libc    : Unable to set property "ctl.interface_start" to "android.hardware.automotive.evs@1.1::IEvsEnumerator/default": error code: 0x20
01-01 00:00:10.934  1000   157   327 I hwservicemanager: Tried to start android.hardware.automotive.evs@1.1::IEvsEnumerator/default as a lazy service, but was unable to. Usually this happens when a service is not installed, but if the service is intended to be used as a lazy service, then it may be configured incorrectly.
01-01 00:00:11.007  1000   272   272 I android.hardwar: type=1400 audit(0.0:18): avc: denied { create } for scontext=u:r:hal_graphics_composer_default:s0 tcontext=u:r:hal_graphics_composer_default:s0 tclass=netlink_kobject_uevent_socket permissive=1
01-01 00:00:11.007  1000   272   272 I android.hardwar: type=1400 audit(0.0:19): avc: denied { bind } for scontext=u:r:hal_graphics_composer_default:s0 tcontext=u:r:hal_graphics_composer_default:s0 tclass=netlink_kobject_uevent_socket permissive=1
01-01 00:00:11.015  1000   272   272 I HidlServiceManagement: Registered android.hardware.graphics.composer@2.4::IComposer/default
01-01 00:00:11.016  1000   272   272 I HidlServiceManagement: Removing namespace from process name android.hardware.graphics.composer@2.4-service to composer@2.4-service.
01-01 00:00:11.011  1000   272   272 I android.hardwar: type=1400 audit(0.0:20): avc: denied { read } for path="socket:[23344]" dev="sockfs" ino=23344 scontext=u:r:hal_graphics_composer_default:s0 tcontext=u:r:hal_graphics_composer_default:s0 tclass=netlink_kobject_uevent_socket permissive=1
01-01 00:00:11.058  1000   326   326 I bootstat: Service started: /system/bin/bootstat --set_system_boot_reason 
01-01 00:00:11.059  1000   326   326 I bootstat: Canonical boot reason: reboot,shell
01-01 00:00:11.059  1000   326   326 I bootstat: Canonical boot reason: reboot,shell
01-01 00:00:11.145  1003   173   197 W ServiceManager: Waited one second for SurfaceFlingerAIDL (is service started? are binder threads started and available?)
01-01 00:00:11.145  1000   156   156 I servicemanager: Since 'SurfaceFlingerAIDL' could not be found, trying to start it as a lazy AIDL service
01-01 00:00:11.165  9999   328   328 I perfetto:           probes.cc:104 Starting /system/bin/traced_probes service
01-01 00:00:11.187  9999   328   349 I perfetto: _activity_trigger.cc:71 mm_events ftrace instance not found. Triggering of traces on memory pressure will not be available on this device.
01-01 00:00:11.312  1000   326   326 E bootstat: Failed to read /metadata/bootstat/persist.sys.boot.reason: No such file or directory
01-01 00:00:11.312  1000   326   326 I bootstat: Value of persist.sys.boot.reason : reboot,shell
01-01 00:00:11.312  1000   326   326 I bootstat: Normalized last reboot reason : reboot,shell
01-01 00:00:11.314  9999   329   329 W perfetto:          service.cc:237 Started traced, listening on /dev/socket/traced_producer /dev/socket/traced_consumer
01-01 00:00:11.321  1000   331   331 I idmap2d : Starting
01-01 00:00:11.355  9999   328   328 I perfetto:  probes_producer.cc:311 Connected to the service
01-01 00:00:11.373 shell   325   325 I adbd    : persist.adb.watchdog set to ''
01-01 00:00:11.373 shell   325   325 I adbd    : persist.sys.test_harness set to ''
01-01 00:00:11.373 shell   325   325 I adbd    : adb watchdog timeout set to 600 seconds
01-01 00:00:11.374 shell   325   359 I adbd    : Waiting for persist.adb.tls_server.enable=1
01-01 00:00:11.375 shell   325   361 I adbd    : opening control endpoint /dev/usb-ffs/adb/ep0
01-01 00:00:11.375 shell   325   325 I adbd    : Setup mdns on port= 5555
01-01 00:00:11.376 shell   325   325 I adbd    : adbd listening on tcp:5555
01-01 00:00:11.376 shell   325   325 I adbd    : adbd listening on vsock:5555
01-01 00:00:11.376 shell   325   325 I adbd    : adbd started
01-01 00:00:11.377  root     0     0 I         : read descriptors
01-01 00:00:11.380  root     0     0 I         : read strings
01-01 00:00:11.405  1000   156   156 I servicemanager: Found android.hardware.health.IHealth/default in device VINTF manifest.
01-01 00:00:11.409  root   342   342 I ServiceManager: Waiting for service 'package_native' on '/dev/binder'...
01-01 00:00:11.447  1047   266   266 I android.hardware.camera.provider@2.5-service: CameraProvider@2.5 legacy service is starting.
01-01 00:00:11.499  1000   157   157 I hwservicemanager: getTransport: Cannot find entry android.hardware.atrace@1.0::IAtraceDevice/default in either framework or device VINTF manifest.
01-01 00:00:11.519 media   340   340 V MediaUtils: physMem: 3967119360
01-01 00:00:11.520 media   340   340 V MediaUtils: requested limit: 134217728
01-01 00:00:11.520 media   340   340 I libc    : malloc_limit: Allocation limit enabled, max size 134217728 bytes
01-01 00:00:11.557  1000   156   156 I servicemanager: Could not find android.hardware.net.nlinterceptor.IInterceptor/default in the VINTF manifest.
01-01 00:00:11.562 media   340   340 D AudioPowerUsage: AudioPowerUsage
01-01 00:00:11.564 media   340   340 D AudioAnalytics: AudioAnalytics
01-01 00:00:11.564 media   340   340 D MediaMetricsService: MediaMetricsService
01-01 00:00:11.565  1000   326   326 E bootstat: Failed to unlink /metadata/bootstat/persist.sys.boot.reason: No such file or directory
01-01 00:00:11.567 shell   325   361 I adbd    : UsbFfsConnection constructed
01-01 00:00:11.568 shell   325   369 I adbd    : UsbFfs-monitor thread spawned
01-01 00:00:11.569  1000   156   347 W libc    : Unable to set property "ctl.interface_start" to "aidl/SurfaceFlingerAIDL": error code: 0x20
01-01 00:00:11.569  1000   156   347 I servicemanager: Tried to start aidl service SurfaceFlingerAIDL as a lazy service, but was unable to. Usually this happens when a service is not installed, but if the service is intended to be used as a lazy service, then it may be configured incorrectly.
01-01 00:00:11.660  1000   373   373 I flags_health_check: ServerConfigurableFlagsReset reset_mode value: 0
01-01 00:00:11.660  1000   373   373 I flags_health_check: ServerConfigurableFlagsReset attempted boot count is under threshold, skipping reset.
01-01 00:00:11.706  1000   157   157 I hwservicemanager: getTransport: Cannot find entry android.hardware.usb.gadget@1.0::IUsbGadget/default in either framework or device VINTF manifest.
01-01 00:00:11.707  root   371   371 I usbd    : Usb HAL not found
01-01 00:00:11.760  1000   156   156 I servicemanager: Found android.hardware.automotive.evs.IEvsEnumerator/hw/1 in device VINTF manifest.
01-01 00:00:11.760  1062   175   186 I evsmanagerd: Failed to connect to AIDL EVS HAL implementation.  Trying to connect to HIDL EVS HAL implementation instead.
01-01 00:00:11.761  1000   157   157 I hwservicemanager: getTransport: Cannot find entry android.hardware.automotive.evs@1.1::IEvsEnumerator/hw/1 in either framework or device VINTF manifest.
01-01 00:00:11.761  1062   175   186 I evsmanagerd: No EVS HAL implementation is available.  Retrying after 1000 ms
01-01 00:00:11.915  1000   370   370 I gatekeeperd: Starting gatekeeperd...
01-01 00:00:11.930  1062   174   174 W HidlServiceManagement: Waited one second for android.hardware.automotive.evs@1.1::IEvsEnumerator/default
01-01 00:00:11.931  1000   157   157 I hwservicemanager: Since android.hardware.automotive.evs@1.1::IEvsEnumerator/default is not registered, trying to start it as a lazy HAL.
01-01 00:00:11.932  1062   174   174 I HidlServiceManagement: getService: Trying again for android.hardware.automotive.evs@1.1::IEvsEnumerator/default...
01-01 00:00:11.939  1000   157   374 W libc    : Unable to set property "ctl.interface_start" to "android.hardware.automotive.evs@1.1::IEvsEnumerator/default": error code: 0x20
01-01 00:00:11.939  1000   157   374 I hwservicemanager: Tried to start android.hardware.automotive.evs@1.1::IEvsEnumerator/default as a lazy service, but was unable to. Usually this happens when a service is not installed, but if the service is intended to be used as a lazy service, then it may be configured incorrectly.
01-01 00:00:11.942 shell   325   369 I adbd    : USB event: FUNCTIONFS_BIND
01-01 00:00:11.944  root     0     0 I dwc2 fe980000.usb: bound driver configfs-gadget
01-01 00:00:11.947  1000   272   272 I composer@2.4-se: type=1400 audit(0.0:21): avc: denied { read } for path="socket:[23344]" dev="sockfs" ino=23344 scontext=u:r:hal_graphics_composer_default:s0 tcontext=u:r:hal_graphics_composer_default:s0 tclass=netlink_kobject_uevent_socket permissive=1
01-01 00:00:12.126  1041   262   262 I HidlServiceManagement: Registered android.hardware.audio@7.1::IDevicesFactory/default
01-01 00:00:12.127  1041   262   262 I HidlServiceManagement: Removing namespace from process name android.hardware.audio.service to audio.service.
01-01 00:00:12.128  1041   262   262 I LegacySupport: Registration complete for android.hardware.audio@7.1::IDevicesFactory/default.
01-01 00:00:12.146  1003   173   197 W ServiceManager: Waited one second for SurfaceFlingerAIDL (is service started? are binder threads started and available?)
01-01 00:00:12.146  1000   156   156 I servicemanager: Since 'SurfaceFlingerAIDL' could not be found, trying to start it as a lazy AIDL service
01-01 00:00:12.148  1000   156   377 W libc    : Unable to set property "ctl.interface_start" to "aidl/SurfaceFlingerAIDL": error code: 0x20
01-01 00:00:12.148  1000   156   377 I servicemanager: Tried to start aidl service SurfaceFlingerAIDL as a lazy service, but was unable to. Usually this happens when a service is not installed, but if the service is intended to be used as a lazy service, then it may be configured incorrectly.
01-01 00:00:12.191  1047   266   266 W libcamera:  WARN IPAManager ipa_manager.cpp:114 Public key not valid
01-01 00:00:12.203  1047   265   265 I android.hardware.camera.provider@2.5-external-service: CameraProvider@2.5 external webcam service is starting.
01-01 00:00:12.203  1000   157   157 I hwservicemanager: getTransport: Cannot find entry android.hardware.configstore@1.0::ISurfaceFlingerConfigs/default in either framework or device VINTF manifest.
01-01 00:00:12.229  1047   265   265 I ExtCamUtils@3.4: loadFromCfg: load external camera config succeed!
01-01 00:00:12.229  1047   265   265 I ExtCamUtils@3.4: loadFromCfg: device 10 will be ignored by external camera provider
01-01 00:00:12.229  1047   265   265 I ExtCamUtils@3.4: loadFromCfg: device 11 will be ignored by external camera provider
01-01 00:00:12.229  1047   265   265 I ExtCamUtils@3.4: loadFromCfg: device 12 will be ignored by external camera provider
01-01 00:00:12.229  1047   265   265 I ExtCamUtils@3.4: loadFromCfg: device 13 will be ignored by external camera provider
01-01 00:00:12.230  1047   265   265 I ExtCamUtils@3.4: loadFromCfg: device 14 will be ignored by external camera provider
01-01 00:00:12.230  1047   265   265 I ExtCamUtils@3.4: loadFromCfg: device 15 will be ignored by external camera provider
01-01 00:00:12.230  1047   265   265 I ExtCamUtils@3.4: loadFromCfg: device 16 will be ignored by external camera provider
01-01 00:00:12.230  1047   265   265 I ExtCamUtils@3.4: loadFromCfg: device 18 will be ignored by external camera provider
01-01 00:00:12.230  1047   265   265 I ExtCamUtils@3.4: loadFromCfg: device 19 will be ignored by external camera provider
01-01 00:00:12.230  1047   265   265 I ExtCamUtils@3.4: loadFromCfg: device 20 will be ignored by external camera provider
01-01 00:00:12.230  1047   265   265 I ExtCamUtils@3.4: loadFromCfg: device 21 will be ignored by external camera provider
01-01 00:00:12.231  1047   265   265 I ExtCamUtils@3.4: loadFromCfg: device 22 will be ignored by external camera provider
01-01 00:00:12.231  1047   265   265 I ExtCamUtils@3.4: loadFromCfg: device 23 will be ignored by external camera provider
01-01 00:00:12.231  1047   265   265 I ExtCamUtils@3.4: loadFromCfg: device 31 will be ignored by external camera provider
01-01 00:00:12.231  1047   265   265 I ExtCamUtils@3.4: loadFromCfg: depth output is not enabled
01-01 00:00:12.231  1047   265   265 I ExtCamUtils@3.4: loadFromCfg: no minimum stream size specified
01-01 00:00:12.231  1047   265   265 I ExtCamUtils@3.4: loadFromCfg: no sensor orientation specified
01-01 00:00:12.232  1047   265   265 I ExtCamUtils@3.4: loadFromCfg: external camera cfg loaded: maxJpgBufSize 3145728, num video buffers 4, num still buffers 2, orientation 0
01-01 00:00:12.232  1047   265   265 I ExtCamUtils@3.4: loadFromCfg: fpsLimitList: 640x480@30.000000
01-01 00:00:12.232  1047   265   265 I ExtCamUtils@3.4: loadFromCfg: fpsLimitList: 1280x720@15.000000
01-01 00:00:12.232  1047   265   265 I ExtCamUtils@3.4: loadFromCfg: fpsLimitList: 1920x1080@10.000000
01-01 00:00:12.232  1047   265   265 I ExtCamUtils@3.4: loadFromCfg: minStreamSize: 0x0
01-01 00:00:12.235  1047   265   378 I CamPrvdr@2.4-external: threadLoop start monitoring new V4L2 devices
01-01 00:00:12.237  1047   265   265 I HidlServiceManagement: Registered android.hardware.camera.provider@2.5::ICameraProvider/external/0
01-01 00:00:12.238  1047   265   265 I HidlServiceManagement: Removing namespace from process name android.hardware.camera.provider@2.5-external-service to provider@2.5-external-service.
01-01 00:00:12.271  1000   291   291 I SurfaceFlinger: Using HWComposer service: default
01-01 00:00:12.271  1000   291   291 I SurfaceFlinger: SurfaceFlinger is starting
01-01 00:00:12.272  1000   291   291 I SurfaceFlinger: Disabling blur effects, they are not supported.
01-01 00:00:12.277  1000   291   291 I SurfaceFlinger: SurfaceFlinger's main thread ready to run. Initializing graphics H/W...
01-01 00:00:12.277  1000   291   291 E SurfaceFlinger: Unrecognized RenderEngineType ; ignoring!
01-01 00:00:12.277  1000   291   291 D RenderEngine: Threaded RenderEngine with SkiaGL Backend
01-01 00:00:12.282  1047   266   385 E libcamera: ERROR MediaDevice media_device.cpp:483 /dev/media0[]: Failed to open media device at /dev/media0: Permission denied
01-01 00:00:12.283  1047   266   385 E libcamera: ERROR MediaDevice media_device.cpp:483 /dev/media1[]: Failed to open media device at /dev/media1: Permission denied
01-01 00:00:12.279  1047   266   266 I android.hardwar: type=1400 audit(0.0:22): avc: denied { read } for name="devices" dev="sysfs" ino=10409 scontext=u:r:hal_camera_default:s0 tcontext=u:object_r:sysfs:s0 tclass=dir permissive=1
01-01 00:00:12.284  1047   266   266 I CamPrvdr@2.4-legacy: Loaded "libcamera camera HALv3 module" camera module
01-01 00:00:12.284  1047   266   266 I CamPrvdr@2.4-legacy: setUpVendorTags: No vendor tags defined for this device.
01-01 00:00:12.286  1047   266   266 I HidlServiceManagement: Registered android.hardware.camera.provider@2.5::ICameraProvider/legacy/0
01-01 00:00:12.286  1047   266   266 I HidlServiceManagement: Removing namespace from process name android.hardware.camera.provider@2.5-service_64 to provider@2.5-service_64.
01-01 00:00:12.279  1047   266   266 I android.hardwar: type=1400 audit(0.0:23): avc: denied { open } for path="/sys/bus/media/devices" dev="sysfs" ino=10409 scontext=u:r:hal_camera_default:s0 tcontext=u:object_r:sysfs:s0 tclass=dir permissive=1
01-01 00:00:12.279  1047   266   266 I android.hardwar: type=1400 audit(0.0:24): avc: denied { getattr } for path="/dev/media2" dev="tmpfs" ino=315 scontext=u:r:hal_camera_default:s0 tcontext=u:object_r:device:s0 tclass=chr_file permissive=1
01-01 00:00:12.279  1047   266   266 I android.hardwar: type=1400 audit(0.0:25): avc: denied { read write } for name="media2" dev="tmpfs" ino=315 scontext=u:r:hal_camera_default:s0 tcontext=u:object_r:device:s0 tclass=chr_file permissive=1
01-01 00:00:12.279  1047   266   266 I android.hardwar: type=1400 audit(0.0:26): avc: denied { open } for path="/dev/media2" dev="tmpfs" ino=315 scontext=u:r:hal_camera_default:s0 tcontext=u:object_r:device:s0 tclass=chr_file permissive=1
01-01 00:00:12.279  1047   266   266 I android.hardwar: type=1400 audit(0.0:27): avc: denied { ioctl } for path="/dev/media2" dev="tmpfs" ino=315 ioctlcmd=0x7c00 scontext=u:r:hal_camera_default:s0 tcontext=u:object_r:device:s0 tclass=chr_file permissive=1
01-01 00:00:12.279  1047   266   266 I android.hardwar: type=1400 audit(0.0:28): avc: denied { read } for name="uevent" dev="sysfs" ino=21011 scontext=u:r:hal_camera_default:s0 tcontext=u:object_r:sysfs:s0 tclass=file permissive=1
01-01 00:00:12.279  1047   266   266 I android.hardwar: type=1400 audit(0.0:29): avc: denied { open } for path="/sys/devices/platform/soc/fe00b840.mailbox/bcm2835-isp/video4linux/video13/uevent" dev="sysfs" ino=21011 scontext=u:r:hal_camera_default:s0 tcontext=u:object_r:sysfs:s0 tclass=file permissive=1
01-01 00:00:12.279  1047   266   266 I android.hardwar: type=1400 audit(0.0:30): avc: denied { getattr } for path="/sys/devices/platform/soc/fe00b840.mailbox/bcm2835-isp/video4linux/video13/uevent" dev="sysfs" ino=21011 scontext=u:r:hal_camera_default:s0 tcontext=u:object_r:sysfs:s0 tclass=file permissive=1
01-01 00:00:12.581  1000   291   384 D libEGL  : loaded /vendor/lib64/egl/libEGL_mesa.so
01-01 00:00:12.594 shell   325   362 I adbd    : adbd mDNS service _adb._tcp registered: 1
01-01 00:00:12.650  1000   291   384 D libEGL  : loaded /vendor/lib64/egl/libGLESv1_CM_mesa.so
01-01 00:00:12.652  wifi   283   283 I HidlServiceManagement: Removing namespace from process name android.hardware.wifi@1.0-service to wifi@1.0-service.
01-01 00:00:12.725  1000   291   384 D libEGL  : loaded /vendor/lib64/egl/libGLESv2_mesa.so
01-01 00:00:12.752  1041   262   262 I HidlServiceManagement: Registered android.hardware.audio.effect@7.0::IEffectsFactory/default
01-01 00:00:12.752  1041   262   262 I LegacySupport: Registration complete for android.hardware.audio.effect@7.0::IEffectsFactory/default.
01-01 00:00:12.753  1000   157   157 I hwservicemanager: getTransport: Cannot find entry android.hardware.soundtrigger@2.3::ISoundTriggerHw/default in either framework or device VINTF manifest.
01-01 00:00:12.761  1000   156   156 I servicemanager: Found android.hardware.automotive.evs.IEvsEnumerator/hw/1 in device VINTF manifest.
01-01 00:00:12.761  1062   175   186 I evsmanagerd: Failed to connect to AIDL EVS HAL implementation.  Trying to connect to HIDL EVS HAL implementation instead.
01-01 00:00:12.762  1000   157   157 I hwservicemanager: getTransport: Cannot find entry android.hardware.automotive.evs@1.1::IEvsEnumerator/hw/1 in either framework or device VINTF manifest.
01-01 00:00:12.762  1062   175   186 I evsmanagerd: No EVS HAL implementation is available.  Retrying after 1000 ms
01-01 00:00:12.771  1041   262   262 E LegacySupport: Could not get passthrough implementation for android.hardware.soundtrigger@2.3::ISoundTriggerHw/default.
01-01 00:00:12.772  1000   157   157 I hwservicemanager: getTransport: Cannot find entry android.hardware.soundtrigger@2.2::ISoundTriggerHw/default in either framework or device VINTF manifest.
01-01 00:00:12.775  1041   262   262 E LegacySupport: Could not get passthrough implementation for android.hardware.soundtrigger@2.2::ISoundTriggerHw/default.
01-01 00:00:12.775  1000   157   157 I hwservicemanager: getTransport: Cannot find entry android.hardware.soundtrigger@2.1::ISoundTriggerHw/default in either framework or device VINTF manifest.
01-01 00:00:12.776  1041   262   262 E LegacySupport: Could not get passthrough implementation for android.hardware.soundtrigger@2.1::ISoundTriggerHw/default.
01-01 00:00:12.776  1000   157   157 I hwservicemanager: getTransport: Cannot find entry android.hardware.soundtrigger@2.0::ISoundTriggerHw/default in either framework or device VINTF manifest.
01-01 00:00:12.777  1041   262   262 E LegacySupport: Could not get passthrough implementation for android.hardware.soundtrigger@2.0::ISoundTriggerHw/default.
01-01 00:00:12.777  1041   262   262 W audiohalservice: Could not register Soundtrigger API
01-01 00:00:12.778  1000   157   157 I hwservicemanager: getTransport: Cannot find entry android.hardware.bluetooth.audio@2.2::IBluetoothAudioProvidersFactory/default in either framework or device VINTF manifest.
01-01 00:00:12.778  1041   262   262 E LegacySupport: Could not get passthrough implementation for android.hardware.bluetooth.audio@2.2::IBluetoothAudioProvidersFactory/default.
01-01 00:00:12.779  1000   157   157 I hwservicemanager: getTransport: Cannot find entry android.hardware.bluetooth.audio@2.1::IBluetoothAudioProvidersFactory/default in either framework or device VINTF manifest.
01-01 00:00:12.779  1041   262   262 E LegacySupport: Could not get passthrough implementation for android.hardware.bluetooth.audio@2.1::IBluetoothAudioProvidersFactory/default.
01-01 00:00:12.780  1000   157   157 I hwservicemanager: getTransport: Cannot find entry android.hardware.bluetooth.audio@2.0::IBluetoothAudioProvidersFactory/default in either framework or device VINTF manifest.
01-01 00:00:12.780  1041   262   262 E LegacySupport: Could not get passthrough implementation for android.hardware.bluetooth.audio@2.0::IBluetoothAudioProvidersFactory/default.
01-01 00:00:12.780  1041   262   262 W audiohalservice: Could not register Bluetooth Audio API
01-01 00:00:12.781  1000   157   157 I hwservicemanager: getTransport: Cannot find entry android.hardware.bluetooth.a2dp@1.0::IBluetoothAudioOffload/default in either framework or device VINTF manifest.
01-01 00:00:12.782  1041   262   262 E LegacySupport: Could not get passthrough implementation for android.hardware.bluetooth.a2dp@1.0::IBluetoothAudioOffload/default.
01-01 00:00:12.782  1041   262   262 W audiohalservice: Could not register Bluetooth Audio Offload API
01-01 00:00:12.834  1041   285   285 I FastMixerState: sMaxFastTracks = 8
01-01 00:00:12.844  1000   291   384 I DMABUFHEAPS: Using : Non-legacy ION heaps
01-01 00:00:12.844  1000   291   384 I MESA    : Using IMapper v4 API
01-01 00:00:12.911  1041   285   285 V MediaUtils: physMem: 3967119360
01-01 00:00:12.911  1041   285   285 V MediaUtils: requested limit: 536870912
01-01 00:00:12.911  1041   285   285 I libc    : malloc_limit: Allocation limit enabled, max size 536870912 bytes
01-01 00:00:12.913  1041   285   285 I audioserver: ServiceManager: 0xb40000742c8a2940
01-01 00:00:12.932  1062   174   174 W HidlServiceManagement: Waited one second for android.hardware.automotive.evs@1.1::IEvsEnumerator/default
01-01 00:00:12.932  1000   157   157 I hwservicemanager: Since android.hardware.automotive.evs@1.1::IEvsEnumerator/default is not registered, trying to start it as a lazy HAL.
01-01 00:00:12.933  1062   174   174 I HidlServiceManagement: getService: Trying again for android.hardware.automotive.evs@1.1::IEvsEnumerator/default...
01-01 00:00:12.933  1000   157   388 W libc    : Unable to set property "ctl.interface_start" to "android.hardware.automotive.evs@1.1::IEvsEnumerator/default": error code: 0x20
01-01 00:00:12.934  1000   157   388 I hwservicemanager: Tried to start android.hardware.automotive.evs@1.1::IEvsEnumerator/default as a lazy service, but was unable to. Usually this happens when a service is not installed, but if the service is intended to be used as a lazy service, then it may be configured incorrectly.
01-01 00:00:12.945  1041   285   285 W BatteryNotifier: batterystats service unavailable!
01-01 00:00:12.947  1000   157   157 I hwservicemanager: getTransport: Cannot find entry android.hardware.audio.effect@7.1::IEffectsFactory/default in either framework or device VINTF manifest.
01-01 00:00:13.113  1000   291   384 W EGL-MAIN: failed to get driver name for fd -1
01-01 00:00:13.113  1000   291   384 W EGL-MAIN: MESA-LOADER: failed to retrieve device information
01-01 00:00:13.113  1000   291   384 W EGL-MAIN: failed to get driver name for fd -1
01-01 00:00:13.126 media   276   276 W android.hardware.media.c2@1.2-service-ffmpeg: Could not read additional policy file '/vendor/etc/seccomp_policy/android.hardware.media.c2@1.2-ffmpeg-extended.policy'
01-01 00:00:13.127 media   276   276 W android.hardware.media.c2@1.2-service-ffmpeg: libminijail[276]: failed to get path of fd 4: No such file or directory
01-01 00:00:13.127 media   276   276 W android.hardware.media.c2@1.2-service-ffmpeg: libminijail[276]: allowing syscall: connect
01-01 00:00:13.127 media   276   276 W android.hardware.media.c2@1.2-service-ffmpeg: libminijail[276]: allowing syscall: fcntl
01-01 00:00:13.127 media   276   276 W android.hardware.media.c2@1.2-service-ffmpeg: libminijail[276]: allowing syscall: sendto
01-01 00:00:13.127 media   276   276 W android.hardware.media.c2@1.2-service-ffmpeg: libminijail[276]: allowing syscall: socket
01-01 00:00:13.127 media   276   276 W android.hardware.media.c2@1.2-service-ffmpeg: libminijail[276]: allowing syscall: writev
01-01 00:00:13.128 media   276   276 W android.hardware.media.c2@1.2-service-ffmpeg: libminijail[276]: compile_file: <fd>(75): syscall munmap redefined here
01-01 00:00:13.128 media   276   276 W android.hardware.media.c2@1.2-service-ffmpeg: libminijail[276]: compile_file: <fd>(39): previous definition here
01-01 00:00:13.128 media   276   276 W android.hardware.media.c2@1.2-service-ffmpeg: libminijail[276]: logging seccomp filter failures
01-01 00:00:13.147  1003   173   197 W ServiceManager: Waited one second for SurfaceFlingerAIDL (is service started? are binder threads started and available?)
01-01 00:00:13.147  1000   156   156 I servicemanager: Since 'SurfaceFlingerAIDL' could not be found, trying to start it as a lazy AIDL service
01-01 00:00:13.148  1000   156   392 W libc    : Unable to set property "ctl.interface_start" to "aidl/SurfaceFlingerAIDL": error code: 0x20
01-01 00:00:13.148  1000   156   392 I servicemanager: Tried to start aidl service SurfaceFlingerAIDL as a lazy service, but was unable to. Usually this happens when a service is not installed, but if the service is intended to be used as a lazy service, then it may be configured incorrectly.
01-01 00:00:13.174 media   276   276 I HidlServiceManagement: Registered android.hardware.media.c2@1.2::IComponentStore/ffmpeg
01-01 00:00:13.174 media   276   276 I HidlServiceManagement: Removing namespace from process name android.hardware.media.c2@1.2-service-ffmpeg to c2@1.2-service-ffmpeg.
01-01 00:00:13.176  1046   357   357 I mediaswcodec: media swcodec service starting
01-01 00:00:13.255  1046   357   357 W mediaswcodec: libminijail[357]: failed to get path of fd 4: No such file or directory
01-01 00:00:13.255  1046   357   357 W mediaswcodec: libminijail[357]: allowing syscall: connect
01-01 00:00:13.255  1046   357   357 W mediaswcodec: libminijail[357]: allowing syscall: fcntl
01-01 00:00:13.255  1046   357   357 W mediaswcodec: libminijail[357]: allowing syscall: sendto
01-01 00:00:13.255  1046   357   357 W mediaswcodec: libminijail[357]: allowing syscall: socket
01-01 00:00:13.255  1046   357   357 W mediaswcodec: libminijail[357]: allowing syscall: writev
01-01 00:00:13.256  1046   357   357 W mediaswcodec: libminijail[357]: compile_file: <fd>(75): syscall munmap redefined here
01-01 00:00:13.256  1046   357   357 W mediaswcodec: libminijail[357]: compile_file: <fd>(39): previous definition here
01-01 00:00:13.273  1046   357   357 W mediaswcodec: libminijail[357]: compile_file: <fd>(97): syscall sysinfo redefined here
01-01 00:00:13.273  1046   357   357 W mediaswcodec: libminijail[357]: compile_file: <fd>(81): previous definition here
01-01 00:00:13.273  1046   357   357 W mediaswcodec: libminijail[357]: logging seccomp filter failures
01-01 00:00:13.275  1046   357   357 I CodecServiceRegistrant: Creating software Codec2 service...
01-01 00:00:13.336  1000   156   156 I servicemanager: Found android.hardware.bluetooth.audio.IBluetoothAudioProviderFactory/default in device VINTF manifest.
01-01 00:00:13.336  1041   262   262 I audiohalservice: createIBluetoothAudioProviderFactory() from android.hardware.bluetooth.audio-impl success
01-01 00:00:13.353  1046   357   357 I HidlServiceManagement: Registered android.hardware.media.c2@1.2::IComponentStore/software
01-01 00:00:13.353  1000   157   157 I hwservicemanager: getTransport: Cannot find entry android.hardware.media.c2@1.0::IComponentStore/default in either framework or device VINTF manifest.
01-01 00:00:13.354  1046   357   357 I CodecServiceRegistrant: Preferred Codec2 store is defaulted to "software".
01-01 00:00:13.354  1046   357   357 I CodecServiceRegistrant: Software Codec2 service created and registered.
01-01 00:00:13.429  1040   338   338 I main_extractorservice: enable media.extractor memory limits
01-01 00:00:13.429  1040   338   338 V MediaUtils: physMem: 3967119360
01-01 00:00:13.429  1040   338   338 V MediaUtils: requested limit: 793423860
01-01 00:00:13.430  1040   338   338 I libc    : malloc_limit: Allocation limit enabled, max size 793423860 bytes
01-01 00:00:13.509  1040   338   338 W mediaextractor: Could not read additional policy file '/vendor/etc/seccomp_policy/mediaextractor.policy'
01-01 00:00:13.509  1040   338   338 W mediaextractor: libminijail[338]: failed to get path of fd 4: No such file or directory
01-01 00:00:13.509  1040   338   338 W mediaextractor: libminijail[338]: allowing syscall: connect
01-01 00:00:13.509  1040   338   338 W mediaextractor: libminijail[338]: allowing syscall: fcntl
01-01 00:00:13.509  1040   338   338 W mediaextractor: libminijail[338]: allowing syscall: sendto
01-01 00:00:13.510  1040   338   338 W mediaextractor: libminijail[338]: allowing syscall: socket
01-01 00:00:13.510  1040   338   338 W mediaextractor: libminijail[338]: allowing syscall: writev
01-01 00:00:13.510  1040   338   338 W mediaextractor: libminijail[338]: compile_file: <fd>(42): syscall readlinkat redefined here
01-01 00:00:13.510  1040   338   338 W mediaextractor: libminijail[338]: compile_file: <fd>(38): previous definition here
01-01 00:00:13.544  1040   338   338 W mediaextractor: libminijail[338]: compile_file: /apex/com.android.media/etc/seccomp_policy/crash_dump.arm64.policy(1): syscall read redefined here
01-01 00:00:13.544  1040   338   338 W mediaextractor: libminijail[338]: compile_file: <fd>(18): previous definition here
01-01 00:00:13.544  1040   338   338 W mediaextractor: libminijail[338]: compile_file: /apex/com.android.media/etc/seccomp_policy/crash_dump.arm64.policy(2): syscall write redefined here
01-01 00:00:13.545  1040   338   338 W mediaextractor: libminijail[338]: compile_file: <fd>(6): previous definition here
01-01 00:00:13.545  1040   338   338 W mediaextractor: libminijail[338]: compile_file: /apex/com.android.media/etc/seccomp_policy/crash_dump.arm64.policy(3): syscall exit redefined here
01-01 00:00:13.545  1040   338   338 W mediaextractor: libminijail[338]: compile_file: <fd>(27): previous definition here
01-01 00:00:13.545  1040   338   338 W mediaextractor: libminijail[338]: compile_file: /apex/com.android.media/etc/seccomp_policy/crash_dump.arm64.policy(4): syscall rt_sigreturn redefined here
01-01 00:00:13.545  1040   338   338 W mediaextractor: libminijail[338]: compile_file: <fd>(29): previous definition here
01-01 00:00:13.545  1040   338   338 W mediaextractor: libminijail[338]: compile_file: /apex/com.android.media/etc/seccomp_policy/crash_dump.arm64.policy(5): syscall exit_group redefined here
01-01 00:00:13.545  1040   338   338 W mediaextractor: libminijail[338]: compile_file: <fd>(28): previous definition here
01-01 00:00:13.545  1040   338   338 W mediaextractor: libminijail[338]: compile_file: /apex/com.android.media/etc/seccomp_policy/crash_dump.arm64.policy(8): syscall futex redefined here
01-01 00:00:13.545  1040   338   338 W mediaextractor: libminijail[338]: compile_file: <fd>(4): previous definition here
01-01 00:00:13.545  1040   338   338 W mediaextractor: libminijail[338]: compile_file: /apex/com.android.media/etc/seccomp_policy/crash_dump.arm64.policy(9): syscall getrandom redefined here
01-01 00:00:13.545  1040   338   338 W mediaextractor: libminijail[338]: compile_file: <fd>(32): previous definition here
01-01 00:00:13.545  1040   338   338 W mediaextractor: libminijail[338]: compile_file: /apex/com.android.media/etc/seccomp_policy/crash_dump.arm64.policy(14): syscall openat redefined here
01-01 00:00:13.545  1040   338   338 W mediaextractor: libminijail[338]: compile_file: <fd>(12): previous definition here
01-01 00:00:13.545  1040   338   338 W mediaextractor: libminijail[338]: compile_file: /apex/com.android.media/etc/seccomp_policy/crash_dump.arm64.policy(15): syscall dup redefined here
01-01 00:00:13.545  1040   338   338 W mediaextractor: libminijail[338]: compile_file: <fd>(9): previous definition here
01-01 00:00:13.545  1040   338   338 W mediaextractor: libminijail[338]: compile_file: /apex/com.android.media/etc/seccomp_policy/crash_dump.arm64.policy(16): syscall close redefined here
01-01 00:00:13.546  1040   338   338 W mediaextractor: libminijail[338]: compile_file: <fd>(8): previous definition here
01-01 00:00:13.546  1040   338   338 W mediaextractor: libminijail[338]: compile_file: /apex/com.android.media/etc/seccomp_policy/crash_dump.arm64.policy(17): syscall lseek redefined here
01-01 00:00:13.546  1040   338   338 W mediaextractor: libminijail[338]: compile_file: <fd>(23): previous definition here
01-01 00:00:13.546  1040   338   338 W mediaextractor: libminijail[338]: compile_file: /apex/com.android.media/etc/seccomp_policy/crash_dump.arm64.policy(18): syscall getdents64 redefined here
01-01 00:00:13.546  1040   338   338 W mediaextractor: libminijail[338]: compile_file: <fd>(41): previous definition here
01-01 00:00:13.546  1040   338   338 W mediaextractor: libminijail[338]: compile_file: /apex/com.android.media/etc/seccomp_policy/crash_dump.arm64.policy(19): syscall faccessat redefined here
01-01 00:00:13.546  1040   338   338 W mediaextractor: libminijail[338]: compile_file: <fd>(25): previous definition here
01-01 00:00:13.546  1040   338   338 W mediaextractor: libminijail[338]: compile_file: /apex/com.android.media/etc/seccomp_policy/crash_dump.arm64.policy(28): syscall prctl redefined here
01-01 00:00:13.546  1040   338   338 W mediaextractor: libminijail[338]: compile_file: <fd>(5): previous definition here
01-01 00:00:13.546  1040   338   338 W mediaextractor: libminijail[338]: compile_file: /apex/com.android.media/etc/seccomp_policy/crash_dump.arm64.policy(29): syscall madvise redefined here
01-01 00:00:13.546  1040   338   338 W mediaextractor: libminijail[338]: compile_file: <fd>(14): previous definition here
01-01 00:00:13.546  1040   338   338 W mediaextractor: libminijail[338]: compile_file: /apex/com.android.media/etc/seccomp_policy/crash_dump.arm64.policy(30): syscall mprotect redefined here
01-01 00:00:13.547  1040   338   338 W mediaextractor: libminijail[338]: compile_file: <fd>(13): previous definition here
01-01 00:00:13.547  1040   338   338 W mediaextractor: libminijail[338]: compile_file: /apex/com.android.media/etc/seccomp_policy/crash_dump.arm64.policy(31): syscall munmap redefined here
01-01 00:00:13.547  1040   338   338 W mediaextractor: libminijail[338]: compile_file: <fd>(11): previous definition here
01-01 00:00:13.547  1040   338   338 W mediaextractor: libminijail[338]: compile_file: /apex/com.android.media/etc/seccomp_policy/crash_dump.arm64.policy(32): syscall getuid redefined here
01-01 00:00:13.547  1040   338   338 W mediaextractor: libminijail[338]: compile_file: <fd>(15): previous definition here
01-01 00:00:13.547  1040   338   338 W mediaextractor: libminijail[338]: compile_file: /apex/com.android.media/etc/seccomp_policy/crash_dump.arm64.policy(33): syscall fstat redefined here
01-01 00:00:13.547  1040   338   338 W mediaextractor: libminijail[338]: compile_file: <fd>(16): previous definition here
01-01 00:00:13.547  1040   338   338 W mediaextractor: libminijail[338]: compile_file: /apex/com.android.media/etc/seccomp_policy/crash_dump.arm64.policy(34): syscall mmap redefined here
01-01 00:00:13.547  1040   338   338 W mediaextractor: libminijail[338]: compile_file: <fd>(10): previous definition here
01-01 00:00:13.560  1046   346   346 I android.hardware.media.omx@1.0-service: mediacodecservice starting
01-01 00:00:13.564  1040   338   338 W mediaextractor: libminijail[338]: logging seccomp filter failures
01-01 00:00:13.595  1000   157   157 I hwservicemanager: getTransport: Cannot find entry android.hardware.audio.effect@7.1::IEffectsFactory/default in either framework or device VINTF manifest.
01-01 00:00:13.599 media   275   275 I android.hardwar: type=1400 audit(0.0:31): avc: denied { read } for name="u:object_r:default_prop:s0" dev="tmpfs" ino=99 scontext=u:r:mediacodec:s0 tcontext=u:object_r:default_prop:s0 tclass=file permissive=1
01-01 00:00:13.599 media   275   275 I android.hardwar: type=1400 audit(0.0:32): avc: denied { open } for path="/dev/__properties__/u:object_r:default_prop:s0" dev="tmpfs" ino=99 scontext=u:r:mediacodec:s0 tcontext=u:object_r:default_prop:s0 tclass=file permissive=1
01-01 00:00:13.599 media   275   275 I android.hardwar: type=1400 audit(0.0:33): avc: denied { getattr } for path="/dev/__properties__/u:object_r:default_prop:s0" dev="tmpfs" ino=99 scontext=u:r:mediacodec:s0 tcontext=u:object_r:default_prop:s0 tclass=file permissive=1
01-01 00:00:13.599 media   275   275 I android.hardwar: type=1400 audit(0.0:34): avc: denied { map } for path="/dev/__properties__/u:object_r:default_prop:s0" dev="tmpfs" ino=99 scontext=u:r:mediacodec:s0 tcontext=u:object_r:default_prop:s0 tclass=file permissive=1
01-01 00:00:13.602 media   275   275 D android.hardware.media.c2@1.0-service-v4l2: Service starting...
01-01 00:00:13.612  1046   346   346 W android.hardware.media.omx@1.0-service: libminijail[346]: failed to get path of fd 4: No such file or directory
01-01 00:00:13.612  1046   346   346 W android.hardware.media.omx@1.0-service: libminijail[346]: allowing syscall: clock_gettime
01-01 00:00:13.612  1046   346   346 W android.hardware.media.omx@1.0-service: libminijail[346]: allowing syscall: connect
01-01 00:00:13.612  1046   346   346 W android.hardware.media.omx@1.0-service: libminijail[346]: allowing syscall: fcntl64
01-01 00:00:13.612  1046   346   346 W android.hardware.media.omx@1.0-service: libminijail[346]: allowing syscall: socket
01-01 00:00:13.612  1046   346   346 W android.hardware.media.omx@1.0-service: libminijail[346]: allowing syscall: writev
01-01 00:00:13.612  1046   346   346 W android.hardware.media.omx@1.0-service: libminijail[346]: compile_file: <fd>(59): syscall getrandom redefined here
01-01 00:00:13.613  1046   346   346 W android.hardware.media.omx@1.0-service: libminijail[346]: compile_file: <fd>(15): previous definition here
01-01 00:00:13.617 media   340   368 I ServiceManager: Waiting for service 'package_native' on '/dev/binder'...
01-01 00:00:13.624  1046   346   346 W android.hardware.media.omx@1.0-service: libminijail[346]: compile_file: /system/etc/seccomp_policy/crash_dump.arm.policy(1): syscall read redefined here
01-01 00:00:13.624  1046   346   346 W android.hardware.media.omx@1.0-service: libminijail[346]: compile_file: <fd>(9): previous definition here
01-01 00:00:13.624  1046   346   346 W android.hardware.media.omx@1.0-service: libminijail[346]: compile_file: /system/etc/seccomp_policy/crash_dump.arm.policy(2): syscall write redefined here
01-01 00:00:13.624  1046   346   346 W android.hardware.media.omx@1.0-service: libminijail[346]: compile_file: <fd>(5): previous definition here
