01-01 00:00:15.337  root   257   257 I zygote  : option[18]=-XMadviseWillNeedArtFileSize:4294967295
01-01 00:00:15.337  root   257   257 I zygote  : option[19]=-XjdwpOptions:suspend=n,server=y
01-01 00:00:15.338  root   257   257 I zygote  : option[20]=-XjdwpProvider:default
01-01 00:00:15.338  root   257   257 I zygote  : option[21]=-Xopaque-jni-ids:swapable
01-01 00:00:15.338  root   257   257 I zygote  : option[22]=-Xlockprofthreshold:500
01-01 00:00:15.338  root   257   257 I zygote  : option[23]=-Xcompiler-option
01-01 00:00:15.338  root   257   257 I zygote  : option[24]=-j2
01-01 00:00:15.338  root   257   257 I zygote  : option[25]=-Xcompiler-option
01-01 00:00:15.338  root   257   257 I zygote  : option[26]=--cpu-set=0,1
01-01 00:00:15.338  root   257   257 I zygote  : option[27]=-Xcompiler-option
01-01 00:00:15.338  root   257   257 I zygote  : option[28]=--instruction-set-variant=cortex-a72
01-01 00:00:15.338  root   257   257 I zygote  : option[29]=-Xcompiler-option
01-01 00:00:15.339  root   257   257 I zygote  : option[30]=--instruction-set-features=default
01-01 00:00:15.339  root   257   257 I zygote  : option[31]=-Xcompiler-option
01-01 00:00:15.339  root   257   257 I zygote  : option[32]=--generate-mini-debug-info
01-01 00:00:15.339  root   257   257 I zygote  : option[33]=-Ximage-compiler-option
01-01 00:00:15.339  root   257   257 I zygote  : option[34]=--runtime-arg
01-01 00:00:15.339  root   257   257 I zygote  : option[35]=-Ximage-compiler-option
01-01 00:00:15.339  root   257   257 I zygote  : option[36]=-Xms64m
01-01 00:00:15.339  root   257   257 I zygote  : option[37]=-Ximage-compiler-option
01-01 00:00:15.339  root   257   257 I zygote  : option[38]=--runtime-arg
01-01 00:00:15.339  root   257   257 I zygote  : option[39]=-Ximage-compiler-option
01-01 00:00:15.340  root   257   257 I zygote  : option[40]=-Xmx64m
01-01 00:00:15.340  root   257   257 I zygote  : option[41]=-Ximage-compiler-option
01-01 00:00:15.340  root   257   257 I zygote  : option[42]=--dirty-image-objects=/system/etc/dirty-image-objects
01-01 00:00:15.340  root   257   257 I zygote  : option[43]=-Ximage-compiler-option
01-01 00:00:15.340  root   257   257 I zygote  : option[44]=--instruction-set-variant=cortex-a72
01-01 00:00:15.340  root   257   257 I zygote  : option[45]=-Ximage-compiler-option
01-01 00:00:15.340  root   257   257 I zygote  : option[46]=--instruction-set-features=default
01-01 00:00:15.340  root   257   257 I zygote  : option[47]=-Ximage-compiler-option
01-01 00:00:15.340  root   257   257 I zygote  : option[48]=--generate-mini-debug-info
01-01 00:00:15.340  root   257   257 I zygote  : option[49]=-Duser.locale=en-US
01-01 00:00:15.340  root   257   257 I zygote  : option[50]=--cpu-abilist=armeabi-v7a,armeabi
01-01 00:00:15.340  root   257   257 I zygote  : option[51]=-Xcore-platform-api-policy:just-warn
01-01 00:00:15.340  root   257   257 I zygote  : option[52]=-Xfingerprint:Raspberry/bosch_hal_v2_0/rpi4:13/TQ3A.230901.001/2:userdebug/test-keys
01-01 00:00:15.361  1000   156   156 I servicemanager: Could not find android.hardware.graphics.allocator.IAllocator/default in the VINTF manifest.
01-01 00:00:15.366  1003   176   439 E IPCThreadState: binder thread pool (1 threads) starved for 587 ms
01-01 00:00:15.366  1062   174   448 I EvsApp  : Activated state 4
01-01 00:00:15.378  root   257   257 W zygote  : ART APEX data files are untrusted.
01-01 00:00:15.378  root   257   257 W zygote  : Could not reserve sentinel fault page
01-01 00:00:15.384  root   257   257 I zygote  : Core platform API reporting enabled, enforcing=false
01-01 00:00:15.613  1003   440   440 D BootAnimation: BootAnimationPreloadStopTiming start time: 15613ms
01-01 00:00:15.630  1003   440   455 D libEGL  : loaded /vendor/lib64/egl/libEGL_mesa.so
01-01 00:00:15.632  1003   440   455 D libEGL  : loaded /vendor/lib64/egl/libGLESv1_CM_mesa.so
01-01 00:00:15.636  1003   440   455 D libEGL  : loaded /vendor/lib64/egl/libGLESv2_mesa.so
01-01 00:00:15.655  1003   440   455 I DMABUFHEAPS: Using : Non-legacy ION heaps
01-01 00:00:15.656  1003   440   455 I MESA    : Using IMapper v4 API
01-01 00:00:15.661  1003   440   455 W EGL-MAIN: failed to get driver name for fd -1
01-01 00:00:15.661  1003   440   455 W EGL-MAIN: MESA-LOADER: failed to retrieve device information
01-01 00:00:15.661  1003   440   455 W EGL-MAIN: failed to get driver name for fd -1
01-01 00:00:15.670  1000   157   157 I hwservicemanager: getTransport: Cannot find entry android.hardware.configstore@1.0::ISurfaceFlingerConfigs/default in either framework or device VINTF manifest.
01-01 00:00:15.676  1000   156   156 I servicemanager: Could not find android.hardware.graphics.allocator.IAllocator/default in the VINTF manifest.
01-01 00:00:16.068  1003   440   455 D BootAnimation: Playing files = /system/media/bootanimation.zip/part0, Requested repeat = 1, playUntilComplete = true
01-01 00:00:16.125  1000   291   291 I SurfaceFlinger: Enter boot animation
01-01 00:00:16.447  root   342   342 W ServiceManager: Service package_native didn't start. Returning NULL
01-01 00:00:16.450  root   342   458 I ServiceManager: Waiting for service 'package_native' on '/dev/binder'...
01-01 00:00:16.470  root   257   257 D zygote  : Time zone APEX ICU file found: /apex/com.android.tzdata/etc/icu/icu_tzdata.dat
01-01 00:00:16.479  root   257   257 D zygote  : I18n APEX ICU file found: /apex/com.android.i18n/etc/icu/icudt70l.dat
01-01 00:00:16.482  root   256   256 D zygote64: Time zone APEX ICU file found: /apex/com.android.tzdata/etc/icu/icu_tzdata.dat
01-01 00:00:16.482  root   256   256 D zygote64: I18n APEX ICU file found: /apex/com.android.i18n/etc/icu/icudt70l.dat
01-01 00:00:16.682  root   257   257 I zygote  : Using memfd for future sealing
01-01 00:00:16.701  root   256   256 I zygote64: Using memfd for future sealing
01-01 00:00:17.116  1003   440   455 D BootAnimation: Playing files = /system/media/bootanimation.zip/part1, Requested repeat = 1, playUntilComplete = true
01-01 00:00:17.270  root   256   256 D Zygote  : begin preload
01-01 00:00:17.270  root   256   256 I Zygote  : Calling ZygoteHooks.beginPreload()
01-01 00:00:17.292  root   257   257 I zygote  : Explicit concurrent copying GC freed 2096(230KB) AllocSpace objects, 0(0B) LOS objects, 79% free, 397KB/1933KB, paused 259us,38us total 22.620ms
01-01 00:00:17.303  root   257   257 I zygote  : Explicit concurrent copying GC freed 109(50KB) AllocSpace objects, 0(0B) LOS objects, 78% free, 411KB/1947KB, paused 167us,37us total 10.225ms
01-01 00:00:17.341  root   257   257 I Zygote  : Accepting command socket connections
01-01 00:00:17.492  root   256   256 I Zygote  : Preloading classes...
01-01 00:00:17.710  root   256   256 I Typeface: Preloading /system/fonts/Roboto-Regular.ttf
01-01 00:00:17.714  root   256   256 I Typeface: Preloading /system/fonts/RobotoStatic-Regular.ttf
01-01 00:00:17.826  root   256   256 E ActivityRecognitionHardware: activity_recognition HAL is deprecated. class_init is effectively a no-op
01-01 00:00:17.855  1003   440   455 D BootAnimation: Playing files = /system/media/bootanimation.zip/part2, Requested repeat = 0, playUntilComplete = true
01-01 00:00:18.140  root   256   466 I zygote64: Verified 5508 classes from mainline modules in 987.384ms
01-01 00:00:18.577  root   256   256 D MtpDeviceJNI: register_android_mtp_MtpDevice
01-01 00:00:18.579  root   256   256 E MediaProfiles: MediaProfiles::createCamcorderProfile failed to locate quality 720p 
01-01 00:00:18.580  root   256   256 E MediaProfiles: MediaProfiles::createCamcorderProfile failed to locate quality 720p 
01-01 00:00:18.598  root   257   461 I zygote  : Verified 5508 classes from mainline modules in 1.515s
01-01 00:00:18.642 media   340   368 W ServiceManager: Service package_native didn't start. Returning NULL
01-01 00:00:18.642 media   340   368 E ServiceUtilities: getInfo: Cannot find package_native
01-01 00:00:18.646  root   256   256 I zygote64: Thread[1,tid=256,Native,Thread*=0xb400007b016a8be0,peer=0x13980000,"main"] recursive attempt to load library "librtp_jni.so"
01-01 00:00:19.302  root   256   256 W Zygote  : Class not found for preloading: com.android.internal.telephony.ServiceStateTracker$$ExternalSyntheticLambda6
01-01 00:00:19.485  root   256   256 I Zygote  : ...preloaded 16430 classes in 1993ms.
01-01 00:00:19.496  root   256   256 D ApplicationLoaders: Created zygote-cached class loader: /system/framework/android.hidl.base-V1.0-java.jar
01-01 00:00:19.504  root   256   256 D ApplicationLoaders: Created zygote-cached class loader: /system/framework/android.hidl.manager-V1.0-java.jar
01-01 00:00:19.513  root   256   256 D ApplicationLoaders: Created zygote-cached class loader: /system/framework/android.test.base.jar
01-01 00:00:19.513  root   256   256 I Zygote  : Preloading resources...
01-01 00:00:19.551  root   256   256 W Resources: Preloaded drawable resource #0x1080297 (android:drawable/dialog_background_material) that varies with configuration!!
01-01 00:00:19.583  root   256   256 I Zygote  : ...preloaded 64 resources in 70ms.
01-01 00:00:19.589  root   256   256 I Zygote  : ...preloaded 41 resources in 6ms.
01-01 00:00:19.609  root   256   256 D libEGL  : loaded /vendor/lib64/egl/libEGL_mesa.so
01-01 00:00:19.613  root   256   256 D libEGL  : loaded /vendor/lib64/egl/libGLESv1_CM_mesa.so
01-01 00:00:19.617  root   256   256 D libEGL  : loaded /vendor/lib64/egl/libGLESv2_mesa.so
01-01 00:00:19.631  root   256   256 I Zygote  : Preloading shared libraries...
01-01 00:00:19.637  root   256   256 E zygote64: Unable to find pattern file or unable to map it for am
01-01 00:00:19.643  root   256   256 I Zygote  : Called ZygoteHooks.endPreload()
01-01 00:00:19.645  root   256   256 I Zygote  : Installed AndroidKeyStoreProvider in 1ms.
01-01 00:00:19.647  root   256   256 I Zygote  : Warmed up JCA providers in 2ms.
01-01 00:00:19.647  root   256   256 D Zygote  : end preload
01-01 00:00:19.772  root   256   256 I zygote64: Explicit concurrent copying GC freed 161502(7023KB) AllocSpace objects, 6(136KB) LOS objects, 49% free, 10221KB/19MB, paused 62us,16us total 124.266ms
01-01 00:00:19.865  root   256   256 I zygote64: Explicit concurrent copying GC freed 8329(315KB) AllocSpace objects, 1(28KB) LOS objects, 49% free, 9909KB/19MB, paused 34us,16us total 91.684ms
01-01 00:00:19.929  1003   440   455 D BootAnimation: Playing files = /system/media/bootanimation.zip/part2, Requested repeat = 0, playUntilComplete = true
01-01 00:00:20.316  root   256   256 D Zygote  : Forked child process 475
01-01 00:00:20.316  root   256   256 I Zygote  : System server process 475 has been created
01-01 00:00:20.318  root   256   256 I Zygote  : Accepting command socket connections
01-01 00:00:21.494  root   342   458 W ServiceManager: Service package_native didn't start. Returning NULL
01-01 00:00:21.879  root   475   475 I Zygote  : seccomp disabled by setenforce 0
01-01 00:00:21.939  1003   440   455 D BootAnimation: Playing files = /system/media/bootanimation.zip/part2, Requested repeat = 0, playUntilComplete = true
01-01 00:00:22.097  1000   475   475 W system_server: Failed to upload odrefresh metrics: metrics file '/data/misc/odrefresh/odrefresh-metrics.txt' could not be opened: No such file or directory
01-01 00:00:22.108 shell   325   365 I adbd    : jdwp connection from 475
01-01 00:00:23.855  1000   475   499 I incfs   : Initial API level of the device: 33
01-01 00:00:23.855  1000   475   499 I incfs   : ro.incremental.enable: on
01-01 00:00:23.856  1000   475   499 I incfs   : isFsAvailable: false
01-01 00:00:23.934  root   333   354 D installd: Found quota mount /dev/block/mmcblk0p4 at /data
01-01 00:00:23.934  root   333   354 D installd: Found quota mount /dev/block/mmcblk0p4 at /data/user/0
01-01 00:00:23.947  1000   156   156 I servicemanager: Could not find android.hardware.power.stats.IPowerStats/default in the VINTF manifest.
01-01 00:00:23.947  1003   440   455 D BootAnimation: Playing files = /system/media/bootanimation.zip/part2, Requested repeat = 0, playUntilComplete = true
01-01 00:00:23.952  1000   157   157 I hwservicemanager: getTransport: Cannot find entry android.hardware.power.stats@1.0::IPowerStats/default in either framework or device VINTF manifest.
01-01 00:00:23.952  1000   475   475 E PowerStatsService: Unable to get power.stats HAL service.
01-01 00:00:23.952  1000   475   475 E PowerStatsService: nativeInit failed to connect to power.stats HAL
01-01 00:00:23.953  1000   157   157 I hwservicemanager: getTransport: Cannot find entry android.frameworks.stats@1.0::IStats/default in either framework or device VINTF manifest.
01-01 00:00:23.954  1000   475   475 E HidlServiceManagement: Service android.frameworks.stats@1.0::IStats/default must be in VINTF manifest in order to register/get.
01-01 00:00:23.954  1000   475   475 W system_server: Cannot register HIDL android.frameworks.stats@1.0::IStats: -2147483648
01-01 00:00:23.954  1000   156   156 I servicemanager: Found android.frameworks.stats.IStats/default in framework VINTF manifest.
01-01 00:00:23.955  1000   157   157 I hwservicemanager: getTransport: Cannot find entry android.hardware.memtrack@1.0::IMemtrack/default in either framework or device VINTF manifest.
01-01 00:00:23.956  1000   156   156 I servicemanager: Could not find android.hardware.memtrack.IMemtrack/default in the VINTF manifest.
01-01 00:00:23.956  1000   475   475 I Stability: Interface set with vintf stability downgraded to system stability stability
01-01 00:00:24.154  1000   157   157 I hwservicemanager: getTransport: Cannot find entry android.hardware.power.stats@1.0::IPowerStats/default in either framework or device VINTF manifest.
01-01 00:00:24.154  1000   475   508 E BatteryStatsService: Unable to load Power.Stats.HAL. Setting rail availability to false
01-01 00:00:24.156  1000   475   508 E BluetoothAdapter: Bluetooth service is null
01-01 00:00:24.167  1000   200   200 I binder:200_3: type=1400 audit(0.0:59): avc: denied { read } for name="wakeup0" dev="sysfs" ino=19170 scontext=u:r:system_suspend:s0 tcontext=u:object_r:sysfs:s0 tclass=dir permissive=1
01-01 00:00:24.167  1000   200   200 I binder:200_3: type=1400 audit(0.0:60): avc: denied { open } for path="/sys/devices/platform/scb/fd500000.pcie/pci0000:00/0000:00:00.0/0000:01:00.0/wakeup/wakeup0" dev="sysfs" ino=19170 scontext=u:r:system_suspend:s0 tcontext=u:object_r:sysfs:s0 tclass=dir permissive=1
01-01 00:00:24.167  1000   200   200 I binder:200_3: type=1400 audit(0.0:61): avc: denied { read } for name="event_count" dev="sysfs" ino=19177 scontext=u:r:system_suspend:s0 tcontext=u:object_r:sysfs:s0 tclass=file permissive=1
01-01 00:00:24.167  1000   200   200 I binder:200_3: type=1400 audit(0.0:62): avc: denied { open } for path="/sys/devices/platform/scb/fd500000.pcie/pci0000:00/0000:00:00.0/0000:01:00.0/wakeup/wakeup0/event_count" dev="sysfs" ino=19177 scontext=u:r:system_suspend:s0 tcontext=u:object_r:sysfs:s0 tclass=file permissive=1
01-01 00:00:24.167  1000   200   200 I binder:200_3: type=1400 audit(0.0:63): avc: denied { getattr } for path="/sys/devices/platform/scb/fd500000.pcie/pci0000:00/0000:00:00.0/0000:01:00.0/wakeup/wakeup0/event_count" dev="sysfs" ino=19177 scontext=u:r:system_suspend:s0 tcontext=u:object_r:sysfs:s0 tclass=file permissive=1
01-01 00:00:24.362  1000   156   156 I servicemanager: Found android.hardware.power.IPower/default in device VINTF manifest.
01-01 00:00:24.364  9999   284   284 I android.hardware.power-service.example: Power isModeSupported: 7
01-01 00:00:24.365  9999   284   284 I android.hardware.power-service.example: Power isModeSupported: 0
01-01 00:00:24.379  1000   156   156 I servicemanager: Found android.hardware.light.ILights/default in device VINTF manifest.
01-01 00:00:24.461  1000   475   495 W StrictMode: No activity manager; failed to Dropbox violation.
01-01 00:00:24.461  1000   475   495 W StrictMode: No activity manager; failed to Dropbox violation.
01-01 00:00:24.461  1000   475   495 W StrictMode: No activity manager; failed to Dropbox violation.
01-01 00:00:24.462  1000   475   495 W StrictMode: No activity manager; failed to Dropbox violation.
01-01 00:00:24.462  1000   475   495 W StrictMode: No activity manager; failed to Dropbox violation.
01-01 00:00:24.463  1000   475   495 W StrictMode: No activity manager; failed to Dropbox violation.
01-01 00:00:24.463  1000   475   495 W StrictMode: No activity manager; failed to Dropbox violation.
01-01 00:00:24.538  1000   475   475 D FallbackCategoryProvider: Found 1 fallback categories
--------- beginning of system
01-01 00:00:24.647  1000   475   475 E PackageManager: Package com.android.car.media.localmediaplayer was user id 0 but is now user SharedUserSetting{b2554a6 com.android.car.media/10042} with id 10042; I am not changing its files so it will probably fail!
01-01 00:00:24.648  1000   475   475 E PackageManager: Package com.android.networkstack.tethering was user id 0 but is now user SharedUserSetting{7ecb21 android.uid.networkstack/1073} with id 1073; I am not changing its files so it will probably fail!
01-01 00:00:24.649  1000   475   475 E PackageManager: Package com.android.soundpicker was user id 0 but is now user SharedUserSetting{211a870 android.media/10025} with id 10025; I am not changing its files so it will probably fail!
01-01 00:00:24.649  1000   475   475 E PackageManager: Package com.android.experimentalcar was user id 0 but is now user SharedUserSetting{158bf6c android.uid.system/1000} with id 1000; I am not changing its files so it will probably fail!
01-01 00:00:24.650  1000   475   475 E PackageManager: Package com.android.cts.ctsshim was user id 0 but is now user SharedUserSetting{451b3df com.android.cts.ctsshim/10068} with id 10068; I am not changing its files so it will probably fail!
01-01 00:00:24.651  1000   475   475 E PackageManager: Package com.android.phone was user id 0 but is now user SharedUserSetting{d928e79 android.uid.phone/1001} with id 1001; I am not changing its files so it will probably fail!
01-01 00:00:24.652  1000   475   475 E PackageManager: Package com.android.shell was user id 0 but is now user SharedUserSetting{3f82b18 android.uid.shell/2000} with id 2000; I am not changing its files so it will probably fail!
01-01 00:00:24.653  1000   475   475 E PackageManager: Package com.android.wallpaperbackup was user id 0 but is now user SharedUserSetting{158bf6c android.uid.system/1000} with id 1000; I am not changing its files so it will probably fail!
01-01 00:00:24.653  1000   475   475 E PackageManager: Package com.android.providers.blockednumber was user id 0 but is now user SharedUserSetting{e039bad android.uid.shared/10020} with id 10020; I am not changing its files so it will probably fail!
01-01 00:00:24.654  1000   475   475 E PackageManager: Package com.android.providers.userdictionary was user id 0 but is now user SharedUserSetting{e039bad android.uid.shared/10020} with id 10020; I am not changing its files so it will probably fail!
01-01 00:00:24.654  1000   475   475 E PackageManager: Package com.android.location.fused was user id 0 but is now user SharedUserSetting{158bf6c android.uid.system/1000} with id 1000; I am not changing its files so it will probably fail!
01-01 00:00:24.655  1000   475   475 E PackageManager: Package com.android.systemui was user id 0 but is now user SharedUserSetting{a09845c android.uid.systemui/10088} with id 10088; I am not changing its files so it will probably fail!
01-01 00:00:24.655  1000   475   475 E PackageManager: Package com.android.bluetooth was user id 0 but is now user SharedUserSetting{dde4ceb android.uid.bluetooth/1002} with id 1002; I am not changing its files so it will probably fail!
01-01 00:00:24.656  1000   475   475 E PackageManager: Package com.android.providers.contacts was user id 0 but is now user SharedUserSetting{e039bad android.uid.shared/10020} with id 10020; I am not changing its files so it will probably fail!
01-01 00:00:24.946  1000   475   475 V SLog    : static_init took to complete: 1ms
01-01 00:00:24.946  1000   475   475 W PackageSettings: Missing permission state for package com.android.uwb.resources on user 0
01-01 00:00:24.946  1000   475   475 W PackageSettings: Missing permission state for package com.android.internal.display.cutout.emulation.corner on user 0
01-01 00:00:24.946  1000   475   475 W PackageSettings: Missing permission state for package com.android.internal.display.cutout.emulation.double on user 0
01-01 00:00:24.946  1000   475   475 W PackageSettings: Missing permission state for package com.android.internal.systemui.navbar.gestural_wide_back on user 0
01-01 00:00:24.947  1000   475   475 W PackageSettings: Missing permission state for package com.android.virtualmachine.res on user 0
01-01 00:00:24.947  1000   475   475 W PackageSettings: Missing permission state for package com.android.providers.settings.rpi on user 0
01-01 00:00:24.947  1000   475   475 W PackageSettings: Missing permission state for package com.android.connectivity.resources on user 0
01-01 00:00:24.947  1000   475   475 W PackageSettings: Missing permission state for package com.android.internal.display.cutout.emulation.hole on user 0
01-01 00:00:24.947  1000   475   475 W PackageSettings: Missing permission state for package com.android.internal.display.cutout.emulation.tall on user 0
01-01 00:00:24.947  1000   475   475 W PackageSettings: Missing permission state for package com.android.internal.systemui.navbar.threebutton on user 0
01-01 00:00:24.947  1000   475   475 W PackageSettings: Missing permission state for package com.android.car.scriptexecutor on user 0
01-01 00:00:24.947  1000   475   475 W PackageSettings: Missing permission state for package com.android.compos.payload on user 0
01-01 00:00:24.948  1000   475   475 W PackageSettings: Missing permission state for package com.android.internal.systemui.navbar.gestural_extra_wide_back on user 0
01-01 00:00:24.948  1000   475   475 W PackageSettings: Missing permission state for package com.android.wifi.resources.rpi on user 0
01-01 00:00:24.948  1000   475   475 W PackageSettings: Missing permission state for package com.android.car.frameworkpackagestubs on user 0
01-01 00:00:24.948  1000   475   475 W PackageSettings: Missing permission state for package com.android.dreams.basic on user 0
01-01 00:00:24.948  1000   475   475 W PackageSettings: Missing permission state for package com.android.car.resources.rpi on user 0
01-01 00:00:24.948  1000   475   475 W PackageSettings: Missing permission state for package android.ext.shared on user 0
01-01 00:00:24.948  1000   475   475 W PackageSettings: Missing permission state for package com.android.wifi.resources on user 0
01-01 00:00:24.948  1000   475   475 W PackageSettings: Missing permission state for package com.android.cameraextensions on user 0
01-01 00:00:24.948  1000   475   475 W PackageSettings: Missing permission state for package com.android.theme.font.notoserifsource on user 0
01-01 00:00:24.948  1000   475   475 W PackageSettings: Missing permission state for package com.android.internal.display.cutout.emulation.waterfall on user 0
01-01 00:00:24.949  1000   475   475 W PackageSettings: Missing permission state for package android.rpi on user 0
01-01 00:00:24.949  1000   475   475 W PackageSettings: Missing permission state for package com.android.bookmarkprovider on user 0
01-01 00:00:24.949  1000   475   475 W PackageSettings: Missing permission state for package com.android.permissioncontroller.car.rro on user 0
01-01 00:00:24.949  1000   475   475 W PackageSettings: Missing permission state for package com.android.internal.systemui.navbar.gestural on user 0
01-01 00:00:24.949  1000   475   475 W PackageSettings: Missing permission state for package com.android.car.updatable on user 0
01-01 00:00:24.949  1000   475   475 W PackageSettings: Missing permission state for package com.android.internal.systemui.navbar.gestural_narrow_back on user 0
01-01 00:00:24.950  1000   475   475 W PackageSettings: Missing permission state for shared user: android.uid.log
01-01 00:00:24.950  1000   475   475 W PackageSettings: Missing permission state for shared user: android.uid.uwb
01-01 00:00:24.965  1000   475   475 W PackageSettings: Missing permission state for package com.android.uwb.resources on user 10
01-01 00:00:24.965  1000   475   475 W PackageSettings: Missing permission state for package com.android.internal.display.cutout.emulation.corner on user 10
01-01 00:00:24.965  1000   475   475 W PackageSettings: Missing permission state for package com.android.internal.display.cutout.emulation.double on user 10
01-01 00:00:24.965  1000   475   475 W PackageSettings: Missing permission state for package com.android.internal.systemui.navbar.gestural_wide_back on user 10
01-01 00:00:24.966  1000   475   475 W PackageSettings: Missing permission state for package com.android.virtualmachine.res on user 10
01-01 00:00:24.966  1000   475   475 W PackageSettings: Missing permission state for package com.android.providers.settings.rpi on user 10
01-01 00:00:24.966  1000   475   475 W PackageSettings: Missing permission state for package com.android.connectivity.resources on user 10
01-01 00:00:24.966  1000   475   475 W PackageSettings: Missing permission state for package com.android.internal.display.cutout.emulation.hole on user 10
01-01 00:00:24.966  1000   475   475 W PackageSettings: Missing permission state for package com.android.internal.display.cutout.emulation.tall on user 10
01-01 00:00:24.966  1000   475   475 W PackageSettings: Missing permission state for package com.android.internal.systemui.navbar.threebutton on user 10
01-01 00:00:24.966  1000   475   475 W PackageSettings: Missing permission state for package com.android.car.scriptexecutor on user 10
01-01 00:00:24.966  1000   475   475 W PackageSettings: Missing permission state for package com.android.compos.payload on user 10
01-01 00:00:24.967  1000   475   475 W PackageSettings: Missing permission state for package com.android.internal.systemui.navbar.gestural_extra_wide_back on user 10
01-01 00:00:24.967  1000   475   475 W PackageSettings: Missing permission state for package com.android.wifi.resources.rpi on user 10
01-01 00:00:24.967  1000   475   475 W PackageSettings: Missing permission state for package com.android.car.frameworkpackagestubs on user 10
01-01 00:00:24.967  1000   475   475 W PackageSettings: Missing permission state for package com.android.dreams.basic on user 10
01-01 00:00:24.967  1000   475   475 W PackageSettings: Missing permission state for package com.android.car.resources.rpi on user 10
01-01 00:00:24.967  1000   475   475 W PackageSettings: Missing permission state for package android.ext.shared on user 10
01-01 00:00:24.967  1000   475   475 W PackageSettings: Missing permission state for package com.android.wifi.resources on user 10
01-01 00:00:24.967  1000   475   475 W PackageSettings: Missing permission state for package com.android.cameraextensions on user 10
01-01 00:00:24.967  1000   475   475 W PackageSettings: Missing permission state for package com.android.theme.font.notoserifsource on user 10
01-01 00:00:24.967  1000   475   475 W PackageSettings: Missing permission state for package com.android.internal.display.cutout.emulation.waterfall on user 10
01-01 00:00:24.968  1000   475   475 W PackageSettings: Missing permission state for package android.rpi on user 10
01-01 00:00:24.968  1000   475   475 W PackageSettings: Missing permission state for package com.android.bookmarkprovider on user 10
01-01 00:00:24.968  1000   475   475 W PackageSettings: Missing permission state for package com.android.permissioncontroller.car.rro on user 10
01-01 00:00:24.968  1000   475   475 W PackageSettings: Missing permission state for package com.android.internal.systemui.navbar.gestural on user 10
01-01 00:00:24.968  1000   475   475 W PackageSettings: Missing permission state for package com.android.car.updatable on user 10
01-01 00:00:24.969  1000   475   475 W PackageSettings: Missing permission state for package com.android.internal.systemui.navbar.gestural_narrow_back on user 10
01-01 00:00:24.970  1000   475   475 W PackageSettings: Missing permission state for shared user: android.uid.log
01-01 00:00:24.970  1000   475   475 W PackageSettings: Missing permission state for shared user: android.uid.uwb
01-01 00:00:24.983  1000   475   475 W PackageSettings: Missing permission state for package com.android.uwb.resources on user 11
01-01 00:00:24.983  1000   475   475 W PackageSettings: Missing permission state for package com.android.internal.display.cutout.emulation.corner on user 11
01-01 00:00:24.983  1000   475   475 W PackageSettings: Missing permission state for package com.android.internal.display.cutout.emulation.double on user 11
01-01 00:00:24.984  1000   475   475 W PackageSettings: Missing permission state for package com.android.internal.systemui.navbar.gestural_wide_back on user 11
01-01 00:00:24.984  1000   475   475 W PackageSettings: Missing permission state for package com.android.virtualmachine.res on user 11
01-01 00:00:24.984  1000   475   475 W PackageSettings: Missing permission state for package com.android.providers.settings.rpi on user 11
01-01 00:00:24.984  1000   475   475 W PackageSettings: Missing permission state for package com.android.connectivity.resources on user 11
01-01 00:00:24.984  1000   475   475 W PackageSettings: Missing permission state for package com.android.internal.display.cutout.emulation.hole on user 11
01-01 00:00:24.984  1000   475   475 W PackageSettings: Missing permission state for package com.android.internal.display.cutout.emulation.tall on user 11
01-01 00:00:24.984  1000   475   475 W PackageSettings: Missing permission state for package com.android.internal.systemui.navbar.threebutton on user 11
01-01 00:00:24.984  1000   475   475 W PackageSettings: Missing permission state for package com.android.car.scriptexecutor on user 11
01-01 00:00:24.985  1000   475   475 W PackageSettings: Missing permission state for package com.android.compos.payload on user 11
01-01 00:00:24.985  1000   475   475 W PackageSettings: Missing permission state for package com.android.internal.systemui.navbar.gestural_extra_wide_back on user 11
01-01 00:00:24.985  1000   475   475 W PackageSettings: Missing permission state for package com.android.wifi.resources.rpi on user 11
01-01 00:00:24.985  1000   475   475 W PackageSettings: Missing permission state for package com.android.car.frameworkpackagestubs on user 11
01-01 00:00:24.985  1000   475   475 W PackageSettings: Missing permission state for package com.android.dreams.basic on user 11
01-01 00:00:24.985  1000   475   475 W PackageSettings: Missing permission state for package com.android.car.resources.rpi on user 11
01-01 00:00:24.985  1000   475   475 W PackageSettings: Missing permission state for package android.ext.shared on user 11
01-01 00:00:24.985  1000   475   475 W PackageSettings: Missing permission state for package com.android.wifi.resources on user 11
01-01 00:00:24.985  1000   475   475 W PackageSettings: Missing permission state for package com.android.cameraextensions on user 11
01-01 00:00:24.985  1000   475   475 W PackageSettings: Missing permission state for package com.android.theme.font.notoserifsource on user 11
01-01 00:00:24.985  1000   475   475 W PackageSettings: Missing permission state for package com.android.internal.display.cutout.emulation.waterfall on user 11
01-01 00:00:24.986  1000   475   475 W PackageSettings: Missing permission state for package android.rpi on user 11
01-01 00:00:24.986  1000   475   475 W PackageSettings: Missing permission state for package com.android.bookmarkprovider on user 11
01-01 00:00:24.986  1000   475   475 W PackageSettings: Missing permission state for package com.android.permissioncontroller.car.rro on user 11
01-01 00:00:24.986  1000   475   475 W PackageSettings: Missing permission state for package com.android.internal.systemui.navbar.gestural on user 11
01-01 00:00:24.986  1000   475   475 W PackageSettings: Missing permission state for package com.android.car.updatable on user 11
01-01 00:00:24.987  1000   475   475 W PackageSettings: Missing permission state for package com.android.internal.systemui.navbar.gestural_narrow_back on user 11
01-01 00:00:24.987  1000   475   475 W PackageSettings: Missing permission state for shared user: android.uid.log
01-01 00:00:24.988  1000   475   475 W PackageSettings: Missing permission state for shared user: android.uid.uwb
01-01 00:00:25.008  1000   475   475 W PackageSettings: Missing permission state for package com.android.uwb.resources on user 12
01-01 00:00:25.008  1000   475   475 W PackageSettings: Missing permission state for package com.android.internal.display.cutout.emulation.corner on user 12
01-01 00:00:25.008  1000   475   475 W PackageSettings: Missing permission state for package com.android.internal.display.cutout.emulation.double on user 12
01-01 00:00:25.008  1000   475   475 W PackageSettings: Missing permission state for package com.android.internal.systemui.navbar.gestural_wide_back on user 12
01-01 00:00:25.008  1000   475   475 W PackageSettings: Missing permission state for package com.android.virtualmachine.res on user 12
01-01 00:00:25.008  1000   475   475 W PackageSettings: Missing permission state for package com.android.providers.settings.rpi on user 12
01-01 00:00:25.009  1000   475   475 W PackageSettings: Missing permission state for package com.android.connectivity.resources on user 12
01-01 00:00:25.009  1000   475   475 W PackageSettings: Missing permission state for package com.android.internal.display.cutout.emulation.hole on user 12
01-01 00:00:25.009  1000   475   475 W PackageSettings: Missing permission state for package com.android.internal.display.cutout.emulation.tall on user 12
01-01 00:00:25.009  1000   475   475 W PackageSettings: Missing permission state for package com.android.internal.systemui.navbar.threebutton on user 12
01-01 00:00:25.009  1000   475   475 W PackageSettings: Missing permission state for package com.android.car.scriptexecutor on user 12
01-01 00:00:25.009  1000   475   475 W PackageSettings: Missing permission state for package com.android.compos.payload on user 12
01-01 00:00:25.009  1000   475   475 W PackageSettings: Missing permission state for package com.android.internal.systemui.navbar.gestural_extra_wide_back on user 12
01-01 00:00:25.010  1000   475   475 W PackageSettings: Missing permission state for package com.android.wifi.resources.rpi on user 12
01-01 00:00:25.010  1000   475   475 W PackageSettings: Missing permission state for package com.android.car.frameworkpackagestubs on user 12
01-01 00:00:25.010  1000   475   475 W PackageSettings: Missing permission state for package com.android.dreams.basic on user 12
01-01 00:00:25.010  1000   475   475 W PackageSettings: Missing permission state for package com.android.car.resources.rpi on user 12
01-01 00:00:25.010  1000   475   475 W PackageSettings: Missing permission state for package android.ext.shared on user 12
01-01 00:00:25.010  1000   475   475 W PackageSettings: Missing permission state for package com.android.wifi.resources on user 12
01-01 00:00:25.010  1000   475   475 W PackageSettings: Missing permission state for package com.android.cameraextensions on user 12
01-01 00:00:25.010  1000   475   475 W PackageSettings: Missing permission state for package com.android.theme.font.notoserifsource on user 12
01-01 00:00:25.010  1000   475   475 W PackageSettings: Missing permission state for package com.android.internal.display.cutout.emulation.waterfall on user 12
01-01 00:00:25.011  1000   475   475 W PackageSettings: Missing permission state for package android.rpi on user 12
01-01 00:00:25.011  1000   475   475 W PackageSettings: Missing permission state for package com.android.bookmarkprovider on user 12
01-01 00:00:25.011  1000   475   475 W PackageSettings: Missing permission state for package com.android.permissioncontroller.car.rro on user 12
01-01 00:00:25.011  1000   475   475 W PackageSettings: Missing permission state for package com.android.internal.systemui.navbar.gestural on user 12
01-01 00:00:25.011  1000   475   475 W PackageSettings: Missing permission state for package com.android.car.updatable on user 12
01-01 00:00:25.011  1000   475   475 W PackageSettings: Missing permission state for package com.android.internal.systemui.navbar.gestural_narrow_back on user 12
01-01 00:00:25.012  1000   475   475 W PackageSettings: Missing permission state for shared user: android.uid.log
01-01 00:00:25.012  1000   475   475 W PackageSettings: Missing permission state for shared user: android.uid.uwb
01-01 00:00:25.015  1000   475   475 V PackageManagerTiming: read user settings took to complete: 477ms
01-01 00:00:25.061  1000   475   475 D PackageManager: Directories scanned as system partitions: [/system:0, /vendor:524288, /odm:4194304, /oem:262144, /system/product:1048576, /system/system_ext:2097152, /apex/com.android.virt:8388608, /apex/com.android.compos:8388608, /apex/com.android.wifi:8388608, /apex/com.android.vndk.v33:8388608, /apex/com.android.uwb:8388608, /apex/com.android.tzdata:8388608, /apex/com.android.tethering:8388608, /apex/com.android.sdkext:8388608, /apex/com.android.scheduling:8388608, /apex/com.android.runtime:8388608, /apex/com.android.resolv:8388608, /apex/com.android.permission:8388608, /apex/com.android.os.statsd:8388608, /apex/com.android.ondevicepersonalization:8388608, /apex/com.android.neuralnetworks:8388608, /apex/com.android.mediaprovider:8388608, /apex/com.android.media.swcodec:8388608, /apex/com.android.media:8388608, /apex/com.android.ipsec:8388608, /apex/com.android.i18n:8388608, /apex/com.android.extservices:8388608, /apex/com.android.conscrypt:8388608, /apex/com.android.car.framework:8388608, /apex/com.android.btservices:8388608, /apex/com.android.art:8388608, /apex/com.android.appsearch:8388608, /apex/com.android.adservices:8388608, /apex/com.android.adbd:8388608]
01-01 00:00:25.063  1000   475   475 D PackageManager: Keeping known cache a1c7e2f7d6a773372358ee95cd2d275d6e9f09fc
01-01 00:00:25.064  1000   475   475 D PackageManager: No files in app dir /system/system_ext/overlay
01-01 00:00:25.071  1000   475   475 I PackageBackwardCompatibility: Loaded android.content.pm.AndroidTestBaseUpdater
01-01 00:00:25.073  1000   475   475 D CompatibilityChangeReporter: Compat change id reported: 143539591; UID -1; state: DISABLED
01-01 00:00:25.073  1000   475   475 D CompatibilityChangeReporter: Compat change id reported: 168782947; UID -1; state: ENABLED
01-01 00:00:25.087  1000   475   475 D PackageManager: No files in app dir /oem/overlay
01-01 00:00:25.087  1000   475   475 D PackageManager: No files in app dir /odm/overlay
01-01 00:00:25.099  1000   475   475 W PackageManager: Failed to parse /system/framework/oat: Missing base APK in /system/framework/oat
01-01 00:00:25.099  1000   475   475 W PackageManager: Failed to parse /system/framework/arm64: Missing base APK in /system/framework/arm64
01-01 00:00:25.100  1000   475   475 W PackageManager: Failed to parse /system/framework/arm: Missing base APK in /system/framework/arm
01-01 00:00:25.161  1000   475   475 D CompatibilityChangeReporter: Compat change id reported: 168782947; UID -1; state: DISABLED
01-01 00:00:25.235  1000   475   475 I PackageManager: /system/priv-app/NetworkStack changed; collecting certs
01-01 00:00:25.249  1000   475   475 W PackageManager: Failed to scan /system/priv-app/NetworkStack: Application package com.android.networkstack already installed.  Skipping duplicate.
01-01 00:00:25.256  1000   475   475 I PackageManager: Replacing default ResolverActivity with custom activity: ComponentInfo{com.android.car.activityresolver/com.android.car.activityresolver.CarResolverActivity}
01-01 00:00:25.319  1000   475   475 D PackageManager: No files in app dir /vendor/priv-app
01-01 00:00:25.320  1000   475   475 D PackageManager: No files in app dir /vendor/app
01-01 00:00:25.320  1000   475   475 D PackageManager: No files in app dir /odm/priv-app
01-01 00:00:25.320  1000   475   475 D PackageManager: No files in app dir /odm/app
01-01 00:00:25.321  1000   475   475 D PackageManager: No files in app dir /oem/app
01-01 00:00:25.385  1000   475   475 D PackageManager: No files in app dir /apex/com.android.virt/priv-app
01-01 00:00:25.387  1000   475   521 W PackageCacher: Failed to find APEX file backing /apex/com.android.virt/app/android.system.virtualmachine.res@TQ3A.230901.001
01-01 00:00:25.390  1000   475   475 D PackageManager: No files in app dir /apex/com.android.compos/priv-app
01-01 00:00:25.391  1000   475   523 W PackageCacher: Failed to find APEX file backing /apex/com.android.compos/app/CompOSPayloadApp@TQ3A.230901.001
01-01 00:00:25.396  1000   475   522 W PackageCacher: Failed to find APEX file backing /apex/com.android.wifi/priv-app/ServiceWifiResources@TQ3A.230901.001
01-01 00:00:25.400  1000   475   524 W PackageCacher: Failed to find APEX file backing /apex/com.android.wifi/app/OsuLogin@TQ3A.230901.001
01-01 00:00:25.400  1000   475   521 W PackageCacher: Failed to find APEX file backing /apex/com.android.wifi/app/WifiDialog@TQ3A.230901.001
01-01 00:00:25.406  1000   475   475 D PackageManager: No files in app dir /apex/com.android.vndk.v33/priv-app
01-01 00:00:25.406  1000   475   475 D PackageManager: No files in app dir /apex/com.android.vndk.v33/app
01-01 00:00:25.408  1000   475   523 W PackageCacher: Failed to find APEX file backing /apex/com.android.uwb/priv-app/ServiceUwbResources@TQ3A.230901.001
01-01 00:00:25.411  1000   475   475 D PackageManager: No files in app dir /apex/com.android.uwb/app
01-01 00:00:25.412  1000   475   475 D PackageManager: No files in app dir /apex/com.android.tzdata/priv-app
01-01 00:00:25.412  1000   475   475 D PackageManager: No files in app dir /apex/com.android.tzdata/app
01-01 00:00:25.413  1000   475   522 W PackageCacher: Failed to find APEX file backing /apex/com.android.tethering/priv-app/ServiceConnectivityResources@TQ3A.230901.001
01-01 00:00:25.413  1000   475   524 W PackageCacher: Failed to find APEX file backing /apex/com.android.tethering/priv-app/TetheringNext@TQ3A.230901.001
01-01 00:00:25.420  1000   475   521 W PackageCacher: Failed to find APEX file backing /apex/com.android.tethering/app/HalfSheetUX@TQ3A.230901.001
01-01 00:00:25.424  1000   475   475 D PackageManager: No files in app dir /apex/com.android.sdkext/priv-app
01-01 00:00:25.425  1000   475   475 D PackageManager: No files in app dir /apex/com.android.sdkext/app
01-01 00:00:25.425  1000   475   475 D PackageManager: No files in app dir /apex/com.android.scheduling/priv-app
01-01 00:00:25.425  1000   475   475 D PackageManager: No files in app dir /apex/com.android.scheduling/app
01-01 00:00:25.426  1000   475   475 D PackageManager: No files in app dir /apex/com.android.runtime/priv-app
01-01 00:00:25.426  1000   475   475 D PackageManager: No files in app dir /apex/com.android.runtime/app
01-01 00:00:25.426  1000   475   475 D PackageManager: No files in app dir /apex/com.android.resolv/priv-app
01-01 00:00:25.426  1000   475   475 D PackageManager: No files in app dir /apex/com.android.resolv/app
01-01 00:00:25.428  1000   475   523 W PackageCacher: Failed to find APEX file backing /apex/com.android.permission/priv-app/SafetyCenterResources@TQ3A.230901.001
01-01 00:00:25.429  1000   475   524 W PackageCacher: Failed to find APEX file backing /apex/com.android.permission/priv-app/PermissionController@TQ3A.230901.001
01-01 00:00:25.436  1000   475   475 D PackageManager: No files in app dir /apex/com.android.permission/app
01-01 00:00:25.437  1000   475   475 D PackageManager: No files in app dir /apex/com.android.os.statsd/priv-app
01-01 00:00:25.437  1000   475   475 D PackageManager: No files in app dir /apex/com.android.os.statsd/app
01-01 00:00:25.437  1000   475   475 D PackageManager: No files in app dir /apex/com.android.ondevicepersonalization/priv-app
01-01 00:00:25.438  1000   475   522 W PackageCacher: Failed to find APEX file backing /apex/com.android.ondevicepersonalization/app/OnDevicePersonalization@TQ3A.230901.001
01-01 00:00:25.442  1000   475   475 D PackageManager: No files in app dir /apex/com.android.neuralnetworks/priv-app
01-01 00:00:25.442  1000   475   475 D PackageManager: No files in app dir /apex/com.android.neuralnetworks/app
01-01 00:00:25.443  1000   475   521 W PackageCacher: Failed to find APEX file backing /apex/com.android.mediaprovider/priv-app/MediaProvider@TQ3A.230901.001
01-01 00:00:25.447  1000   475   475 D PackageManager: No files in app dir /apex/com.android.mediaprovider/app
01-01 00:00:25.448  1000   475   475 D PackageManager: No files in app dir /apex/com.android.media.swcodec/priv-app
01-01 00:00:25.448  1000   475   475 D PackageManager: No files in app dir /apex/com.android.media.swcodec/app
01-01 00:00:25.448  1000   475   475 D PackageManager: No files in app dir /apex/com.android.media/priv-app
01-01 00:00:25.449  1000   475   475 D PackageManager: No files in app dir /apex/com.android.media/app
01-01 00:00:25.449  1000   475   475 D PackageManager: No files in app dir /apex/com.android.ipsec/priv-app
01-01 00:00:25.449  1000   475   475 D PackageManager: No files in app dir /apex/com.android.ipsec/app
01-01 00:00:25.449  1000   475   475 D PackageManager: No files in app dir /apex/com.android.i18n/priv-app
01-01 00:00:25.450  1000   475   475 D PackageManager: No files in app dir /apex/com.android.i18n/app
01-01 00:00:25.451  1000   475   523 W PackageCacher: Failed to find APEX file backing /apex/com.android.extservices/priv-app/ExtServices@TQ3A.230901.001
01-01 00:00:25.456  1000   475   475 D PackageManager: No files in app dir /apex/com.android.extservices/app
01-01 00:00:25.457  1000   475   475 D PackageManager: No files in app dir /apex/com.android.conscrypt/priv-app
01-01 00:00:25.457  1000   475   475 D PackageManager: No files in app dir /apex/com.android.conscrypt/app
01-01 00:00:25.458  1000   475   524 W PackageCacher: Failed to find APEX file backing /apex/com.android.car.framework/priv-app/CarServiceUpdatable@TQ3A.230901.001
01-01 00:00:25.465  1000   475   522 W PackageCacher: Failed to find APEX file backing /apex/com.android.car.framework/app/ScriptExecutor@TQ3A.230901.001
01-01 00:00:25.468  1000   475   475 D PackageManager: No files in app dir /apex/com.android.btservices/priv-app
01-01 00:00:25.470  1000   475   521 W PackageCacher: Failed to find APEX file backing /apex/com.android.btservices/app/Bluetooth@TQ3A.230901.001
01-01 00:00:25.476  1000   475   475 D PackageManager: No files in app dir /apex/com.android.art/priv-app
01-01 00:00:25.476  1000   475   475 D PackageManager: No files in app dir /apex/com.android.art/app
01-01 00:00:25.476  1000   475   475 D PackageManager: No files in app dir /apex/com.android.appsearch/priv-app
01-01 00:00:25.476  1000   475   475 D PackageManager: No files in app dir /apex/com.android.appsearch/app
01-01 00:00:25.477  1000   475   523 W PackageCacher: Failed to find APEX file backing /apex/com.android.adservices/priv-app/AdServicesApk@TQ3A.230901.001
01-01 00:00:25.482  1000   475   524 W PackageCacher: Failed to find APEX file backing /apex/com.android.adservices/app/SdkSandbox@TQ3A.230901.001
01-01 00:00:25.485  1000   475   475 D PackageManager: No files in app dir /apex/com.android.adbd/priv-app
01-01 00:00:25.485  1000   475   475 D PackageManager: No files in app dir /apex/com.android.adbd/app
01-01 00:00:25.505  1000   475   475 I PackageManager: Finished scanning system apps. Time: 448 ms, packageCount: 137 , timePerPackage: 3 , cached: 138
01-01 00:00:25.506  1000   475   475 D PackageManager: No files in app dir /data/app
01-01 00:00:25.507  1000   475   475 I PackageManager: Finished scanning non-system apps. Time: 2 ms, packageCount: 0 , timePerPackage: 0 , cached: 0
01-01 00:00:25.508  1000   475   475 W PackageManager: Missing required system package: .
01-01 00:00:25.508  1000   475   475 W PackageManager: Missing required system package: .
01-01 00:00:25.508  1000   475   475 W PackageManager: Missing required system package: com.android.launcher3.
01-01 00:00:25.511  1000   475   475 I PackageManager: Time to scan packages: 0.454 seconds
01-01 00:00:25.511  1000   475   475 I PackageManager: Permission ownership changed. Updating all permissions.
01-01 00:00:25.575  1000   475   475 V PackageManager: reconcileAppsData for null u0 0x3 migrateAppData=true
01-01 00:00:25.594  root   333   354 I SELinux : SELinux: Loaded file_contexts
01-01 00:00:25.749  1000   475   475 V PackageManager: reconcileAppsData finished 25 packages
01-01 00:00:25.749  1000   475   475 D PackageManagerTiming: write settings
01-01 00:00:25.750  1000   475   526 D SystemServerTimingAsync: InitThreadPoolExec:prepareAppData
01-01 00:00:25.750  1000   475   526 D SystemServerInitThreadPool: Started executing prepareAppData
01-01 00:00:25.750  root   333   333 D installd: Found valid user 12
01-01 00:00:25.750  root   333   333 D installd: Found valid user 10
01-01 00:00:25.750  root   333   333 D installd: Found valid user 11
01-01 00:00:25.798  1000   475   475 I SELinux : SELinux: Loaded file_contexts
01-01 00:00:25.854  1000   475   475 V PackageManagerTiming: write settings took to complete: 105ms
01-01 00:00:25.855  1000   475   475 W PackageManager: There should probably be a verifier, but, none were found
01-01 00:00:25.856  1000   475   475 W PackageManager: Domain verification agent not found
01-01 00:00:25.858  1000   475   475 D PackageManager: Ephemeral resolver NOT found; no matching intent filters
