01-01 00:00:05.569  root     0     0 I apexd   : Bind mounting /system/apex/com.android.conscrypt onto /apex/com.android.conscrypt
01-01 00:00:05.616  root     0     0 W printk  : apexd: 26 output lines suppressed due to ratelimiting
01-01 00:00:05.695  root     0     0 I ueventd : Coldboot took 0.262 seconds
01-01 00:00:06.224  root     0     0 I         : Registered swp emulation handler
01-01 00:00:06.316  root     0     0 I logd.auditd: start
01-01 00:00:06.367  1000   157   157 I hwservicemanager: getDeviceHalManifest: Reading VINTF information.
01-01 00:00:06.349  root     0     0 I logd    : Loaded bug_map file: /vendor/etc/selinux/selinux_denial_metadata
01-01 00:00:06.358  root     0     0 I logd    : Loaded bug_map file: /system/etc/selinux/bug_map
01-01 00:00:06.383  1000   157   157 I hwservicemanager: getDeviceHalManifest: Successfully processed VINTF information
01-01 00:00:06.383  1000   157   157 I hwservicemanager: getFrameworkHalManifest: Successfully processed VINTF information
01-01 00:00:06.384  1000   157   157 I hwservicemanager: hwservicemanager is ready now.
01-01 00:00:06.550  root     0     0 W EXT4-fs (mmcblk0p4): Ignoring removed nomblk_io_submit option
01-01 00:00:06.602  1000   156   156 I servicemanager: getDeviceHalManifest: Reading VINTF information.
01-01 00:00:06.612  1000   156   156 I servicemanager: getDeviceHalManifest: Successfully processed VINTF information
01-01 00:00:06.612  1000   156   156 I servicemanager: getFrameworkHalManifest: Reading VINTF information.
01-01 00:00:06.615  1000   156   156 I servicemanager: getFrameworkHalManifest: Successfully processed VINTF information
01-01 00:00:06.615  1000   156   156 I servicemanager: Could not find android.hardware.automotive.vehicle.IVehicle/default in the VINTF manifest.
01-01 00:00:06.616  1000   172   172 D carwatchdogd: AIDL VHAL service, descriptor: android.hardware.automotive.vehicle.IVehicle/default is not declared, maybe HIDL VHAL is used instead?
01-01 00:00:06.616  1000   172   172 E cutils-trace: Error opening trace file: No such file or directory (2)
01-01 00:00:06.617  1000   157   157 E cutils-trace: Error opening trace file: No such file or directory (2)
01-01 00:00:06.617  1000   157   157 I hwservicemanager: Since android.hardware.automotive.vehicle@2.0::IVehicle/default is not registered, trying to start it as a lazy HAL.
01-01 00:00:06.618  1000   172   172 W carwatchdogd: VHAL is not connected: Failed to connect to VHAL.
01-01 00:00:06.618  1000   172   172 W carwatchdogd: Failed to update WATCHDOG_ALIVE VHAL property. Will try again in 3s, error: VHAL is not connected: Failed to connect to VHAL.
01-01 00:00:06.620  1000   156   156 I servicemanager: Found android.automotive.watchdog.ICarWatchdog/default in framework VINTF manifest.
01-01 00:00:06.623  1000   172   182 I carwatchdogd: Starting BOOT_TIME_COLLECTION performance data collection
01-01 00:00:06.643  root     0     0 I EXT4-fs (mmcblk0p4): mounted filesystem with ordered data mode. Opts: errors=remount-ro,nomblk_io_submit. Quota mode: journalled.
01-01 00:00:06.748  1062   175   175 I evsmanagerd: EVS manager starting
01-01 00:00:06.750  1062   175   186 I evsmanagerd: EVS managed service connecting to hardware service at hw/1
01-01 00:00:06.750  1062   175   175 I evsmanagerd: Main thread entering thread pool
01-01 00:00:06.751  1000   156   156 I servicemanager: Found android.hardware.automotive.evs.IEvsEnumerator/hw/1 in device VINTF manifest.
01-01 00:00:06.752  1062   175   186 I evsmanagerd: Failed to connect to AIDL EVS HAL implementation.  Trying to connect to HIDL EVS HAL implementation instead.
01-01 00:00:06.752  1062   175   186 E cutils-trace: Error opening trace file: No such file or directory (2)
01-01 00:00:06.753  1000   157   157 I hwservicemanager: getTransport: Cannot find entry android.hardware.automotive.evs@1.1::IEvsEnumerator/hw/1 in either framework or device VINTF manifest.
01-01 00:00:06.754  1062   175   186 I evsmanagerd: No EVS HAL implementation is available.  Retrying after 1000 ms
01-01 00:00:06.798  root     0     0 I e2fsck  : e2fsck 1.46.2 (28-Feb-2021)
01-01 00:00:06.819  root     0     0 I e2fsck  : userdata: clean, 8258/303104 files, 98130/1212160 blocks
01-01 00:00:06.838  root     0     0 W EXT4-fs (mmcblk0p4): Ignoring removed nomblk_io_submit option
01-01 00:00:06.896  root     0     0 I EXT4-fs (mmcblk0p4): mounted filesystem with ordered data mode. Opts: nomblk_io_submit,errors=panic. Quota mode: journalled.
01-01 00:00:06.915  1062   174   174 I EvsApp  : EVS app starting
01-01 00:00:06.919  1000   157   181 W libc    : Unable to set property "ctl.interface_start" to "android.hardware.automotive.vehicle@2.0::IVehicle/default": error code: 0x20
01-01 00:00:06.919  1000   157   181 I hwservicemanager: Tried to start android.hardware.automotive.vehicle@2.0::IVehicle/default as a lazy service, but was unable to. Usually this happens when a service is not installed, but if the service is intended to be used as a lazy service, then it may be configured incorrectly.
01-01 00:00:06.922  1062   174   174 I EvsApp  : Acquiring EVS Enumerator
01-01 00:00:06.922  1062   174   174 E cutils-trace: Error opening trace file: No such file or directory (2)
01-01 00:00:06.923  1000   157   157 I hwservicemanager: Since android.hardware.automotive.evs@1.1::IEvsEnumerator/default is not registered, trying to start it as a lazy HAL.
01-01 00:00:06.925  1000   157   194 W libc    : Unable to set property "ctl.interface_start" to "android.hardware.automotive.evs@1.1::IEvsEnumerator/default": error code: 0x20
01-01 00:00:06.925  1000   157   194 I hwservicemanager: Tried to start android.hardware.automotive.evs@1.1::IEvsEnumerator/default as a lazy service, but was unable to. Usually this happens when a service is not installed, but if the service is intended to be used as a lazy service, then it may be configured incorrectly.
01-01 00:00:06.925  1000   157   157 I hwservicemanager: Since android.hardware.automotive.evs@1.1::IEvsEnumerator/default is not registered, trying to start it as a lazy HAL.
01-01 00:00:06.926  1062   174   174 I HidlServiceManagement: getService: Trying again for android.hardware.automotive.evs@1.1::IEvsEnumerator/default...
01-01 00:00:06.926  1000   157   196 W libc    : Unable to set property "ctl.interface_start" to "android.hardware.automotive.evs@1.1::IEvsEnumerator/default": error code: 0x20
01-01 00:00:06.926  1000   157   196 I hwservicemanager: Tried to start android.hardware.automotive.evs@1.1::IEvsEnumerator/default as a lazy service, but was unable to. Usually this happens when a service is not installed, but if the service is intended to be used as a lazy service, then it may be configured incorrectly.
01-01 00:00:06.937  1003   173   173 I cardisplayproxyd: cardisplayproxy service is starting
01-01 00:00:06.939  1000   156   156 I servicemanager: Found android.frameworks.automotive.display.ICarDisplayProxy/default in framework VINTF manifest.
01-01 00:00:06.939  1003   173   173 I cardisplayproxyd: Main thread entering thread pool
01-01 00:00:07.057  1000   156   156 I servicemanager: Since 'android.system.suspend.ISystemSuspend/default' could not be found, trying to start it as a lazy AIDL service
01-01 00:00:07.058  1000   156   206 W libc    : Unable to set property "ctl.interface_start" to "aidl/android.system.suspend.ISystemSuspend/default": error code: 0x20
01-01 00:00:07.058  1000   156   206 I servicemanager: Tried to start aidl service android.system.suspend.ISystemSuspend/default as a lazy service, but was unable to. Usually this happens when a service is not installed, but if the service is intended to be used as a lazy service, then it may be configured incorrectly.
01-01 00:00:07.103  root   205   205 I fsverity_init: LoadKeyFromFile path=/system/etc/security/fsverity/fsverity-release.x509.der keyname=fsv_system_0
01-01 00:00:07.112  1003   176   176 I EvsDriver: EVS Hardware Enumerator service is starting
01-01 00:00:07.114  1000   156   156 I servicemanager: Found android.frameworks.automotive.display.ICarDisplayProxy/default in framework VINTF manifest.
01-01 00:00:07.131  1000   156   156 I servicemanager: Found android.system.suspend.ISystemSuspend/default in framework VINTF manifest.
01-01 00:00:07.132  1000   157   157 I hwservicemanager: getTransport: Cannot find entry android.system.suspend@1.0::ISystemSuspend/default in either framework or device VINTF manifest.
01-01 00:00:07.133  1003   176   176 I EvsDriver: Parsing configuration file takes 1.815778e+01 ms.
01-01 00:00:07.133  1003   176   176 I EvsDriver: enumerateCameras: Starting dev/video* enumeration
01-01 00:00:07.134  1000   201   201 W carpowerpolicyd: Proceed without registered policies: Failed to read and/or parse /vendor/etc/automotive/power_policy.xml
01-01 00:00:07.134  1000   201   201 W carpowerpolicyd: Failed to start monitoring Silent Mode HW state: /sys/power/pm_silentmode_hw_state doesn't exist
01-01 00:00:07.134  1003   176   176 I EvsDriver: /dev/video15 is added
01-01 00:00:07.133  1000   200   200 E HidlServiceManagement: Service android.system.suspend@1.0::ISystemSuspend/default must be in VINTF manifest in order to register/get.
01-01 00:00:07.134  1000   200   200 I android.system.suspend@1.0-service: system-suspend HIDL hal not supported, use the AIDL suspend hal for requesting wakelocks
01-01 00:00:07.134  1003   176   176 I EvsDriver: /dev/video14 is added
01-01 00:00:07.135  1000   156   156 I servicemanager: Found android.frameworks.automotive.powerpolicy.ICarPowerPolicyServer/default in framework VINTF manifest.
01-01 00:00:07.135  1003   176   176 I EvsDriver: /dev/video21 is added
01-01 00:00:07.135  1003   176   176 I EvsDriver: /dev/video22 is added
01-01 00:00:07.135  1003   176   176 I EvsDriver: Found 4 qualified video capture devices of 14 checked.
01-01 00:00:07.135  1003   176   176 I EvsDriver: enumerateDisplays: Starting display enumeration
01-01 00:00:07.136  1000   156   156 I servicemanager: Found android.frameworks.automotive.powerpolicy.internal.ICarPowerPolicySystemNotification/default in framework VINTF manifest.
01-01 00:00:07.137  1000   156   156 I servicemanager: Could not find android.hardware.automotive.vehicle.IVehicle/default in the VINTF manifest.
01-01 00:00:07.140  1000   201   201 D carpowerpolicyd: AIDL VHAL service, descriptor: android.hardware.automotive.vehicle.IVehicle/default is not declared, maybe HIDL VHAL is used instead?
01-01 00:00:07.141  1000   156   156 I servicemanager: Since 'SurfaceFlingerAIDL' could not be found, trying to start it as a lazy AIDL service
01-01 00:00:07.142  1000   156   212 W libc    : Unable to set property "ctl.interface_start" to "aidl/SurfaceFlingerAIDL": error code: 0x20
01-01 00:00:07.142  1000   156   212 I servicemanager: Tried to start aidl service SurfaceFlingerAIDL as a lazy service, but was unable to. Usually this happens when a service is not installed, but if the service is intended to be used as a lazy service, then it may be configured incorrectly.
01-01 00:00:07.146  1000   157   157 I hwservicemanager: Since android.hardware.automotive.vehicle@2.0::IVehicle/default is not registered, trying to start it as a lazy HAL.
01-01 00:00:07.147  1000   201   201 W carpowerpolicyd: Failed to connect to VHAL. Retrying in 200 ms.
01-01 00:00:07.148  1000   157   213 W libc    : Unable to set property "ctl.interface_start" to "android.hardware.automotive.vehicle@2.0::IVehicle/default": error code: 0x20
01-01 00:00:07.148  1000   157   213 I hwservicemanager: Tried to start android.hardware.automotive.vehicle@2.0::IVehicle/default as a lazy service, but was unable to. Usually this happens when a service is not installed, but if the service is intended to be used as a lazy service, then it may be configured incorrectly.
01-01 00:00:07.161  1054   203   203 I automotive.vehicle@2.0-impl: VehicleHalManager::init
01-01 00:00:07.162  1054   203   203 E android.hardware.automotive.vehicle@2.0-default-service: freeze frame: 7162673440
01-01 00:00:07.162  1054   203   203 E android.hardware.automotive.vehicle@2.0-default-service: freeze frame: 7162758773
01-01 00:00:07.162  1054   203   203 E android.hardware.automotive.vehicle@2.0-default-service: freeze frame: 7162784144
01-01 00:00:07.163  1054   203   203 I automotive.vehicle@2.0-default-service: Registering as service...
01-01 00:00:07.165  1054   203   203 I HidlServiceManagement: Registered android.hardware.automotive.vehicle@2.0::IVehicle/default
01-01 00:00:07.165  1054   203   203 I HidlServiceManagement: Removing namespace from process name android.hardware.automotive.vehicle@2.0-default-service to vehicle@2.0-default-service.
01-01 00:00:07.166  1054   203   203 I automotive.vehicle@2.0-default-service: Ready
01-01 00:00:07.233  root   177   177 I ServiceManager: Waiting for service 'android.security.maintenance' on '/dev/binder'...
01-01 00:00:07.224  root     0     0 E incfs   : IncFs_Features: failed to open features dir, assuming v1/none.: No such file or directory
01-01 00:00:07.250  1000   204   204 I keymaster:  patchlevel string does not match expected format.  Using patchlevel 0
01-01 00:00:07.254  1000   204   204 I HidlServiceManagement: Registered android.hardware.keymaster@4.1::IKeymasterDevice/default
01-01 00:00:07.255  1000   204   204 I HidlServiceManagement: Removing namespace from process name android.hardware.keymaster@4.1-service to keymaster@4.1-service.
01-01 00:00:07.257  1058   219   219 I tombstoned: tombstoned successfully initialized
01-01 00:00:07.348  1000   156   156 I servicemanager: Could not find android.hardware.automotive.vehicle.IVehicle/default in the VINTF manifest.
01-01 00:00:07.348  1000   201   201 D carpowerpolicyd: AIDL VHAL service, descriptor: android.hardware.automotive.vehicle.IVehicle/default is not declared, maybe HIDL VHAL is used instead?
01-01 00:00:07.351  1000   201   201 D carpowerpolicyd: Policy(system_power_policy_initial_on) is notified to VHAL
01-01 00:00:07.351  1000   201   201 I carpowerpolicyd: The current power policy is system_power_policy_initial_on
01-01 00:00:07.351  1000   201   201 D carpowerpolicyd: Policy(system_power_policy_initial_on) is applied as the initial one
01-01 00:00:07.352  1054   203   203 I automotive.vehicle@2.0-impl: SubscriptionManager::addOrUpdateSubscription, callback: 0xb400007353c92770
01-01 00:00:07.352  1054   203   203 I automotive.vehicle@2.0-impl: Creating new client and linking to death recipient, cookie: 0xb400007323ca01f0
01-01 00:00:07.352  1054   203   203 I automotive.vehicle@2.0-impl: SubscriptionManager::addOrUpdateSubscription, prop: 0x11100f21
01-01 00:00:07.352  1054   203   203 I automotive.vehicle@2.0-impl: addOrUpdateSubscription opts.propId: 0x11100f21
01-01 00:00:07.352  1054   203   203 I DefaultVehicleHal_v2_0: subscribe propId: 0x11100f21, sampleRate: 0.000000
01-01 00:00:07.353  1054   203   203 I automotive.vehicle@2.0-impl: SubscriptionManager::addOrUpdateSubscription, callback: 0xb400007353c93850
01-01 00:00:07.353  1054   203   203 I automotive.vehicle@2.0-impl: SubscriptionManager::addOrUpdateSubscription, prop: 0x11100f22
01-01 00:00:07.353  1054   203   203 I automotive.vehicle@2.0-impl: addOrUpdateSubscription opts.propId: 0x11100f22
01-01 00:00:07.353  1054   203   203 I DefaultVehicleHal_v2_0: subscribe propId: 0x11100f22, sampleRate: 0.000000
01-01 00:00:07.353  1000   201   201 I carpowerpolicyd: Connected to VHAL
01-01 00:00:07.397  1017   202   222 I keystore2: getDeviceHalManifest: Reading VINTF information.
01-01 00:00:07.405  1017   202   222 I keystore2: getDeviceHalManifest: Successfully processed VINTF information
01-01 00:00:07.410  1017   202   222 I keystore2: found android.hardware.keymaster@4.0::IKeymasterDevice with interface name default and seclevel SOFTWARE
01-01 00:00:07.410  1000   157   157 I hwservicemanager: getTransport: Cannot find entry android.hardware.keymaster@3.0::IKeymasterDevice/default in either framework or device VINTF manifest.
01-01 00:00:07.410  1017   202   222 W keystore2: No secure Keymaster implementation found, but device offers insecure Keymaster HAL. Using as default.
01-01 00:00:07.413  1017   202   202 I keymaster:  patchlevel string does not match expected format.  Using patchlevel 0
01-01 00:00:07.414  1017   202   202 I keymaster:  patchlevel string does not match expected format.  Using patchlevel 0
01-01 00:00:07.415  1000   156   156 I servicemanager: Found android.system.keystore2.IKeystoreService/default in framework VINTF manifest.
01-01 00:00:07.434  root   177   177 I ServiceManager: Waiting for service 'android.security.maintenance' on '/dev/binder' successful after waiting 201ms
01-01 00:00:07.480  root     0     0 E vold    : keystore2 Keystore earlyBootEnded returned service specific error: -68
01-01 00:00:07.531  root     0     0 I logd    : logd reinit
01-01 00:00:07.537  root     0     0 E logd    : FrameworkListener: read() failed (Connection reset by peer)
01-01 00:00:07.545  root     0     0 I apexd   : This device does not support updatable APEX. Exiting
01-01 00:00:07.552  root     0     0 I apexd   : Marking APEXd as activated
01-01 00:00:07.725  9999   234   234 I derive_sdk: Read version 3 from 7
01-01 00:00:07.726  9999   234   234 I derive_sdk: Read version 3 from 5
01-01 00:00:07.726  9999   234   234 I derive_sdk: Read version 3 from 9
01-01 00:00:07.727  9999   234   234 I derive_sdk: Read version 3 from 4
01-01 00:00:07.727  9999   234   234 I derive_sdk: Read version 3 from 6
01-01 00:00:07.728  9999   234   234 I derive_sdk: Read version 3 from 13
01-01 00:00:07.729  9999   234   234 I derive_sdk: Read version 3 from 3
01-01 00:00:07.729  9999   234   234 I derive_sdk: Read version 3 from 2
01-01 00:00:07.730  9999   234   234 I derive_sdk: Read version 3 from 1
01-01 00:00:07.730  9999   234   234 I derive_sdk: Read version 3 from 10
01-01 00:00:07.731  9999   234   234 I derive_sdk: Read version 3 from 8
01-01 00:00:07.731  9999   234   234 I derive_sdk: Read version 3 from 12
01-01 00:00:07.732  9999   234   234 I derive_sdk: Read version 3 from 11
01-01 00:00:07.732  9999   234   234 I derive_sdk: R extension version is 3
01-01 00:00:07.733  9999   234   234 I derive_sdk: S extension version is 3
01-01 00:00:07.733  9999   234   234 I derive_sdk: T extension version is 3
01-01 00:00:07.754  1000   156   156 I servicemanager: Found android.hardware.automotive.evs.IEvsEnumerator/hw/1 in device VINTF manifest.
01-01 00:00:07.755  1062   175   186 I evsmanagerd: Failed to connect to AIDL EVS HAL implementation.  Trying to connect to HIDL EVS HAL implementation instead.
01-01 00:00:07.755  1000   157   157 I hwservicemanager: getTransport: Cannot find entry android.hardware.automotive.evs@1.1::IEvsEnumerator/hw/1 in either framework or device VINTF manifest.
01-01 00:00:07.755  1062   175   186 I evsmanagerd: No EVS HAL implementation is available.  Retrying after 1000 ms
01-01 00:00:07.769  root     0     0 D vdc     : Waited 0ms for vold
01-01 00:00:07.804  root   236   236 D vold_prepare_subdirs: Setting up mode 771 uid 1000 gid 1000 context u:object_r:system_data_file:s0:c512,c768 on path: /data/user_de/0
01-01 00:00:07.805  root   236   236 D vold_prepare_subdirs: Setting up mode 771 uid 1000 gid 1000 context u:object_r:sdk_sandbox_system_data_file:s0:c512,c768 on path: /data/misc_de/0/sdksandbox
01-01 00:00:07.806  root   236   236 D vold_prepare_subdirs: Setting up mode 700 uid 0 gid 0 context u:object_r:vold_data_file:s0 on path: /data/misc_de/0/vold
01-01 00:00:07.806  root   236   236 D vold_prepare_subdirs: Setting up mode 700 uid 0 gid 0 context u:object_r:storaged_data_file:s0 on path: /data/misc_de/0/storaged
01-01 00:00:07.807  root   236   236 D vold_prepare_subdirs: Setting up mode 700 uid 0 gid 0 context u:object_r:rollback_data_file:s0 on path: /data/misc_de/0/rollback
01-01 00:00:07.807  root   236   236 D vold_prepare_subdirs: Setting up mode 700 uid 0 gid 0 context u:object_r:apex_rollback_data_file:s0 on path: /data/misc_de/0/apexrollback
01-01 00:00:07.807  root   236   236 D vold_prepare_subdirs: Setting up mode 711 uid 0 gid 0 context u:object_r:apex_module_data_file:s0 on path: /data/misc_de/0/apexdata
01-01 00:00:07.808  root   236   236 D vold_prepare_subdirs: Setting up mode 771 uid 0 gid 1000 context u:object_r:apex_module_data_file:s0 on path: /data/misc_de/0/apexdata/com.android.virt
01-01 00:00:07.809  root   236   236 D vold_prepare_subdirs: Setting up mode 771 uid 0 gid 1000 context u:object_r:apex_module_data_file:s0 on path: /data/misc_de/0/apexdata/com.android.compos
01-01 00:00:07.809  root   236   236 D vold_prepare_subdirs: Setting up mode 771 uid 0 gid 1000 context u:object_r:apex_system_server_data_file:s0 on path: /data/misc_de/0/apexdata/com.android.wifi
01-01 00:00:07.810  root   236   236 D vold_prepare_subdirs: Setting up mode 771 uid 0 gid 1000 context u:object_r:apex_module_data_file:s0 on path: /data/misc_de/0/apexdata/com.android.vndk.v33
01-01 00:00:07.810  root   236   236 D vold_prepare_subdirs: Setting up mode 771 uid 0 gid 1000 context u:object_r:apex_system_server_data_file:s0 on path: /data/misc_de/0/apexdata/com.android.uwb
01-01 00:00:07.810  root   236   236 D vold_prepare_subdirs: Setting up mode 771 uid 0 gid 1000 context u:object_r:apex_module_data_file:s0 on path: /data/misc_de/0/apexdata/com.android.tzdata
01-01 00:00:07.810  root   236   236 D vold_prepare_subdirs: Setting up mode 771 uid 0 gid 1000 context u:object_r:apex_module_data_file:s0 on path: /data/misc_de/0/apexdata/com.android.tethering
01-01 00:00:07.811  root   236   236 D vold_prepare_subdirs: Setting up mode 771 uid 0 gid 1000 context u:object_r:apex_module_data_file:s0 on path: /data/misc_de/0/apexdata/com.android.sdkext
01-01 00:00:07.811  root   236   236 D vold_prepare_subdirs: Setting up mode 771 uid 0 gid 1000 context u:object_r:apex_module_data_file:s0 on path: /data/misc_de/0/apexdata/com.android.scheduling
01-01 00:00:07.811  root   236   236 D vold_prepare_subdirs: Setting up mode 771 uid 0 gid 1000 context u:object_r:apex_module_data_file:s0 on path: /data/misc_de/0/apexdata/com.android.runtime
01-01 00:00:07.812  root   236   236 D vold_prepare_subdirs: Setting up mode 771 uid 0 gid 1000 context u:object_r:apex_module_data_file:s0 on path: /data/misc_de/0/apexdata/com.android.resolv
01-01 00:00:07.812  root   236   236 D vold_prepare_subdirs: Setting up mode 771 uid 0 gid 1000 context u:object_r:apex_system_server_data_file:s0 on path: /data/misc_de/0/apexdata/com.android.permission
01-01 00:00:07.812  root   236   236 D vold_prepare_subdirs: Setting up mode 771 uid 0 gid 1000 context u:object_r:apex_module_data_file:s0 on path: /data/misc_de/0/apexdata/com.android.os.statsd
01-01 00:00:07.813  root   236   236 D vold_prepare_subdirs: Setting up mode 771 uid 0 gid 1000 context u:object_r:apex_module_data_file:s0 on path: /data/misc_de/0/apexdata/com.android.ondevicepersonalization
01-01 00:00:07.813  root   236   236 D vold_prepare_subdirs: Setting up mode 771 uid 0 gid 1000 context u:object_r:apex_module_data_file:s0 on path: /data/misc_de/0/apexdata/com.android.neuralnetworks
01-01 00:00:07.813  root   236   236 D vold_prepare_subdirs: Setting up mode 771 uid 0 gid 1000 context u:object_r:apex_module_data_file:s0 on path: /data/misc_de/0/apexdata/com.android.mediaprovider
01-01 00:00:07.814  root   236   236 D vold_prepare_subdirs: Setting up mode 771 uid 0 gid 1000 context u:object_r:apex_module_data_file:s0 on path: /data/misc_de/0/apexdata/com.android.media.swcodec
01-01 00:00:07.814  root   236   236 D vold_prepare_subdirs: Setting up mode 771 uid 0 gid 1000 context u:object_r:apex_module_data_file:s0 on path: /data/misc_de/0/apexdata/com.android.media
01-01 00:00:07.814  root   236   236 D vold_prepare_subdirs: Setting up mode 771 uid 0 gid 1000 context u:object_r:apex_module_data_file:s0 on path: /data/misc_de/0/apexdata/com.android.ipsec
01-01 00:00:07.815  root   236   236 D vold_prepare_subdirs: Setting up mode 771 uid 0 gid 1000 context u:object_r:apex_module_data_file:s0 on path: /data/misc_de/0/apexdata/com.android.i18n
01-01 00:00:07.815  root   236   236 D vold_prepare_subdirs: Setting up mode 771 uid 0 gid 1000 context u:object_r:apex_module_data_file:s0 on path: /data/misc_de/0/apexdata/com.android.extservices
01-01 00:00:07.815  root   236   236 D vold_prepare_subdirs: Setting up mode 771 uid 0 gid 1000 context u:object_r:apex_module_data_file:s0 on path: /data/misc_de/0/apexdata/com.android.conscrypt
01-01 00:00:07.816  root   236   236 D vold_prepare_subdirs: Setting up mode 771 uid 0 gid 1000 context u:object_r:apex_module_data_file:s0 on path: /data/misc_de/0/apexdata/com.android.car.framework
01-01 00:00:07.816  root   236   236 D vold_prepare_subdirs: Setting up mode 771 uid 0 gid 1000 context u:object_r:apex_module_data_file:s0 on path: /data/misc_de/0/apexdata/com.android.btservices
01-01 00:00:07.817  root   236   236 D vold_prepare_subdirs: Setting up mode 771 uid 0 gid 1000 context u:object_r:apex_module_data_file:s0 on path: /data/misc_de/0/apexdata/com.android.art
01-01 00:00:07.817  root   236   236 D vold_prepare_subdirs: Setting up mode 771 uid 0 gid 1000 context u:object_r:apex_module_data_file:s0 on path: /data/misc_de/0/apexdata/com.android.appsearch
01-01 00:00:07.817  root   236   236 D vold_prepare_subdirs: Setting up mode 771 uid 0 gid 1000 context u:object_r:apex_module_data_file:s0 on path: /data/misc_de/0/apexdata/com.android.adservices
01-01 00:00:07.818  root   236   236 D vold_prepare_subdirs: Setting up mode 771 uid 0 gid 1000 context u:object_r:apex_module_data_file:s0 on path: /data/misc_de/0/apexdata/com.android.adbd
01-01 00:00:07.818  root   236   236 D vold_prepare_subdirs: Setting up mode 771 uid 1000 gid 1000 context u:object_r:user_profile_root_file:s0:c512,c768 on path: /data/misc/profiles/cur/0
01-01 00:00:07.818  root   236   236 D vold_prepare_subdirs: Setting up mode 700 uid 1000 gid 1000 context u:object_r:fingerprint_vendor_data_file:s0 on path: /data/vendor_de/0/fpdata
01-01 00:00:07.819  root   236   236 D vold_prepare_subdirs: Setting up mode 700 uid 1000 gid 1000 context u:object_r:face_vendor_data_file:s0 on path: /data/vendor_de/0/facedata
01-01 00:00:07.860  1000   238   238 I derive_classpath: ParseFragments for bootclasspath
01-01 00:00:07.873  1000   238   238 I derive_classpath: ReadClasspathFragment /apex/com.android.art/etc/classpaths/bootclasspath.pb
01-01 00:00:07.874  1000   238   238 I derive_classpath: ReadClasspathFragment /system/etc/classpaths/bootclasspath.pb
01-01 00:00:07.874  1000   238   238 I derive_classpath: ReadClasspathFragment /apex/com.android.adservices/etc/classpaths/bootclasspath.pb
01-01 00:00:07.875  1000   238   238 I derive_classpath: ReadClasspathFragment /apex/com.android.appsearch/etc/classpaths/bootclasspath.pb
01-01 00:00:07.875  1000   238   238 I derive_classpath: ReadClasspathFragment /apex/com.android.btservices/etc/classpaths/bootclasspath.pb
01-01 00:00:07.876  1000   238   238 I derive_classpath: ReadClasspathFragment /apex/com.android.car.framework/etc/classpaths/bootclasspath.pb
01-01 00:00:07.876  1000   238   238 I derive_classpath: ReadClasspathFragment /apex/com.android.conscrypt/etc/classpaths/bootclasspath.pb
01-01 00:00:07.877  1000   238   238 I derive_classpath: ReadClasspathFragment /apex/com.android.ipsec/etc/classpaths/bootclasspath.pb
01-01 00:00:07.878  1000   238   238 I derive_classpath: ReadClasspathFragment /apex/com.android.media/etc/classpaths/bootclasspath.pb
01-01 00:00:07.878  1000   238   238 I derive_classpath: ReadClasspathFragment /apex/com.android.mediaprovider/etc/classpaths/bootclasspath.pb
01-01 00:00:07.879  1000   238   238 I derive_classpath: ReadClasspathFragment /apex/com.android.ondevicepersonalization/etc/classpaths/bootclasspath.pb
01-01 00:00:07.879  1000   238   238 I derive_classpath: ReadClasspathFragment /apex/com.android.os.statsd/etc/classpaths/bootclasspath.pb
01-01 00:00:07.880  1000   238   238 I derive_classpath: ReadClasspathFragment /apex/com.android.permission/etc/classpaths/bootclasspath.pb
01-01 00:00:07.880  1000   238   238 I derive_classpath: ReadClasspathFragment /apex/com.android.scheduling/etc/classpaths/bootclasspath.pb
01-01 00:00:07.881  1000   238   238 I derive_classpath: ReadClasspathFragment /apex/com.android.sdkext/etc/classpaths/bootclasspath.pb
01-01 00:00:07.882  1000   238   238 I derive_classpath: ReadClasspathFragment /apex/com.android.tethering/etc/classpaths/bootclasspath.pb
01-01 00:00:07.882  1000   238   238 I derive_classpath: ReadClasspathFragment /apex/com.android.uwb/etc/classpaths/bootclasspath.pb
01-01 00:00:07.883  1000   238   238 I derive_classpath: ReadClasspathFragment /apex/com.android.wifi/etc/classpaths/bootclasspath.pb
01-01 00:00:07.883  1000   238   238 I derive_classpath: ParseFragments for systemserverclasspath
01-01 00:00:07.886  1000   238   238 I derive_classpath: ReadClasspathFragment /system/etc/classpaths/systemserverclasspath.pb
01-01 00:00:07.887  1000   238   238 I derive_classpath: ReadClasspathFragment /apex/com.android.adservices/etc/classpaths/systemserverclasspath.pb
01-01 00:00:07.888  1000   238   238 I derive_classpath: ReadClasspathFragment /apex/com.android.appsearch/etc/classpaths/systemserverclasspath.pb
01-01 00:00:07.888  1000   238   238 I derive_classpath: ReadClasspathFragment /apex/com.android.art/etc/classpaths/systemserverclasspath.pb
01-01 00:00:07.889  1000   238   238 I derive_classpath: ReadClasspathFragment /apex/com.android.btservices/etc/classpaths/systemserverclasspath.pb
01-01 00:00:07.889  1000   238   238 I derive_classpath: ReadClasspathFragment /apex/com.android.car.framework/etc/classpaths/systemserverclasspath.pb
01-01 00:00:07.890  1000   238   238 I derive_classpath: ReadClasspathFragment /apex/com.android.compos/etc/classpaths/systemserverclasspath.pb
01-01 00:00:07.890  1000   238   238 I derive_classpath: ReadClasspathFragment /apex/com.android.media/etc/classpaths/systemserverclasspath.pb
01-01 00:00:07.891  1000   238   238 I derive_classpath: ReadClasspathFragment /apex/com.android.os.statsd/etc/classpaths/systemserverclasspath.pb
01-01 00:00:07.891  1000   238   238 I derive_classpath: ReadClasspathFragment /apex/com.android.permission/etc/classpaths/systemserverclasspath.pb
01-01 00:00:07.892  1000   238   238 I derive_classpath: ReadClasspathFragment /apex/com.android.scheduling/etc/classpaths/systemserverclasspath.pb
01-01 00:00:07.893  1000   238   238 I derive_classpath: ReadClasspathFragment /apex/com.android.tethering/etc/classpaths/systemserverclasspath.pb
01-01 00:00:07.893  1000   238   238 I derive_classpath: ReadClasspathFragment /apex/com.android.uwb/etc/classpaths/systemserverclasspath.pb
01-01 00:00:07.894  1000   238   238 I derive_classpath: ReadClasspathFragment /apex/com.android.wifi/etc/classpaths/systemserverclasspath.pb
01-01 00:00:07.894  1000   238   238 I derive_classpath: WriteClasspathExports /data/system/environ/classpath
01-01 00:00:07.894  1000   238   238 I derive_classpath: WriteClasspathExports content
01-01 00:00:07.894  1000   238   238 I derive_classpath: export BOOTCLASSPATH /apex/com.android.art/javalib/core-oj.jar:/apex/com.android.art/javalib/core-libart.jar:/apex/com.android.art/javalib/okhttp.jar:/apex/com.android.art/javalib/bouncycastle.jar:/apex/com.android.art/javalib/apache-xml.jar:/system/framework/framework.jar:/system/framework/framework-graphics.jar:/system/framework/ext.jar:/system/framework/telephony-common.jar:/system/framework/voip-common.jar:/system/framework/ims-common.jar:/system/framework/android.car.builtin.jar:/apex/com.android.i18n/javalib/core-icu4j.jar:/apex/com.android.adservices/javalib/framework-adservices.jar:/apex/com.android.adservices/javalib/framework-sdksandbox.jar:/apex/com.android.appsearch/javalib/framework-appsearch.jar:/apex/com.android.btservices/javalib/framework-bluetooth.jar:/apex/com.android.car.framework/javalib/android.car-module.jar:/apex/com.android.conscrypt/javalib/conscrypt.jar:/apex/com.android.ipsec/javalib/android.net.ipsec.ike.jar:/apex/com.android.media/javalib/updatable-media.jar:/apex/com.android.mediaprovider/javalib/framework-mediaprovider.jar:/apex/com.android.ondevicepersonalization/javalib/framework-ondevicepersonalization.jar:/apex/com.android.os.statsd/javalib/framework-statsd.jar:/apex/com.android.permission/javalib/framework-permission.jar:/apex/com.android.permission/javalib/framework-permission-s.jar:/apex/com.android.scheduling/javalib/framework-scheduling.jar:/apex/com.android.sdkext/javalib/framework-sdkextensions.jar:/apex/com.android.tethering/javalib/framework-connectivity.jar:/apex/com.android.tethering/javalib/framework-connectivity-t.jar:/apex/com.android.tethering/javalib/framework-tethering.jar:/apex/com.android.uwb/javalib/framework-uwb.jar:/apex/com.android.wifi/javalib/framework-wifi.jar
01-01 00:00:07.894  1000   238   238 I derive_classpath: export DEX2OATBOOTCLASSPATH /apex/com.android.art/javalib/core-oj.jar:/apex/com.android.art/javalib/core-libart.jar:/apex/com.android.art/javalib/okhttp.jar:/apex/com.android.art/javalib/bouncycastle.jar:/apex/com.android.art/javalib/apache-xml.jar:/system/framework/framework.jar:/system/framework/framework-graphics.jar:/system/framework/ext.jar:/system/framework/telephony-common.jar:/system/framework/voip-common.jar:/system/framework/ims-common.jar:/system/framework/android.car.builtin.jar:/apex/com.android.i18n/javalib/core-icu4j.jar
01-01 00:00:07.894  1000   238   238 I derive_classpath: export SYSTEMSERVERCLASSPATH /system/framework/com.android.location.provider.jar:/system/framework/services.jar:/system/framework/car-frameworks-service.jar:/apex/com.android.adservices/javalib/service-adservices.jar:/apex/com.android.adservices/javalib/service-sdksandbox.jar:/apex/com.android.appsearch/javalib/service-appsearch.jar:/apex/com.android.art/javalib/service-art.jar:/apex/com.android.car.framework/javalib/car-frameworks-service-module.jar:/apex/com.android.compos/javalib/service-compos.jar:/apex/com.android.media/javalib/service-media-s.jar:/apex/com.android.permission/javalib/service-permission.jar
01-01 00:00:07.894  1000   238   238 I derive_classpath: export STANDALONE_SYSTEMSERVER_JARS /apex/com.android.btservices/javalib/service-bluetooth.jar:/apex/com.android.os.statsd/javalib/service-statsd.jar:/apex/com.android.scheduling/javalib/service-scheduling.jar:/apex/com.android.tethering/javalib/service-connectivity.jar:/apex/com.android.uwb/javalib/service-uwb.jar:/apex/com.android.wifi/javalib/service-wifi.jar
01-01 00:00:07.926  1062   174   174 W HidlServiceManagement: Waited one second for android.hardware.automotive.evs@1.1::IEvsEnumerator/default
01-01 00:00:07.926  1000   157   157 I hwservicemanager: Since android.hardware.automotive.evs@1.1::IEvsEnumerator/default is not registered, trying to start it as a lazy HAL.
01-01 00:00:07.927  1062   174   174 I HidlServiceManagement: getService: Trying again for android.hardware.automotive.evs@1.1::IEvsEnumerator/default...
01-01 00:00:07.928  1000   157   240 W libc    : Unable to set property "ctl.interface_start" to "android.hardware.automotive.evs@1.1::IEvsEnumerator/default": error code: 0x20
01-01 00:00:07.928  1000   157   240 I hwservicemanager: Tried to start android.hardware.automotive.evs@1.1::IEvsEnumerator/default as a lazy service, but was unable to. Usually this happens when a service is not installed, but if the service is intended to be used as a lazy service, then it may be configured incorrectly.
01-01 00:00:08.036  root     0     0 I apexd   : This device does not support updatable APEX. Exiting
01-01 00:00:08.043  root     0     0 I apexd   : Marking APEXd as ready
01-01 00:00:08.058  root   199   199 W ServiceManager: Waited one second for android.system.suspend.ISystemSuspend/default (is service started? are binder threads started and available?)
01-01 00:00:08.059  1000   156   156 I BpBinder: onLastStrongRef automatically unlinking death recipients: <uncached descriptor>
01-01 00:00:08.077  1000   243   243 I tzdatacheck: timezone distro dir /data/misc/zoneinfo/current does not exist. No action required.
01-01 00:00:08.141  1003   173   197 W ServiceManager: Waited one second for SurfaceFlingerAIDL (is service started? are binder threads started and available?)
01-01 00:00:08.142  1000   156   156 I servicemanager: Since 'SurfaceFlingerAIDL' could not be found, trying to start it as a lazy AIDL service
01-01 00:00:08.143  1000   156   247 W libc    : Unable to set property "ctl.interface_start" to "aidl/SurfaceFlingerAIDL": error code: 0x20
01-01 00:00:08.143  1000   156   247 I servicemanager: Tried to start aidl service SurfaceFlingerAIDL as a lazy service, but was unable to. Usually this happens when a service is not installed, but if the service is intended to be used as a lazy service, then it may be configured incorrectly.
01-01 00:00:08.186  root     0     0 D LibBpfLoader: Loading optional ELF object /apex/com.android.tethering/etc/bpf/test.o with license Apache 2.0
01-01 00:00:08.186  root     0     0 I LibBpfLoader: Section bpfloader_min_ver value is 2 [0x2]
01-01 00:00:08.192  root     0     0 I LibBpfLoader: Section bpfloader_max_ver value is 65536 [0x10000]
01-01 00:00:08.200  root     0     0 I LibBpfLoader: Section size_of_bpf_map_def value is 116 [0x74]
01-01 00:00:08.207  root     0     0 I LibBpfLoader: Section size_of_bpf_prog_def value is 92 [0x5c]
01-01 00:00:08.214  root     0     0 I LibBpfLoader: BpfLoader version 0x00013 processing ELF object /apex/com.android.tethering/etc/bpf/test.o with ver [0x00002,0x10000)
01-01 00:00:08.228  root     0     0 D LibBpfLoader: Loaded code section 3 (xdp_drop_ipv4_udp_ether)
01-01 00:00:08.229  root     0     0 D LibBpfLoader: Adding section 3 to cs list
01-01 00:00:08.230  root     0     0 D LibBpfLoader: Couldn't find section btf_min_bpfloader_ver (defaulting to 0 [0x0]).
01-01 00:00:08.230  root     0     0 D LibBpfLoader: Couldn't find section btf_min_kernel_ver (defaulting to 0 [0x0]).
01-01 00:00:08.756  1000   156   156 I servicemanager: Found android.hardware.automotive.evs.IEvsEnumerator/hw/1 in device VINTF manifest.
01-01 00:00:08.756  1062   175   186 I evsmanagerd: Failed to connect to AIDL EVS HAL implementation.  Trying to connect to HIDL EVS HAL implementation instead.
01-01 00:00:08.757  1000   157   157 I hwservicemanager: getTransport: Cannot find entry android.hardware.automotive.evs@1.1::IEvsEnumerator/hw/1 in either framework or device VINTF manifest.
01-01 00:00:08.757  1062   175   186 I evsmanagerd: No EVS HAL implementation is available.  Retrying after 1000 ms
01-01 00:00:08.927  1062   174   174 W HidlServiceManagement: Waited one second for android.hardware.automotive.evs@1.1::IEvsEnumerator/default
01-01 00:00:08.927  1000   157   157 I hwservicemanager: Since android.hardware.automotive.evs@1.1::IEvsEnumerator/default is not registered, trying to start it as a lazy HAL.
01-01 00:00:08.928  1062   174   174 I HidlServiceManagement: getService: Trying again for android.hardware.automotive.evs@1.1::IEvsEnumerator/default...
01-01 00:00:08.929  1000   157   248 W libc    : Unable to set property "ctl.interface_start" to "android.hardware.automotive.evs@1.1::IEvsEnumerator/default": error code: 0x20
01-01 00:00:08.929  1000   157   248 I hwservicemanager: Tried to start android.hardware.automotive.evs@1.1::IEvsEnumerator/default as a lazy service, but was unable to. Usually this happens when a service is not installed, but if the service is intended to be used as a lazy service, then it may be configured incorrectly.
01-01 00:00:09.142  1003   173   197 W ServiceManager: Waited one second for SurfaceFlingerAIDL (is service started? are binder threads started and available?)
01-01 00:00:09.143  1000   156   156 I servicemanager: Since 'SurfaceFlingerAIDL' could not be found, trying to start it as a lazy AIDL service
01-01 00:00:09.144  1000   156   249 W libc    : Unable to set property "ctl.interface_start" to "aidl/SurfaceFlingerAIDL": error code: 0x20
01-01 00:00:09.144  1000   156   249 I servicemanager: Tried to start aidl service SurfaceFlingerAIDL as a lazy service, but was unable to. Usually this happens when a service is not installed, but if the service is intended to be used as a lazy service, then it may be configured incorrectly.
01-01 00:00:09.622  1000   156   156 I servicemanager: Could not find android.hardware.automotive.vehicle.IVehicle/default in the VINTF manifest.
01-01 00:00:09.622  1000   172   172 D carwatchdogd: AIDL VHAL service, descriptor: android.hardware.automotive.vehicle.IVehicle/default is not declared, maybe HIDL VHAL is used instead?
01-01 00:00:09.624  1054   203   203 I automotive.vehicle@2.0-impl: SubscriptionManager::addOrUpdateSubscription, callback: 0xb400007353c93850
01-01 00:00:09.624  1054   203   203 I automotive.vehicle@2.0-impl: Creating new client and linking to death recipient, cookie: 0xb400007323ca1b60
01-01 00:00:09.625  1054   203   203 I automotive.vehicle@2.0-impl: SubscriptionManager::addOrUpdateSubscription, prop: 0x11500f33
01-01 00:00:09.625  1054   203   203 I automotive.vehicle@2.0-impl: addOrUpdateSubscription opts.propId: 0x11500f33
01-01 00:00:09.625  1054   203   203 I DefaultVehicleHal_v2_0: subscribe propId: 0x11500f33, sampleRate: 0.000000
01-01 00:00:09.625  1000   172   172 I carwatchdogd: Successfully connected to VHAL.
01-01 00:00:09.627  1000   172   172 I carwatchdogd: Fetched HIDL VHAL PID 203
01-01 00:00:09.757  1000   156   156 I servicemanager: Found android.hardware.automotive.evs.IEvsEnumerator/hw/1 in device VINTF manifest.
01-01 00:00:09.758  1062   175   186 I evsmanagerd: Failed to connect to AIDL EVS HAL implementation.  Trying to connect to HIDL EVS HAL implementation instead.
01-01 00:00:09.758  1000   157   157 I hwservicemanager: getTransport: Cannot find entry android.hardware.automotive.evs@1.1::IEvsEnumerator/hw/1 in either framework or device VINTF manifest.
01-01 00:00:09.758  1062   175   186 I evsmanagerd: No EVS HAL implementation is available.  Retrying after 1000 ms
01-01 00:00:09.928  1062   174   174 W HidlServiceManagement: Waited one second for android.hardware.automotive.evs@1.1::IEvsEnumerator/default
01-01 00:00:09.929  1000   157   157 I hwservicemanager: Since android.hardware.automotive.evs@1.1::IEvsEnumerator/default is not registered, trying to start it as a lazy HAL.
01-01 00:00:09.929  1062   174   174 I HidlServiceManagement: getService: Trying again for android.hardware.automotive.evs@1.1::IEvsEnumerator/default...
01-01 00:00:09.930  1000   157   253 W libc    : Unable to set property "ctl.interface_start" to "android.hardware.automotive.evs@1.1::IEvsEnumerator/default": error code: 0x20
01-01 00:00:09.930  1000   157   253 I hwservicemanager: Tried to start android.hardware.automotive.evs@1.1::IEvsEnumerator/default as a lazy service, but was unable to. Usually this happens when a service is not installed, but if the service is intended to be used as a lazy service, then it may be configured incorrectly.
01-01 00:00:09.945  root     0     0 W printk  : bpfloader: 1689 output lines suppressed due to ratelimiting
01-01 00:00:09.972  root     0     0 I init    : starting service 'zygote'...
01-01 00:00:09.977  root     0     0 I init    : Created socket '/dev/socket/zygote', mode 660, user 0, group 1000
01-01 00:00:09.986  root     0     0 I init    : Created socket '/dev/socket/usap_pool_primary', mode 660, user 0, group 1000
01-01 00:00:10.000  root     0     0 I init    : starting service 'zygote_secondary'...
01-01 00:00:10.007  root     0     0 I init    : Created socket '/dev/socket/zygote_secondary', mode 660, user 0, group 1000
01-01 00:00:10.016  root     0     0 I init    : Created socket '/dev/socket/usap_pool_secondary', mode 660, user 0, group 1000
01-01 00:00:10.033  1066   254   254 I ServiceManager: Waiting for service 'statscompanion' on '/dev/binder'...
01-01 00:00:10.030  root     0     0 I init    : processing action (firmware_mounts_complete) from (/system/etc/init/hw/init.rc:513)
01-01 00:00:10.040  root     0     0 I init    : processing action (early-boot) from (/system/etc/init/installd.rc:5)
01-01 00:00:10.062  root     0     0 I init    : processing action (early-boot) from (/vendor/etc/init/android.hardware.light-service.rpi.rc:1)
01-01 00:00:10.073  root     0     0 I init    : processing action (boot) from (/system/etc/init/hw/init.rc:1069)
01-01 00:00:10.083  root     1     1 I init    : type=1400 audit(0.0:3): avc: denied { write } for name="discard_max_bytes" dev="sysfs" ino=23311 scontext=u:r:init:s0 tcontext=u:object_r:sysfs:s0 tclass=file permissive=1
01-01 00:00:10.083  root     1     1 I init    : type=1400 audit(0.0:4): avc: denied { open } for path="/sys/devices/platform/emmc2bus/fe340000.mmc/mmc_host/mmc0/mmc0:aaaa/block/mmcblk0/queue/discard_max_bytes" dev="sysfs" ino=23311 scontext=u:r:init:s0 tcontext=u:object_r:sysfs:s0 tclass=file permissive=1
01-01 00:00:10.140  root   255   255 I netdClient: Skipping libnetd_client init since *we* are netd
01-01 00:00:10.143  1003   173   197 W ServiceManager: Waited one second for SurfaceFlingerAIDL (is service started? are binder threads started and available?)
01-01 00:00:10.144  1000   156   156 I servicemanager: Since 'SurfaceFlingerAIDL' could not be found, trying to start it as a lazy AIDL service
01-01 00:00:10.181  1000   261   261 I HidlServiceManagement: Registered android.hidl.allocator@1.0::IAllocator/ashmem
01-01 00:00:10.181  1000   261   261 I HidlServiceManagement: Removing namespace from process name android.hidl.allocator@1.0-service to allocator@1.0-service.
01-01 00:00:10.213  root   255   255 I netd    : netd 1.0 starting
01-01 00:00:10.230  1041   264   264 I HidlServiceManagement: Registered android.hardware.broadcastradio@2.0::IBroadcastRadio/amfm
01-01 00:00:10.231  1041   264   264 I HidlServiceManagement: Removing namespace from process name android.hardware.broadcastradio@2.0-service to broadcastradio@2.0-service.
01-01 00:00:10.238  1041   264   264 I HidlServiceManagement: Registered android.hardware.broadcastradio@2.0::IBroadcastRadio/dab
01-01 00:00:10.238  1041   264   264 I HidlServiceManagement: Removing namespace from process name android.hardware.broadcastradio@2.0-service to broadcastradio@2.0-service.
01-01 00:00:10.240  1002   263   263 I HidlServiceManagement: Registered android.hardware.bluetooth@1.1::IBluetoothHci/default
01-01 00:00:10.240  1002   263   263 I HidlServiceManagement: Removing namespace from process name android.hardware.bluetooth@1.1-service.btlinux to bluetooth@1.1-service.btlinux.
01-01 00:00:10.274  root   255   255 I netd    : Pid file removed
01-01 00:00:10.274  root   255   255 I netd    : SIGPIPE is blocked
01-01 00:00:10.274  root   255   255 I netd    : setCloseOnExec(dnsproxyd)
01-01 00:00:10.274  root   255   255 I netd    : setCloseOnExec(fwmarkd)
01-01 00:00:10.274  root   255   255 I netd    : setCloseOnExec(mdns)
01-01 00:00:10.275  root   255   255 I NetdUpdatable: libnetd_updatable_init: Initializing
01-01 00:00:10.275  root   255   255 I BpfHandler: BPF programs are loaded
01-01 00:00:10.276  root   255   255 I netd    : libnetd_updatable_init success
01-01 00:00:10.279  1000   156   156 I servicemanager: Found android.hardware.drm.IDrmFactory/clearkey in device VINTF manifest.
01-01 00:00:10.286  1000   156   267 W libc    : Unable to set property "ctl.interface_start" to "aidl/SurfaceFlingerAIDL": error code: 0x20
01-01 00:00:10.286  1000   156   267 I servicemanager: Tried to start aidl service SurfaceFlingerAIDL as a lazy service, but was unable to. Usually this happens when a service is not installed, but if the service is intended to be used as a lazy service, then it may be configured incorrectly.
01-01 00:00:10.307  root   255   255 I netd    : NetlinkManager instanced
01-01 00:00:10.307  root   255   255 I netd    : enter NetworkController ctor
01-01 00:00:10.308  1000   156   156 I servicemanager: Found android.hardware.light.ILights/default in device VINTF manifest.
01-01 00:00:10.309  root   255   255 E TcUtils : NLMSG_ERROR message return error: -2
01-01 00:00:10.309  root   255   255 E TcUtils : NLMSG_ERROR message return error: -2
01-01 00:00:10.309  root   255   255 E TcUtils : NLMSG_ERROR message return error: -2
01-01 00:00:10.309  root   255   255 E TcUtils : NLMSG_ERROR message return error: -2
01-01 00:00:10.310  root   255   255 E TcUtils : NLMSG_ERROR message return error: -2
01-01 00:00:10.310  root   255   255 E TcUtils : NLMSG_ERROR message return error: -2
01-01 00:00:10.310  root   255   255 E TcUtils : NLMSG_ERROR message return error: -2
01-01 00:00:10.310  root   255   255 E TcUtils : NLMSG_ERROR message return error: -2
01-01 00:00:10.310  root   255   255 I netd    : leave NetworkController ctor
01-01 00:00:10.310  root   255   255 I netd    : enter TetherController ctor
01-01 00:00:10.310  root   255   255 D TetherController: Setting IP forward enable = 0
01-01 00:00:10.313  root   255   255 I netd    : leave TetherController ctor
01-01 00:00:10.323  1000   270   270 I HidlServiceManagement: Registered android.hardware.gatekeeper@1.0::IGatekeeper/default
01-01 00:00:10.323  1000   270   270 I HidlServiceManagement: Removing namespace from process name android.hardware.gatekeeper@1.0-service.software to gatekeeper@1.0-service.software.
01-01 00:00:10.354  root     0     0 I         : file system registered
01-01 00:00:10.358  root     0     0 W healthd : No battery devices found
01-01 00:00:10.363  root     0     0 W         : using random self ethernet address
01-01 00:00:10.362  1000   273   273 I android.hardware.health-service.rpi: default instance initializing with healthd_config...
