01-01 00:00:13.625  1046   346   346 W android.hardware.media.omx@1.0-service: libminijail[346]: compile_file: /system/etc/seccomp_policy/crash_dump.arm.policy(3): syscall exit redefined here
01-01 00:00:13.625  1046   346   346 W android.hardware.media.omx@1.0-service: libminijail[346]: compile_file: <fd>(40): previous definition here
01-01 00:00:13.625  1046   346   346 W android.hardware.media.omx@1.0-service: libminijail[346]: compile_file: /system/etc/seccomp_policy/crash_dump.arm.policy(4): syscall rt_sigreturn redefined here
01-01 00:00:13.625  1046   346   346 W android.hardware.media.omx@1.0-service: libminijail[346]: compile_file: <fd>(45): previous definition here
01-01 00:00:13.625  1046   346   346 W android.hardware.media.omx@1.0-service: libminijail[346]: compile_file: /system/etc/seccomp_policy/crash_dump.arm.policy(6): syscall exit_group redefined here
01-01 00:00:13.625  1046   346   346 W android.hardware.media.omx@1.0-service: libminijail[346]: compile_file: <fd>(44): previous definition here
01-01 00:00:13.626  1046   346   346 W android.hardware.media.omx@1.0-service: libminijail[346]: compile_file: /system/etc/seccomp_policy/crash_dump.arm.policy(7): syscall clock_gettime redefined here
01-01 00:00:13.626  1046   346   346 W android.hardware.media.omx@1.0-service: libminijail[346]: compile_file: <fd>(7): previous definition here
01-01 00:00:13.626  1046   346   346 W android.hardware.media.omx@1.0-service: libminijail[346]: compile_file: /system/etc/seccomp_policy/crash_dump.arm.policy(8): syscall gettimeofday redefined here
01-01 00:00:13.626  1046   346   346 W android.hardware.media.omx@1.0-service: libminijail[346]: compile_file: <fd>(47): previous definition here
01-01 00:00:13.626  1046   346   346 W android.hardware.media.omx@1.0-service: libminijail[346]: compile_file: /system/etc/seccomp_policy/crash_dump.arm.policy(9): syscall futex redefined here
01-01 00:00:13.626  1046   346   346 W android.hardware.media.omx@1.0-service: libminijail[346]: compile_file: <fd>(3): previous definition here
01-01 00:00:13.626  1046   346   346 W android.hardware.media.omx@1.0-service: libminijail[346]: compile_file: /system/etc/seccomp_policy/crash_dump.arm.policy(10): syscall getrandom redefined here
01-01 00:00:13.626  1046   346   346 W android.hardware.media.omx@1.0-service: libminijail[346]: compile_file: <fd>(15): previous definition here
01-01 00:00:13.627  1046   346   346 W android.hardware.media.omx@1.0-service: libminijail[346]: compile_file: /system/etc/seccomp_policy/crash_dump.arm.policy(13): syscall ppoll redefined here
01-01 00:00:13.627  1046   346   346 W android.hardware.media.omx@1.0-service: libminijail[346]: compile_file: <fd>(13): previous definition here
01-01 00:00:13.627  1041   285   285 I AudioFlinger: Using default 3000 mSec as standby time.
01-01 00:00:13.627  1046   346   346 W android.hardware.media.omx@1.0-service: libminijail[346]: compile_file: /system/etc/seccomp_policy/crash_dump.arm.policy(14): syscall pipe2 redefined here
01-01 00:00:13.627  1046   346   346 W android.hardware.media.omx@1.0-service: libminijail[346]: compile_file: <fd>(46): previous definition here
01-01 00:00:13.627  1046   346   346 W android.hardware.media.omx@1.0-service: libminijail[346]: compile_file: /system/etc/seccomp_policy/crash_dump.arm.policy(15): syscall openat redefined here
01-01 00:00:13.627  1046   346   346 W android.hardware.media.omx@1.0-service: libminijail[346]: compile_file: <fd>(30): previous definition here
01-01 00:00:13.627  1046   346   346 W android.hardware.media.omx@1.0-service: libminijail[346]: compile_file: /system/etc/seccomp_policy/crash_dump.arm.policy(16): syscall dup redefined here
01-01 00:00:13.627  1046   346   346 W android.hardware.media.omx@1.0-service: libminijail[346]: compile_file: <fd>(12): previous definition here
01-01 00:00:13.627  1046   346   346 W android.hardware.media.omx@1.0-service: libminijail[346]: compile_file: /system/etc/seccomp_policy/crash_dump.arm.policy(17): syscall close redefined here
01-01 00:00:13.627  1046   346   346 W android.hardware.media.omx@1.0-service: libminijail[346]: compile_file: <fd>(10): previous definition here
01-01 00:00:13.628  1046   346   346 W android.hardware.media.omx@1.0-service: libminijail[346]: compile_file: /system/etc/seccomp_policy/crash_dump.arm.policy(18): syscall lseek redefined here
01-01 00:00:13.628  1046   346   346 W android.hardware.media.omx@1.0-service: libminijail[346]: compile_file: <fd>(50): previous definition here
01-01 00:00:13.628  1046   346   346 W android.hardware.media.omx@1.0-service: libminijail[346]: compile_file: /system/etc/seccomp_policy/crash_dump.arm.policy(19): syscall getdents64 redefined here
01-01 00:00:13.628  1046   346   346 W android.hardware.media.omx@1.0-service: libminijail[346]: compile_file: <fd>(58): previous definition here
01-01 00:00:13.628  1046   346   346 W android.hardware.media.omx@1.0-service: libminijail[346]: compile_file: /system/etc/seccomp_policy/crash_dump.arm.policy(20): syscall faccessat redefined here
01-01 00:00:13.628  1046   346   346 W android.hardware.media.omx@1.0-service: libminijail[346]: compile_file: <fd>(38): previous definition here
01-01 00:00:13.629  1046   346   346 W android.hardware.media.omx@1.0-service: libminijail[346]: compile_file: /system/etc/seccomp_policy/crash_dump.arm.policy(26): syscall rt_sigprocmask redefined here
01-01 00:00:13.629  1046   346   346 W android.hardware.media.omx@1.0-service: libminijail[346]: compile_file: <fd>(41): previous definition here
01-01 00:00:13.629  1046   346   346 W android.hardware.media.omx@1.0-service: libminijail[346]: compile_file: /system/etc/seccomp_policy/crash_dump.arm.policy(29): syscall prctl redefined here
01-01 00:00:13.629  1046   346   346 W android.hardware.media.omx@1.0-service: libminijail[346]: compile_file: <fd>(6): previous definition here
01-01 00:00:13.629  1046   346   346 W android.hardware.media.omx@1.0-service: libminijail[346]: compile_file: /system/etc/seccomp_policy/crash_dump.arm.policy(30): syscall madvise redefined here
01-01 00:00:13.629  1046   346   346 W android.hardware.media.omx@1.0-service: libminijail[346]: compile_file: <fd>(29): previous definition here
01-01 00:00:13.629  1046   346   346 W android.hardware.media.omx@1.0-service: libminijail[346]: compile_file: /system/etc/seccomp_policy/crash_dump.arm.policy(31): syscall mprotect redefined here
01-01 00:00:13.629  1046   346   346 W android.hardware.media.omx@1.0-service: libminijail[346]: compile_file: <fd>(28): previous definition here
01-01 00:00:13.630  1046   346   346 W android.hardware.media.omx@1.0-service: libminijail[346]: compile_file: /system/etc/seccomp_policy/crash_dump.arm.policy(32): syscall munmap redefined here
01-01 00:00:13.630  1046   346   346 W android.hardware.media.omx@1.0-service: libminijail[346]: compile_file: <fd>(27): previous definition here
01-01 00:00:13.630  1046   346   346 W android.hardware.media.omx@1.0-service: libminijail[346]: compile_file: /system/etc/seccomp_policy/crash_dump.arm.policy(33): syscall getuid32 redefined here
01-01 00:00:13.630  1046   346   346 W android.hardware.media.omx@1.0-service: libminijail[346]: compile_file: <fd>(34): previous definition here
01-01 00:00:13.630  1046   346   346 W android.hardware.media.omx@1.0-service: libminijail[346]: compile_file: /system/etc/seccomp_policy/crash_dump.arm.policy(34): syscall fstat64 redefined here
01-01 00:00:13.630  1046   346   346 W android.hardware.media.omx@1.0-service: libminijail[346]: compile_file: <fd>(35): previous definition here
01-01 00:00:13.630  1046   346   346 W android.hardware.media.omx@1.0-service: libminijail[346]: compile_file: /system/etc/seccomp_policy/crash_dump.arm.policy(35): syscall mmap2 redefined here
01-01 00:00:13.630  1046   346   346 W android.hardware.media.omx@1.0-service: libminijail[346]: compile_file: <fd>(14): previous definition here
01-01 00:00:13.630 media   275   275 W android.hardware.media.c2@1.0-service-v4l2-32: libminijail[275]: failed to get path of fd 4: No such file or directory
01-01 00:00:13.630 media   275   275 W android.hardware.media.c2@1.0-service-v4l2-32: libminijail[275]: allowing syscall: clock_gettime
01-01 00:00:13.630 media   275   275 W android.hardware.media.c2@1.0-service-v4l2-32: libminijail[275]: allowing syscall: connect
01-01 00:00:13.631 media   275   275 W android.hardware.media.c2@1.0-service-v4l2-32: libminijail[275]: allowing syscall: fcntl64
01-01 00:00:13.631 media   275   275 W android.hardware.media.c2@1.0-service-v4l2-32: libminijail[275]: allowing syscall: socket
01-01 00:00:13.631 media   275   275 W android.hardware.media.c2@1.0-service-v4l2-32: libminijail[275]: allowing syscall: writev
01-01 00:00:13.631 media   275   275 W android.hardware.media.c2@1.0-service-v4l2-32: libminijail[275]: compile_file: <fd>(23): nonexistent syscall 'mmap'
01-01 00:00:13.631 media   275   275 W android.hardware.media.c2@1.0-service-v4l2-32: libminijail[275]: compile_file: <fd>(25): nonexistent syscall 'getrlimit'
01-01 00:00:13.631 media   275   275 W android.hardware.media.c2@1.0-service-v4l2-32: libminijail[275]: compile_file: <fd>(27): nonexistent syscall 'newfstatat'
01-01 00:00:13.631 media   275   275 W android.hardware.media.c2@1.0-service-v4l2-32: libminijail[275]: compile_file: <fd>(75): syscall munmap redefined here
01-01 00:00:13.632 media   275   275 W android.hardware.media.c2@1.0-service-v4l2-32: libminijail[275]: compile_file: <fd>(39): previous definition here
01-01 00:00:13.632 media   275   275 W android.hardware.media.c2@1.0-service-v4l2-32: libminijail[275]: compile_file: <fd>(93): syscall getdents64 redefined here
01-01 00:00:13.632 media   275   275 W android.hardware.media.c2@1.0-service-v4l2-32: libminijail[275]: compile_file: <fd>(52): previous definition here
01-01 00:00:13.632 media   275   275 W android.hardware.media.c2@1.0-service-v4l2-32: libminijail[275]: logging seccomp filter failures
01-01 00:00:13.633 media   275   275 D android.hardware.media.c2@1.0-service-v4l2: Instantiating Codec2's V4L2 IComponentStore service...
01-01 00:00:13.646  1047   330   330 I cameraserver: ServiceManager: 0xb40000799be54270
01-01 00:00:13.647  1047   330   330 I CameraService: CameraService started (pid=330)
01-01 00:00:13.647  1046   346   346 W android.hardware.media.omx@1.0-service: libminijail[346]: compile_file: <fd>(66): syscall _llseek redefined here
01-01 00:00:13.647  1046   346   346 W android.hardware.media.omx@1.0-service: libminijail[346]: compile_file: <fd>(51): previous definition here
01-01 00:00:13.647  1046   346   346 W android.hardware.media.omx@1.0-service: libminijail[346]: compile_file: <fd>(70): syscall recvfrom redefined here
01-01 00:00:13.648  1046   346   346 W android.hardware.media.omx@1.0-service: libminijail[346]: compile_file: /system/etc/seccomp_policy/crash_dump.arm.policy(22): previous definition here
01-01 00:00:13.648  1046   346   346 W android.hardware.media.omx@1.0-service: libminijail[346]: compile_file: <fd>(73): syscall sysinfo redefined here
01-01 00:00:13.648  1046   346   346 W android.hardware.media.omx@1.0-service: libminijail[346]: compile_file: /system/etc/seccomp_policy/crash_dump.arm.policy(23): previous definition here
01-01 00:00:13.648  1046   346   346 W android.hardware.media.omx@1.0-service: libminijail[346]: logging seccomp filter failures
01-01 00:00:13.650  1046   346   346 E vndksupport: Could not load libstagefrighthw.so from default namespace: dlopen failed: library "libstagefrighthw.so" not found.
01-01 00:00:13.667  1047   330   330 I CameraService: CameraService process starting
01-01 00:00:13.668  1047   330   330 W BatteryNotifier: batterystats service unavailable!
01-01 00:00:13.668  1047   330   330 W BatteryNotifier: batterystats service unavailable!
01-01 00:00:13.671  1047   330   330 I cameraserver: Connecting to new camera provider: external/0, isRemote? 1
01-01 00:00:13.673  1047   330   330 I CameraProviderManager: Camera provider external/0 ready with 0 camera devices
01-01 00:00:13.675  1047   330   330 I cameraserver: Connecting to new camera provider: legacy/0, isRemote? 1
01-01 00:00:13.676  1047   266   266 D CamPrvdr@2.5-legacy: notifyDeviceStateChange: New device state: 0x0
01-01 00:00:13.677 media   275   275 I HidlServiceManagement: Registered android.hardware.media.c2@1.0::IComponentStore/v4l2
01-01 00:00:13.678  1047   330   330 I CameraProviderManager: Camera provider legacy/0 ready with 0 camera devices
01-01 00:00:13.678 media   275   275 I HidlServiceManagement: Removing namespace from process name android.hardware.media.c2@1.0-service-v4l2-32 to c2@1.0-service-v4l2-32.
01-01 00:00:13.679  1047   330   330 I cameraserver: Waiting for activity service
01-01 00:00:13.678 media   275   275 I android.hardware.media.c2@1.0-service-v4l2: Codec2's IComponentStore service created.
01-01 00:00:13.686  1047   330   407 W CameraProviderManager: addHidlProviderLocked: Camera provider HAL with name 'external/0' already registered
01-01 00:00:13.687  1047   330   406 W CameraProviderManager: addHidlProviderLocked: Camera provider HAL with name 'legacy/0' already registered
01-01 00:00:13.703  1046   346   346 I SoftOMXPlugin: createOMXPlugin
01-01 00:00:13.704  1046   346   346 D MediaCodecsXmlParser: parsing /vendor/etc/media_codecs.xml...
01-01 00:00:13.721  1046   346   346 D MediaCodecsXmlParser: parsing /vendor/etc/media_codecs_ffmpeg_c2.xml...
01-01 00:00:13.737  1046   346   346 D MediaCodecsXmlParser: parsing /vendor/etc/media_codecs_v4l2_c2_video.xml...
01-01 00:00:13.755  1046   346   346 D MediaCodecsXmlParser: parsing /vendor/etc/media_codecs_google_c2_audio.xml...
01-01 00:00:13.762  1000   156   156 I servicemanager: Found android.hardware.automotive.evs.IEvsEnumerator/hw/1 in device VINTF manifest.
01-01 00:00:13.763  1062   175   186 I evsmanagerd: Failed to connect to AIDL EVS HAL implementation.  Trying to connect to HIDL EVS HAL implementation instead.
01-01 00:00:13.764  1000   157   157 I hwservicemanager: getTransport: Cannot find entry android.hardware.automotive.evs@1.1::IEvsEnumerator/hw/1 in either framework or device VINTF manifest.
01-01 00:00:13.764  1062   175   186 I evsmanagerd: No EVS HAL implementation is available.  Retrying after 1000 ms
01-01 00:00:13.765  1046   346   346 D MediaCodecsXmlParser: parsing /vendor/etc/media_codecs_google_c2_tv.xml...
01-01 00:00:13.779  1046   346   346 D MediaCodecsXmlParser: parsing /vendor/etc/media_codecs_google_c2_video.xml...
01-01 00:00:13.797  1046   346   346 I MediaCodecsXmlParser: Did not find media_codecs_performance.xml in search path
01-01 00:00:13.797  1046   346   346 I MediaCodecsXmlParser: Did not find media_codecs_shaping.xml in search path
01-01 00:00:13.800  1046   346   346 I HidlServiceManagement: Registered android.hardware.media.omx@1.0::IOmx/default
01-01 00:00:13.800  1046   346   346 I HidlServiceManagement: Removing namespace from process name android.hardware.media.omx@1.0-service to omx@1.0-service.
01-01 00:00:13.802  1046   346   346 I android.hardware.media.omx@1.0-service: IOmx HAL service created.
01-01 00:00:13.802  1046   346   346 I OmxStore: omx common prefix: no nodes
01-01 00:00:13.802  1046   346   346 D MediaCodecsXmlParser: parsing /vendor/etc/media_codecs.xml...
01-01 00:00:13.802  1046   346   346 D MediaCodecsXmlParser: parsing /vendor/etc/media_codecs_ffmpeg_c2.xml...
01-01 00:00:13.804  1046   346   346 D MediaCodecsXmlParser: parsing /vendor/etc/media_codecs_v4l2_c2_video.xml...
01-01 00:00:13.805  1046   346   346 D MediaCodecsXmlParser: parsing /vendor/etc/media_codecs_google_c2_audio.xml...
01-01 00:00:13.806  1046   346   346 D MediaCodecsXmlParser: parsing /vendor/etc/media_codecs_google_c2_tv.xml...
01-01 00:00:13.806  1046   346   346 D MediaCodecsXmlParser: parsing /vendor/etc/media_codecs_google_c2_video.xml...
01-01 00:00:13.808  1046   346   346 I MediaCodecsXmlParser: Did not find media_codecs_performance.xml in search path
01-01 00:00:13.808  1046   346   346 I MediaCodecsXmlParser: Did not find media_codecs_shaping.xml in search path
01-01 00:00:13.808  1046   346   346 E MediaCodecsXmlParser: Cannot find the role for a decoder of type audio/alac
01-01 00:00:13.809  1046   346   346 I HidlServiceManagement: Registered android.hardware.media.omx@1.0::IOmxStore/default
01-01 00:00:13.809  1046   346   346 I HidlServiceManagement: Removing namespace from process name android.hardware.media.omx@1.0-service to omx@1.0-service.
01-01 00:00:13.894  root   256   256 D AndroidRuntime: >>>>>> START com.android.internal.os.ZygoteInit uid 0 <<<<<<
01-01 00:00:13.930  1041   285   285 D APM_EngineLoader: Loaded engine from libaudiopolicyenginedefault.so
01-01 00:00:13.931  1041   285   285 D APM::AudioPolicyEngine/Base: loadAudioPolicyEngineConfig: No configuration found, using default matching phone experience.
01-01 00:00:13.933  1062   174   174 W HidlServiceManagement: Waited one second for android.hardware.automotive.evs@1.1::IEvsEnumerator/default
01-01 00:00:13.933  1000   157   157 I hwservicemanager: Since android.hardware.automotive.evs@1.1::IEvsEnumerator/default is not registered, trying to start it as a lazy HAL.
01-01 00:00:13.934  1062   174   174 I HidlServiceManagement: getService: Trying again for android.hardware.automotive.evs@1.1::IEvsEnumerator/default...
01-01 00:00:13.935  1000   157   413 W libc    : Unable to set property "ctl.interface_start" to "android.hardware.automotive.evs@1.1::IEvsEnumerator/default": error code: 0x20
01-01 00:00:13.935  1000   157   413 I hwservicemanager: Tried to start android.hardware.automotive.evs@1.1::IEvsEnumerator/default as a lazy service, but was unable to. Usually this happens when a service is not installed, but if the service is intended to be used as a lazy service, then it may be configured incorrectly.
01-01 00:00:13.944  1041   285   285 W APM::AudioPolicyEngine/Base: loadAudioPolicyEngineConfig: No configuration of AUDIO_STREAM_CALL_ASSISTANT found, using default volume configuration
01-01 00:00:14.006  1000   291   384 I RenderEngine: OpenGL ES informations:
01-01 00:00:14.006  1000   291   384 I RenderEngine: vendor    : Broadcom
01-01 00:00:14.007  1000   291   384 I RenderEngine: renderer  : V3D 4.2.14
01-01 00:00:14.007  1000   291   384 I RenderEngine: version   : OpenGL ES 3.1 Mesa 24.0.5 (git-0980e80ca0)
01-01 00:00:14.007  1000   291   384 I RenderEngine: extensions: GL_EXT_debug_marker GL_EXT_blend_minmax GL_EXT_multi_draw_arrays GL_EXT_texture_filter_anisotropic GL_EXT_texture_compression_s3tc GL_EXT_texture_compression_dxt1 GL_EXT_texture_compression_rgtc GL_EXT_texture_format_BGRA8888 GL_OES_compressed_ETC1_RGB8_texture GL_OES_depth24 GL_OES_element_index_uint GL_OES_fbo_render_mipmap GL_OES_mapbuffer GL_OES_rgb8_rgba8 GL_OES_standard_derivatives GL_OES_stencil8 GL_OES_texture_3D GL_OES_texture_float GL_OES_texture_half_float GL_OES_texture_half_float_linear GL_OES_texture_npot GL_OES_vertex_half_float GL_EXT_draw_instanced GL_EXT_texture_sRGB_decode GL_OES_EGL_image GL_OES_depth_texture GL_AMD_performance_monitor GL_OES_packed_depth_stencil GL_EXT_texture_type_2_10_10_10_REV GL_NV_conditional_render GL_OES_get_program_binary GL_APPLE_texture_max_level GL_EXT_discard_framebuffer GL_EXT_read_format_bgra GL_NV_pack_subimage GL_EXT_frag_depth GL_NV_fbo_color_attachments GL_OES_EGL_image_external GL_OES_EGL_sync GL_OES_vertex_array_object GL_ANGLE_pack_revers
01-01 00:00:14.007  1000   291   384 I RenderEngine: GL_MAX_TEXTURE_SIZE = 4096
01-01 00:00:14.007  1000   291   384 I RenderEngine: GL_MAX_VIEWPORT_DIMS = 4096
01-01 00:00:14.018  1000   156   156 I servicemanager: Could not find android.hardware.graphics.composer3.IComposer/default in the VINTF manifest.
01-01 00:00:14.021  1041   285   285 I AudioFlinger: loadHwModule() Loaded primary audio interface, handle 10
01-01 00:00:14.032  1041   285   285 I AudioFlinger: openOutput() this 0xb4000074ec89c070, module 10 Device AUDIO_DEVICE_OUT_SPEAKER, @:, SamplingRate 48000, Format 0x000001, Channels 0x3, flags 0x2
01-01 00:00:14.031  1041   262   262 I binder:262_2: type=1400 audit(0.0:35): avc: denied { read } for name="u:object_r:audio_prop:s0" dev="tmpfs" ino=37 scontext=u:r:hal_audio_default:s0 tcontext=u:object_r:audio_prop:s0 tclass=file permissive=1
01-01 00:00:14.031  1041   262   262 I binder:262_2: type=1400 audit(0.0:36): avc: denied { open } for path="/dev/__properties__/u:object_r:audio_prop:s0" dev="tmpfs" ino=37 scontext=u:r:hal_audio_default:s0 tcontext=u:object_r:audio_prop:s0 tclass=file permissive=1
01-01 00:00:14.031  1041   262   262 I binder:262_2: type=1400 audit(0.0:37): avc: denied { getattr } for path="/dev/__properties__/u:object_r:audio_prop:s0" dev="tmpfs" ino=37 scontext=u:r:hal_audio_default:s0 tcontext=u:object_r:audio_prop:s0 tclass=file permissive=1
01-01 00:00:14.031  1041   262   262 I binder:262_2: type=1400 audit(0.0:38): avc: denied { map } for path="/dev/__properties__/u:object_r:audio_prop:s0" dev="tmpfs" ino=37 scontext=u:r:hal_audio_default:s0 tcontext=u:object_r:audio_prop:s0 tclass=file permissive=1
01-01 00:00:14.034  1041   262   262 I audio_hw_rpi: adev_open_output_stream selects channels=2 rate=48000 format=0
01-01 00:00:14.041  1000   272   339 I DMABUFHEAPS: Using : Non-legacy ION heaps
01-01 00:00:14.043  1000   272   272 I composer@2.4-se: type=1400 audit(0.0:39): avc: denied { read } for path="socket:[23344]" dev="sockfs" ino=23344 scontext=u:r:hal_graphics_composer_default:s0 tcontext=u:r:hal_graphics_composer_default:s0 tclass=netlink_kobject_uevent_socket permissive=1
01-01 00:00:14.048  root     0     0 I vc4-drm gpu: [drm] Cannot find any crtc or sizes
01-01 00:00:14.056  1041   285   285 I AudioFlinger: HAL output buffer size 1024 frames, normal sink buffer size 1024 frames
01-01 00:00:14.057  1000   157   157 I hwservicemanager: getTransport: Cannot find entry android.hardware.audio.effect@7.1::IEffectsFactory/default in either framework or device VINTF manifest.
01-01 00:00:14.147  1003   173   197 W ServiceManager: Waited one second for SurfaceFlingerAIDL (is service started? are binder threads started and available?)
01-01 00:00:14.148  1000   156   156 I servicemanager: Since 'SurfaceFlingerAIDL' could not be found, trying to start it as a lazy AIDL service
01-01 00:00:14.149  1000   156   418 W libc    : Unable to set property "ctl.interface_start" to "aidl/SurfaceFlingerAIDL": error code: 0x20
01-01 00:00:14.149  1000   156   418 I servicemanager: Tried to start aidl service SurfaceFlingerAIDL as a lazy service, but was unable to. Usually this happens when a service is not installed, but if the service is intended to be used as a lazy service, then it may be configured incorrectly.
01-01 00:00:14.162  1040   338   338 I MediaExtractorFactory: plugin directory not present (/system/lib64/extractors)
01-01 00:00:14.162  1040   338   338 I MediaExtractorFactory: plugin directory not present (/system_ext/lib64/extractors)
01-01 00:00:14.198  1000   272   339 I hwc-drm-connector: force mode 1920x1080@0Hz for display in connector HDMI-A-1
01-01 00:00:14.198  1000   272   339 I hwc-drm-connector: force mode 1920x1080@0Hz for display in connector HDMI-A-2
01-01 00:00:14.199  1000   272   339 I hwc-drm-two: No pipelines available. Creating null-display for headless mode
01-01 00:00:14.199  1000   272   339 I hwc-display-configs: set mode 1920x1080@60Hz for HEADLESS-MODE
01-01 00:00:14.199  1000   291   291 I SurfaceFlinger: Connecting HAL display 0
01-01 00:00:14.199  1000   291   291 I HWComposer: Switching to legacy multi-display mode
01-01 00:00:14.203  1041   285   285 I BufferProvider: found effect "Multichannel Downmix To Stereo" from The Android Open Source Project
01-01 00:00:14.205  1041   285   285 D AudioFlinger: Failed to add event callback
01-01 00:00:14.205  1041   285   421 I AudioFlinger: AudioFlinger's thread 0xb40000766e16f9a0 tid=421 ready to run
01-01 00:00:14.206  1041   285   285 E APM_AudioPolicyManager: invalid volume index range
01-01 00:00:14.206  1041   285   285 E APM_AudioPolicyManager: invalid volume index range
01-01 00:00:14.206  1041   285   285 E APM_AudioPolicyManager: invalid volume index range
01-01 00:00:14.207  1041   285   285 V APM_AudioPolicyManager: checkAndSetVolume cannot set volume group 4 volume when is not requested for comm
01-01 00:00:14.207  1041   285   285 E APM_AudioPolicyManager: invalid volume index range
01-01 00:00:14.207  1041   285   285 E APM_AudioPolicyManager: invalid volume index range
01-01 00:00:14.207  1041   285   285 E APM_AudioPolicyManager: invalid volume index range
01-01 00:00:14.207  1041   285   285 E APM_AudioPolicyManager: invalid volume index range
01-01 00:00:14.217  1041   285   421 W AudioFlinger: no wake lock to update, system not ready yet
01-01 00:00:14.217  1041   285   421 D AudioFlinger: ro.audio.silent is ignored since no output device is set
01-01 00:00:14.217  1041   262   262 W StreamHAL: Error from HAL stream in function get_presentation_position: Operation not permitted
01-01 00:00:14.218  1041   285   421 W AudioFlinger: no wake lock to update, system not ready yet
01-01 00:00:14.218  1041   285   421 D AudioFlinger: ro.audio.silent is ignored since no output device is set
01-01 00:00:14.218  1041   285   285 E APM_AudioPolicyManager: invalid volume index range
01-01 00:00:14.218  1041   285   285 E APM_AudioPolicyManager: invalid volume index range
01-01 00:00:14.218  1041   285   285 E APM_AudioPolicyManager: invalid volume index range
01-01 00:00:14.218  1041   285   285 E APM_AudioPolicyManager: invalid volume index range
01-01 00:00:14.218  1000   291   291 W HwcComposer: getPerFrameMetadataKeys failed with 8
01-01 00:00:14.221  1041   285   285 W AudioFlinger: moveEffects() bad srcOutput 0
01-01 00:00:14.221  1041   285   285 V APM_AudioPolicyManager: selectOutputForMusicEffects selected output 13
01-01 00:00:14.221  1041   285   285 V APM_AudioPolicyManager: setOutputDevices device {AUDIO_DEVICE_OUT_SPEAKER, @:} delayMs 0
01-01 00:00:14.221  1041   285   285 V APM_AudioPolicyManager: setOutputDevices() prevDevice {AUDIO_DEVICE_OUT_SPEAKER, @:}
01-01 00:00:14.222  1041   285   285 V APM_AudioPolicyManager: setOutputDevices changing device to {AUDIO_DEVICE_OUT_SPEAKER, @:}
01-01 00:00:14.224  1000   157   157 I hwservicemanager: getTransport: Cannot find entry android.hardware.configstore@1.1::ISurfaceFlingerConfigs/default in either framework or device VINTF manifest.
01-01 00:00:14.234  1000   156   156 I servicemanager: Could not find android.hardware.graphics.allocator.IAllocator/default in the VINTF manifest.
01-01 00:00:14.235  1000   271   271 I [minigbm:gbm_mesa_internals.cpp(233)]: Found GPU v3d
01-01 00:00:14.235  1000   271   271 I [minigbm:gbm_mesa_internals.cpp(249)]: GPU require KMSRO entry, searching for separate KMS driver...
01-01 00:00:14.235  1000   271   271 I [minigbm:gbm_mesa_internals.cpp(255)]: Found KMS dev vc4
01-01 00:00:14.251  1000   271   271 I allocator@4.0-s: type=1400 audit(0.0:40): avc: denied { read } for name="u:object_r:default_prop:s0" dev="tmpfs" ino=99 scontext=u:r:hal_graphics_allocator_default:s0 tcontext=u:object_r:default_prop:s0 tclass=file permissive=1
01-01 00:00:14.251  1000   271   271 I allocator@4.0-s: type=1400 audit(0.0:41): avc: denied { open } for path="/dev/__properties__/u:object_r:default_prop:s0" dev="tmpfs" ino=99 scontext=u:r:hal_graphics_allocator_default:s0 tcontext=u:object_r:default_prop:s0 tclass=file permissive=1
01-01 00:00:14.251  1000   271   271 I allocator@4.0-s: type=1400 audit(0.0:42): avc: denied { getattr } for path="/dev/__properties__/u:object_r:default_prop:s0" dev="tmpfs" ino=99 scontext=u:r:hal_graphics_allocator_default:s0 tcontext=u:object_r:default_prop:s0 tclass=file permissive=1
01-01 00:00:14.251  1000   271   271 I allocator@4.0-s: type=1400 audit(0.0:43): avc: denied { map } for path="/dev/__properties__/u:object_r:default_prop:s0" dev="tmpfs" ino=99 scontext=u:r:hal_graphics_allocator_default:s0 tcontext=u:object_r:default_prop:s0 tclass=file permissive=1
01-01 00:00:14.268  1041   285   285 V APM_AudioPolicyManager: setOutputDevices() AF::createAudioPatch returned 0 patchHandle 12 num_sources 1 num_sinks 1
01-01 00:00:14.268  1041   285   285 E APM_AudioPolicyManager: invalid volume index range
01-01 00:00:14.268  1041   285   285 E APM_AudioPolicyManager: invalid volume index range
01-01 00:00:14.268  1041   285   285 E APM_AudioPolicyManager: invalid volume index range
01-01 00:00:14.268  1041   285   285 V APM_AudioPolicyManager: checkAndSetVolume cannot set volume group 4 volume when is not requested for comm
01-01 00:00:14.268  1041   285   285 E APM_AudioPolicyManager: invalid volume index range
01-01 00:00:14.268  1041   285   285 E APM_AudioPolicyManager: invalid volume index range
01-01 00:00:14.268  1041   285   285 E APM_AudioPolicyManager: invalid volume index range
01-01 00:00:14.268  1041   285   285 E APM_AudioPolicyManager: invalid volume index range
01-01 00:00:14.268  1041   285   285 E APM_AudioPolicyManager: invalid volume index range
01-01 00:00:14.268  1041   285   285 E APM_AudioPolicyManager: invalid volume index range
01-01 00:00:14.268  1041   285   285 E APM_AudioPolicyManager: invalid volume index range
01-01 00:00:14.269  1041   285   285 E APM_AudioPolicyManager: invalid volume index range
01-01 00:00:14.272  1041   285   424 I AudioFlinger: AudioFlinger's thread 0xb40000766e0cdbb0 tid=424 ready to run
01-01 00:00:14.274  1000   271   271 I DMABUFHEAPS: Using DMA-BUF heap named: system
01-01 00:00:14.275  1041   285   424 W AudioFlinger: no wake lock to update, system not ready yet
01-01 00:00:14.275  1041   285   424 W AudioFlinger: no wake lock to update, system not ready yet
01-01 00:00:14.278  1041   262   376 E DevicesFactoryHAL: loadAudioInterface couldn't load audio hw module audio.a2dp (No such file or directory)
01-01 00:00:14.278  1041   285   285 W DevicesFactoryHalHidl: The specified device name is not recognized: "a2dp"
01-01 00:00:14.278  1041   285   285 E AudioFlinger: loadHwModule() error -22 loading module a2dp
01-01 00:00:14.278  1041   285   285 W APM_AudioPolicyManager: could not open HW module a2dp
01-01 00:00:14.280  1000   291   427 W EventThread: Ignoring VSYNC request while display is disconnected
01-01 00:00:14.280  1000   291   427 W EventThread: Ignoring VSYNC request while display is disconnected
01-01 00:00:14.281  1000   291   428 W EventThread: Ignoring VSYNC request while display is disconnected
01-01 00:00:14.281  1000   291   428 W EventThread: Ignoring VSYNC request while display is disconnected
01-01 00:00:14.281  1000   291   291 I SurfaceFlinger: Dispatching display hotplug event displayId=0, connected=1
01-01 00:00:14.281  1000   291   427 W EventThread: Ignoring VSYNC request while display is disconnected
01-01 00:00:14.281  1000   291   427 W EventThread: Ignoring VSYNC request while display is disconnected
01-01 00:00:14.293  1041   285   285 I AudioFlinger: loadHwModule() Loaded usb audio interface, handle 18
01-01 00:00:14.293  1041   285   285 V APM_AudioPolicyManager: onNewAudioModulesAvailableInt: Input device list is empty! for profile usb_device input
01-01 00:00:14.296  root   256   256 I AndroidRuntime: Using default boot image
01-01 00:00:14.296  root   256   256 I AndroidRuntime: Leaving lock profiling enabled
01-01 00:00:14.307  1041   262   376 I r_submix: adev_open(name=audio_hw_if)
01-01 00:00:14.308  1041   262   376 I r_submix: adev_init_check()
01-01 00:00:14.309  1041   285   285 I AudioFlinger: loadHwModule() Loaded r_submix audio interface, handle 26
01-01 00:00:14.310  1041   262   376 D r_submix: adev_open_input_stream(addr=0)
01-01 00:00:14.310  1041   262   376 I r_submix: adev_open_input_stream(): about to create pipe at index 9, rate 48000, pipe size 4096
01-01 00:00:14.310  1041   262   376 D r_submix: submix_audio_device_create_pipe_l(addr=0, idx=9)
01-01 00:00:14.310  1041   262   376 D r_submix:   now using address 0 for route 9
01-01 00:00:14.317  1041   285   431 I AudioFlinger: AudioFlinger's thread 0xb40000766e0cdbb0 tid=431 ready to run
01-01 00:00:14.317  1041   262   376 I r_submix: in_standby()
01-01 00:00:14.317  1041   285   431 W AudioFlinger: no wake lock to update, system not ready yet
01-01 00:00:14.318  1041   262   376 I r_submix: in_standby()
01-01 00:00:14.318  root   256   256 I zygote64: option[0]=-Xzygote
01-01 00:00:14.318  root   256   256 I zygote64: option[1]=-Xdeny-art-apex-data-files
01-01 00:00:14.318  root   256   256 I zygote64: option[2]=exit
01-01 00:00:14.318  root   256   256 I zygote64: option[3]=vfprintf
01-01 00:00:14.318  root   256   256 I zygote64: option[4]=sensitiveThread
01-01 00:00:14.318  root   256   256 I zygote64: option[5]=-verbose:gc
01-01 00:00:14.318  root   256   256 I zygote64: option[6]=-XX:PerfettoHprof=true
01-01 00:00:14.318  root   256   256 I zygote64: option[7]=-XX:PerfettoJavaHeapStackProf=true
01-01 00:00:14.318  root   256   256 I zygote64: option[8]=-Xprimaryzygote
01-01 00:00:14.318  root   256   256 I zygote64: option[9]=-Xms16m
01-01 00:00:14.318  root   256   256 I zygote64: option[10]=-Xmx512m
01-01 00:00:14.318  root   256   256 I zygote64: option[11]=-XX:HeapGrowthLimit=192m
01-01 00:00:14.318  root   256   256 I zygote64: option[12]=-XX:HeapMinFree=512k
01-01 00:00:14.318  root   256   256 I zygote64: option[13]=-XX:HeapMaxFree=8m
01-01 00:00:14.318  root   256   256 I zygote64: option[14]=-XX:HeapTargetUtilization=0.75
01-01 00:00:14.318  root   256   256 I zygote64: option[15]=-Xusejit:true
01-01 00:00:14.318  root   256   256 I zygote64: option[16]=-Xjitsaveprofilinginfo
01-01 00:00:14.318  root   256   256 I zygote64: option[17]=-XMadviseWillNeedVdexFileSize:104857600
01-01 00:00:14.318  root   256   256 I zygote64: option[18]=-XMadviseWillNeedOdexFileSize:104857600
01-01 00:00:14.318  root   256   256 I zygote64: option[19]=-XMadviseWillNeedArtFileSize:4294967295
01-01 00:00:14.318  root   256   256 I zygote64: option[20]=-XjdwpOptions:suspend=n,server=y
01-01 00:00:14.318  root   256   256 I zygote64: option[21]=-XjdwpProvider:default
01-01 00:00:14.318  root   256   256 I zygote64: option[22]=-Xopaque-jni-ids:swapable
01-01 00:00:14.318  root   256   256 I zygote64: option[23]=-Xlockprofthreshold:500
01-01 00:00:14.319  root   256   256 I zygote64: option[24]=-Xcompiler-option
01-01 00:00:14.319  root   256   256 I zygote64: option[25]=-j2
01-01 00:00:14.319  root   256   256 I zygote64: option[26]=-Xcompiler-option
01-01 00:00:14.319  root   256   256 I zygote64: option[27]=--cpu-set=0,1
01-01 00:00:14.319  root   256   256 I zygote64: option[28]=-Xcompiler-option
01-01 00:00:14.319  root   256   256 I zygote64: option[29]=--instruction-set-variant=cortex-a72
01-01 00:00:14.319  root   256   256 I zygote64: option[30]=-Xcompiler-option
01-01 00:00:14.319  root   256   256 I zygote64: option[31]=--instruction-set-features=default
01-01 00:00:14.319  root   256   256 I zygote64: option[32]=-Xcompiler-option
01-01 00:00:14.319  root   256   256 I zygote64: option[33]=--generate-mini-debug-info
01-01 00:00:14.319  root   256   256 I zygote64: option[34]=-Ximage-compiler-option
01-01 00:00:14.319  root   256   256 I zygote64: option[35]=--runtime-arg
01-01 00:00:14.319  root   256   256 I zygote64: option[36]=-Ximage-compiler-option
01-01 00:00:14.319  root   256   256 I zygote64: option[37]=-Xms64m
01-01 00:00:14.319  root   256   256 I zygote64: option[38]=-Ximage-compiler-option
01-01 00:00:14.319  root   256   256 I zygote64: option[39]=--runtime-arg
01-01 00:00:14.319  root   256   256 I zygote64: option[40]=-Ximage-compiler-option
01-01 00:00:14.319  root   256   256 I zygote64: option[41]=-Xmx64m
01-01 00:00:14.319  root   256   256 I zygote64: option[42]=-Ximage-compiler-option
01-01 00:00:14.319  root   256   256 I zygote64: option[43]=--dirty-image-objects=/system/etc/dirty-image-objects
01-01 00:00:14.319  root   256   256 I zygote64: option[44]=-Ximage-compiler-option
01-01 00:00:14.319  root   256   256 I zygote64: option[45]=--instruction-set-variant=cortex-a72
01-01 00:00:14.319  root   256   256 I zygote64: option[46]=-Ximage-compiler-option
01-01 00:00:14.319  root   256   256 I zygote64: option[47]=--instruction-set-features=default
01-01 00:00:14.319  root   256   256 I zygote64: option[48]=-Ximage-compiler-option
01-01 00:00:14.319  root   256   256 I zygote64: option[49]=--generate-mini-debug-info
01-01 00:00:14.319  root   256   256 I zygote64: option[50]=-Duser.locale=en-US
01-01 00:00:14.319  root   256   256 I zygote64: option[51]=--cpu-abilist=arm64-v8a
01-01 00:00:14.319  root   256   256 I zygote64: option[52]=-Xcore-platform-api-policy:just-warn
01-01 00:00:14.319  root   256   256 I zygote64: option[53]=-Xfingerprint:Raspberry/bosch_hal_v2_0/rpi4:13/TQ3A.230901.001/2:userdebug/test-keys
01-01 00:00:14.322  1041   285   431 W AudioFlinger: no wake lock to update, system not ready yet
01-01 00:00:14.322  1041   262   376 D r_submix: adev_close_input_stream()
01-01 00:00:14.322  1041   262   376 D r_submix: submix_audio_device_release_pipe_l(idx=9) addr=0
01-01 00:00:14.322  1041   262   376 D r_submix: submix_audio_device_destroy_pipe_l(): pipe destroyed
01-01 00:00:14.359  1041   285   285 I AudioFlinger: loadHwModule() Loaded bluetooth audio interface, handle 34
01-01 00:00:14.363  1041   285   285 I audioserver: Waiting for activity service
01-01 00:00:14.365  root   256   256 W zygote64: ART APEX data files are untrusted.
01-01 00:00:14.378  root   256   256 I zygote64: Core platform API reporting enabled, enforcing=false
01-01 00:00:14.482  1000   291   434 W SurfaceFlinger: Failed to set thread name on dispatch thread
01-01 00:00:14.485  1000   156   156 I BpBinder: onLastStrongRef automatically unlinking death recipients: <uncached descriptor>
01-01 00:00:14.487  1000   157   157 I hwservicemanager: getTransport: Cannot find entry android.frameworks.displayservice@1.0::IDisplayService/default in either framework or device VINTF manifest.
01-01 00:00:14.487  1003   173   197 E IPCThreadState: binder thread pool (1 threads) starved for 7352 ms
01-01 00:00:14.487  1003   176   176 I EvsDriver: Display 0 is detected on the port, 0
01-01 00:00:14.487  1000   291   291 E HidlServiceManagement: Service android.frameworks.displayservice@1.0::IDisplayService/default must be in VINTF manifest in order to register/get.
01-01 00:00:14.488  1000   291   291 E SurfaceFlinger: Did not register (deprecated) IDisplayService service.
01-01 00:00:14.488  1003   176   176 I EvsDriver: Found 1 displays
01-01 00:00:14.488  1000   291   291 D SurfaceFlinger: Setting power mode 2 on display 0
01-01 00:00:14.488  1000   291   291 I SurfaceFlinger: Active display is 0
01-01 00:00:14.490  1000   291   291 D SurfaceFlinger: Finished setting power mode 2 on display 0
01-01 00:00:14.490  1000   156   156 I servicemanager: Found android.hardware.automotive.evs.IEvsEnumerator/hw/1 in device VINTF manifest.
01-01 00:00:14.491  1003   176   437 I EvsDriver: Start monitoring new V4L2 devices
01-01 00:00:14.491  1003   176   176 I EvsDriver: EVS Hardware Enumerator is ready
01-01 00:00:14.681 media   341   341 I mediaserver: ServiceManager: 0xf2c412a0
01-01 00:00:14.688 media   341   341 W BatteryNotifier: batterystats service unavailable!
01-01 00:00:14.689 media   341   341 W BatteryNotifier: batterystats service unavailable!
01-01 00:00:14.745  root   257   257 D AndroidRuntime: >>>>>> START com.android.internal.os.ZygoteInit uid 0 <<<<<<
01-01 00:00:14.757  1003   440   440 D BootAnimation: BootAnimationStartTiming start time: 14757ms
01-01 00:00:14.757  1003   440   440 D BootAnimation: BootAnimationPreloadTiming start time: 14757ms
01-01 00:00:14.764  1000   156   156 I servicemanager: Found android.hardware.automotive.evs.IEvsEnumerator/hw/1 in device VINTF manifest.
01-01 00:00:14.766  1062   175   186 I evsmanagerd: EVS managed service is starting as android.hardware.automotive.evs.IEvsEnumerator/default
01-01 00:00:14.766  1000   156   156 I servicemanager: Found android.hardware.automotive.evs.IEvsEnumerator/default in framework VINTF manifest.
01-01 00:00:14.768  1062   175   186 I HidlServiceManagement: Registered android.hardware.automotive.evs@1.1::IEvsEnumerator/default
01-01 00:00:14.768  1062   175   186 I evsmanagerd: Registration complete
01-01 00:00:14.769  1000   157   157 I hw-BpHwBinder: onLastStrongRef automatically unlinking death recipients
01-01 00:00:14.769  1062   174   174 I EvsApp  : Acquiring EVS Display
01-01 00:00:14.771  1062   174   174 I EvsApp  : Connecting to Vehicle HAL
01-01 00:00:14.772  1000   156   156 I servicemanager: Could not find android.hardware.automotive.vehicle.IVehicle/default in the VINTF manifest.
01-01 00:00:14.773  1062   174   174 D evs_app : AIDL VHAL service is not declared, maybe HIDL VHAL is used instead?
01-01 00:00:14.774  1003   176   446 I EvsDriver: Display resolution is 1920x1080
01-01 00:00:14.774  1054   203   203 I automotive.vehicle@2.0-impl: SubscriptionManager::addOrUpdateSubscription, callback: 0xb400007353c90130
01-01 00:00:14.775  1054   203   203 I automotive.vehicle@2.0-impl: Creating new client and linking to death recipient, cookie: 0xb400007323ca1d70
01-01 00:00:14.775  1054   203   203 I automotive.vehicle@2.0-impl: SubscriptionManager::addOrUpdateSubscription, prop: 0x11400400
01-01 00:00:14.775  1054   203   203 I automotive.vehicle@2.0-impl: addOrUpdateSubscription opts.propId: 0x11400400
01-01 00:00:14.775  1054   203   203 I DefaultVehicleHal_v2_0: subscribe propId: 0x11400400, sampleRate: 0.000000
01-01 00:00:14.775  1054   203   203 I automotive.vehicle@2.0-impl: SubscriptionManager::addOrUpdateSubscription, callback: 0xb400007353c92bf0
01-01 00:00:14.775  1054   203   203 I automotive.vehicle@2.0-impl: SubscriptionManager::addOrUpdateSubscription, prop: 0x11400408
01-01 00:00:14.775  1054   203   203 I automotive.vehicle@2.0-impl: addOrUpdateSubscription opts.propId: 0x11400408
01-01 00:00:14.775  1054   203   203 I DefaultVehicleHal_v2_0: subscribe propId: 0x11400408, sampleRate: 0.000000
01-01 00:00:14.775  1062   174   174 I EvsApp  : Constructing state controller
01-01 00:00:14.777  1062   174   174 I EvsApp  : Camera list callback received 5cameras.
01-01 00:00:14.777  1062   174   174 W EvsApp  : No config information for hardware camera /dev/video22
01-01 00:00:14.777  1062   174   174 W EvsApp  : No config information for hardware camera /dev/video21
01-01 00:00:14.777  1062   174   174 W EvsApp  : No config information for hardware camera /dev/video14
01-01 00:00:14.777  1062   174   174 W EvsApp  : No config information for hardware camera /dev/video15
01-01 00:00:14.777  1062   174   174 W EvsApp  : No config information for hardware camera group0
01-01 00:00:14.778  1062   174   174 I EvsApp  : Entering running state
01-01 00:00:14.788  1003   440   440 D BootAnimation: /system/media/bootanimation.zip is loaded successfully
01-01 00:00:14.791  1003   176   446 D libEGL  : loaded /vendor/lib64/egl/libEGL_mesa.so
01-01 00:00:14.793  1003   176   446 D libEGL  : loaded /vendor/lib64/egl/libGLESv1_CM_mesa.so
01-01 00:00:14.796  1003   176   446 D libEGL  : loaded /vendor/lib64/egl/libGLESv2_mesa.so
01-01 00:00:14.803  1003   176   176 I binder:176_1: type=1400 audit(0.0:44): avc: denied { read } for name="dri" dev="tmpfs" ino=299 scontext=u:r:hal_evs_default:s0 tcontext=u:object_r:gpu_device:s0 tclass=dir permissive=1
01-01 00:00:14.803  1003   176   176 I binder:176_1: type=1400 audit(0.0:45): avc: denied { open } for path="/dev/dri" dev="tmpfs" ino=299 scontext=u:r:hal_evs_default:s0 tcontext=u:object_r:gpu_device:s0 tclass=dir permissive=1
01-01 00:00:14.803  1003   176   176 I binder:176_1: type=1400 audit(0.0:46): avc: denied { read } for name="uevent" dev="sysfs" ino=4416 scontext=u:r:hal_evs_default:s0 tcontext=u:object_r:sysfs_gpu:s0 tclass=file permissive=1
01-01 00:00:14.803  1003   176   176 I binder:176_1: type=1400 audit(0.0:47): avc: denied { open } for path="/sys/devices/platform/v3dbus/fec00000.v3d/uevent" dev="sysfs" ino=4416 scontext=u:r:hal_evs_default:s0 tcontext=u:object_r:sysfs_gpu:s0 tclass=file permissive=1
01-01 00:00:14.803  1003   176   176 I binder:176_1: type=1400 audit(0.0:48): avc: denied { getattr } for path="/sys/devices/platform/v3dbus/fec00000.v3d/uevent" dev="sysfs" ino=4416 scontext=u:r:hal_evs_default:s0 tcontext=u:object_r:sysfs_gpu:s0 tclass=file permissive=1
01-01 00:00:14.803  1003   176   176 I binder:176_1: type=1400 audit(0.0:49): avc: denied { read } for name="u:object_r:default_prop:s0" dev="tmpfs" ino=99 scontext=u:r:hal_evs_default:s0 tcontext=u:object_r:default_prop:s0 tclass=file permissive=1
01-01 00:00:14.803  1003   176   176 I binder:176_1: type=1400 audit(0.0:50): avc: denied { open } for path="/dev/__properties__/u:object_r:default_prop:s0" dev="tmpfs" ino=99 scontext=u:r:hal_evs_default:s0 tcontext=u:object_r:default_prop:s0 tclass=file permissive=1
01-01 00:00:14.803  1003   176   176 I binder:176_1: type=1400 audit(0.0:51): avc: denied { getattr } for path="/dev/__properties__/u:object_r:default_prop:s0" dev="tmpfs" ino=99 scontext=u:r:hal_evs_default:s0 tcontext=u:object_r:default_prop:s0 tclass=file permissive=1
01-01 00:00:14.803  1003   176   176 I binder:176_1: type=1400 audit(0.0:52): avc: denied { map } for path="/dev/__properties__/u:object_r:default_prop:s0" dev="tmpfs" ino=99 scontext=u:r:hal_evs_default:s0 tcontext=u:object_r:default_prop:s0 tclass=file permissive=1
01-01 00:00:14.811  1003   176   176 I binder:176_1: type=1400 audit(0.0:53): avc: denied { read } for name="ion" dev="tmpfs" ino=398 scontext=u:r:hal_evs_default:s0 tcontext=u:object_r:ion_device:s0 tclass=chr_file permissive=1
01-01 00:00:14.813  1003   176   446 I DMABUFHEAPS: Using : Non-legacy ION heaps
01-01 00:00:14.811  1003   176   176 I binder:176_1: type=1400 audit(0.0:54): avc: denied { open } for path="/dev/ion" dev="tmpfs" ino=398 scontext=u:r:hal_evs_default:s0 tcontext=u:object_r:ion_device:s0 tclass=chr_file permissive=1
01-01 00:00:14.811  1003   176   176 I binder:176_1: type=1400 audit(0.0:55): avc: denied { ioctl } for path="/dev/ion" dev="tmpfs" ino=398 ioctlcmd=0x4901 scontext=u:r:hal_evs_default:s0 tcontext=u:object_r:ion_device:s0 tclass=chr_file permissive=1
01-01 00:00:14.813  1003   176   446 I MESA    : Using IMapper v4 API
01-01 00:00:14.818  1003   176   446 W EGL-MAIN: failed to get driver name for fd -1
01-01 00:00:14.818  1003   176   446 W EGL-MAIN: MESA-LOADER: failed to retrieve device information
01-01 00:00:14.818  1003   176   446 W EGL-MAIN: failed to get driver name for fd -1
01-01 00:00:14.827  1000   157   157 I hwservicemanager: getTransport: Cannot find entry android.hardware.configstore@1.0::ISurfaceFlingerConfigs/default in either framework or device VINTF manifest.
01-01 00:00:14.995  1003   173   173 I HwBinder:173_1: type=1400 audit(0.0:56): avc: denied { read } for name="ion" dev="tmpfs" ino=398 scontext=u:r:automotive_display_service:s0 tcontext=u:object_r:ion_device:s0 tclass=chr_file permissive=1
01-01 00:00:14.997  1003   173   449 I DMABUFHEAPS: Using : Non-legacy ION heaps
01-01 00:00:14.995  1003   173   173 I HwBinder:173_1: type=1400 audit(0.0:57): avc: denied { open } for path="/dev/ion" dev="tmpfs" ino=398 scontext=u:r:automotive_display_service:s0 tcontext=u:object_r:ion_device:s0 tclass=chr_file permissive=1
01-01 00:00:14.995  1003   173   173 I HwBinder:173_1: type=1400 audit(0.0:58): avc: denied { ioctl } for path="/dev/ion" dev="tmpfs" ino=398 ioctlcmd=0x4901 scontext=u:r:automotive_display_service:s0 tcontext=u:object_r:ion_device:s0 tclass=chr_file permissive=1
01-01 00:00:15.000  1000   156   156 I servicemanager: Could not find android.hardware.graphics.allocator.IAllocator/default in the VINTF manifest.
01-01 00:00:15.011  1000   156   156 I servicemanager: Could not find android.hardware.graphics.allocator.IAllocator/default in the VINTF manifest.
01-01 00:00:15.071  1066   254   254 W ServiceManager: Service statscompanion didn't start. Returning NULL
01-01 00:00:15.082  root   257   257 I AndroidRuntime: Using default boot image
01-01 00:00:15.083  root   257   257 I AndroidRuntime: Leaving lock profiling enabled
01-01 00:00:15.085  1066   254   254 I statsd  : Statsd starts to listen to socket.
01-01 00:00:15.335  root   257   257 I zygote  : option[0]=-Xzygote
01-01 00:00:15.335  root   257   257 I zygote  : option[1]=-Xdeny-art-apex-data-files
01-01 00:00:15.336  root   257   257 I zygote  : option[2]=exit
01-01 00:00:15.336  root   257   257 I zygote  : option[3]=vfprintf
01-01 00:00:15.336  root   257   257 I zygote  : option[4]=sensitiveThread
01-01 00:00:15.336  root   257   257 I zygote  : option[5]=-verbose:gc
01-01 00:00:15.336  root   257   257 I zygote  : option[6]=-XX:PerfettoHprof=true
01-01 00:00:15.336  root   257   257 I zygote  : option[7]=-XX:PerfettoJavaHeapStackProf=true
01-01 00:00:15.336  root   257   257 I zygote  : option[8]=-Xms16m
01-01 00:00:15.336  root   257   257 I zygote  : option[9]=-Xmx512m
01-01 00:00:15.336  root   257   257 I zygote  : option[10]=-XX:HeapGrowthLimit=192m
01-01 00:00:15.337  root   257   257 I zygote  : option[11]=-XX:HeapMinFree=512k
01-01 00:00:15.337  root   257   257 I zygote  : option[12]=-XX:HeapMaxFree=8m
01-01 00:00:15.337  root   257   257 I zygote  : option[13]=-XX:HeapTargetUtilization=0.75
01-01 00:00:15.337  root   257   257 I zygote  : option[14]=-Xusejit:true
01-01 00:00:15.337  root   257   257 I zygote  : option[15]=-Xjitsaveprofilinginfo
01-01 00:00:15.337  root   257   257 I zygote  : option[16]=-XMadviseWillNeedVdexFileSize:104857600
01-01 00:00:15.337  root   257   257 I zygote  : option[17]=-XMadviseWillNeedOdexFileSize:104857600
