--- adb starting (pid 74) ---
02-02 01:50:55.516    74    74 I adb     : main.cpp:63 Android Debug Bridge version 1.0.41
02-02 01:50:55.516    74    74 I adb     : main.cpp:63 Version 35.0.2-12147458
02-02 01:50:55.516    74    74 I adb     : main.cpp:63 Installed as /usr/bin/platform-tools/adb
02-02 01:50:55.516    74    74 I adb     : main.cpp:63 Running on Linux 5.15.0-130-generic (x86_64)
02-02 01:50:55.516    74    74 I adb     : main.cpp:63 
02-02 01:50:55.516    74    74 W adb     : usb_libusb.cpp:1059 failed to initialize libusb: LIBUSB_ERROR_OTHER
02-02 01:50:55.516    74    74 I adb     : auth.cpp:416 adb_auth_init...
02-02 01:50:55.519    74    74 I adb     : auth.cpp:152 loaded new key from '/home/eae1rt/.android/adbkey' with fingerprint 34027AF2BB6056A76BFA10C8CC48828B35D806FCC8741053723DE5C06FDD431D
02-02 01:50:55.519    74    74 I adb     : auth.cpp:391 adb_auth_inotify_init...
02-02 01:50:55.519    74    74 I adb     : udp_socket.cpp:170 AdbUdpSocket fd=9
02-02 01:50:55.519    74    74 I adb     : udp_socket.cpp:170 AdbUdpSocket fd=10
02-02 01:50:55.519    74    74 I adb     : udp_socket.cpp:274 SetMulticastOutboundInterface for index=2
02-02 01:50:55.519    74    74 I adb     : udp_socket.cpp:533 bind endpoint=0.0.0.0:5353
02-02 01:50:55.519    74    74 I adb     : udp_socket.cpp:274 SetMulticastOutboundInterface for index=2
02-02 01:50:55.519    74    74 I adb     : udp_socket.cpp:558 bind endpoint=[0000:0000:0000:0000:0000:0000:0000:0000]:5353 scope_id=0
02-02 01:50:55.519    74    74 I adb     : udp_socket.cpp:170 AdbUdpSocket fd=11
02-02 01:50:55.520    74    74 I adb     : udp_socket.cpp:170 AdbUdpSocket fd=12
02-02 01:50:55.520    74    74 I adb     : udp_socket.cpp:274 SetMulticastOutboundInterface for index=3
02-02 01:50:55.520    74    74 I adb     : udp_socket.cpp:533 bind endpoint=0.0.0.0:5353
02-02 01:50:55.520    74    74 I adb     : udp_socket.cpp:274 SetMulticastOutboundInterface for index=3
02-02 01:50:55.520    74    74 I adb     : udp_socket.cpp:558 bind endpoint=[0000:0000:0000:0000:0000:0000:0000:0000]:5353 scope_id=0
02-02 01:50:55.520    74    74 I adb     : udp_socket.cpp:170 AdbUdpSocket fd=13
02-02 01:50:55.520    74    74 I adb     : udp_socket.cpp:170 AdbUdpSocket fd=14
02-02 01:50:55.520    74    74 I adb     : udp_socket.cpp:274 SetMulticastOutboundInterface for index=4
02-02 01:50:55.520    74    74 I adb     : udp_socket.cpp:533 bind endpoint=0.0.0.0:5353
02-02 01:50:55.520    74    74 I adb     : udp_socket.cpp:274 SetMulticastOutboundInterface for index=4
02-02 01:50:55.520    74    74 I adb     : udp_socket.cpp:558 bind endpoint=[0000:0000:0000:0000:0000:0000:0000:0000]:5353 scope_id=0
02-02 01:50:58.521    74    82 I adb     : transport.cpp:341 192.168.137.18:5555: read thread spawning
02-02 01:50:58.521    74    83 I adb     : transport.cpp:313 192.168.137.18:5555: write thread spawning
02-02 01:50:58.526    74    74 I adb     : adb.cpp:177 192.168.137.18:5555: already offline
02-02 01:50:59.688    74    82 I adb     : transport.cpp:345 192.168.137.18:5555: read failed: Connection reset by peer
02-02 01:50:59.688    74    82 I adb     : transport.cpp:1153 192.168.137.18:5555: connection terminated: read failed
02-02 01:50:59.688    74    74 I adb     : adb.cpp:181 192.168.137.18:5555: offline
02-02 01:50:59.688    74    74 I adb     : transport.cpp:836 destroying transport 192.168.137.18:5555
02-02 01:50:59.688    74    74 I adb     : transport.cpp:413 BlockingConnectionAdapter(192.168.137.18:5555): stopping
02-02 01:50:59.688    74    74 I adb     : transport.cpp:431 BlockingConnectionAdapter(192.168.137.18:5555): stopped
02-02 01:50:59.940    74    75 I adb     : transport.cpp:300 BlockingConnectionAdapter(192.168.137.18:5555): destructing
02-02 01:50:59.940    74    75 I adb     : transport.cpp:406 BlockingConnectionAdapter(192.168.137.18:5555): already stopped
02-02 01:50:59.941    74   121 I adb     : transport.cpp:341 192.168.137.18:5555: read thread spawning
02-02 01:50:59.941    74   122 I adb     : transport.cpp:313 192.168.137.18:5555: write thread spawning
02-02 01:50:59.946    74    74 I adb     : adb.cpp:177 192.168.137.18:5555: already offline
02-02 01:55:51.547    74   121 I adb     : transport.cpp:345 192.168.137.18:5555: read failed: Success
02-02 01:55:51.547    74   121 I adb     : transport.cpp:1153 192.168.137.18:5555: connection terminated: read failed
02-02 01:55:51.547    74    74 I adb     : adb.cpp:181 192.168.137.18:5555: offline
02-02 01:55:51.547    74    74 I adb     : transport.cpp:836 destroying transport 192.168.137.18:5555
02-02 01:55:51.547    74    74 I adb     : transport.cpp:413 BlockingConnectionAdapter(192.168.137.18:5555): stopping
02-02 01:55:51.548    74    74 I adb     : transport.cpp:431 BlockingConnectionAdapter(192.168.137.18:5555): stopped
02-02 01:55:51.801    74    75 W adb     : network.cpp:149 failed to connect to '192.168.137.18:5555': Connection refused
02-02 01:56:59.894    74    75 I adb     : transport.cpp:300 BlockingConnectionAdapter(192.168.137.18:5555): destructing
02-02 01:56:59.894    74    75 I adb     : transport.cpp:406 BlockingConnectionAdapter(192.168.137.18:5555): already stopped
02-02 01:56:59.895    74 42056 I adb     : transport.cpp:341 192.168.137.18:5555: read thread spawning
02-02 01:56:59.896    74 42057 I adb     : transport.cpp:313 192.168.137.18:5555: write thread spawning
02-02 01:56:59.900    74    74 I adb     : adb.cpp:177 192.168.137.18:5555: already offline
02-02 01:58:36.016    74 42056 I adb     : transport.cpp:345 192.168.137.18:5555: read failed: Connection reset by peer
02-02 01:58:36.017    74 42056 I adb     : transport.cpp:1153 192.168.137.18:5555: connection terminated: read failed
02-02 01:58:36.017    74    74 I adb     : adb.cpp:181 192.168.137.18:5555: offline
02-02 01:58:36.017    74    74 I adb     : transport.cpp:836 destroying transport 192.168.137.18:5555
02-02 01:58:36.017    74    74 I adb     : transport.cpp:413 BlockingConnectionAdapter(192.168.137.18:5555): stopping
02-02 01:58:36.018    74    74 I adb     : transport.cpp:431 BlockingConnectionAdapter(192.168.137.18:5555): stopped
02-02 01:58:36.269    74    75 I adb     : transport.cpp:300 BlockingConnectionAdapter(192.168.137.18:5555): destructing
02-02 01:58:36.270    74    75 I adb     : transport.cpp:406 BlockingConnectionAdapter(192.168.137.18:5555): already stopped
02-02 01:58:36.270    74 42934 I adb     : transport.cpp:313 192.168.137.18:5555: write thread spawning
02-02 01:58:36.270    74 42933 I adb     : transport.cpp:341 192.168.137.18:5555: read thread spawning
02-02 01:58:36.274    74    74 I adb     : adb.cpp:177 192.168.137.18:5555: already offline
02-02 02:08:59.769    74 42933 I adb     : transport.cpp:345 192.168.137.18:5555: read failed: Connection reset by peer
02-02 02:08:59.769    74 42933 I adb     : transport.cpp:1153 192.168.137.18:5555: connection terminated: read failed
02-02 02:08:59.769    74    74 I adb     : adb.cpp:181 192.168.137.18:5555: offline
02-02 02:08:59.770    74    74 I adb     : transport.cpp:836 destroying transport 192.168.137.18:5555
02-02 02:08:59.770    74    74 I adb     : transport.cpp:413 BlockingConnectionAdapter(192.168.137.18:5555): stopping
02-02 02:08:59.770    74    74 I adb     : transport.cpp:431 BlockingConnectionAdapter(192.168.137.18:5555): stopped
02-02 02:09:00.021    74    75 I adb     : transport.cpp:300 BlockingConnectionAdapter(192.168.137.18:5555): destructing
02-02 02:09:00.021    74    75 I adb     : transport.cpp:406 BlockingConnectionAdapter(192.168.137.18:5555): already stopped
02-02 02:09:00.021    74 43621 I adb     : transport.cpp:341 192.168.137.18:5555: read thread spawning
02-02 02:09:00.021    74 43622 I adb     : transport.cpp:313 192.168.137.18:5555: write thread spawning
02-02 02:09:00.026    74    74 I adb     : adb.cpp:177 192.168.137.18:5555: already offline
02-02 02:09:01.335    74 43621 I adb     : transport.cpp:345 192.168.137.18:5555: read failed: Connection reset by peer
02-02 02:09:01.335    74 43621 I adb     : transport.cpp:1153 192.168.137.18:5555: connection terminated: read failed
02-02 02:09:01.335    74    74 I adb     : adb.cpp:181 192.168.137.18:5555: offline
02-02 02:09:01.335    74    74 I adb     : transport.cpp:836 destroying transport 192.168.137.18:5555
02-02 02:09:01.335    74    74 I adb     : transport.cpp:413 BlockingConnectionAdapter(192.168.137.18:5555): stopping
02-02 02:09:01.335    74    74 I adb     : transport.cpp:431 BlockingConnectionAdapter(192.168.137.18:5555): stopped
02-02 02:09:01.586    74    75 I adb     : transport.cpp:300 BlockingConnectionAdapter(192.168.137.18:5555): destructing
02-02 02:09:01.586    74    75 I adb     : transport.cpp:406 BlockingConnectionAdapter(192.168.137.18:5555): already stopped
02-02 02:09:01.586    74 43635 I adb     : transport.cpp:313 192.168.137.18:5555: write thread spawning
02-02 02:09:01.586    74 43634 I adb     : transport.cpp:341 192.168.137.18:5555: read thread spawning
02-02 02:09:01.589    74    74 I adb     : adb.cpp:177 192.168.137.18:5555: already offline
02-02 02:09:06.601    74 43643 I adb     : transport.cpp:300 BlockingConnectionAdapter(<unknown>): destructing
02-02 02:09:06.601    74 43643 I adb     : transport.cpp:401 BlockingConnectionAdapter(<unknown>): not started
02-02 02:09:06.615    74 43646 I adb     : transport.cpp:300 BlockingConnectionAdapter(<unknown>): destructing
02-02 02:09:06.615    74 43646 I adb     : transport.cpp:401 BlockingConnectionAdapter(<unknown>): not started
02-02 02:09:06.628    74 43649 I adb     : transport.cpp:300 BlockingConnectionAdapter(<unknown>): destructing
02-02 02:09:06.628    74 43649 I adb     : transport.cpp:401 BlockingConnectionAdapter(<unknown>): not started
