01-01 00:00:25.931  1000   473   473 W PackageManager: Domain verification agent not found
01-01 00:00:25.934  1000   473   473 D PackageManager: Ephemeral resolver NOT found; no matching intent filters
01-01 00:00:25.934  1000   473   473 D PackageManager: Instant App installer not found with android.intent.action.INSTALL_INSTANT_APP_PACKAGE
01-01 00:00:25.934  1000   473   473 D PackageManager: Clear ephemeral installer activity
01-01 00:00:25.944  1000   473   473 D PackageManagerTiming: GC
01-01 00:00:25.944  1000   473   473 V PackageManagerTiming: GC took to complete: 0ms
01-01 00:00:25.944  1000   473   473 I PackageManager: Fix for b/169414761 is applied
01-01 00:00:25.944  1000   473   473 V PackageManagerTiming: create package manager took to complete: 1428ms
01-01 00:00:25.945  1000   473   473 V UserSystemPackageInstaller: Checking that all system packages are whitelisted.
01-01 00:00:25.973  1000   473   473 W UserSystemPackageInstaller: checkWhitelistedSystemPackages(mode=ENFORCE|IMPLICIT_WHITELIST) has 74 warnings:
01-01 00:00:25.974  1000   473   473 W UserSystemPackageInstaller: com.android.car.companiondevicesupport is allowlisted but not present.
01-01 00:00:25.974  1000   473   473 W UserSystemPackageInstaller: com.android.car.calendar is allowlisted but not present.
01-01 00:00:25.974  1000   473   473 W UserSystemPackageInstaller: com.android.theme.color.amethyst is allowlisted but not present.
01-01 00:00:25.974  1000   473   473 W UserSystemPackageInstaller: com.android.theme.icon.pebble is allowlisted but not present.
01-01 00:00:25.974  1000   473   473 W UserSystemPackageInstaller: com.android.car.rotaryime is allowlisted but not present.
01-01 00:00:25.974  1000   473   473 W UserSystemPackageInstaller: com.android.theme.color.sand is allowlisted but not present.
01-01 00:00:25.974  1000   473   473 W UserSystemPackageInstaller: com.android.car.shell is allowlisted but not present.
01-01 00:00:25.974  1000   473   473 W UserSystemPackageInstaller: com.android.theme.icon.vessel is allowlisted but not present.
01-01 00:00:25.974  1000   473   473 W UserSystemPackageInstaller: com.android.car.cluster.home is allowlisted but not present.
01-01 00:00:25.974  1000   473   473 W UserSystemPackageInstaller: com.android.theme.color.cinnamon is allowlisted but not present.
01-01 00:00:25.975  1000   473   473 W UserSystemPackageInstaller: com.android.theme.icon_pack.victor.settings is allowlisted but not present.
01-01 00:00:25.975  1000   473   473 W UserSystemPackageInstaller: com.android.theme.icon_pack.rounded.systemui is allowlisted but not present.
01-01 00:00:25.975  1000   473   473 W UserSystemPackageInstaller: com.android.theme.icon.taperedrect is allowlisted but not present.
01-01 00:00:25.975  1000   473   473 W UserSystemPackageInstaller: com.android.theme.icon_pack.rounded.android is allowlisted but not present.
01-01 00:00:25.975  1000   473   473 W UserSystemPackageInstaller: com.android.internal.systemui.onehanded.gestural is allowlisted but not present.
01-01 00:00:25.975  1000   473   473 W UserSystemPackageInstaller: com.android.theme.icon_pack.victor.systemui is allowlisted but not present.
01-01 00:00:25.975  1000   473   473 W UserSystemPackageInstaller: com.android.theme.icon_pack.circular.themepicker is allowlisted but not present.
01-01 00:00:25.975  1000   473   473 W UserSystemPackageInstaller: com.android.soundrecorder is allowlisted but not present.
01-01 00:00:25.975  1000   473   473 W UserSystemPackageInstaller: com.android.theme.color.tangerine is allowlisted but not present.
01-01 00:00:25.975  1000   473   473 W UserSystemPackageInstaller: com.android.theme.color.aquamarine is allowlisted but not present.
01-01 00:00:25.975  1000   473   473 W UserSystemPackageInstaller: com.android.theme.color.black is allowlisted but not present.
01-01 00:00:25.975  1000   473   473 W UserSystemPackageInstaller: com.android.carrierconfig is allowlisted but not present.
01-01 00:00:25.975  1000   473   473 W UserSystemPackageInstaller: com.android.theme.color.green is allowlisted but not present.
01-01 00:00:25.976  1000   473   473 W UserSystemPackageInstaller: com.android.theme.color.ocean is allowlisted but not present.
01-01 00:00:25.976  1000   473   473 W UserSystemPackageInstaller: com.android.theme.color.space is allowlisted but not present.
01-01 00:00:25.976  1000   473   473 W UserSystemPackageInstaller: com.android.theme.icon_pack.rounded.launcher is allowlisted but not present.
01-01 00:00:25.976  1000   473   473 W UserSystemPackageInstaller: com.android.theme.icon_pack.kai.settings is allowlisted but not present.
01-01 00:00:25.976  1000   473   473 W UserSystemPackageInstaller: com.android.ons is allowlisted but not present.
01-01 00:00:25.976  1000   473   473 W UserSystemPackageInstaller: com.android.stk is allowlisted but not present.
01-01 00:00:25.976  1000   473   473 W UserSystemPackageInstaller: com.android.internal.systemui.navbar.twobutton is allowlisted but not present.
01-01 00:00:25.976  1000   473   473 W UserSystemPackageInstaller: com.android.telephony.resources is allowlisted but not present.
01-01 00:00:25.976  1000   473   473 W UserSystemPackageInstaller: com.android.theme.icon_pack.sam.settings is allowlisted but not present.
01-01 00:00:25.976  1000   473   473 W UserSystemPackageInstaller: com.android.theme.icon_pack.kai.themepicker is allowlisted but not present.
01-01 00:00:25.976  1000   473   473 W UserSystemPackageInstaller: com.android.theme.icon_pack.victor.launcher is allowlisted but not present.
01-01 00:00:25.976  1000   473   473 W UserSystemPackageInstaller: com.android.theme.icon_pack.filled.settings is allowlisted but not present.
01-01 00:00:25.977  1000   473   473 W UserSystemPackageInstaller: com.android.theme.icon_pack.kai.systemui is allowlisted but not present.
01-01 00:00:25.977  1000   473   473 W UserSystemPackageInstaller: com.android.car.hidecameraapps is allowlisted but not present.
01-01 00:00:25.977  1000   473   473 W UserSystemPackageInstaller: com.android.theme.icon_pack.circular.settings is allowlisted but not present.
01-01 00:00:25.977  1000   473   473 W UserSystemPackageInstaller: com.android.theme.icon_pack.sam.systemui is allowlisted but not present.
01-01 00:00:25.977  1000   473   473 W UserSystemPackageInstaller: com.android.car.module is allowlisted but not present.
01-01 00:00:25.977  1000   473   473 W UserSystemPackageInstaller: com.android.cellbroadcastreceiver is allowlisted but not present.
01-01 00:00:25.977  1000   473   473 W UserSystemPackageInstaller: com.android.theme.icon.teardrop is allowlisted but not present.
01-01 00:00:25.977  1000   473   473 W UserSystemPackageInstaller: com.android.theme.icon_pack.rounded.themepicker is allowlisted but not present.
01-01 00:00:25.977  1000   473   473 W UserSystemPackageInstaller: com.android.car.ui.sharedlibrary is allowlisted but not present.
01-01 00:00:25.977  1000   473   473 W UserSystemPackageInstaller: com.android.theme.icon_pack.filled.systemui is allowlisted but not present.
01-01 00:00:25.977  1000   473   473 W UserSystemPackageInstaller: com.android.carrierdefaultapp is allowlisted but not present.
01-01 00:00:25.977  1000   473   473 W UserSystemPackageInstaller: com.android.theme.icon_pack.sam.android is allowlisted but not present.
01-01 00:00:25.977  1000   473   473 W UserSystemPackageInstaller: com.android.theme.icon_pack.filled.android is allowlisted but not present.
01-01 00:00:25.977  1000   473   473 W UserSystemPackageInstaller: com.android.supplemental.process is allowlisted but not present.
01-01 00:00:25.978  1000   473   473 W UserSystemPackageInstaller: com.android.theme.icon_pack.circular.systemui is allowlisted but not present.
01-01 00:00:25.978  1000   473   473 W UserSystemPackageInstaller: com.android.voicetrigger is allowlisted but not present.
01-01 00:00:25.978  1000   473   473 W UserSystemPackageInstaller: com.android.theme.icon_pack.kai.android is allowlisted but not present.
01-01 00:00:25.978  1000   473   473 W UserSystemPackageInstaller: com.android.theme.icon_pack.kai.launcher is allowlisted but not present.
01-01 00:00:25.978  1000   473   473 W UserSystemPackageInstaller: com.android.theme.icon_pack.sam.launcher is allowlisted but not present.
01-01 00:00:25.978  1000   473   473 W UserSystemPackageInstaller: com.android.theme.icon.squircle is allowlisted but not present.
01-01 00:00:25.978  1000   473   473 W UserSystemPackageInstaller: com.android.theme.icon_pack.victor.android is allowlisted but not present.
01-01 00:00:25.978  1000   473   473 W UserSystemPackageInstaller: com.android.theme.color.palette is allowlisted but not present.
01-01 00:00:25.978  1000   473   473 W UserSystemPackageInstaller: com.android.settings is allowlisted but not present.
01-01 00:00:25.978  1000   473   473 W UserSystemPackageInstaller: com.android.theme.icon_pack.filled.launcher is allowlisted but not present.
01-01 00:00:25.978  1000   473   473 W UserSystemPackageInstaller: com.android.theme.color.carbon is allowlisted but not present.
01-01 00:00:25.978  1000   473   473 W UserSystemPackageInstaller: com.android.remoteprovisioner is allowlisted but not present.
01-01 00:00:25.978  1000   473   473 W UserSystemPackageInstaller: com.android.theme.icon_pack.circular.launcher is allowlisted but not present.
01-01 00:00:25.979  1000   473   473 W UserSystemPackageInstaller: com.android.permissioncontroller.car.rro is allowlisted unnecessarily since it's a static overlay.
01-01 00:00:25.979  1000   473   473 W UserSystemPackageInstaller: com.android.theme.icon_pack.filled.themepicker is allowlisted but not present.
01-01 00:00:25.979  1000   473   473 W UserSystemPackageInstaller: com.android.car.rotaryplayground is allowlisted but not present.
01-01 00:00:25.979  1000   473   473 W UserSystemPackageInstaller: com.android.theme.icon_pack.victor.themepicker is allowlisted but not present.
01-01 00:00:25.979  1000   473   473 W UserSystemPackageInstaller: com.android.theme.color.orchid is allowlisted but not present.
01-01 00:00:25.979  1000   473   473 W UserSystemPackageInstaller: com.android.theme.color.purple is allowlisted but not present.
01-01 00:00:25.979  1000   473   473 W UserSystemPackageInstaller: com.google.android.car.hideapps is allowlisted but not present.
01-01 00:00:25.979  1000   473   473 W UserSystemPackageInstaller: com.android.theme.icon_pack.sam.themepicker is allowlisted but not present.
01-01 00:00:25.979  1000   473   473 W UserSystemPackageInstaller: com.android.theme.icon.roundedrect is allowlisted but not present.
01-01 00:00:25.979  1000   473   473 W UserSystemPackageInstaller: com.android.theme.icon_pack.rounded.settings is allowlisted but not present.
01-01 00:00:25.979  1000   473   473 W UserSystemPackageInstaller: com.android.car.resources.vendor is allowlisted but not present.
01-01 00:00:25.980  1000   473   473 W UserSystemPackageInstaller: com.android.theme.icon_pack.circular.android is allowlisted but not present.
01-01 00:00:25.981  1000   473   473 I Watchdog: Resuming HandlerChecker: main thread for reason: packagemanagermain. Pause count: 0
01-01 00:00:25.981  1000   473   473 I SystemServerDexLoadReporter: Configuring system server dex reporter
01-01 00:00:25.984  1000   473   473 V SystemServerTiming: StartPackageManagerService took to complete: 1478ms
01-01 00:00:25.984  1000   473   473 D SystemServerTiming: StartOtaDexOptService
01-01 00:00:25.984  1000   473   473 I Watchdog: Pausing HandlerChecker: main thread for reason: moveab. Pause count: 1
01-01 00:00:25.985  1000   473   473 D OTADexopt: No upgrade, skipping A/B artifacts check.
01-01 00:00:25.985  1000   473   473 I Watchdog: Resuming HandlerChecker: main thread for reason: moveab. Pause count: 0
01-01 00:00:25.985  1000   473   473 V SystemServerTiming: StartOtaDexOptService took to complete: 1ms
01-01 00:00:25.985  1000   473   473 D SystemServerTiming: StartUserManagerService
01-01 00:00:25.986  1000   473   473 I SystemServiceManager: Starting com.android.server.pm.UserManagerService$LifeCycle
01-01 00:00:25.986  1000   473   473 V SystemServerTiming: StartUserManagerService took to complete: 0ms
01-01 00:00:25.986  1000   473   473 D SystemServerTiming: InitAttributerCache
01-01 00:00:25.987  1000   473   473 V SystemServerTiming: InitAttributerCache took to complete: 1ms
01-01 00:00:25.987  1000   473   473 D SystemServerTiming: SetSystemProcess
01-01 00:00:25.995  1000   473   501 I ActivityManager: Connection with lmkd established
01-01 00:00:25.995  lmkd   158   158 I lowmemorykiller: lmkd data connection established
01-01 00:00:26.003  1000   473   473 V SystemServerTiming: SetSystemProcess took to complete: 16ms
01-01 00:00:26.006  1000   473   488 V HistoricalRegistry: Interaction before persistence initialized
01-01 00:00:26.006  1000   473   487 V HistoricalRegistry: Interaction before persistence initialized
01-01 00:00:26.007  1041   289   289 I audioserver: Waiting for sensor privacy service
01-01 00:00:26.007  1000   473   473 D CompatibilityChangeReporter: Compat change id reported: 161145287; UID 1000; state: DISABLED
01-01 00:00:26.007  1047   324   324 I cameraserver: Waiting for sensor privacy service
01-01 00:00:26.008  1000   473   473 D SystemServerTiming: InitWatchdog
01-01 00:00:26.009  1000   473   473 V SystemServerTiming: InitWatchdog took to complete: 1ms
01-01 00:00:26.010  1000   473   473 D SystemServerTiming: StartOverlayManagerService
01-01 00:00:26.022  root     0     0 I init    : service 'idmap2d' requested start, but it is already running (flags: 4)
01-01 00:00:26.031  root     0     0 I init    : Control message: Processed ctl.start for 'idmap2d' from pid: 473 (system_server)
01-01 00:00:26.100  1000   473   483 I system_server: Background concurrent copying GC freed 422547(19MB) AllocSpace objects, 104(3100KB) LOS objects, 49% free, 8338KB/16MB, paused 199us,44us total 155.522ms
01-01 00:00:26.286  1000   473   473 V SystemServerTiming: StartOverlayManagerService took to complete: 276ms
01-01 00:00:26.286  1000   473   473 D SystemServerTiming: StartResourcesManagerService
01-01 00:00:26.287  1000   473   473 V SystemServerTiming: StartResourcesManagerService took to complete: 1ms
01-01 00:00:26.287  1000   473   473 D SystemServerTiming: StartSensorPrivacyService
01-01 00:00:26.289  1000   473   490 W ActivityTaskManager: Skip updateConfiguration because mWindowManager isn't set
01-01 00:00:26.294  1000   473   473 V SystemServerTiming: StartSensorPrivacyService took to complete: 7ms
01-01 00:00:26.294  1000   473   473 D SystemServerTiming: StartSensorService
01-01 00:00:26.294  1000   473   473 I SystemServiceManager: Starting com.android.server.sensors.SensorService
01-01 00:00:26.295  1000   473   473 V SystemServerTiming: StartSensorService took to complete: 1ms
01-01 00:00:26.295  1000   473   473 V SystemServerTiming: startBootstrapServices took to complete: 2422ms
01-01 00:00:26.295  1000   473   473 D SystemServerTiming: startCoreServices
01-01 00:00:26.295  1000   473   473 D SystemServerTiming: StartSystemConfigService
01-01 00:00:26.295  1000   473   529 D SystemServerTimingAsync: InitThreadPoolExec:StartNativeSensorService
01-01 00:00:26.295  1000   473   529 D SystemServerInitThreadPool: Started executing StartNativeSensorService
01-01 00:00:26.295  1000   473   473 I SystemServiceManager: Starting com.android.server.SystemConfigService
01-01 00:00:26.295  1000   473   529 D SystemServerTimingAsync: StartNativeSensorService
01-01 00:00:26.295  1000   473   529 D SensorService: nuSensorService starting...
01-01 00:00:26.296  1000   159   159 I servicemanager: Could not find android.hardware.sensors.ISensors/default in the VINTF manifest.
01-01 00:00:26.297  1000   473   473 V SystemServerTiming: StartSystemConfigService took to complete: 1ms
01-01 00:00:26.297  1000   473   473 D SystemServerTiming: StartBatteryService
01-01 00:00:26.297  1000   473   473 I SystemServiceManager: Starting com.android.server.BatteryService
01-01 00:00:26.299  1041   289   289 D audioserver: Do not init aaudio service, status 0, policy info size 1
01-01 00:00:26.300  1000   159   159 I servicemanager: Found android.hardware.health.IHealth/default in device VINTF manifest.
01-01 00:00:26.301 media   335   373 W AudioAnalytics: onAudioServerStart: (key=audio.policy) AudioPolicy ctor, loadTimeMs:12735.681641
01-01 00:00:26.304  1000   281   281 D android.hardware.sensors@2.X-service.multihal.bosch: Sensor activate SMI230 BOSCH Accelerometer Sensor 0
01-01 00:00:26.304  1000   281   281 D android.hardware.sensors@2.X-service.multihal.bosch: Sensor activate SMI230 BOSCH Gyroscope Sensor 0
01-01 00:00:26.304  1000   281   281 D android.hardware.sensors@2.X-service.multihal.bosch: Sensor activate SMI230 BOSCH Accelerometer Uncalibrated Sensor 0
01-01 00:00:26.304  1000   281   281 D android.hardware.sensors@2.X-service.multihal.bosch: Sensor activate SMI230 BOSCH Gyroscope Uncalibrated Sensor 0
01-01 00:00:26.304  1000   281   281 D android.hardware.sensors@2.X-service.multihal.bosch: Sensor activate SMI230 BOSCH Gravity Sensor 0
01-01 00:00:26.304  1000   281   281 D android.hardware.sensors@2.X-service.multihal.bosch: Sensor activate SMI230 BOSCH Linear Accelerometer Sensor 0
01-01 00:00:26.304  root     0     0 W healthd : battery none chg=
01-01 00:00:26.309  1000   473   473 I HealthServiceWrapperAidl: health: HealthServiceWrapper listening to AIDL HAL
01-01 00:00:26.309  1000   473   473 I BatteryService: health: Waited 0ms and received the update.
01-01 00:00:26.310  1000   473   473 V SystemServerTiming: StartBatteryService took to complete: 13ms
01-01 00:00:26.310  1047   324   324 I HidlServiceManagement: Registered android.frameworks.cameraservice.service@2.2::ICameraService/default
01-01 00:00:26.310  1000   473   473 D SystemServerTiming: StartUsageService
01-01 00:00:26.310  1000   473   473 I SystemServiceManager: Starting com.android.server.usage.UsageStatsService
01-01 00:00:26.315  1047   324   324 I CameraService: CameraService pinged cameraservice proxy
01-01 00:00:26.316  1047   324   324 I cameraserver: ServiceManager: 0xb4000076742b30b0 done instantiate
01-01 00:00:26.320  1000   473   537 D SensorService: new thread SensorEventAckReceiver
01-01 00:00:26.320  1000   473   538 D SensorService: nuSensorService thread starting...
01-01 00:00:26.321  1000   473   529 V HistoricalRegistry: Interaction before persistence initialized
01-01 00:00:26.322  1000   473   473 V SystemServerTiming: StartUsageService took to complete: 12ms
01-01 00:00:26.322  1000   473   473 D SystemServerTiming: StartWebViewUpdateService
01-01 00:00:26.322  1000   473   473 I SystemServiceManager: Starting com.android.server.webkit.WebViewUpdateService
01-01 00:00:26.324  1000   473   473 V SystemServerTiming: StartWebViewUpdateService took to complete: 2ms
01-01 00:00:26.325  1000   473   473 D SystemServerTiming: StartCachedDeviceStateService
01-01 00:00:26.325  1000   473   473 I SystemServiceManager: Starting com.android.server.CachedDeviceStateService
01-01 00:00:26.325  1000   473   473 V SystemServerTiming: StartCachedDeviceStateService took to complete: 0ms
01-01 00:00:26.325  1000   473   473 D SystemServerTiming: StartBinderCallsStatsService
01-01 00:00:26.325  1000   473   473 I SystemServiceManager: Starting com.android.server.BinderCallsStatsService$LifeCycle
01-01 00:00:26.327  1000   473   529 V SystemServerTimingAsync: StartNativeSensorService took to complete: 32ms
01-01 00:00:26.327  1000   473   529 D SystemServerInitThreadPool: Finished executing StartNativeSensorService
01-01 00:00:26.327  1000   473   529 V SystemServerTimingAsync: InitThreadPoolExec:StartNativeSensorService took to complete: 32ms
01-01 00:00:26.328  1000   473   473 V SystemServerTiming: StartBinderCallsStatsService took to complete: 3ms
01-01 00:00:26.328  1000   473   473 D SystemServerTiming: StartLooperStatsService
01-01 00:00:26.329  1000   473   473 I SystemServiceManager: Starting com.android.server.LooperStatsService$Lifecycle
01-01 00:00:26.330  1000   473   473 V SystemServerTiming: StartLooperStatsService took to complete: 1ms
01-01 00:00:26.330  1000   473   473 D SystemServerTiming: StartRollbackManagerService
01-01 00:00:26.330  1000   473   473 I SystemServiceManager: Starting com.android.server.rollback.RollbackManagerService
01-01 00:00:26.331  root   331   524 D installd: Found quota mount /dev/block/mmcblk0p4 at /data
01-01 00:00:26.331  root   331   524 D installd: Found quota mount /dev/block/mmcblk0p4 at /data/user/0
01-01 00:00:26.333  1000   473   473 I PackageWatchdog: Syncing state, reason: added new observer
01-01 00:00:26.334  1000   473   473 I PackageWatchdog: Not pruning observers, elapsed time: 0ms
01-01 00:00:26.334  1000   473   473 I PackageWatchdog: Cancelling state sync, nothing to sync
01-01 00:00:26.334  1000   473   498 I PackageWatchdog: Saving observer state to file
01-01 00:00:26.345  1000   473   473 V SystemServerTiming: StartRollbackManagerService took to complete: 15ms
01-01 00:00:26.345  1000   473   473 D SystemServerTiming: StartNativeTombstoneManagerService
01-01 00:00:26.345  1000   473   473 I SystemServiceManager: Starting com.android.server.os.NativeTombstoneManagerService
01-01 00:00:26.346  1000   473   473 V SystemServerTiming: StartNativeTombstoneManagerService took to complete: 1ms
01-01 00:00:26.346  1000   473   473 D SystemServerTiming: StartBugreportManagerService
01-01 00:00:26.346  1000   473   473 I SystemServiceManager: Starting com.android.server.os.BugreportManagerService
01-01 00:00:26.347  1000   473   473 V SystemServerTiming: StartBugreportManagerService took to complete: 1ms
01-01 00:00:26.347  1000   473   473 D SystemServerTiming: GpuService
01-01 00:00:26.347  1000   473   473 I SystemServiceManager: Starting com.android.server.gpu.GpuService
01-01 00:00:26.347  1000   473   473 V SystemServerTiming: GpuService took to complete: 0ms
01-01 00:00:26.348  1000   473   473 V SystemServerTiming: startCoreServices took to complete: 53ms
01-01 00:00:26.348  1000   473   473 D SystemServerTiming: startOtherServices
01-01 00:00:26.348  1000   473   473 D SystemServerTiming: StartKeyAttestationApplicationIdProviderService
01-01 00:00:26.349  1000   473   473 V SystemServerTiming: StartKeyAttestationApplicationIdProviderService took to complete: 1ms
01-01 00:00:26.349  1000   473   473 D SystemServerTiming: StartKeyChainSystemService
01-01 00:00:26.349  1000   473   473 I SystemServiceManager: Starting com.android.server.security.KeyChainSystemService
01-01 00:00:26.349  1000   473   542 D SystemServerTimingAsync: InitThreadPoolExec:SecondaryZygotePreload
01-01 00:00:26.350  1000   473   473 V SystemServerTiming: StartKeyChainSystemService took to complete: 1ms
01-01 00:00:26.350  1000   473   473 D SystemServerTiming: StartBinaryTransparencyService
01-01 00:00:26.350  1000   473   473 I SystemServiceManager: Starting com.android.server.BinaryTransparencyService
01-01 00:00:26.350  1000   473   542 D SystemServerInitThreadPool: Started executing SecondaryZygotePreload
01-01 00:00:26.350  1000   473   542 I SystemServer: SecondaryZygotePreload
01-01 00:00:26.350  1000   473   542 D SystemServerTimingAsync: SecondaryZygotePreload
01-01 00:00:26.351  1000   473   473 I TransparencyService: Started BinaryTransparencyService
01-01 00:00:26.352  1000   473   473 V SystemServerTiming: StartBinaryTransparencyService took to complete: 2ms
01-01 00:00:26.352  1000   473   473 D SystemServerTiming: StartSchedulingPolicyService
01-01 00:00:26.353  1000   473   497 D SystemServerTimingAsync: InitThreadPoolExec:SchedulingPolicyService.<init>
01-01 00:00:26.353  1000   473   497 D SystemServerInitThreadPool: Started executing SchedulingPolicyService.<init>
01-01 00:00:26.354  1000   473   473 V SystemServerTiming: StartSchedulingPolicyService took to complete: 2ms
01-01 00:00:26.354  1000   473   473 D SystemServerTiming: StartTelecomLoaderService
01-01 00:00:26.354  1000   473   473 I SystemServiceManager: Starting com.android.server.telecom.TelecomLoaderService
01-01 00:00:26.355  root   258   258 I Zygote  : Lazily preloading resources.
01-01 00:00:26.355  root   258   258 D Zygote  : begin preload
01-01 00:00:26.355  root   258   258 I Zygote  : Calling ZygoteHooks.beginPreload()
01-01 00:00:26.358  1000   473   473 V SystemServerTiming: StartTelecomLoaderService took to complete: 4ms
01-01 00:00:26.358  1000   473   473 D SystemServerTiming: StartTelephonyRegistry
01-01 00:00:26.361  1000   473   473 V SystemServerTiming: StartTelephonyRegistry took to complete: 3ms
01-01 00:00:26.361  1000   473   473 D SystemServerTiming: StartEntropyMixer
01-01 00:00:26.362  1000   473   473 I EntropyMixer: Loaded existing seed file
01-01 00:00:26.371  1000   473   473 I EntropyMixer: Updated seed file
01-01 00:00:26.371  1000   473   473 V SystemServerTiming: StartEntropyMixer took to complete: 10ms
01-01 00:00:26.372  1000   473   473 D SystemServerTiming: StartAccountManagerService
01-01 00:00:26.372  1000   473   473 I SystemServiceManager: Starting com.android.server.accounts.AccountManagerService$Lifecycle
01-01 00:00:26.374  1000   473   497 I SchedulingPolicyService: Moving 367 back to group default
01-01 00:00:26.375  1000   473   497 D SystemServerInitThreadPool: Finished executing SchedulingPolicyService.<init>
01-01 00:00:26.375  1000   473   497 V SystemServerTimingAsync: InitThreadPoolExec:SchedulingPolicyService.<init> took to complete: 22ms
01-01 00:00:26.379  1000   473   473 D CompatibilityChangeReporter: Compat change id reported: 148180766; UID 1000; state: ENABLED
01-01 00:00:26.381  1000   473   473 V SystemServerTiming: StartAccountManagerService took to complete: 9ms
01-01 00:00:26.381  1000   473   473 D SystemServerTiming: StartContentService
01-01 00:00:26.381  1000   473   473 I SystemServiceManager: Starting com.android.server.content.ContentService$Lifecycle
01-01 00:00:26.385  1000   473   473 V SystemServerTiming: StartContentService took to complete: 4ms
01-01 00:00:26.385  1000   473   473 D SystemServerTiming: InstallSystemProviders
01-01 00:00:26.465  root   258   258 V ZygoteInitTiming_lazy: BeginPreload took to complete: 110ms
01-01 00:00:26.465  root   258   258 I Zygote  : Preloading classes...
01-01 00:00:26.480  1000   473   473 W SettingsState: No settings state /data/system/users/0/settings_config.xml
01-01 00:00:26.490  1000   473   473 W SettingsState: No settings state /data/system/users/0/settings_ssaid.xml
01-01 00:00:26.498  1000   473   473 W SettingsState: No settings state /data/system/users/10/settings_ssaid.xml
01-01 00:00:26.514  1000   473   499 D ActivityManager: Freezer enabled
01-01 00:00:26.514  1000   473   499 D ActivityManager: freezer override set to false
01-01 00:00:26.516  1000   473   473 V SystemServerTiming: InstallSystemProviders took to complete: 131ms
01-01 00:00:26.516  1000   473   473 D SystemServerTiming: UpdateWatchdogTimeout
01-01 00:00:26.516  1000   473   473 I Watchdog: Watchdog timeout updated to 60000 millis
01-01 00:00:26.516  1000   473   473 V SystemServerTiming: UpdateWatchdogTimeout took to complete: 0ms
01-01 00:00:26.516  1000   473   473 D SystemServerTiming: StartDropBoxManager
01-01 00:00:26.517  1000   473   473 I SystemServiceManager: Starting com.android.server.DropBoxManagerService
01-01 00:00:26.517  1000   473   473 V SystemServerTiming: StartDropBoxManager took to complete: 0ms
01-01 00:00:26.517  1000   473   473 D SystemServerTiming: StartRoleManagerService
01-01 00:00:26.518  1000   473   473 I SystemServiceManager: Starting com.android.role.RoleService
01-01 00:00:26.523  1000   473   473 V SystemServerTiming: StartRoleManagerService took to complete: 5ms
01-01 00:00:26.524  1000   473   473 D SystemServerTiming: StartVibratorManagerService
01-01 00:00:26.524  1000   473   473 I SystemServiceManager: Starting com.android.server.vibrator.VibratorManagerService$Lifecycle
01-01 00:00:26.544  1000   159   159 I servicemanager: Could not find android.hardware.vibrator.IVibratorManager/default in the VINTF manifest.
01-01 00:00:26.545  1000   159   159 I servicemanager: Could not find android.hardware.vibrator.IVibrator/default in the VINTF manifest.
01-01 00:00:26.545  1000   160   160 I hwservicemanager: getTransport: Cannot find entry android.hardware.vibrator@1.0::IVibrator/default in either framework or device VINTF manifest.
01-01 00:00:26.547  1000   473   473 V SystemServerTiming: StartVibratorManagerService took to complete: 23ms
01-01 00:00:26.547  1000   473   473 D SystemServerTiming: StartDynamicSystemService
01-01 00:00:26.548  1000   473   473 V SystemServerTiming: StartDynamicSystemService took to complete: 1ms
01-01 00:00:26.548  1000   473   473 D SystemServerTiming: StartConsumerIrService
01-01 00:00:26.549  1000   159   159 I servicemanager: Could not find android.hardware.ir.IConsumerIr/default in the VINTF manifest.
01-01 00:00:26.550  1000   160   160 I hwservicemanager: getTransport: Cannot find entry android.hardware.ir@1.0::IConsumerIr/default in either framework or device VINTF manifest.
01-01 00:00:26.551  1000   473   473 V SystemServerTiming: StartConsumerIrService took to complete: 3ms
01-01 00:00:26.551  1000   473   473 D SystemServerTiming: StartResourceEconomy
01-01 00:00:26.551  1000   473   473 I SystemServiceManager: Starting com.android.server.tare.InternalResourceService
01-01 00:00:26.558  1000   473   473 V SystemServerTiming: StartResourceEconomy took to complete: 7ms
01-01 00:00:26.558  1000   473   473 D SystemServerTiming: StartAlarmManagerService
01-01 00:00:26.560  1000   473   473 I SystemServiceManager: Starting com.android.server.alarm.AlarmManagerService
01-01 00:00:26.571  1000   473   473 D AlarmManagerService: Kernel timezone updated to 0 minutes west of GMT
01-01 00:00:26.571  1000   473   473 I AlarmManager: Current time only 26571, advancing to build time 1738154449000
01-01 00:00:26.571  1000   473   473 D AlarmManagerService: Setting time of day to sec=1738154449
01-29 12:40:49.000  1000   473   473 E AlarmManagerService: Unable to open /dev/rtc0: No such file or directory
01-29 12:40:49.000  1000   473   473 W AlarmManagerService: Unable to set rtc to 1738154449: No such file or directory
01-29 12:40:49.000  1000   473   473 D CompatibilityChangeReporter: Compat change id reported: 160794467; UID 1000; state: ENABLED
01-29 12:40:49.005  1000   473   473 V SystemServerTiming: StartAlarmManagerService took to complete: 19ms
01-29 12:40:49.005  1000   473   473 D SystemServerTiming: StartInputManagerService
01-01 00:00:26.563  1000   276   276 I composer@2.4-se: type=1400 audit(0.0:64): avc: denied { read } for path="socket:[13133]" dev="sockfs" ino=13133 scontext=u:r:hal_graphics_composer_default:s0 tcontext=u:r:hal_graphics_composer_default:s0 tclass=netlink_kobject_uevent_socket permissive=1
01-29 12:40:49.021  1066   255   260 I ServiceManager: Waiting for service 'statscompanion' on '/dev/binder'...
01-29 12:40:49.028  1000   473   473 I InputManager: Initializing input manager, mUseDevInputEventForAudioJack=false
01-29 12:40:49.029  1000   473   473 V SystemServerTiming: StartInputManagerService took to complete: 24ms
01-29 12:40:49.029  1000   473   473 D SystemServerTiming: DeviceStateManagerService
01-29 12:40:49.029  1000   473   473 I SystemServiceManager: Starting com.android.server.devicestate.DeviceStateManagerService
01-29 12:40:49.037  1000   473   473 V SystemServerTiming: DeviceStateManagerService took to complete: 8ms
01-29 12:40:49.037  1000   473   473 D SystemServerTiming: StartCameraServiceProxy
01-29 12:40:49.037  1000   473   473 I SystemServiceManager: Starting com.android.server.camera.CameraServiceProxy
01-29 12:40:49.039  root   258   258 I Typeface: Preloading /system/fonts/Roboto-Regular.ttf
01-29 12:40:49.041  1000   473   473 V SystemServerTiming: StartCameraServiceProxy took to complete: 4ms
01-29 12:40:49.042  1000   473   473 D SystemServerTiming: StartWindowManagerService
01-29 12:40:49.042  1000   473   473 I SystemServiceManager: Starting phase 200
01-29 12:40:49.042  1000   473   473 D SystemServerTiming: OnBootPhase_200
01-29 12:40:49.042  1000   473   473 D SystemServerTiming: OnBootPhase_200_com.android.server.security.FileIntegrityService
01-29 12:40:49.042  1000   473   473 V SystemServerTiming: OnBootPhase_200_com.android.server.security.FileIntegrityService took to complete: 0ms
01-29 12:40:49.042  1000   473   473 D SystemServerTiming: OnBootPhase_200_com.android.server.pm.Installer
01-29 12:40:49.042  1000   473   473 V SystemServerTiming: OnBootPhase_200_com.android.server.pm.Installer took to complete: 0ms
01-29 12:40:49.042  1000   473   473 D SystemServerTiming: OnBootPhase_200_com.android.server.os.DeviceIdentifiersPolicyService
01-29 12:40:49.042  1000   473   473 V SystemServerTiming: OnBootPhase_200_com.android.server.os.DeviceIdentifiersPolicyService took to complete: 0ms
01-29 12:40:49.042  1000   473   473 D SystemServerTiming: OnBootPhase_200_com.android.server.uri.UriGrantsManagerService$Lifecycle
01-29 12:40:49.042  1000   473   473 V SystemServerTiming: OnBootPhase_200_com.android.server.uri.UriGrantsManagerService$Lifecycle took to complete: 0ms
01-29 12:40:49.042  1000   473   473 D SystemServerTiming: OnBootPhase_200_com.android.server.powerstats.PowerStatsService
01-29 12:40:49.042  1000   473   473 V SystemServerTiming: OnBootPhase_200_com.android.server.powerstats.PowerStatsService took to complete: 0ms
01-29 12:40:49.042  1000   473   473 D SystemServerTiming: OnBootPhase_200_com.android.server.wm.ActivityTaskManagerService$Lifecycle
01-29 12:40:49.042  1000   473   473 V SystemServerTiming: OnBootPhase_200_com.android.server.wm.ActivityTaskManagerService$Lifecycle took to complete: 0ms
01-29 12:40:49.042  1000   473   473 D SystemServerTiming: OnBootPhase_200_com.android.server.am.ActivityManagerService$Lifecycle
01-29 12:40:49.042  1000   473   473 V SystemServerTiming: OnBootPhase_200_com.android.server.am.ActivityManagerService$Lifecycle took to complete: 0ms
01-29 12:40:49.042  1000   473   473 D SystemServerTiming: OnBootPhase_200_com.android.server.pm.DataLoaderManagerService
01-29 12:40:49.042  1000   473   473 V SystemServerTiming: OnBootPhase_200_com.android.server.pm.DataLoaderManagerService took to complete: 0ms
01-29 12:40:49.042  1000   473   473 D SystemServerTiming: OnBootPhase_200_com.android.server.power.PowerManagerService
01-29 12:40:49.042  1000   473   473 V SystemServerTiming: OnBootPhase_200_com.android.server.power.PowerManagerService took to complete: 0ms
01-29 12:40:49.042  1000   473   473 D SystemServerTiming: OnBootPhase_200_com.android.server.power.ThermalManagerService
01-29 12:40:49.042  1000   473   473 V SystemServerTiming: OnBootPhase_200_com.android.server.power.ThermalManagerService took to complete: 0ms
01-29 12:40:49.042  1000   473   473 D SystemServerTiming: OnBootPhase_200_com.android.server.power.hint.HintManagerService
01-29 12:40:49.042  1000   473   473 V SystemServerTiming: OnBootPhase_200_com.android.server.power.hint.HintManagerService took to complete: 0ms
01-29 12:40:49.042  1000   473   473 D SystemServerTiming: OnBootPhase_200_com.android.server.recoverysystem.RecoverySystemService$Lifecycle
01-29 12:40:49.042  1000   473   473 V SystemServerTiming: OnBootPhase_200_com.android.server.recoverysystem.RecoverySystemService$Lifecycle took to complete: 0ms
01-29 12:40:49.042  1000   473   473 D SystemServerTiming: OnBootPhase_200_com.android.server.lights.LightsService
01-29 12:40:49.042  1000   473   473 V SystemServerTiming: OnBootPhase_200_com.android.server.lights.LightsService took to complete: 0ms
01-29 12:40:49.042  1000   473   473 D SystemServerTiming: OnBootPhase_200_com.android.server.display.DisplayManagerService
01-29 12:40:49.042  1000   473   473 V SystemServerTiming: OnBootPhase_200_com.android.server.display.DisplayManagerService took to complete: 0ms
01-29 12:40:49.042  1000   473   473 D SystemServerTiming: OnBootPhase_200_com.android.server.pm.verify.domain.DomainVerificationService
01-29 12:40:49.042  1000   473   473 V SystemServerTiming: OnBootPhase_200_com.android.server.pm.verify.domain.DomainVerificationService took to complete: 0ms
01-29 12:40:49.042  1000   473   473 D SystemServerTiming: OnBootPhase_200_com.android.server.pm.PackageInstallerService$Lifecycle
01-29 12:40:49.042  1000   473   473 V SystemServerTiming: OnBootPhase_200_com.android.server.pm.PackageInstallerService$Lifecycle took to complete: 0ms
01-29 12:40:49.042  1000   473   473 D SystemServerTiming: OnBootPhase_200_com.android.server.pm.UserManagerService$LifeCycle
01-29 12:40:49.042  1000   473   473 V SystemServerTiming: OnBootPhase_200_com.android.server.pm.UserManagerService$LifeCycle took to complete: 0ms
01-29 12:40:49.042  1000   473   473 D SystemServerTiming: OnBootPhase_200_com.android.server.om.OverlayManagerService
01-29 12:40:49.042  1000   473   473 V SystemServerTiming: OnBootPhase_200_com.android.server.om.OverlayManagerService took to complete: 0ms
01-29 12:40:49.043  1000   473   473 D SystemServerTiming: OnBootPhase_200_com.android.server.resources.ResourcesManagerService
01-29 12:40:49.043  1000   473   473 V SystemServerTiming: OnBootPhase_200_com.android.server.resources.ResourcesManagerService took to complete: 0ms
01-29 12:40:49.043  1000   473   473 D SystemServerTiming: OnBootPhase_200_com.android.server.sensorprivacy.SensorPrivacyService
01-29 12:40:49.043  1000   473   473 V SystemServerTiming: OnBootPhase_200_com.android.server.sensorprivacy.SensorPrivacyService took to complete: 0ms
01-29 12:40:49.043  1000   473   473 D SystemServerTiming: OnBootPhase_200_com.android.server.sensors.SensorService
01-29 12:40:49.043  1000   473   473 V SystemServerTiming: OnBootPhase_200_com.android.server.sensors.SensorService took to complete: 0ms
01-29 12:40:49.043  1000   473   473 D SystemServerTiming: OnBootPhase_200_com.android.server.SystemConfigService
01-29 12:40:49.043  1000   473   473 V SystemServerTiming: OnBootPhase_200_com.android.server.SystemConfigService took to complete: 0ms
01-29 12:40:49.043  1000   473   473 D SystemServerTiming: OnBootPhase_200_com.android.server.BatteryService
01-29 12:40:49.043  1000   473   473 V SystemServerTiming: OnBootPhase_200_com.android.server.BatteryService took to complete: 0ms
01-29 12:40:49.043  1000   473   473 D SystemServerTiming: OnBootPhase_200_com.android.server.usage.UsageStatsService
01-29 12:40:49.043  1000   473   473 V SystemServerTiming: OnBootPhase_200_com.android.server.usage.UsageStatsService took to complete: 0ms
01-29 12:40:49.043  1000   473   473 D SystemServerTiming: OnBootPhase_200_com.android.server.webkit.WebViewUpdateService
01-29 12:40:49.043  1000   473   473 V SystemServerTiming: OnBootPhase_200_com.android.server.webkit.WebViewUpdateService took to complete: 0ms
01-29 12:40:49.043  1000   473   473 D SystemServerTiming: OnBootPhase_200_com.android.server.CachedDeviceStateService
01-29 12:40:49.043  1000   473   473 V SystemServerTiming: OnBootPhase_200_com.android.server.CachedDeviceStateService took to complete: 0ms
01-29 12:40:49.043  1000   473   473 D SystemServerTiming: OnBootPhase_200_com.android.server.BinderCallsStatsService$LifeCycle
01-29 12:40:49.043  1000   473   473 V SystemServerTiming: OnBootPhase_200_com.android.server.BinderCallsStatsService$LifeCycle took to complete: 0ms
01-29 12:40:49.043  1000   473   473 D SystemServerTiming: OnBootPhase_200_com.android.server.LooperStatsService$Lifecycle
01-29 12:40:49.043  1000   473   473 V SystemServerTiming: OnBootPhase_200_com.android.server.LooperStatsService$Lifecycle took to complete: 0ms
01-29 12:40:49.043  1000   473   473 D SystemServerTiming: OnBootPhase_200_com.android.server.rollback.RollbackManagerService
01-29 12:40:49.043  1000   473   473 V SystemServerTiming: OnBootPhase_200_com.android.server.rollback.RollbackManagerService took to complete: 0ms
01-29 12:40:49.043  1000   473   473 D SystemServerTiming: OnBootPhase_200_com.android.server.os.NativeTombstoneManagerService
01-29 12:40:49.043  1000   473   473 V SystemServerTiming: OnBootPhase_200_com.android.server.os.NativeTombstoneManagerService took to complete: 0ms
01-29 12:40:49.043  1000   473   473 D SystemServerTiming: OnBootPhase_200_com.android.server.os.BugreportManagerService
01-29 12:40:49.043  1000   473   473 V SystemServerTiming: OnBootPhase_200_com.android.server.os.BugreportManagerService took to complete: 0ms
01-29 12:40:49.043  1000   473   473 D SystemServerTiming: OnBootPhase_200_com.android.server.gpu.GpuService
01-29 12:40:49.043  1000   473   473 V SystemServerTiming: OnBootPhase_200_com.android.server.gpu.GpuService took to complete: 0ms
01-29 12:40:49.043  1000   473   473 D SystemServerTiming: OnBootPhase_200_com.android.server.security.KeyChainSystemService
01-29 12:40:49.043  1000   473   473 V SystemServerTiming: OnBootPhase_200_com.android.server.security.KeyChainSystemService took to complete: 0ms
01-29 12:40:49.043  1000   473   473 D SystemServerTiming: OnBootPhase_200_com.android.server.BinaryTransparencyService
01-29 12:40:49.043  1000   473   473 V SystemServerTiming: OnBootPhase_200_com.android.server.BinaryTransparencyService took to complete: 0ms
01-29 12:40:49.043  1000   473   473 D SystemServerTiming: OnBootPhase_200_com.android.server.telecom.TelecomLoaderService
01-29 12:40:49.043  1000   473   473 V SystemServerTiming: OnBootPhase_200_com.android.server.telecom.TelecomLoaderService took to complete: 0ms
01-29 12:40:49.043  1000   473   473 D SystemServerTiming: OnBootPhase_200_com.android.server.accounts.AccountManagerService$Lifecycle
01-29 12:40:49.043  1000   473   473 V SystemServerTiming: OnBootPhase_200_com.android.server.accounts.AccountManagerService$Lifecycle took to complete: 0ms
01-29 12:40:49.044  1000   473   473 D SystemServerTiming: OnBootPhase_200_com.android.server.content.ContentService$Lifecycle
01-29 12:40:49.044  1000   473   473 V SystemServerTiming: OnBootPhase_200_com.android.server.content.ContentService$Lifecycle took to complete: 0ms
01-29 12:40:49.044  1000   473   473 D SystemServerTiming: OnBootPhase_200_com.android.server.DropBoxManagerService
01-29 12:40:49.044  1000   473   473 V SystemServerTiming: OnBootPhase_200_com.android.server.DropBoxManagerService took to complete: 0ms
01-29 12:40:49.044  1000   473   473 D SystemServerTiming: OnBootPhase_200_com.android.role.RoleService
01-29 12:40:49.044  1000   473   473 V SystemServerTiming: OnBootPhase_200_com.android.role.RoleService took to complete: 0ms
01-29 12:40:49.044  1000   473   473 D SystemServerTiming: OnBootPhase_200_com.android.server.vibrator.VibratorManagerService$Lifecycle
01-29 12:40:49.044  1000   473   473 V SystemServerTiming: OnBootPhase_200_com.android.server.vibrator.VibratorManagerService$Lifecycle took to complete: 0ms
01-29 12:40:49.044  1000   473   473 D SystemServerTiming: OnBootPhase_200_com.android.server.tare.InternalResourceService
01-29 12:40:49.044  1000   473   473 V SystemServerTiming: OnBootPhase_200_com.android.server.tare.InternalResourceService took to complete: 0ms
01-29 12:40:49.044  1000   473   473 D SystemServerTiming: OnBootPhase_200_com.android.server.alarm.AlarmManagerService
01-29 12:40:49.044  1000   473   473 V SystemServerTiming: OnBootPhase_200_com.android.server.alarm.AlarmManagerService took to complete: 0ms
01-29 12:40:49.044  1000   473   473 D SystemServerTiming: OnBootPhase_200_com.android.server.devicestate.DeviceStateManagerService
01-29 12:40:49.044  1000   473   473 V SystemServerTiming: OnBootPhase_200_com.android.server.devicestate.DeviceStateManagerService took to complete: 0ms
01-29 12:40:49.044  1000   473   473 D SystemServerTiming: OnBootPhase_200_com.android.server.camera.CameraServiceProxy
01-29 12:40:49.044  1000   473   473 V SystemServerTiming: OnBootPhase_200_com.android.server.camera.CameraServiceProxy took to complete: 0ms
01-29 12:40:49.044  1000   473   473 V SystemServerTiming: OnBootPhase_200 took to complete: 2ms
01-29 12:40:49.047  root   258   258 I Typeface: Preloading /system/fonts/RobotoStatic-Regular.ttf
01-29 12:40:49.050  1000   473   473 I WindowManager: No existing display settings, starting empty
01-29 12:40:49.051  1000   473   473 I WindowManager: No existing display settings, starting empty
01-29 12:40:49.064  1000   473   493 I WindowTracing: Setting window tracing log level to 1
01-29 12:40:49.064  1000   473   493 I WindowTracing: Setting window tracing buffer capacity to 10485760bytes
01-29 12:40:49.074  1000   473   473 V SystemServerTiming: StartWindowManagerService took to complete: 32ms
01-29 12:40:49.074  1000   473   473 D SystemServerTiming: SetWindowManagerService
01-29 12:40:49.083  1000   473   492 I DropBoxManagerService: add tag=system_server_strictmode isTagEnabled=true flags=0x2
01-29 12:40:49.138  1000   473   473 I ActivityTaskManager: Loaded persisted task ids for user 0
01-29 12:40:49.145  1000   473   473 V SystemServerTiming: SetWindowManagerService took to complete: 71ms
01-29 12:40:49.145  1000   473   473 D SystemServerTiming: WindowManagerServiceOnInitReady
01-29 12:40:49.155  1000   473   473 V SystemServerTiming: WindowManagerServiceOnInitReady took to complete: 10ms
01-29 12:40:49.155  1000   473   473 D SystemServerTiming: StartInputManager
01-29 12:40:49.155  1000   473   529 D SystemServerTimingAsync: InitThreadPoolExec:StartHidlServices
01-29 12:40:49.155  1000   473   473 I InputManager: Starting input manager
01-29 12:40:49.155  1000   473   529 D SystemServerInitThreadPool: Started executing StartHidlServices
01-29 12:40:49.155  1000   473   529 D SystemServerTimingAsync: StartHidlServices
01-29 12:40:49.156  1000   473   555 E EventHub: Could not get device name for /dev/input/mice: Inappropriate ioctl for device
01-29 12:40:49.156  1000   473   555 E EventHub: could not get driver version for /dev/input/mice, Inappropriate ioctl for device
01-29 12:40:49.159  1000   473   473 I InputManager: Enabling motion classifier because just booted: feature enabled, long press timeout = 400
01-29 12:40:49.159  1000   473   473 I InputClassifier: Enabling motion classifier
01-29 12:40:49.161  1000   159   159 I servicemanager: Could not find android.hardware.input.processor.IInputProcessor/default in the VINTF manifest.
01-29 12:40:49.161  1000   473   529 I HidlServiceManagement: Registered android.frameworks.sensorservice@1.0::ISensorManager/default
01-29 12:40:49.161  1000   473   473 V SystemServerTiming: StartInputManager took to complete: 6ms
01-29 12:40:49.161  1000   473   473 D SystemServerTiming: DisplayManagerWindowManagerAndInputReady
01-29 12:40:49.162  1000   473   473 V SystemServerTiming: DisplayManagerWindowManagerAndInputReady took to complete: 0ms
01-29 12:40:49.162  1000   473   473 D SystemServerTiming: StartBluetoothService
01-29 12:40:49.166  1000   160   160 I hwservicemanager: getTransport: Cannot find entry android.frameworks.schedulerservice@1.0::ISchedulingPolicyService/default in either framework or device VINTF manifest.
01-29 12:40:49.166  1000   473   529 W system_server: android.frameworks.schedulerservice@1.0::ISchedulingPolicyService is deprecated. Skipping registration.
01-29 12:40:49.166  1000   473   529 V SystemServerTimingAsync: StartHidlServices took to complete: 11ms
01-29 12:40:49.167  1000   473   529 D SystemServerInitThreadPool: Finished executing StartHidlServices
01-29 12:40:49.167  1000   473   529 V SystemServerTimingAsync: InitThreadPoolExec:StartHidlServices took to complete: 12ms
01-29 12:40:49.168  1000   473   556 I InputClassifier: HAL android.hardware.input.processor.IInputProcessor/default is not declared
01-29 12:40:49.170  root   258   258 E ActivityRecognitionHardware: activity_recognition HAL is deprecated. class_init is effectively a no-op
01-29 12:40:49.186  1000   473   473 I SystemServiceManager: Starting com.android.server.bluetooth.BluetoothService
01-29 12:40:49.199  1000   473   473 D BluetoothManagerService: Loading stored name and address
01-29 12:40:49.199  1000   473   473 D BluetoothManagerService: Stored bluetooth Name=null,Address=null
01-29 12:40:49.200  1000   473   473 D BluetoothManagerService: Bluetooth persisted state: 0
01-29 12:40:49.202  1000   473   473 D BluetoothManagerService: Detected SystemUiUid: 10088
01-29 12:40:49.203  1000   473   473 V SystemServerTiming: StartBluetoothService took to complete: 41ms
01-29 12:40:49.203  1000   473   473 D SystemServerTiming: IpConnectivityMetrics
01-29 12:40:49.203  1000   473   473 I SystemServiceManager: Starting com.android.server.connectivity.IpConnectivityMetrics
01-29 12:40:49.204  1000   473   473 V SystemServerTiming: IpConnectivityMetrics took to complete: 1ms
01-29 12:40:49.204  1000   473   473 D SystemServerTiming: NetworkWatchlistService
01-29 12:40:49.204  1000   473   473 I SystemServiceManager: Starting com.android.server.net.watchlist.NetworkWatchlistService$Lifecycle
01-29 12:40:49.209  1000   473   555 I InputReader: Device added: id=-1, eventHubId=-1, name='Virtual', descriptor='a718a782d34bc767f4689c232d64d527998ea7fd',sources=KEYBOARD | DPAD
01-29 12:40:49.223  1000   473   473 I WatchlistSettings: Reload watchlist settings done
01-29 12:40:49.225  1000   473   473 V SystemServerTiming: NetworkWatchlistService took to complete: 21ms
01-29 12:40:49.225  1000   473   473 D SystemServerTiming: PinnerService
01-29 12:40:49.225  1000   473   473 I SystemServiceManager: Starting com.android.server.PinnerService
01-29 12:40:49.226  1000   473   473 V HistoricalRegistry: Interaction before persistence initialized
01-29 12:40:49.227  1000   473   473 V SystemServerTiming: PinnerService took to complete: 2ms
01-29 12:40:49.228  1000   473   473 D SystemServerTiming: SignedConfigService
