01-29 12:40:49.229  1000   473   473 V SystemServerTiming: SignedConfigService took to complete: 1ms
01-29 12:40:49.229  1000   473   473 D SystemServerTiming: AppIntegrityService
01-29 12:40:49.229  1000   473   473 I SystemServiceManager: Starting com.android.server.integrity.AppIntegrityManagerService
01-29 12:40:49.230  1000   473   558 I WatchlistLoggingHandler: No need to aggregate record yet.
01-29 12:40:49.230  1000   473   558 I WatchlistLoggingHandler: Milliseconds spent on tryAggregateRecords(): 1
01-29 12:40:49.234  1000   473   473 E IntegrityFileManager: Error creating staging and rules directory
01-29 12:40:49.241  1000   473   473 V SystemServerTiming: AppIntegrityService took to complete: 12ms
01-29 12:40:49.241  1000   473   473 D SystemServerTiming: StartLogcatManager
01-29 12:40:49.242  1000   473   473 I SystemServiceManager: Starting com.android.server.logcat.LogcatManagerService
01-29 12:40:49.247  1000   473   473 V SystemServerTiming: StartLogcatManager took to complete: 5ms
01-29 12:40:49.248  1000   473   473 I WindowManager: SAFE MODE not enabled
01-29 12:40:49.248  1000   473   473 D SystemServerTiming: StartInputMethodManagerLifecycle
01-29 12:40:49.249  1000   473   473 I SystemServiceManager: Starting com.android.server.inputmethod.InputMethodManagerService$Lifecycle
01-29 12:40:49.256  1000   473   473 V SystemServerTiming: StartInputMethodManagerLifecycle took to complete: 7ms
01-29 12:40:49.256  1000   473   473 D SystemServerTiming: StartAccessibilityManagerService
01-29 12:40:49.256  1000   473   473 I SystemServiceManager: Starting com.android.server.accessibility.AccessibilityManagerService$Lifecycle
01-29 12:40:49.268  1000   473   473 V SystemServerTiming: StartAccessibilityManagerService took to complete: 12ms
01-29 12:40:49.269  1000   473   473 D SystemServerTiming: MakeDisplayReady
01-29 12:40:49.275  1000   473   473 I ActivityTaskManager: Config changes=20005df8 {1.0 ?mcc?mnc [en_US] ldltr sw720dp w1280dp h720dp 240dpi xlrg long land ?uimode ?night -touch -keyb/h/h -nav/h winConfig={ mBounds=Rect(0, 0 - 1920, 1080) mAppBounds=Rect(0, 0 - 1920, 1080) mMaxBounds=Rect(0, 0 - 1920, 1080) mDisplayRotation=ROTATION_0 mWindowingMode=fullscreen mDisplayWindowingMode=fullscreen mActivityType=undefined mAlwaysOnTop=undefined mRotation=ROTATION_0} s.2 ?fontWeightAdjustment}
01-29 12:40:49.278  1000   473   473 I WindowManager: Override config changes=60007dfc {1.0 ?mcc?mnc [en_US] ldltr sw720dp w1280dp h720dp 240dpi xlrg long land ?uimode ?night -touch -keyb/h/h -nav/h winConfig={ mBounds=Rect(0, 0 - 1920, 1080) mAppBounds=Rect(0, 0 - 1920, 1080) mMaxBounds=Rect(0, 0 - 1920, 1080) mDisplayRotation=ROTATION_0 mWindowingMode=fullscreen mDisplayWindowingMode=fullscreen mActivityType=undefined mAlwaysOnTop=undefined mRotation=ROTATION_0} s.2 ?fontWeightAdjustment} for displayId=0
01-29 12:40:49.283  1000   473   473 I DisplayDevice: [0] Layerstack set to 0 for local:0
01-29 12:40:49.289  1000   473   473 V SystemServerTiming: MakeDisplayReady took to complete: 20ms
01-29 12:40:49.289  1000   473   473 D SystemServerTiming: StartStorageManagerService
01-29 12:40:49.289  1000   473   473 I SystemServiceManager: Starting com.android.server.StorageManagerService$Lifecycle
01-29 12:40:49.295  root   331   524 D installd: Found quota mount /dev/block/mmcblk0p4 at /data
01-29 12:40:49.295  root   331   524 D installd: Found quota mount /dev/block/mmcblk0p4 at /data/user/0
01-29 12:40:49.300  1000   473   493 I InputManager-JNI: Viewport [0] to add: local:0, isActive: false
01-01 00:00:26.866  root     0     0 I init    : processing action (sys.sysctl.extra_free_kbytes=*) from (/system/etc/init/hw/init.rc:1203)
01-01 00:00:26.882  root     0     0 I init    : starting service 'exec 18 (/system/bin/extra_free_kbytes.sh 24300)'...
01-01 00:00:26.898  root     0     0 I init    : SVC_EXEC service 'exec 18 (/system/bin/extra_free_kbytes.sh 24300)' pid 562 (uid 0 gid 0+0 context default) started; waiting...
01-29 12:40:49.400  root   258   461 I zygote  : Background concurrent copying GC freed 29512(986KB) AllocSpace objects, 5(140KB) LOS objects, 49% free, 8785KB/17MB, paused 180us,51us total 117.103ms
01-29 12:40:49.541  1000   473   561 D StorageManagerService: Thinking about init, mBootCompleted=false, mDaemonConnected=true
01-29 12:40:49.542  1000   473   561 D StorageManagerService: Thinking about reset, mBootCompleted=false, mDaemonConnected=true
01-29 12:40:49.542  1000   473   561 D StorageManagerService: Thinking about init, mBootCompleted=false, mDaemonConnected=true
01-29 12:40:49.542  1000   473   561 D StorageManagerService: Thinking about reset, mBootCompleted=false, mDaemonConnected=true
01-29 12:40:49.542  1000   473   473 V SystemServerTiming: StartStorageManagerService took to complete: 16ms
01-29 12:40:49.542  1000   473   473 D SystemServerTiming: StartStorageStatsService
01-29 12:40:49.542  1000   473   555 I InputReader: Reconfiguring input devices, changes=DISPLAY_INFO | 
01-29 12:40:49.542  1000   473   473 I SystemServiceManager: Starting com.android.server.usage.StorageStatsService$Lifecycle
01-29 12:40:49.545  root   331   524 D installd: Found quota mount /dev/block/mmcblk0p4 at /data
01-29 12:40:49.546  root   331   524 D installd: Found quota mount /dev/block/mmcblk0p4 at /data/user/0
01-29 12:40:49.548  root   331   524 D installd: Found quota mount /dev/block/mmcblk0p4 at /data
01-29 12:40:49.548  root   331   524 D installd: Found quota mount /dev/block/mmcblk0p4 at /data/user/0
01-29 12:40:49.551  1000   473   473 V SystemServerTiming: StartStorageStatsService took to complete: 9ms
01-29 12:40:49.551  1000   473   473 D SystemServerTiming: StartUiModeManager
01-29 12:40:49.551  1000   473   473 I SystemServiceManager: Starting com.android.server.UiModeManagerService
01-29 12:40:49.552  1000   473   491 W Looper  : Slow dispatch took 248ms android.ui h=android.hardware.display.DisplayManagerGlobal$DisplayListenerDelegate c=null m=2
01-29 12:40:49.552  1000   473   497 D SystemServerTimingAsync: InitThreadPoolExec:UiModeManager.onStart
01-29 12:40:49.552  1000   473   497 D SystemServerInitThreadPool: Started executing UiModeManager.onStart
01-29 12:40:49.553  1000   473   491 W Looper  : Slow delivery took 272ms android.ui h=com.android.server.wm.AppWarnings$UiHandler c=null m=2
01-29 12:40:49.555  1000   473   473 V SystemServerTiming: StartUiModeManager took to complete: 4ms
01-29 12:40:49.556  1000   473   473 D SystemServerTiming: StartLocaleManagerService
01-29 12:40:49.556  1000   473   473 I SystemServiceManager: Starting com.android.server.locales.LocaleManagerService
01-29 12:40:49.560  1000   473   473 V SystemServerTiming: StartLocaleManagerService took to complete: 4ms
01-29 12:40:49.560  1000   473   473 D SystemServerTiming: UpdatePackagesIfNeeded
01-29 12:40:49.560  1000   473   473 I Watchdog: Pausing HandlerChecker: main thread for reason: dexopt. Pause count: 1
01-29 12:40:49.563  1000   473   473 I Watchdog: Resuming HandlerChecker: main thread for reason: dexopt. Pause count: 0
01-29 12:40:49.563  1000   473   473 V SystemServerTiming: UpdatePackagesIfNeeded took to complete: 3ms
01-29 12:40:49.567  1000   473   473 D SystemServerTiming: PerformFstrimIfNeeded
01-29 12:40:49.568  1000   473   473 V SystemServerTiming: PerformFstrimIfNeeded took to complete: 1ms
01-29 12:40:49.568  1000   473   473 D SystemServerTiming: StartLockSettingsService
01-29 12:40:49.568  1000   473   473 I SystemServiceManager: Starting com.android.server.locksettings.LockSettingsService$Lifecycle
01-29 12:40:49.569  1000   473   483 I system_server: Background young concurrent copying GC freed 134488(7302KB) AllocSpace objects, 13(404KB) LOS objects, 35% free, 10MB/16MB, paused 681us,73us total 201.475ms
01-29 12:40:49.604  1000   473   497 D SystemServerInitThreadPool: Finished executing UiModeManager.onStart
01-29 12:40:49.605  1000   473   497 V SystemServerTimingAsync: InitThreadPoolExec:UiModeManager.onStart took to complete: 53ms
01-29 12:40:49.621  1000   473   473 W SystemServiceManager: Service com.android.server.locksettings.LockSettingsService$Lifecycle took 52 ms in onStart
01-29 12:40:49.622  1000   473   473 V SystemServerTiming: StartLockSettingsService took to complete: 54ms
01-29 12:40:49.622  1000   473   473 D SystemServerTiming: StartTestHarnessMode
01-29 12:40:49.622  1000   473   473 I SystemServiceManager: Starting com.android.server.testharness.TestHarnessModeService
01-29 12:40:49.624  1000   473   473 V SystemServerTiming: StartTestHarnessMode took to complete: 2ms
01-29 12:40:49.625  1000   160   160 I hwservicemanager: getTransport: Cannot find entry android.hardware.oemlock@1.0::IOemLock/default in either framework or device VINTF manifest.
01-29 12:40:49.626  1000   473   473 I OemLock : OemLock HAL not present on device
01-29 12:40:49.626  1000   473   473 D SystemServerTiming: StartDeviceIdleController
01-29 12:40:49.626  1000   473   473 I SystemServiceManager: Starting com.android.server.DeviceIdleController
01-29 12:40:49.633  1000   473   473 V SystemServerTiming: StartDeviceIdleController took to complete: 7ms
01-29 12:40:49.633  1000   473   473 D SystemServerTiming: StartDevicePolicyManager
01-29 12:40:49.633  1000   473   473 I SystemServiceManager: Starting com.android.server.devicepolicy.DevicePolicyManagerService$Lifecycle
01-29 12:40:49.640  1000   473   525 V SystemServerTimingAsync: AppDataFixup took to complete: 1387ms
01-29 12:40:49.641  1000   473   525 W PackageManager: Skipping preparing app data for com.android.sdksandbox
01-29 12:40:49.641  root   331   331 E installd: Failed to mark default storage /data/data/com.android.sdksandbox: No such file or directory
01-29 12:40:49.642  1000   473   525 W PackageManager: Failed to migrate com.android.sdksandbox: android.os.ServiceSpecificException: Failed to mark default storage /data/data/com.android.sdksandbox (code 2)
01-29 12:40:49.643  1000   473   525 W PackageManager: Skipping preparing app data for com.android.sdksandbox
01-29 12:40:49.644  1000   473   473 I DevicePolicyManager: Current version 3, latest version 3, not upgrading.
01-29 12:40:49.646  1000   473   473 I DevicePolicyManager: Set ro.organization_owned property to false
01-29 12:40:49.647  1000   473   473 D DevicePolicyManagerService: /data/system/updated_resources.xml doesn't exist
01-29 12:40:49.649  1000   473   473 V SystemServerTiming: StartDevicePolicyManager took to complete: 16ms
01-29 12:40:49.649  1000   473   473 D SystemServerTiming: StartStatusBarManagerService
01-29 12:40:49.654  1000   473   473 V SystemServerTiming: StartStatusBarManagerService took to complete: 5ms
01-29 12:40:49.654  1000   473   473 D SystemServer: MusicRecognitionManagerService not defined by OEM or disabled by flag
01-29 12:40:49.654  1000   473   473 D SystemServer: ContentCaptureService disabled because resource is not overlaid
01-29 12:40:49.655  1000   473   473 D SystemServer: AttentionService is not configured on this device
01-29 12:40:49.655  1000   473   473 D SystemServer: RotationResolverService is not configured on this device
01-29 12:40:49.655  1000   473   473 D SystemServer: SystemCaptionsManagerService disabled because resource is not overlaid
01-29 12:40:49.655  1000   473   473 D SystemServerTiming: StartTextToSpeechManagerService
01-29 12:40:49.656  1000   473   473 I SystemServiceManager: Starting com.android.server.texttospeech.TextToSpeechManagerService
01-29 12:40:49.659  1000   473   473 V SystemServerTiming: StartTextToSpeechManagerService took to complete: 3ms
01-29 12:40:49.659  1000   473   473 D SystemServerTiming: StartAmbientContextService
01-29 12:40:49.659  1000   473   473 I SystemServiceManager: Starting com.android.server.ambientcontext.AmbientContextManagerService
01-29 12:40:49.662  1000   473   473 V SystemServerTiming: StartAmbientContextService took to complete: 3ms
01-29 12:40:49.662  1000   473   473 D SystemServerTiming: StartSpeechRecognitionManagerService
01-29 12:40:49.662  1000   473   473 I SystemServiceManager: Starting com.android.server.speech.SpeechRecognitionManagerService
01-29 12:40:49.664  1000   473   473 V SystemServerTiming: StartSpeechRecognitionManagerService took to complete: 2ms
01-29 12:40:49.664  1000   473   473 D SystemServer: AppPredictionService not defined by OEM
01-29 12:40:49.664  1000   473   473 D SystemServer: ContentSuggestionsService not defined by OEM
01-29 12:40:49.665  1000   473   473 D SystemServerTiming: StartSearchUiService
01-29 12:40:49.665  1000   473   473 I SystemServiceManager: Starting com.android.server.searchui.SearchUiManagerService
01-29 12:40:49.667  1000   473   473 V SystemServerTiming: StartSearchUiService took to complete: 2ms
01-29 12:40:49.667  1000   473   473 D SystemServerTiming: StartSmartspaceService
01-29 12:40:49.667  1000   473   473 I SystemServiceManager: Starting com.android.server.smartspace.SmartspaceManagerService
01-29 12:40:49.669  1000   473   473 V SystemServerTiming: StartSmartspaceService took to complete: 2ms
01-29 12:40:49.669  1000   473   473 D SystemServerTiming: InitConnectivityModuleConnector
01-29 12:40:49.669  1000   473   473 D ConnectivityModuleConnector: Network stack init
01-29 12:40:49.673  1000   473   473 V SystemServerTiming: InitConnectivityModuleConnector took to complete: 4ms
01-29 12:40:49.673  1000   473   473 D SystemServerTiming: InitNetworkStackClient
01-29 12:40:49.673  1000   473   473 V SystemServerTiming: InitNetworkStackClient took to complete: 0ms
01-29 12:40:49.673  1000   473   473 D SystemServerTiming: StartNetworkManagementService
01-29 12:40:49.679  1000   473   473 V SystemServerTiming: StartNetworkManagementService took to complete: 6ms
01-29 12:40:49.679  1000   473   473 D SystemServerTiming: StartFontManagerService
01-01 00:00:27.421  root     0     0 I init    : Service 'exec 18 (/system/bin/extra_free_kbytes.sh 24300)' (pid 562) exited with status 0 waiting took 0.525000 seconds
01-01 00:00:27.442  root     0     0 I init    : Sending signal 9 to service 'exec 18 (/system/bin/extra_free_kbytes.sh 24300)' (pid 562) process group...
01-01 00:00:27.462  root     0     0 I libprocessgroup: Successfully killed process cgroup uid 0 pid 562 in 0ms
01-29 12:40:50.000  1000   473   473 V SystemServerTiming: StartFontManagerService took to complete: 321ms
01-29 12:40:50.000  1000   473   473 D SystemServerTiming: StartTextServicesManager
01-29 12:40:50.000  1000   473   473 I SystemServiceManager: Starting com.android.server.textservices.TextServicesManagerService$Lifecycle
01-29 12:40:50.006  1000   473   473 V SystemServerTiming: StartTextServicesManager took to complete: 6ms
01-29 12:40:50.006  1000   473   473 D SystemServerTiming: StartNetworkScoreService
01-29 12:40:50.006  1000   473   473 I SystemServiceManager: Starting com.android.server.NetworkScoreService$Lifecycle
01-29 12:40:50.007  1000   473   473 I NetworkScoreService: Registering network_score
01-29 12:40:50.008  1000   473   473 V SystemServerTiming: StartNetworkScoreService took to complete: 2ms
01-29 12:40:50.008  1000   473   473 D SystemServerTiming: StartNetworkStatsService
01-29 12:40:50.042  1000   473   473 I SystemServiceManager: Starting com.android.server.NetworkStatsServiceInitializer
01-29 12:40:50.075  1000   473   525 V SystemServerTimingAsync: AppDataPrepare took to complete: 435ms
01-29 12:40:50.075  1000   473   525 I PackageManager: Deferred reconcileAppsData finished 66 packages
01-29 12:40:50.075  1000   473   525 D SystemServerInitThreadPool: Finished executing prepareAppData
01-29 12:40:50.075  1000   473   525 V SystemServerTimingAsync: InitThreadPoolExec:prepareAppData took to complete: 1823ms
01-29 12:40:50.109  1000   473   473 I NetworkStatsServiceInitializer: Registering netstats
01-29 12:40:50.113  1000   473   473 V SystemServerTiming: StartNetworkStatsService took to complete: 105ms
01-29 12:40:50.113  1000   473   473 D SystemServerTiming: StartNetworkPolicyManagerService
01-29 12:40:50.125  1000   473   473 V SystemServerTiming: StartNetworkPolicyManagerService took to complete: 12ms
01-29 12:40:50.125  1000   473   473 D SystemServerTiming: StartWifi
01-29 12:40:50.131  1000   473   585 D CompatibilityChangeReporter: Compat change id reported: 170188668; UID 1000; state: ENABLED
01-29 12:40:50.161  1000   473   473 I system_server: Waiting for a blocking GC ClassLinker
01-29 12:40:50.173  root   258   258 D MtpDeviceJNI: register_android_mtp_MtpDevice
01-29 12:40:50.174  root   258   258 E MediaProfiles: MediaProfiles::createCamcorderProfile failed to locate quality 720p 
01-29 12:40:50.174  root   258   258 E MediaProfiles: MediaProfiles::createCamcorderProfile failed to locate quality 720p 
01-29 12:40:50.213  root   258   258 I zygote  : Thread[1,tid=258,Native,Thread*=0xee086210,peer=0x12dc0078,"main"] recursive attempt to load library "librtp_jni.so"
01-29 12:40:50.233  1000   473   483 I system_server: Background concurrent copying GC freed 110616(8272KB) AllocSpace objects, 6(136KB) LOS objects, 49% free, 8113KB/15MB, paused 151us,69us total 146.054ms
01-29 12:40:50.233  1000   473   473 I system_server: WaitForGcToComplete blocked ClassLinker on Background for 71.893ms
01-29 12:40:50.262  1000   473   473 I SystemServiceManager: Starting com.android.server.wifi.WifiService
01-29 12:40:50.293  1000   473   473 I WifiContext: Got resolveInfos for com.android.server.wifi.intent.action.SERVICE_WIFI_RESOURCES_APK: [ResolveInfo{7a4f31 com.android.wifi.resources/android.app.Activity m=0x108000}]
01-29 12:40:50.293  1000   473   473 I WifiContext: Found Wifi Resources APK at: com.android.wifi.resources
01-29 12:40:50.337  1000   473   473 D ScanMetrics: Settings package: com.android.car.settings
01-29 12:40:50.337  1000   473   473 E ScanMetrics: Can't get GMS uid
01-29 12:40:50.343  1003   439   454 D BootAnimation: Playing files = /system/media/bootanimation.zip/part2, Requested repeat = 0, playUntilComplete = true
01-29 12:40:50.358  1000   159   159 I servicemanager: Found android.hardware.wifi.supplicant.ISupplicant/default in device VINTF manifest.
01-29 12:40:50.359  1000   473   473 I SupplicantStaIfaceHal: Initializing SupplicantStaIfaceHal using AIDL implementation.
01-29 12:40:50.361  1000   159   159 I servicemanager: Found android.hardware.wifi.supplicant.ISupplicant/default in device VINTF manifest.
01-29 12:40:50.362  1000   473   473 I SupplicantP2pIfaceHal: Initializing SupplicantP2pIfaceHal using AIDL implementation.
01-29 12:40:50.363  1000   473   473 I WifiCoexManager: Default coex algorithm is disabled.
01-29 12:40:50.395  1000   473   473 D WifiOpenNetworkNotifier: Settings toggle enabled=true
01-29 12:40:50.400  1000   473   473 D WifiNl80211Manager: registerCountryCodeEventListener called
01-29 12:40:50.400  wifi   365   365 I wificond: New wificond event callback registered
01-29 12:40:50.400  1000   473   473 D WifiCountryCode: Default country code from system property ro.boot.wificountrycode is null
01-29 12:40:50.406  1000   473   473 D WakeupController: WifiWake enabled
01-29 12:40:50.407  1000   473   473 V HistoricalRegistry: Interaction before persistence initialized
01-29 12:40:50.410  1000   473   473 I WifiService: Registering wifi
01-29 12:40:50.412  1000   473   473 V SystemServerTiming: StartWifi took to complete: 287ms
01-29 12:40:50.412  1000   473   473 D SystemServerTiming: StartWifiScanning
01-29 12:40:50.412  1000   473   473 I SystemServiceManager: Starting com.android.server.wifi.scanner.WifiScanningService
01-29 12:40:50.412  1000   473   473 I WifiScanningService: Creating wifiscanner
01-29 12:40:50.416  1000   473   473 I WifiScanningService: Publishing wifiscanner
01-29 12:40:50.417  1000   473   473 V SystemServerTiming: StartWifiScanning took to complete: 5ms
01-29 12:40:50.417  1000   473   473 D SystemServerTiming: StartPacProxyService
01-29 12:40:50.419  1000   473   473 V SystemServerTiming: StartPacProxyService took to complete: 2ms
01-29 12:40:50.419  1000   473   473 D SystemServerTiming: StartConnectivityService
01-29 12:40:50.420  1000   473   473 I SystemServiceManager: Starting com.android.server.ConnectivityServiceInitializer
01-29 12:40:50.438  1000   473   473 D EthernetTracker: Interface match regexp set to 'eth\d'
01-29 12:40:50.441  1000   473   473 D ConnectivityService: ConnectivityService starting up
01-29 12:40:50.472  1000   473   473 E ConnectivityService: Ignoring protectedNetwork 10
01-29 12:40:50.472  1000   473   473 E ConnectivityService: Ignoring protectedNetwork 11
01-29 12:40:50.472  1000   473   473 E ConnectivityService: Ignoring protectedNetwork 12
01-29 12:40:50.472  1000   473   473 E ConnectivityService: Ignoring protectedNetwork 14
01-29 12:40:50.472  1000   473   473 E ConnectivityService: Ignoring protectedNetwork 15
01-29 12:40:50.481  1000   473   473 D CompatibilityChangeReporter: Compat change id reported: 182478738; UID 1000; state: ENABLED
01-29 12:40:50.490  1000   473   473 D ConnectivityNativeService: Attached BPF_CGROUP_INET4_BIND and BPF_CGROUP_INET6_BIND programs
01-29 12:40:50.499  root   258   258 W Zygote  : Class not found for preloading: com.android.internal.telephony.ServiceStateTracker$$ExternalSyntheticLambda6
01-29 12:40:50.506  1000   473   473 W UnsafeUtil: platform method missing - proto runtime falling back to safer methods: java.lang.NoSuchMethodException: sun.misc.Unsafe.copyMemory [class java.lang.Object, long, class java.lang.Object, long, long]
01-29 12:40:50.507  1000   473   473 I ConnectivityServiceInitializer: Registering ethernet
01-29 12:40:50.508  1000   473   473 I ConnectivityServiceInitializer: Registering connectivity
01-29 12:40:50.508  1000   473   473 I ConnectivityServiceInitializer: Registering ipsec
01-29 12:40:50.509  1000   473   473 I ConnectivityServiceInitializer: Registering connectivity_native
01-29 12:40:50.510  1000   473   473 I ConnectivityServiceInitializer: Registering servicediscovery
01-29 12:40:50.510  1000   473   473 I ConnectivityServiceInitializer: Registering nearby
01-29 12:40:50.512  1000   473   473 V SystemServerTiming: StartConnectivityService took to complete: 93ms
01-29 12:40:50.512  1000   473   473 D SystemServerTiming: StartVpnManagerService
01-29 12:40:50.515  1000   473   473 D VpnManagerService: VpnManagerService starting up
01-29 12:40:50.516  1000   473   473 V SystemServerTiming: StartVpnManagerService took to complete: 4ms
01-29 12:40:50.516  1000   473   473 D SystemServerTiming: StartVcnManagementService
01-29 12:40:50.519  1000   473   473 V SystemServerTiming: StartVcnManagementService took to complete: 3ms
01-29 12:40:50.519  1000   473   473 D SystemServerTiming: StartSystemUpdateManagerService
01-29 12:40:50.520  1000   473   473 I SystemUpdateManagerService: No existing info file /data/system/system-update-info.xml
01-29 12:40:50.521  1000   473   473 V SystemServerTiming: StartSystemUpdateManagerService took to complete: 2ms
01-29 12:40:50.521  1000   473   473 D SystemServerTiming: StartUpdateLockService
01-29 12:40:50.522  1000   473   473 V SystemServerTiming: StartUpdateLockService took to complete: 1ms
01-29 12:40:50.522  1000   473   473 D SystemServerTiming: StartNotificationManager
01-29 12:40:50.522  1000   473   473 I SystemServiceManager: Starting com.android.server.notification.NotificationManagerService
01-29 12:40:50.535  1000   473   473 D ConditionProviders.SCP: new ScheduleConditionProvider()
01-29 12:40:50.563  1000   473   473 I NotificationAssistants: Read notification assistant permissions from xml
01-29 12:40:50.564  1000   473   473 I NotificationAssistants: Read notification assistant permissions from xml
01-29 12:40:50.564  1000   473   473 I ConditionProviders: Read condition provider permissions from xml
01-29 12:40:50.564  1000   473   473 I ConditionProviders: Read condition provider permissions from xml
01-29 12:40:50.564  1000   473   473 I ConditionProviders: Read condition provider permissions from xml
01-29 12:40:50.564  1000   473   473 I ConditionProviders: Read condition provider permissions from xml
01-29 12:40:50.564  1000   473   473 D NotificationAssistants: Approving default notification assistant for user 0
01-29 12:40:50.565  1000   473   473 I ConditionProviders:  Allowing condition provider android.ext.services/android.ext.services.notification.Assistant (userSet: true)
01-29 12:40:50.565  1000   473   473 D NotificationAssistants: Approving default notification assistant for user 10
01-29 12:40:50.565  1000   473   473 I ConditionProviders:  Allowing condition provider android.ext.services/android.ext.services.notification.Assistant (userSet: true)
01-29 12:40:50.565  1000   473   473 W ActivityManager: Skipping broadcast of Intent { act=android.app.action.NOTIFICATION_POLICY_ACCESS_GRANTED_CHANGED flg=0x40000010 pkg=android.ext.services }: user 10 and its parent (if any) are stopped
01-29 12:40:50.580  1000   473   473 V SystemServerTiming: StartNotificationManager took to complete: 58ms
01-29 12:40:50.581  1000   473   473 D SystemServerTiming: StartDeviceMonitor
01-29 12:40:50.581  1000   473   473 I SystemServiceManager: Starting com.android.server.storage.DeviceStorageMonitorService
01-29 12:40:50.582  1000   473   473 V SystemServerTiming: StartDeviceMonitor took to complete: 1ms
01-29 12:40:50.582  1000   473   473 D SystemServerTiming: StartLocationManagerService
01-29 12:40:50.582  1000   473   473 I SystemServiceManager: Starting com.android.server.location.LocationManagerService$Lifecycle
01-29 12:40:50.590  1000   473   473 V SystemServerTiming: StartLocationManagerService took to complete: 8ms
01-29 12:40:50.590  1000   473   473 D SystemServerTiming: StartCountryDetectorService
01-29 12:40:50.591  1000   473   473 V SystemServerTiming: StartCountryDetectorService took to complete: 1ms
01-29 12:40:50.591  1000   473   473 D SystemServerTiming: StartTimeDetectorService
01-29 12:40:50.591  1000   473   473 I SystemServiceManager: Starting com.android.server.timedetector.TimeDetectorService$Lifecycle
01-29 12:40:50.593  1000   473   473 V SystemServerTiming: StartTimeDetectorService took to complete: 2ms
01-29 12:40:50.594  1000   473   473 D SystemServerTiming: StartTimeZoneDetectorService
01-29 12:40:50.594  1000   473   473 I SystemServiceManager: Starting com.android.server.timezonedetector.TimeZoneDetectorService$Lifecycle
01-29 12:40:50.598  1000   473   473 V SystemServerTiming: StartTimeZoneDetectorService took to complete: 4ms
01-29 12:40:50.598  1000   473   473 D SystemServerTiming: StartLocationTimeZoneManagerService
01-29 12:40:50.598  1000   473   473 I SystemServiceManager: Starting com.android.server.timezonedetector.location.LocationTimeZoneManagerService$Lifecycle
01-29 12:40:50.599  1000   473   473 V SystemServerTiming: StartLocationTimeZoneManagerService took to complete: 1ms
01-29 12:40:50.599  1000   473   473 D SystemServerTiming: StartGnssTimeUpdateService
01-29 12:40:50.600  1000   473   473 I SystemServiceManager: Starting com.android.server.timedetector.GnssTimeUpdateService$Lifecycle
01-29 12:40:50.602  1000   473   473 V SystemServerTiming: StartGnssTimeUpdateService took to complete: 3ms
01-29 12:40:50.602  1000   473   473 D SystemServerTiming: StartSearchManagerService
01-29 12:40:50.602  1000   473   473 I SystemServiceManager: Starting com.android.server.search.SearchManagerService$Lifecycle
01-29 12:40:50.603  1000   473   473 V SystemServerTiming: StartSearchManagerService took to complete: 1ms
01-29 12:40:50.603  1000   473   473 I SystemServer: Wallpaper service disabled by config
01-29 12:40:50.603  1000   473   473 D SystemServerTiming: StartWallpaperEffectsGenerationService
01-29 12:40:50.603  1000   473   473 I SystemServiceManager: Starting com.android.server.wallpapereffectsgeneration.WallpaperEffectsGenerationManagerService
01-29 12:40:50.605  1000   473   473 V SystemServerTiming: StartWallpaperEffectsGenerationService took to complete: 2ms
01-29 12:40:50.605  1000   473   473 D SystemServerTiming: StartAudioService
01-29 12:40:50.605  1000   473   473 I SystemServiceManager: Starting com.android.server.audio.AudioService$Lifecycle
01-29 12:40:50.621  root   258   258 I Zygote  : ...preloaded 16430 classes in 1728ms.
01-29 12:40:50.621  root   258   258 V ZygoteInitTiming_lazy: PreloadClasses took to complete: 1728ms
01-29 12:40:50.621  1000   473   473 I AS.AudioService: Stream 5: using max vol of 7
01-29 12:40:50.621  1000   473   473 I AS.AudioService: Stream 5: using default vol of 5
01-29 12:40:50.622  1000   473   473 I AS.AudioService: Stream 2: using max vol of 7
01-29 12:40:50.622  1000   473   473 I AS.AudioService: Stream 2: using default vol of 5
01-29 12:40:50.624  1000   473   473 I android_os_HwBinder: HwBinder: Starting thread pool for getting: android.hidl.manager@1.0::IServiceManager/default
01-29 12:40:50.630  1041   289   420 W AudioFlinger: no wake lock to update, system not ready yet
01-29 12:40:50.632  root   258   258 D ApplicationLoaders: Created zygote-cached class loader: /system/framework/android.hidl.base-V1.0-java.jar
01-29 12:40:50.635  1041   289   289 D PermissionCache: checking android.permission.MODIFY_AUDIO_ROUTING for uid=1000 => granted (850 us)
01-29 12:40:50.639  root   258   258 D ApplicationLoaders: Created zygote-cached class loader: /system/framework/android.hidl.manager-V1.0-java.jar
01-29 12:40:50.644  1041   289   413 D PermissionCache: checking android.permission.MODIFY_AUDIO_SETTINGS for uid=1000 => granted (202 us)
01-29 12:40:50.646  1041   289   611 E AudioFlinger: getMicMute: error -38 getting state from HAL
01-29 12:40:50.647  1041   289   413 W AudioFlinger: setMicMute: error -38 setting state to HAL
01-29 12:40:50.648  1000   473   473 E AudioSystem-JNI: Command failed for android_media_AudioSystem_muteMicrophone: -38
01-29 12:40:50.648  1041   289   413 E AudioFlinger: getMicMute: error -38 getting state from HAL
01-29 12:40:50.648  1000   473   473 E AS.AudioService: Error changing mic mute state to false current:false
01-29 12:40:50.649  root   258   258 D ApplicationLoaders: Created zygote-cached class loader: /system/framework/android.test.base.jar
01-29 12:40:50.649  root   258   258 V ZygoteInitTiming_lazy: CacheNonBootClasspathClassLoaders took to complete: 28ms
01-29 12:40:50.649  root   258   258 I Zygote  : Preloading resources...
01-29 12:40:50.652  1041   289   413 D AudioFlinger: isLowRamDevice:false totalMemory:3967119360 mClientSharedHeapSize:16777216
01-29 12:40:50.654  1000   473   473 V SystemServerTiming: StartAudioService took to complete: 49ms
01-29 12:40:50.654  1000   473   473 D SystemServerTiming: StartSoundTriggerMiddlewareService
01-29 12:40:50.654  1000   473   473 I SystemServiceManager: Starting com.android.server.soundtrigger_middleware.SoundTriggerMiddlewareService$Lifecycle
01-29 12:40:50.656  1041   289   413 I CaptureStateNotifier: Registering a listener
01-29 12:40:50.657  1000   159   159 I servicemanager: Could not find android.hardware.soundtrigger3.ISoundTriggerHw/default in the VINTF manifest.
01-29 12:40:50.657  1000   473   473 I SoundTriggerMiddlewareDefaultHalFactory: Connecting to default soundtrigger-V2.x.ISoundTriggerHw
01-29 12:40:50.658  1000   160   160 I hwservicemanager: getTransport: Cannot find entry android.hardware.soundtrigger@2.0::ISoundTriggerHw/default in either framework or device VINTF manifest.
01-29 12:40:50.668  1000   473   473 E SoundTriggerMiddlewareImpl: Failed to add a SoundTriggerModule instance
01-29 12:40:50.668  1000   473   473 E SoundTriggerMiddlewareImpl: java.util.NoSuchElementException
01-29 12:40:50.668  1000   473   473 E SoundTriggerMiddlewareImpl: 	at android.os.HwBinder.getService(Native Method)
01-29 12:40:50.668  1000   473   473 E SoundTriggerMiddlewareImpl: 	at android.hardware.soundtrigger.V2_0.ISoundTriggerHw.getService(ISoundTriggerHw.java:57)
01-29 12:40:50.668  1000   473   473 E SoundTriggerMiddlewareImpl: 	at android.hardware.soundtrigger.V2_0.ISoundTriggerHw.getService(ISoundTriggerHw.java:64)
01-29 12:40:50.668  1000   473   473 E SoundTriggerMiddlewareImpl: 	at com.android.server.soundtrigger_middleware.DefaultHalFactory.create(DefaultHalFactory.java:76)
01-29 12:40:50.668  1000   473   473 E SoundTriggerMiddlewareImpl: 	at com.android.server.soundtrigger_middleware.SoundTriggerModule.attachToHal(SoundTriggerModule.java:170)
01-29 12:40:50.668  1000   473   473 E SoundTriggerMiddlewareImpl: 	at com.android.server.soundtrigger_middleware.SoundTriggerModule.<init>(SoundTriggerModule.java:103)
01-29 12:40:50.668  1000   473   473 E SoundTriggerMiddlewareImpl: 	at com.android.server.soundtrigger_middleware.SoundTriggerMiddlewareImpl.<init>(SoundTriggerMiddlewareImpl.java:86)
01-29 12:40:50.668  1000   473   473 E SoundTriggerMiddlewareImpl: 	at com.android.server.soundtrigger_middleware.SoundTriggerMiddlewareService$Lifecycle.onStart(SoundTriggerMiddlewareService.java:230)
01-29 12:40:50.668  1000   473   473 E SoundTriggerMiddlewareImpl: 	at com.android.server.SystemServiceManager.startService(SystemServiceManager.java:258)
01-29 12:40:50.668  1000   473   473 E SoundTriggerMiddlewareImpl: 	at com.android.server.SystemServiceManager.startService(SystemServiceManager.java:236)
01-29 12:40:50.668  1000   473   473 E SoundTriggerMiddlewareImpl: 	at com.android.server.SystemServer.startOtherServices(SystemServer.java:2145)
01-29 12:40:50.668  1000   473   473 E SoundTriggerMiddlewareImpl: 	at com.android.server.SystemServer.run(SystemServer.java:937)
01-29 12:40:50.668  1000   473   473 E SoundTriggerMiddlewareImpl: 	at com.android.server.SystemServer.main(SystemServer.java:647)
01-29 12:40:50.668  1000   473   473 E SoundTriggerMiddlewareImpl: 	at java.lang.reflect.Method.invoke(Native Method)
01-29 12:40:50.668  1000   473   473 E SoundTriggerMiddlewareImpl: 	at com.android.internal.os.RuntimeInit$MethodAndArgsCaller.run(RuntimeInit.java:548)
01-29 12:40:50.668  1000   473   473 E SoundTriggerMiddlewareImpl: 	at com.android.internal.os.ZygoteInit.main(ZygoteInit.java:914)
01-29 12:40:50.668  1000   473   473 V SystemServerTiming: StartSoundTriggerMiddlewareService took to complete: 14ms
01-29 12:40:50.669  1000   473   473 D SystemServerTiming: StartBroadcastRadioService
01-29 12:40:50.669  1000   473   473 I SystemServiceManager: Starting com.android.server.broadcastradio.BroadcastRadioService
01-29 12:40:50.669  1000   473   473 V BroadcastRadioService.jni: nativeInit
01-29 12:40:50.669  1000   473   473 V BroadcastRadioService.jni: nativeLoadModules
01-29 12:40:50.675  root   258   258 W Resources: Preloaded drawable resource #0x1080297 (android:drawable/dialog_background_material) that varies with configuration!!
01-29 12:40:50.677  1000   473   473 I android_os_HwBinder: HwBinder: Starting thread pool for getting: android.hidl.manager@1.0::IServiceManager/default
01-29 12:40:50.680  1000   473   530 V BcRadio2Srv: onRegistration(android.hardware.broadcastradio@2.0::IBroadcastRadio, amfm, true)
01-29 12:40:50.682  1000   473   530 I BcRadio2Srv.module: Try loading module for idx 0, fqName amfm
01-29 12:40:50.684  1000   473   473 V SystemServerTiming: StartBroadcastRadioService took to complete: 15ms
01-29 12:40:50.684  1000   473   473 D SystemServerTiming: StartDockObserver
01-29 12:40:50.684  1000   473   473 I SystemServiceManager: Starting com.android.server.DockObserver
01-29 12:40:50.684  1000   473   473 I DockObserver: No extcon dock device found in this kernel.
01-29 12:40:50.685  1000   473   473 V SystemServerTiming: StartDockObserver took to complete: 1ms
01-29 12:40:50.686  1000   473   473 D SystemServerTiming: StartWiredAccessoryManager
01-29 12:40:50.686  1000   473   530 I android_os_HwBinder: HwBinder: Starting thread pool for getting: android.hardware.broadcastradio@2.0::IBroadcastRadio/amfm
01-29 12:40:50.687  1000   473   473 W WiredAccessoryManager: This kernel does not have wired headset support
01-29 12:40:50.687  1000   473   473 W WiredAccessoryManager: This kernel does not have usb audio support
01-29 12:40:50.687  1000   473   473 W WiredAccessoryManager: This kernel does not have HDMI audio support
01-29 12:40:50.687  1000   473   473 V SystemServerTiming: StartWiredAccessoryManager took to complete: 1ms
01-29 12:40:50.687  1000   473   473 D SystemServerTiming: StartMidiManager
01-29 12:40:50.687  1000   473   473 I SystemServiceManager: Starting com.android.server.midi.MidiService$Lifecycle
01-29 12:40:50.689  1000   473   473 V SystemServerTiming: StartMidiManager took to complete: 2ms
01-29 12:40:50.689  1000   473   473 D SystemServerTiming: StartAdbService
01-29 12:40:50.689  1000   473   473 I SystemServiceManager: Starting com.android.server.adb.AdbService$Lifecycle
01-29 12:40:50.701  1000   473   473 V SystemServerTiming: StartAdbService took to complete: 12ms
01-29 12:40:50.701  1000   473   473 D SystemServerTiming: StartUsbService
01-29 12:40:50.701  1000   473   473 I SystemServiceManager: Starting com.android.server.usb.UsbService$Lifecycle
01-29 12:40:50.701  1000   473   473 V SystemServerTiming: StartUsbService took to complete: 0ms
01-29 12:40:50.701  1000   473   473 D SystemServerTiming: StartSerialService
01-29 12:40:50.701  1000   473   529 D SystemServerTimingAsync: InitThreadPoolExec:UsbService$Lifecycle#onStart
01-29 12:40:50.701  1000   473   529 D SystemServerInitThreadPool: Started executing UsbService$Lifecycle#onStart
01-29 12:40:50.702  1000   473   530 V BcRadio2Srv: loaded broadcast radio module 0: amfm (HAL 2.0)
01-29 12:40:50.703  1000   473   530 V BcRadio2Srv: onRegistration(android.hardware.broadcastradio@2.0::IBroadcastRadio, dab, true)
01-29 12:40:50.703  1000   473   529 I UsbDeviceManager: failed to write to /sys/class/android_usb/android0/f_rndis/ethaddr
01-29 12:40:50.703  1000   473   530 I BcRadio2Srv.module: Try loading module for idx 1, fqName dab
01-29 12:40:50.703  1000   160   160 I hwservicemanager: getTransport: Cannot find entry android.hardware.usb.gadget@1.0::IUsbGadget/default in either framework or device VINTF manifest.
01-29 12:40:50.704  1000   473   473 V SystemServerTiming: StartSerialService took to complete: 3ms
01-29 12:40:50.704  1000   473   473 D SystemServerTiming: StartHardwarePropertiesManagerService
01-29 12:40:50.706  1000   473   473 D HardwarePropertiesManagerService-JNI: Link to death notification successful
01-29 12:40:50.707  1000   473   530 I android_os_HwBinder: HwBinder: Starting thread pool for getting: android.hardware.broadcastradio@2.0::IBroadcastRadio/dab
01-29 12:40:50.707  1000   473   473 V SystemServerTiming: StartHardwarePropertiesManagerService took to complete: 3ms
01-29 12:40:50.707  1000   473   473 D SystemServerTiming: StartTwilightService
01-29 12:40:50.707  1000   473   473 I SystemServiceManager: Starting com.android.server.twilight.TwilightService
01-29 12:40:50.707  1000   473   473 V SystemServerTiming: StartTwilightService took to complete: 0ms
01-29 12:40:50.708  1000   473   473 D SystemServerTiming: StartColorDisplay
01-29 12:40:50.708  1000   473   473 I SystemServiceManager: Starting com.android.server.display.color.ColorDisplayService
01-29 12:40:50.709  1000   473   473 V SystemServerTiming: StartColorDisplay took to complete: 1ms
01-29 12:40:50.709  1000   473   473 D SystemServerTiming: StartJobScheduler
01-29 12:40:50.709  1000   473   530 V BcRadio2Srv: loaded broadcast radio module 1: dab (HAL 2.0)
01-29 12:40:50.710  1000   473   473 I SystemServiceManager: Starting com.android.server.job.JobSchedulerService
01-29 12:40:50.714  1000   473   529 I UsbDeviceManager: USB GADGET HAL not present in the device
01-29 12:40:50.714  1000   473   529 I UsbDeviceManager: java.util.NoSuchElementException
01-29 12:40:50.714  1000   473   529 I UsbDeviceManager: 	at android.os.HwBinder.getService(Native Method)
01-29 12:40:50.714  1000   473   529 I UsbDeviceManager: 	at android.hardware.usb.gadget.V1_0.IUsbGadget.getService(IUsbGadget.java:57)
01-29 12:40:50.714  1000   473   529 I UsbDeviceManager: 	at android.hardware.usb.gadget.V1_0.IUsbGadget.getService(IUsbGadget.java:64)
01-29 12:40:50.714  1000   473   529 I UsbDeviceManager: 	at com.android.server.usb.UsbDeviceManager.<init>(UsbDeviceManager.java:302)
01-29 12:40:50.714  1000   473   529 I UsbDeviceManager: 	at com.android.server.usb.UsbService.<init>(UsbService.java:183)
01-29 12:40:50.714  1000   473   529 I UsbDeviceManager: 	at com.android.server.usb.UsbService$Lifecycle.lambda$onStart$0$com-android-server-usb-UsbService$Lifecycle(UsbService.java:97)
01-29 12:40:50.714  1000   473   529 I UsbDeviceManager: 	at com.android.server.usb.UsbService$Lifecycle$$ExternalSyntheticLambda2.run(Unknown Source:2)
01-29 12:40:50.714  1000   473   529 I UsbDeviceManager: 	at com.android.server.SystemServerInitThreadPool.lambda$submitTask$0$com-android-server-SystemServerInitThreadPool(SystemServerInitThreadPool.java:106)
01-29 12:40:50.714  1000   473   529 I UsbDeviceManager: 	at com.android.server.SystemServerInitThreadPool$$ExternalSyntheticLambda0.run(Unknown Source:6)
01-29 12:40:50.714  1000   473   529 I UsbDeviceManager: 	at java.util.concurrent.Executors$RunnableAdapter.call(Executors.java:463)
01-29 12:40:50.714  1000   473   529 I UsbDeviceManager: 	at java.util.concurrent.FutureTask.run(FutureTask.java:264)
01-29 12:40:50.714  1000   473   529 I UsbDeviceManager: 	at java.util.concurrent.ThreadPoolExecutor.runWorker(ThreadPoolExecutor.java:1137)
01-29 12:40:50.714  1000   473   529 I UsbDeviceManager: 	at java.util.concurrent.ThreadPoolExecutor$Worker.run(ThreadPoolExecutor.java:637)
01-29 12:40:50.714  1000   473   529 I UsbDeviceManager: 	at com.android.internal.util.ConcurrentUtils$1$1.run(ConcurrentUtils.java:65)
01-29 12:40:50.716  1000   473   473 D JobStore: Start tag: job-info
01-29 12:40:50.716  1000   473   473 W JobStore: Periodic job for uid='1010099' persisted run-time is too big [360:01:27, 720:01:27]. Clamping to [360:00:28,720:00:28]
01-29 12:40:50.718  1000   473   473 W JobStore: Periodic job for uid='1010099' persisted run-time is too big [24:01:27, 48:01:27]. Clamping to [24:00:28,48:00:28]
01-29 12:40:50.718  1000   473   473 W JobStore: Periodic job for uid='10099' persisted run-time is too big [360:01:30, 720:01:30]. Clamping to [360:00:28,720:00:28]
01-29 12:40:50.719  1000   473   473 W JobStore: Periodic job for uid='10099' persisted run-time is too big [24:01:30, 48:01:30]. Clamping to [24:00:28,48:00:28]
01-29 12:40:50.719  1000   473   473 W JobStore: Periodic job for uid='1000' persisted run-time is too big [24:01:01, 48:01:01]. Clamping to [24:00:28,48:00:28]
01-29 12:40:50.720  1000   473   473 I JobStore: Read 9 jobs
01-01 00:00:28.288  root     0     0 I         : read descriptors
01-01 00:00:28.291  root     0     0 I         : read strings
01-29 12:40:50.723  root   258   258 I Zygote  : ...preloaded 64 resources in 73ms.
01-01 00:00:28.294  root     0     0 I         : read descriptors
01-29 12:40:50.724  1000   473   473 V HistoricalRegistry: Interaction before persistence initialized
01-29 12:40:50.724  1000   473   473 V HistoricalRegistry: Interaction before persistence initialized
01-29 12:40:50.724  1000   473   597 D ConnectivityService: NetReassign [no changes]
01-29 12:40:50.725  1000   473   473 W JobScheduler: !!! RTC not yet good; tracking time updates for job scheduling
01-29 12:40:50.726  1000   473   473 V SystemServerTiming: StartJobScheduler took to complete: 17ms
01-29 12:40:50.726  1000   473   473 D SystemServerTiming: StartSoundTrigger
01-29 12:40:50.726  1000   473   473 I SystemServiceManager: Starting com.android.server.soundtrigger.SoundTriggerService
01-29 12:40:50.727  1000   473   473 V SystemServerTiming: StartSoundTrigger took to complete: 1ms
01-29 12:40:50.727  1000   473   473 D SystemServerTiming: StartTrustManager
01-29 12:40:50.727  1000   473   473 I SystemServiceManager: Starting com.android.server.trust.TrustManagerService
01-01 00:00:28.298  root     0     0 I         : read strings
01-29 12:40:50.730  1000   473   473 V SystemServerTiming: StartTrustManager took to complete: 3ms
01-29 12:40:50.730  1000   473   473 D SystemServerTiming: StartVoiceRecognitionManager
01-29 12:40:50.730  1000   473   473 I SystemServiceManager: Starting com.android.server.voiceinteraction.VoiceInteractionManagerService
01-29 12:40:50.731  1000   473   529 W StorageManagerService: No primary storage defined yet; hacking together a stub
01-29 12:40:50.734  root   258   258 I Zygote  : ...preloaded 41 resources in 11ms.
01-29 12:40:50.734  root   258   258 V ZygoteInitTiming_lazy: PreloadResources took to complete: 85ms
01-29 12:40:50.734  1000   473   529 D UsbPortManager: Querying USB HAL version
01-29 12:40:50.735  1000   159   159 I servicemanager: Could not find android.hardware.usb.IUsb/default in the VINTF manifest.
01-29 12:40:50.738  1000   473   473 V SystemServerTiming: StartVoiceRecognitionManager took to complete: 8ms
01-29 12:40:50.738  1000   473   473 D SystemServerTiming: StartAppHibernationService
01-29 12:40:50.738  1000   473   473 I SystemServiceManager: Starting com.android.server.apphibernation.AppHibernationService
01-29 12:40:50.739  1000   473   529 I android_os_HwBinder: HwBinder: Starting thread pool for getting: android.hardware.usb@1.0::IUsb/default
01-29 12:40:50.741  1000   473   473 V SystemServerTiming: StartAppHibernationService took to complete: 3ms
01-29 12:40:50.741  1000   473   473 D SystemServerTiming: StartGestureLauncher
01-29 12:40:50.741  1000   473   473 I SystemServiceManager: Starting com.android.server.GestureLauncherService
01-29 12:40:50.741  1000   473   473 V SystemServerTiming: StartGestureLauncher took to complete: 0ms
01-29 12:40:50.741  1000   473   473 D SystemServerTiming: StartSensorNotification
01-29 12:40:50.742  1000   473   473 I SystemServiceManager: Starting com.android.server.SensorNotificationService
01-29 12:40:50.742  1000   473   473 V SystemServerTiming: StartSensorNotification took to complete: 0ms
01-29 12:40:50.742  1000   473   473 D SystemServerTiming: StartDiskStatsService
01-29 12:40:50.742  1000   473   529 I UsbPortManager: USB HAL HIDL present
01-29 12:40:50.742  1000   473   473 D CompatibilityChangeReporter: Compat change id reported: 194532703; UID 1000; state: ENABLED
01-29 12:40:50.743  1000   473   473 D CompatibilityChangeReporter: Compat change id reported: 194532703; UID 1000; state: ENABLED
01-29 12:40:50.743  1000   473   473 D CompatibilityChangeReporter: Compat change id reported: 194532703; UID 1000; state: DISABLED
01-29 12:40:50.745  1000   473   529 I android_os_HwBinder: HwBinder: Starting thread pool for getting: android.hidl.manager@1.0::IServiceManager/default
01-29 12:40:50.745  1000   473   473 V SystemServerTiming: StartDiskStatsService took to complete: 3ms
01-29 12:40:50.745  1000   473   473 D SystemServerTiming: RuntimeService
01-29 12:40:50.746  1000   473   473 V SystemServerTiming: RuntimeService took to complete: 1ms
01-29 12:40:50.746  1000   473   473 D SystemServerTiming: StartNetworkTimeUpdateService
01-29 12:40:50.748  1000   473   530 I UsbPortManager: Usb hal service started android.hardware.usb@1.0::IUsb default
01-29 12:40:50.750  1000   473   473 V SystemServerTiming: StartNetworkTimeUpdateService took to complete: 4ms
01-29 12:40:50.750  1000   473   473 D SystemServerTiming: CertBlacklister
01-29 12:40:50.751  1000   473   473 V SystemServerTiming: CertBlacklister took to complete: 1ms
01-29 12:40:50.751  1000   473   473 D SystemServerTiming: StartEmergencyAffordanceService
01-29 12:40:50.751  1000   473   473 I SystemServiceManager: Starting com.android.server.emergency.EmergencyAffordanceService
01-29 12:40:50.751  1000   473   530 I android_os_HwBinder: HwBinder: Starting thread pool for getting: android.hardware.usb@1.0::IUsb/default
01-29 12:40:50.752  1000   473   473 V SystemServerTiming: StartEmergencyAffordanceService took to complete: 1ms
01-29 12:40:50.753  1000   473   473 D SystemServerTiming: startBlobStoreManagerService
01-29 12:40:50.753  1000   473   473 I SystemServiceManager: Starting com.android.server.blob.BlobStoreManagerService
01-29 12:40:50.754  1000   286   286 I android.hardware.usb@1.0-service: registering callback
01-29 12:40:50.755  1000   286   286 E android.hardware.usb@1.0-service: Failed to open /sys/class/dual_role_usb
01-29 12:40:50.756  1000   473   529 D UsbPortManager: getInstance done
01-29 12:40:50.756  1000   473   473 V SystemServerTiming: startBlobStoreManagerService took to complete: 3ms
01-29 12:40:50.756  1000   473   473 D SystemServerTiming: StartDreamManager
01-29 12:40:50.756  1000   473   473 I SystemServiceManager: Starting com.android.server.dreams.DreamManagerService
01-29 12:40:50.758  1000   286   621 E android.hardware.usb@1.0-service: creating thread
01-29 12:40:50.758  1000   473   473 V SystemServerTiming: StartDreamManager took to complete: 2ms
01-29 12:40:50.758  1000   473   473 D SystemServerTiming: AddGraphicsStatsService
01-29 12:40:50.758  1000   473   529 D SystemServerInitThreadPool: Finished executing UsbService$Lifecycle#onStart
01-29 12:40:50.758  1000   473   529 V SystemServerTimingAsync: InitThreadPoolExec:UsbService$Lifecycle#onStart took to complete: 57ms
01-29 12:40:50.764  1000   473   473 V SystemServerTiming: AddGraphicsStatsService took to complete: 6ms
01-29 12:40:50.765  1000   473   473 D SystemServerTiming: StartAttestationVerificationService
01-29 12:40:50.765  1000   473   473 I SystemServiceManager: Starting com.android.server.security.AttestationVerificationManagerService
01-29 12:40:50.765  1000   473   473 D AVF     : Started
01-29 12:40:50.766  1000   473   473 V SystemServerTiming: StartAttestationVerificationService took to complete: 1ms
01-29 12:40:50.766  1000   473   473 D SystemServerTiming: StartCompanionDeviceManager
