01-01 00:00:14.944  root   258   258 I zygote  : option[26]=--cpu-set=0,1
01-01 00:00:14.944  root   258   258 I zygote  : option[27]=-Xcompiler-option
01-01 00:00:14.944  root   258   258 I zygote  : option[28]=--instruction-set-variant=cortex-a72
01-01 00:00:14.944  root   258   258 I zygote  : option[29]=-Xcompiler-option
01-01 00:00:14.944  root   258   258 I zygote  : option[30]=--instruction-set-features=default
01-01 00:00:14.945  root   258   258 I zygote  : option[31]=-Xcompiler-option
01-01 00:00:14.945  root   258   258 I zygote  : option[32]=--generate-mini-debug-info
01-01 00:00:14.945  root   258   258 I zygote  : option[33]=-Ximage-compiler-option
01-01 00:00:14.945  root   258   258 I zygote  : option[34]=--runtime-arg
01-01 00:00:14.945  root   258   258 I zygote  : option[35]=-Ximage-compiler-option
01-01 00:00:14.945  root   258   258 I zygote  : option[36]=-Xms64m
01-01 00:00:14.945  root   258   258 I zygote  : option[37]=-Ximage-compiler-option
01-01 00:00:14.945  root   258   258 I zygote  : option[38]=--runtime-arg
01-01 00:00:14.945  root   258   258 I zygote  : option[39]=-Ximage-compiler-option
01-01 00:00:14.945  1003   174   448 I DMABUFHEAPS: Using : Non-legacy ION heaps
01-01 00:00:14.945  root   258   258 I zygote  : option[40]=-Xmx64m
01-01 00:00:14.945  root   258   258 I zygote  : option[41]=-Ximage-compiler-option
01-01 00:00:14.945  root   258   258 I zygote  : option[42]=--dirty-image-objects=/system/etc/dirty-image-objects
01-01 00:00:14.945  root   258   258 I zygote  : option[43]=-Ximage-compiler-option
01-01 00:00:14.945  root   258   258 I zygote  : option[44]=--instruction-set-variant=cortex-a72
01-01 00:00:14.945  root   258   258 I zygote  : option[45]=-Ximage-compiler-option
01-01 00:00:14.945  root   258   258 I zygote  : option[46]=--instruction-set-features=default
01-01 00:00:14.945  root   258   258 I zygote  : option[47]=-Ximage-compiler-option
01-01 00:00:14.946  root   258   258 I zygote  : option[48]=--generate-mini-debug-info
01-01 00:00:14.946  root   258   258 I zygote  : option[49]=-Duser.locale=en-US
01-01 00:00:14.946  root   258   258 I zygote  : option[50]=--cpu-abilist=armeabi-v7a,armeabi
01-01 00:00:14.946  root   258   258 I zygote  : option[51]=-Xcore-platform-api-policy:just-warn
01-01 00:00:14.946  root   258   258 I zygote  : option[52]=-Xfingerprint:Raspberry/bosch_hal_v2_0/rpi4:13/TQ3A.230901.001/2:userdebug/test-keys
01-01 00:00:14.948  1000   159   159 I servicemanager: Could not find android.hardware.graphics.allocator.IAllocator/default in the VINTF manifest.
01-01 00:00:14.954  1000   159   159 I servicemanager: Could not find android.hardware.graphics.allocator.IAllocator/default in the VINTF manifest.
01-01 00:00:15.114  1066   255   255 W ServiceManager: Service statscompanion didn't start. Returning NULL
01-01 00:00:15.208  1066   255   255 I statsd  : Statsd starts to listen to socket.
01-01 00:00:15.216  root   258   258 W zygote  : ART APEX data files are untrusted.
01-01 00:00:15.224  root   258   258 I zygote  : Core platform API reporting enabled, enforcing=false
01-01 00:00:15.311  1000   159   159 I servicemanager: Could not find android.hardware.graphics.allocator.IAllocator/default in the VINTF manifest.
01-01 00:00:15.318  1003   177   438 E IPCThreadState: binder thread pool (1 threads) starved for 541 ms
01-01 00:00:15.319  1062   175   447 I EvsApp  : Activated state 4
01-01 00:00:15.484  1003   439   439 D BootAnimation: BootAnimationPreloadStopTiming start time: 15484ms
01-01 00:00:15.502  1003   439   454 D libEGL  : loaded /vendor/lib64/egl/libEGL_mesa.so
01-01 00:00:15.504  1003   439   454 D libEGL  : loaded /vendor/lib64/egl/libGLESv1_CM_mesa.so
01-01 00:00:15.508  1003   439   454 D libEGL  : loaded /vendor/lib64/egl/libGLESv2_mesa.so
01-01 00:00:15.528  1003   439   454 I DMABUFHEAPS: Using : Non-legacy ION heaps
01-01 00:00:15.529  1003   439   454 I MESA    : Using IMapper v4 API
01-01 00:00:15.533  1003   439   454 W EGL-MAIN: failed to get driver name for fd -1
01-01 00:00:15.534  1003   439   454 W EGL-MAIN: MESA-LOADER: failed to retrieve device information
01-01 00:00:15.534  1003   439   454 W EGL-MAIN: failed to get driver name for fd -1
01-01 00:00:15.542  1000   160   160 I hwservicemanager: getTransport: Cannot find entry android.hardware.configstore@1.0::ISurfaceFlingerConfigs/default in either framework or device VINTF manifest.
01-01 00:00:15.548  1000   159   159 I servicemanager: Could not find android.hardware.graphics.allocator.IAllocator/default in the VINTF manifest.
01-01 00:00:15.911  1003   439   454 D BootAnimation: Playing files = /system/media/bootanimation.zip/part0, Requested repeat = 1, playUntilComplete = true
01-01 00:00:15.986  1000   292   292 I SurfaceFlinger: Enter boot animation
01-01 00:00:16.354  root   258   258 D zygote  : Time zone APEX ICU file found: /apex/com.android.tzdata/etc/icu/icu_tzdata.dat
01-01 00:00:16.362  root   257   257 D zygote64: Time zone APEX ICU file found: /apex/com.android.tzdata/etc/icu/icu_tzdata.dat
01-01 00:00:16.362  root   258   258 D zygote  : I18n APEX ICU file found: /apex/com.android.i18n/etc/icu/icudt70l.dat
01-01 00:00:16.363  root   257   257 D zygote64: I18n APEX ICU file found: /apex/com.android.i18n/etc/icu/icudt70l.dat
01-01 00:00:16.403  root   343   343 W ServiceManager: Service package_native didn't start. Returning NULL
01-01 00:00:16.411  root   343   457 I ServiceManager: Waiting for service 'package_native' on '/dev/binder'...
01-01 00:00:16.565  root   258   258 I zygote  : Using memfd for future sealing
01-01 00:00:16.584  root   257   257 I zygote64: Using memfd for future sealing
01-01 00:00:16.982  1003   439   454 D BootAnimation: Playing files = /system/media/bootanimation.zip/part1, Requested repeat = 1, playUntilComplete = true
01-01 00:00:17.159  root   257   257 D Zygote  : begin preload
01-01 00:00:17.159  root   257   257 I Zygote  : Calling ZygoteHooks.beginPreload()
01-01 00:00:17.179  root   258   258 I zygote  : Explicit concurrent copying GC freed 2340(254KB) AllocSpace objects, 0(0B) LOS objects, 77% free, 437KB/1973KB, paused 214us,37us total 20.789ms
01-01 00:00:17.190  root   258   258 I zygote  : Explicit concurrent copying GC freed 69(51KB) AllocSpace objects, 0(0B) LOS objects, 77% free, 433KB/1969KB, paused 208us,38us total 10.415ms
01-01 00:00:17.231  root   258   258 I Zygote  : Accepting command socket connections
01-01 00:00:17.383  root   257   257 I Zygote  : Preloading classes...
01-01 00:00:17.609  root   257   257 I Typeface: Preloading /system/fonts/Roboto-Regular.ttf
01-01 00:00:17.613  root   257   257 I Typeface: Preloading /system/fonts/RobotoStatic-Regular.ttf
01-01 00:00:17.736  root   257   257 E ActivityRecognitionHardware: activity_recognition HAL is deprecated. class_init is effectively a no-op
01-01 00:00:17.756  1003   439   454 D BootAnimation: Playing files = /system/media/bootanimation.zip/part2, Requested repeat = 0, playUntilComplete = true
01-01 00:00:17.999  root   257   465 I zygote64: Verified 5508 classes from mainline modules in 1.010s
01-01 00:00:18.486  root   258   460 I zygote  : Verified 5508 classes from mainline modules in 1.424s
01-01 00:00:18.495  root   257   257 D MtpDeviceJNI: register_android_mtp_MtpDevice
01-01 00:00:18.498  root   257   257 E MediaProfiles: MediaProfiles::createCamcorderProfile failed to locate quality 720p 
01-01 00:00:18.498  root   257   257 E MediaProfiles: MediaProfiles::createCamcorderProfile failed to locate quality 720p 
01-01 00:00:18.540 media   335   373 W ServiceManager: Service package_native didn't start. Returning NULL
01-01 00:00:18.540 media   335   373 E ServiceUtilities: getInfo: Cannot find package_native
01-01 00:00:18.567  root   257   257 I zygote64: Thread[1,tid=257,Native,Thread*=0xb4000074094cdbe0,peer=0x139c0000,"main"] recursive attempt to load library "librtp_jni.so"
01-01 00:00:19.227  root   257   257 W Zygote  : Class not found for preloading: com.android.internal.telephony.ServiceStateTracker$$ExternalSyntheticLambda6
01-01 00:00:19.412  root   257   257 I Zygote  : ...preloaded 16430 classes in 2029ms.
01-01 00:00:19.425  root   257   257 D ApplicationLoaders: Created zygote-cached class loader: /system/framework/android.hidl.base-V1.0-java.jar
01-01 00:00:19.432  root   257   257 D ApplicationLoaders: Created zygote-cached class loader: /system/framework/android.hidl.manager-V1.0-java.jar
01-01 00:00:19.440  root   257   257 D ApplicationLoaders: Created zygote-cached class loader: /system/framework/android.test.base.jar
01-01 00:00:19.440  root   257   257 I Zygote  : Preloading resources...
01-01 00:00:19.478  root   257   257 W Resources: Preloaded drawable resource #0x1080297 (android:drawable/dialog_background_material) that varies with configuration!!
01-01 00:00:19.511  root   257   257 I Zygote  : ...preloaded 64 resources in 71ms.
01-01 00:00:19.518  root   257   257 I Zygote  : ...preloaded 41 resources in 7ms.
01-01 00:00:19.537  root   257   257 D libEGL  : loaded /vendor/lib64/egl/libEGL_mesa.so
01-01 00:00:19.540  root   257   257 D libEGL  : loaded /vendor/lib64/egl/libGLESv1_CM_mesa.so
01-01 00:00:19.545  root   257   257 D libEGL  : loaded /vendor/lib64/egl/libGLESv2_mesa.so
01-01 00:00:19.559  root   257   257 I Zygote  : Preloading shared libraries...
01-01 00:00:19.566  root   257   257 E zygote64: Unable to find pattern file or unable to map it for am
01-01 00:00:19.571  root   257   257 I Zygote  : Called ZygoteHooks.endPreload()
01-01 00:00:19.572  root   257   257 I Zygote  : Installed AndroidKeyStoreProvider in 1ms.
01-01 00:00:19.574  root   257   257 I Zygote  : Warmed up JCA providers in 2ms.
01-01 00:00:19.574  root   257   257 D Zygote  : end preload
01-01 00:00:19.692  root   257   257 I zygote64: Explicit concurrent copying GC freed 160458(6941KB) AllocSpace objects, 6(136KB) LOS objects, 49% free, 10221KB/19MB, paused 111us,20us total 117.864ms
01-01 00:00:19.767  1003   439   454 D BootAnimation: Playing files = /system/media/bootanimation.zip/part2, Requested repeat = 0, playUntilComplete = true
01-01 00:00:19.782  root   257   257 I zygote64: Explicit concurrent copying GC freed 8329(315KB) AllocSpace objects, 1(28KB) LOS objects, 49% free, 9909KB/19MB, paused 42us,15us total 88.361ms
01-01 00:00:20.254  root   257   257 D Zygote  : Forked child process 473
01-01 00:00:20.255  root   257   257 I Zygote  : System server process 473 has been created
01-01 00:00:20.257  root   257   257 I Zygote  : Accepting command socket connections
01-01 00:00:21.442  root   343   457 W ServiceManager: Service package_native didn't start. Returning NULL
01-01 00:00:21.775  1003   439   454 D BootAnimation: Playing files = /system/media/bootanimation.zip/part2, Requested repeat = 0, playUntilComplete = true
01-01 00:00:21.835  root   473   473 I Zygote  : seccomp disabled by setenforce 0
01-01 00:00:22.055  1000   473   473 W system_server: Failed to upload odrefresh metrics: metrics file '/data/misc/odrefresh/odrefresh-metrics.txt' could not be opened: No such file or directory
01-01 00:00:22.065 shell   317   363 I adbd    : jdwp connection from 473
01-01 00:00:23.782  1003   439   454 D BootAnimation: Playing files = /system/media/bootanimation.zip/part2, Requested repeat = 0, playUntilComplete = true
01-01 00:00:23.910  1000   473   497 I incfs   : Initial API level of the device: 33
01-01 00:00:23.910  1000   473   497 I incfs   : ro.incremental.enable: on
01-01 00:00:23.911  1000   473   497 I incfs   : isFsAvailable: false
01-01 00:00:23.991  root   331   352 D installd: Found quota mount /dev/block/mmcblk0p4 at /data
01-01 00:00:23.992  root   331   352 D installd: Found quota mount /dev/block/mmcblk0p4 at /data/user/0
01-01 00:00:24.004  1000   159   159 I servicemanager: Could not find android.hardware.power.stats.IPowerStats/default in the VINTF manifest.
01-01 00:00:24.009  1000   160   160 I hwservicemanager: getTransport: Cannot find entry android.hardware.power.stats@1.0::IPowerStats/default in either framework or device VINTF manifest.
01-01 00:00:24.009  1000   473   473 E PowerStatsService: Unable to get power.stats HAL service.
01-01 00:00:24.009  1000   473   473 E PowerStatsService: nativeInit failed to connect to power.stats HAL
01-01 00:00:24.011  1000   160   160 I hwservicemanager: getTransport: Cannot find entry android.frameworks.stats@1.0::IStats/default in either framework or device VINTF manifest.
01-01 00:00:24.011  1000   473   473 E HidlServiceManagement: Service android.frameworks.stats@1.0::IStats/default must be in VINTF manifest in order to register/get.
01-01 00:00:24.011  1000   473   473 W system_server: Cannot register HIDL android.frameworks.stats@1.0::IStats: -2147483648
01-01 00:00:24.012  1000   159   159 I servicemanager: Found android.frameworks.stats.IStats/default in framework VINTF manifest.
01-01 00:00:24.013  1000   160   160 I hwservicemanager: getTransport: Cannot find entry android.hardware.memtrack@1.0::IMemtrack/default in either framework or device VINTF manifest.
01-01 00:00:24.013  1000   159   159 I servicemanager: Could not find android.hardware.memtrack.IMemtrack/default in the VINTF manifest.
01-01 00:00:24.014  1000   473   473 I Stability: Interface set with vintf stability downgraded to system stability stability
01-01 00:00:24.215  1000   160   160 I hwservicemanager: getTransport: Cannot find entry android.hardware.power.stats@1.0::IPowerStats/default in either framework or device VINTF manifest.
01-01 00:00:24.215  1000   473   506 E BatteryStatsService: Unable to load Power.Stats.HAL. Setting rail availability to false
01-01 00:00:24.217  1000   473   506 E BluetoothAdapter: Bluetooth service is null
01-01 00:00:24.223  1000   201   201 I binder:201_3: type=1400 audit(0.0:59): avc: denied { read } for name="wakeup0" dev="sysfs" ino=19170 scontext=u:r:system_suspend:s0 tcontext=u:object_r:sysfs:s0 tclass=dir permissive=1
01-01 00:00:24.223  1000   201   201 I binder:201_3: type=1400 audit(0.0:60): avc: denied { open } for path="/sys/devices/platform/scb/fd500000.pcie/pci0000:00/0000:00:00.0/0000:01:00.0/wakeup/wakeup0" dev="sysfs" ino=19170 scontext=u:r:system_suspend:s0 tcontext=u:object_r:sysfs:s0 tclass=dir permissive=1
01-01 00:00:24.223  1000   201   201 I binder:201_3: type=1400 audit(0.0:61): avc: denied { read } for name="event_count" dev="sysfs" ino=19177 scontext=u:r:system_suspend:s0 tcontext=u:object_r:sysfs:s0 tclass=file permissive=1
01-01 00:00:24.223  1000   201   201 I binder:201_3: type=1400 audit(0.0:62): avc: denied { open } for path="/sys/devices/platform/scb/fd500000.pcie/pci0000:00/0000:00:00.0/0000:01:00.0/wakeup/wakeup0/event_count" dev="sysfs" ino=19177 scontext=u:r:system_suspend:s0 tcontext=u:object_r:sysfs:s0 tclass=file permissive=1
01-01 00:00:24.223  1000   201   201 I binder:201_3: type=1400 audit(0.0:63): avc: denied { getattr } for path="/sys/devices/platform/scb/fd500000.pcie/pci0000:00/0000:00:00.0/0000:01:00.0/wakeup/wakeup0/event_count" dev="sysfs" ino=19177 scontext=u:r:system_suspend:s0 tcontext=u:object_r:sysfs:s0 tclass=file permissive=1
01-01 00:00:24.413  1000   159   159 I servicemanager: Found android.hardware.power.IPower/default in device VINTF manifest.
01-01 00:00:24.415  9999   288   288 I android.hardware.power-service.example: Power isModeSupported: 7
01-01 00:00:24.415  9999   288   288 I android.hardware.power-service.example: Power isModeSupported: 0
01-01 00:00:24.430  1000   159   159 I servicemanager: Found android.hardware.light.ILights/default in device VINTF manifest.
01-01 00:00:24.512  1000   473   493 W StrictMode: No activity manager; failed to Dropbox violation.
01-01 00:00:24.513  1000   473   493 W StrictMode: No activity manager; failed to Dropbox violation.
01-01 00:00:24.513  1000   473   493 W StrictMode: No activity manager; failed to Dropbox violation.
01-01 00:00:24.514  1000   473   493 W StrictMode: No activity manager; failed to Dropbox violation.
01-01 00:00:24.515  1000   473   493 W StrictMode: No activity manager; failed to Dropbox violation.
01-01 00:00:24.515  1000   473   493 W StrictMode: No activity manager; failed to Dropbox violation.
01-01 00:00:24.516  1000   473   493 W StrictMode: No activity manager; failed to Dropbox violation.
01-01 00:00:24.589  1000   473   473 D FallbackCategoryProvider: Found 1 fallback categories
--------- beginning of system
01-01 00:00:24.705  1000   473   473 E PackageManager: Package com.android.localtransport was user id 0 but is now user SharedUserSetting{158bf6c android.uid.system/1000} with id 1000; I am not changing its files so it will probably fail!
01-01 00:00:24.706  1000   473   473 E PackageManager: Package com.android.car.media.localmediaplayer was user id 0 but is now user SharedUserSetting{b2554a6 com.android.car.media/10042} with id 10042; I am not changing its files so it will probably fail!
01-01 00:00:24.707  1000   473   473 E PackageManager: Package com.android.networkstack.tethering was user id 0 but is now user SharedUserSetting{7ecb21 android.uid.networkstack/1073} with id 1073; I am not changing its files so it will probably fail!
01-01 00:00:24.707  1000   473   473 E PackageManager: Package com.android.soundpicker was user id 0 but is now user SharedUserSetting{211a870 android.media/10025} with id 10025; I am not changing its files so it will probably fail!
01-01 00:00:24.708  1000   473   473 E PackageManager: Package com.android.experimentalcar was user id 0 but is now user SharedUserSetting{158bf6c android.uid.system/1000} with id 1000; I am not changing its files so it will probably fail!
01-01 00:00:24.709  1000   473   473 E PackageManager: Package com.android.cts.ctsshim was user id 0 but is now user SharedUserSetting{451b3df com.android.cts.ctsshim/10068} with id 10068; I am not changing its files so it will probably fail!
01-01 00:00:24.710  1000   473   473 E PackageManager: Package com.android.phone was user id 0 but is now user SharedUserSetting{d928e79 android.uid.phone/1001} with id 1001; I am not changing its files so it will probably fail!
01-01 00:00:24.710  1000   473   473 E PackageManager: Package com.android.shell was user id 0 but is now user SharedUserSetting{3f82b18 android.uid.shell/2000} with id 2000; I am not changing its files so it will probably fail!
01-01 00:00:24.711  1000   473   473 E PackageManager: Package com.android.wallpaperbackup was user id 0 but is now user SharedUserSetting{158bf6c android.uid.system/1000} with id 1000; I am not changing its files so it will probably fail!
01-01 00:00:24.712  1000   473   473 E PackageManager: Package com.android.providers.blockednumber was user id 0 but is now user SharedUserSetting{e039bad android.uid.shared/10020} with id 10020; I am not changing its files so it will probably fail!
01-01 00:00:24.712  1000   473   473 E PackageManager: Package com.android.providers.userdictionary was user id 0 but is now user SharedUserSetting{e039bad android.uid.shared/10020} with id 10020; I am not changing its files so it will probably fail!
01-01 00:00:24.713  1000   473   473 E PackageManager: Package com.android.location.fused was user id 0 but is now user SharedUserSetting{158bf6c android.uid.system/1000} with id 1000; I am not changing its files so it will probably fail!
01-01 00:00:24.714  1000   473   473 E PackageManager: Package com.android.systemui was user id 0 but is now user SharedUserSetting{a09845c android.uid.systemui/10088} with id 10088; I am not changing its files so it will probably fail!
01-01 00:00:24.714  1000   473   473 E PackageManager: Package com.android.bluetooth was user id 0 but is now user SharedUserSetting{dde4ceb android.uid.bluetooth/1002} with id 1002; I am not changing its files so it will probably fail!
01-01 00:00:24.715  1000   473   473 E PackageManager: Package com.android.providers.contacts was user id 0 but is now user SharedUserSetting{e039bad android.uid.shared/10020} with id 10020; I am not changing its files so it will probably fail!
01-01 00:00:25.016  1000   473   473 V SLog    : static_init took to complete: 2ms
01-01 00:00:25.016  1000   473   473 W PackageSettings: Missing permission state for package com.android.uwb.resources on user 0
01-01 00:00:25.016  1000   473   473 W PackageSettings: Missing permission state for package com.android.internal.display.cutout.emulation.corner on user 0
01-01 00:00:25.016  1000   473   473 W PackageSettings: Missing permission state for package com.android.internal.display.cutout.emulation.double on user 0
01-01 00:00:25.016  1000   473   473 W PackageSettings: Missing permission state for package com.android.internal.systemui.navbar.gestural_wide_back on user 0
01-01 00:00:25.016  1000   473   473 W PackageSettings: Missing permission state for package com.android.virtualmachine.res on user 0
01-01 00:00:25.016  1000   473   473 W PackageSettings: Missing permission state for package com.android.providers.settings.rpi on user 0
01-01 00:00:25.017  1000   473   473 W PackageSettings: Missing permission state for package com.android.connectivity.resources on user 0
01-01 00:00:25.017  1000   473   473 W PackageSettings: Missing permission state for package com.android.internal.display.cutout.emulation.hole on user 0
01-01 00:00:25.017  1000   473   473 W PackageSettings: Missing permission state for package com.android.internal.display.cutout.emulation.tall on user 0
01-01 00:00:25.017  1000   473   473 W PackageSettings: Missing permission state for package com.android.internal.systemui.navbar.threebutton on user 0
01-01 00:00:25.017  1000   473   473 W PackageSettings: Missing permission state for package com.android.car.scriptexecutor on user 0
01-01 00:00:25.017  1000   473   473 W PackageSettings: Missing permission state for package com.android.compos.payload on user 0
01-01 00:00:25.017  1000   473   473 W PackageSettings: Missing permission state for package com.android.internal.systemui.navbar.gestural_extra_wide_back on user 0
01-01 00:00:25.017  1000   473   473 W PackageSettings: Missing permission state for package com.android.wifi.resources.rpi on user 0
01-01 00:00:25.018  1000   473   473 W PackageSettings: Missing permission state for package com.android.car.frameworkpackagestubs on user 0
01-01 00:00:25.018  1000   473   473 W PackageSettings: Missing permission state for package com.android.dreams.basic on user 0
01-01 00:00:25.018  1000   473   473 W PackageSettings: Missing permission state for package com.android.car.resources.rpi on user 0
01-01 00:00:25.018  1000   473   473 W PackageSettings: Missing permission state for package android.ext.shared on user 0
01-01 00:00:25.018  1000   473   473 W PackageSettings: Missing permission state for package com.android.wifi.resources on user 0
01-01 00:00:25.018  1000   473   473 W PackageSettings: Missing permission state for package com.android.cameraextensions on user 0
01-01 00:00:25.018  1000   473   473 W PackageSettings: Missing permission state for package com.android.theme.font.notoserifsource on user 0
01-01 00:00:25.018  1000   473   473 W PackageSettings: Missing permission state for package com.android.internal.display.cutout.emulation.waterfall on user 0
01-01 00:00:25.019  1000   473   473 W PackageSettings: Missing permission state for package android.rpi on user 0
01-01 00:00:25.019  1000   473   473 W PackageSettings: Missing permission state for package com.android.bookmarkprovider on user 0
01-01 00:00:25.019  1000   473   473 W PackageSettings: Missing permission state for package com.android.permissioncontroller.car.rro on user 0
01-01 00:00:25.019  1000   473   473 W PackageSettings: Missing permission state for package com.android.internal.systemui.navbar.gestural on user 0
01-01 00:00:25.019  1000   473   473 W PackageSettings: Missing permission state for package com.android.car.updatable on user 0
01-01 00:00:25.019  1000   473   473 W PackageSettings: Missing permission state for package com.android.internal.systemui.navbar.gestural_narrow_back on user 0
01-01 00:00:25.020  1000   473   473 W PackageSettings: Missing permission state for shared user: android.uid.log
01-01 00:00:25.021  1000   473   473 W PackageSettings: Missing permission state for shared user: android.uid.uwb
01-01 00:00:25.035  1000   473   473 W PackageSettings: Missing permission state for package com.android.uwb.resources on user 10
01-01 00:00:25.037  1000   473   473 W PackageSettings: Missing permission state for package com.android.internal.display.cutout.emulation.corner on user 10
01-01 00:00:25.037  1000   473   473 W PackageSettings: Missing permission state for package com.android.internal.display.cutout.emulation.double on user 10
01-01 00:00:25.037  1000   473   473 W PackageSettings: Missing permission state for package com.android.internal.systemui.navbar.gestural_wide_back on user 10
01-01 00:00:25.037  1000   473   473 W PackageSettings: Missing permission state for package com.android.virtualmachine.res on user 10
01-01 00:00:25.038  1000   473   473 W PackageSettings: Missing permission state for package com.android.providers.settings.rpi on user 10
01-01 00:00:25.038  1000   473   473 W PackageSettings: Missing permission state for package com.android.connectivity.resources on user 10
01-01 00:00:25.038  1000   473   473 W PackageSettings: Missing permission state for package com.android.internal.display.cutout.emulation.hole on user 10
01-01 00:00:25.038  1000   473   473 W PackageSettings: Missing permission state for package com.android.internal.display.cutout.emulation.tall on user 10
01-01 00:00:25.038  1000   473   473 W PackageSettings: Missing permission state for package com.android.internal.systemui.navbar.threebutton on user 10
01-01 00:00:25.038  1000   473   473 W PackageSettings: Missing permission state for package com.android.car.scriptexecutor on user 10
01-01 00:00:25.039  1000   473   473 W PackageSettings: Missing permission state for package com.android.compos.payload on user 10
01-01 00:00:25.039  1000   473   473 W PackageSettings: Missing permission state for package com.android.internal.systemui.navbar.gestural_extra_wide_back on user 10
01-01 00:00:25.039  1000   473   473 W PackageSettings: Missing permission state for package com.android.wifi.resources.rpi on user 10
01-01 00:00:25.039  1000   473   473 W PackageSettings: Missing permission state for package com.android.car.frameworkpackagestubs on user 10
01-01 00:00:25.039  1000   473   473 W PackageSettings: Missing permission state for package com.android.dreams.basic on user 10
01-01 00:00:25.039  1000   473   473 W PackageSettings: Missing permission state for package com.android.car.resources.rpi on user 10
01-01 00:00:25.039  1000   473   473 W PackageSettings: Missing permission state for package android.ext.shared on user 10
01-01 00:00:25.039  1000   473   473 W PackageSettings: Missing permission state for package com.android.wifi.resources on user 10
01-01 00:00:25.040  1000   473   473 W PackageSettings: Missing permission state for package com.android.cameraextensions on user 10
01-01 00:00:25.040  1000   473   473 W PackageSettings: Missing permission state for package com.android.theme.font.notoserifsource on user 10
01-01 00:00:25.040  1000   473   473 W PackageSettings: Missing permission state for package com.android.internal.display.cutout.emulation.waterfall on user 10
01-01 00:00:25.040  1000   473   473 W PackageSettings: Missing permission state for package android.rpi on user 10
01-01 00:00:25.040  1000   473   473 W PackageSettings: Missing permission state for package com.android.bookmarkprovider on user 10
01-01 00:00:25.040  1000   473   473 W PackageSettings: Missing permission state for package com.android.permissioncontroller.car.rro on user 10
01-01 00:00:25.041  1000   473   473 W PackageSettings: Missing permission state for package com.android.internal.systemui.navbar.gestural on user 10
01-01 00:00:25.041  1000   473   473 W PackageSettings: Missing permission state for package com.android.car.updatable on user 10
01-01 00:00:25.041  1000   473   473 W PackageSettings: Missing permission state for package com.android.internal.systemui.navbar.gestural_narrow_back on user 10
01-01 00:00:25.042  1000   473   473 W PackageSettings: Missing permission state for shared user: android.uid.log
01-01 00:00:25.042  1000   473   473 W PackageSettings: Missing permission state for shared user: android.uid.uwb
01-01 00:00:25.058  1000   473   473 W PackageSettings: Missing permission state for package com.android.uwb.resources on user 11
01-01 00:00:25.058  1000   473   473 W PackageSettings: Missing permission state for package com.android.internal.display.cutout.emulation.corner on user 11
01-01 00:00:25.058  1000   473   473 W PackageSettings: Missing permission state for package com.android.internal.display.cutout.emulation.double on user 11
01-01 00:00:25.058  1000   473   473 W PackageSettings: Missing permission state for package com.android.internal.systemui.navbar.gestural_wide_back on user 11
01-01 00:00:25.058  1000   473   473 W PackageSettings: Missing permission state for package com.android.virtualmachine.res on user 11
01-01 00:00:25.058  1000   473   473 W PackageSettings: Missing permission state for package com.android.providers.settings.rpi on user 11
01-01 00:00:25.058  1000   473   473 W PackageSettings: Missing permission state for package com.android.connectivity.resources on user 11
01-01 00:00:25.059  1000   473   473 W PackageSettings: Missing permission state for package com.android.internal.display.cutout.emulation.hole on user 11
01-01 00:00:25.059  1000   473   473 W PackageSettings: Missing permission state for package com.android.internal.display.cutout.emulation.tall on user 11
01-01 00:00:25.059  1000   473   473 W PackageSettings: Missing permission state for package com.android.internal.systemui.navbar.threebutton on user 11
01-01 00:00:25.059  1000   473   473 W PackageSettings: Missing permission state for package com.android.car.scriptexecutor on user 11
01-01 00:00:25.059  1000   473   473 W PackageSettings: Missing permission state for package com.android.compos.payload on user 11
01-01 00:00:25.059  1000   473   473 W PackageSettings: Missing permission state for package com.android.internal.systemui.navbar.gestural_extra_wide_back on user 11
01-01 00:00:25.059  1000   473   473 W PackageSettings: Missing permission state for package com.android.wifi.resources.rpi on user 11
01-01 00:00:25.059  1000   473   473 W PackageSettings: Missing permission state for package com.android.car.frameworkpackagestubs on user 11
01-01 00:00:25.059  1000   473   473 W PackageSettings: Missing permission state for package com.android.dreams.basic on user 11
01-01 00:00:25.060  1000   473   473 W PackageSettings: Missing permission state for package com.android.car.resources.rpi on user 11
01-01 00:00:25.060  1000   473   473 W PackageSettings: Missing permission state for package android.ext.shared on user 11
01-01 00:00:25.060  1000   473   473 W PackageSettings: Missing permission state for package com.android.wifi.resources on user 11
01-01 00:00:25.060  1000   473   473 W PackageSettings: Missing permission state for package com.android.cameraextensions on user 11
01-01 00:00:25.060  1000   473   473 W PackageSettings: Missing permission state for package com.android.theme.font.notoserifsource on user 11
01-01 00:00:25.060  1000   473   473 W PackageSettings: Missing permission state for package com.android.internal.display.cutout.emulation.waterfall on user 11
01-01 00:00:25.060  1000   473   473 W PackageSettings: Missing permission state for package android.rpi on user 11
01-01 00:00:25.061  1000   473   473 W PackageSettings: Missing permission state for package com.android.bookmarkprovider on user 11
01-01 00:00:25.061  1000   473   473 W PackageSettings: Missing permission state for package com.android.permissioncontroller.car.rro on user 11
01-01 00:00:25.061  1000   473   473 W PackageSettings: Missing permission state for package com.android.internal.systemui.navbar.gestural on user 11
01-01 00:00:25.061  1000   473   473 W PackageSettings: Missing permission state for package com.android.car.updatable on user 11
01-01 00:00:25.061  1000   473   473 W PackageSettings: Missing permission state for package com.android.internal.systemui.navbar.gestural_narrow_back on user 11
01-01 00:00:25.062  1000   473   473 W PackageSettings: Missing permission state for shared user: android.uid.log
01-01 00:00:25.062  1000   473   473 W PackageSettings: Missing permission state for shared user: android.uid.uwb
01-01 00:00:25.084  1000   473   473 W PackageSettings: Missing permission state for package com.android.uwb.resources on user 12
01-01 00:00:25.084  1000   473   473 W PackageSettings: Missing permission state for package com.android.internal.display.cutout.emulation.corner on user 12
01-01 00:00:25.084  1000   473   473 W PackageSettings: Missing permission state for package com.android.internal.display.cutout.emulation.double on user 12
01-01 00:00:25.084  1000   473   473 W PackageSettings: Missing permission state for package com.android.internal.systemui.navbar.gestural_wide_back on user 12
01-01 00:00:25.084  1000   473   473 W PackageSettings: Missing permission state for package com.android.virtualmachine.res on user 12
01-01 00:00:25.085  1000   473   473 W PackageSettings: Missing permission state for package com.android.providers.settings.rpi on user 12
01-01 00:00:25.085  1000   473   473 W PackageSettings: Missing permission state for package com.android.connectivity.resources on user 12
01-01 00:00:25.085  1000   473   473 W PackageSettings: Missing permission state for package com.android.internal.display.cutout.emulation.hole on user 12
01-01 00:00:25.085  1000   473   473 W PackageSettings: Missing permission state for package com.android.internal.display.cutout.emulation.tall on user 12
01-01 00:00:25.085  1000   473   473 W PackageSettings: Missing permission state for package com.android.internal.systemui.navbar.threebutton on user 12
01-01 00:00:25.085  1000   473   473 W PackageSettings: Missing permission state for package com.android.car.scriptexecutor on user 12
01-01 00:00:25.086  1000   473   473 W PackageSettings: Missing permission state for package com.android.compos.payload on user 12
01-01 00:00:25.086  1000   473   473 W PackageSettings: Missing permission state for package com.android.internal.systemui.navbar.gestural_extra_wide_back on user 12
01-01 00:00:25.086  1000   473   473 W PackageSettings: Missing permission state for package com.android.wifi.resources.rpi on user 12
01-01 00:00:25.086  1000   473   473 W PackageSettings: Missing permission state for package com.android.car.frameworkpackagestubs on user 12
01-01 00:00:25.086  1000   473   473 W PackageSettings: Missing permission state for package com.android.dreams.basic on user 12
01-01 00:00:25.086  1000   473   473 W PackageSettings: Missing permission state for package com.android.car.resources.rpi on user 12
01-01 00:00:25.086  1000   473   473 W PackageSettings: Missing permission state for package android.ext.shared on user 12
01-01 00:00:25.086  1000   473   473 W PackageSettings: Missing permission state for package com.android.wifi.resources on user 12
01-01 00:00:25.086  1000   473   473 W PackageSettings: Missing permission state for package com.android.cameraextensions on user 12
01-01 00:00:25.086  1000   473   473 W PackageSettings: Missing permission state for package com.android.theme.font.notoserifsource on user 12
01-01 00:00:25.086  1000   473   473 W PackageSettings: Missing permission state for package com.android.internal.display.cutout.emulation.waterfall on user 12
01-01 00:00:25.087  1000   473   473 W PackageSettings: Missing permission state for package android.rpi on user 12
01-01 00:00:25.087  1000   473   473 W PackageSettings: Missing permission state for package com.android.bookmarkprovider on user 12
01-01 00:00:25.087  1000   473   473 W PackageSettings: Missing permission state for package com.android.permissioncontroller.car.rro on user 12
01-01 00:00:25.087  1000   473   473 W PackageSettings: Missing permission state for package com.android.internal.systemui.navbar.gestural on user 12
01-01 00:00:25.087  1000   473   473 W PackageSettings: Missing permission state for package com.android.car.updatable on user 12
01-01 00:00:25.088  1000   473   473 W PackageSettings: Missing permission state for package com.android.internal.systemui.navbar.gestural_narrow_back on user 12
01-01 00:00:25.089  1000   473   473 W PackageSettings: Missing permission state for shared user: android.uid.log
01-01 00:00:25.089  1000   473   473 W PackageSettings: Missing permission state for shared user: android.uid.uwb
01-01 00:00:25.091  1000   473   473 V PackageManagerTiming: read user settings took to complete: 502ms
01-01 00:00:25.137  1000   473   473 D PackageManager: Directories scanned as system partitions: [/system:0, /vendor:524288, /odm:4194304, /oem:262144, /system/product:1048576, /system/system_ext:2097152, /apex/com.android.virt:8388608, /apex/com.android.compos:8388608, /apex/com.android.wifi:8388608, /apex/com.android.vndk.v33:8388608, /apex/com.android.uwb:8388608, /apex/com.android.tzdata:8388608, /apex/com.android.tethering:8388608, /apex/com.android.sdkext:8388608, /apex/com.android.scheduling:8388608, /apex/com.android.runtime:8388608, /apex/com.android.resolv:8388608, /apex/com.android.permission:8388608, /apex/com.android.os.statsd:8388608, /apex/com.android.ondevicepersonalization:8388608, /apex/com.android.neuralnetworks:8388608, /apex/com.android.mediaprovider:8388608, /apex/com.android.media.swcodec:8388608, /apex/com.android.media:8388608, /apex/com.android.ipsec:8388608, /apex/com.android.i18n:8388608, /apex/com.android.extservices:8388608, /apex/com.android.conscrypt:8388608, /apex/com.android.car.framework:8388608, /apex/com.android.btservices:8388608, /apex/com.android.art:8388608, /apex/com.android.appsearch:8388608, /apex/com.android.adservices:8388608, /apex/com.android.adbd:8388608]
01-01 00:00:25.138  1000   473   473 D PackageManager: Keeping known cache a1c7e2f7d6a773372358ee95cd2d275d6e9f09fc
01-01 00:00:25.140  1000   473   473 D PackageManager: No files in app dir /system/system_ext/overlay
01-01 00:00:25.147  1000   473   473 I PackageBackwardCompatibility: Loaded android.content.pm.AndroidTestBaseUpdater
01-01 00:00:25.149  1000   473   473 D CompatibilityChangeReporter: Compat change id reported: 143539591; UID -1; state: DISABLED
01-01 00:00:25.149  1000   473   473 D CompatibilityChangeReporter: Compat change id reported: 168782947; UID -1; state: ENABLED
01-01 00:00:25.163  1000   473   473 D PackageManager: No files in app dir /oem/overlay
01-01 00:00:25.163  1000   473   473 D PackageManager: No files in app dir /odm/overlay
01-01 00:00:25.174  1000   473   473 W PackageManager: Failed to parse /system/framework/oat: Missing base APK in /system/framework/oat
01-01 00:00:25.174  1000   473   473 W PackageManager: Failed to parse /system/framework/arm64: Missing base APK in /system/framework/arm64
01-01 00:00:25.175  1000   473   473 W PackageManager: Failed to parse /system/framework/arm: Missing base APK in /system/framework/arm
01-01 00:00:25.230  1000   473   473 D CompatibilityChangeReporter: Compat change id reported: 168782947; UID -1; state: DISABLED
01-01 00:00:25.301  1000   473   473 I PackageManager: /system/priv-app/NetworkStack changed; collecting certs
01-01 00:00:25.316  1000   473   473 W PackageManager: Failed to scan /system/priv-app/NetworkStack: Application package com.android.networkstack already installed.  Skipping duplicate.
01-01 00:00:25.322  1000   473   473 I PackageManager: Replacing default ResolverActivity with custom activity: ComponentInfo{com.android.car.activityresolver/com.android.car.activityresolver.CarResolverActivity}
01-01 00:00:25.383  1000   473   473 D PackageManager: No files in app dir /vendor/priv-app
01-01 00:00:25.383  1000   473   473 D PackageManager: No files in app dir /vendor/app
01-01 00:00:25.383  1000   473   473 D PackageManager: No files in app dir /odm/priv-app
01-01 00:00:25.383  1000   473   473 D PackageManager: No files in app dir /odm/app
01-01 00:00:25.383  1000   473   473 D PackageManager: No files in app dir /oem/app
01-01 00:00:25.447  1000   473   473 D PackageManager: No files in app dir /apex/com.android.virt/priv-app
01-01 00:00:25.449  1000   473   522 W PackageCacher: Failed to find APEX file backing /apex/com.android.virt/app/android.system.virtualmachine.res@TQ3A.230901.001
01-01 00:00:25.452  1000   473   473 D PackageManager: No files in app dir /apex/com.android.compos/priv-app
01-01 00:00:25.453  1000   473   520 W PackageCacher: Failed to find APEX file backing /apex/com.android.compos/app/CompOSPayloadApp@TQ3A.230901.001
01-01 00:00:25.458  1000   473   519 W PackageCacher: Failed to find APEX file backing /apex/com.android.wifi/priv-app/ServiceWifiResources@TQ3A.230901.001
01-01 00:00:25.463  1000   473   521 W PackageCacher: Failed to find APEX file backing /apex/com.android.wifi/app/OsuLogin@TQ3A.230901.001
01-01 00:00:25.463  1000   473   522 W PackageCacher: Failed to find APEX file backing /apex/com.android.wifi/app/WifiDialog@TQ3A.230901.001
01-01 00:00:25.469  1000   473   473 D PackageManager: No files in app dir /apex/com.android.vndk.v33/priv-app
01-01 00:00:25.469  1000   473   473 D PackageManager: No files in app dir /apex/com.android.vndk.v33/app
01-01 00:00:25.470  1000   473   520 W PackageCacher: Failed to find APEX file backing /apex/com.android.uwb/priv-app/ServiceUwbResources@TQ3A.230901.001
01-01 00:00:25.474  1000   473   473 D PackageManager: No files in app dir /apex/com.android.uwb/app
01-01 00:00:25.474  1000   473   473 D PackageManager: No files in app dir /apex/com.android.tzdata/priv-app
01-01 00:00:25.474  1000   473   473 D PackageManager: No files in app dir /apex/com.android.tzdata/app
01-01 00:00:25.475  1000   473   521 W PackageCacher: Failed to find APEX file backing /apex/com.android.tethering/priv-app/TetheringNext@TQ3A.230901.001
01-01 00:00:25.475  1000   473   519 W PackageCacher: Failed to find APEX file backing /apex/com.android.tethering/priv-app/ServiceConnectivityResources@TQ3A.230901.001
01-01 00:00:25.482  1000   473   522 W PackageCacher: Failed to find APEX file backing /apex/com.android.tethering/app/HalfSheetUX@TQ3A.230901.001
01-01 00:00:25.485  1000   473   473 D PackageManager: No files in app dir /apex/com.android.sdkext/priv-app
01-01 00:00:25.486  1000   473   473 D PackageManager: No files in app dir /apex/com.android.sdkext/app
01-01 00:00:25.486  1000   473   473 D PackageManager: No files in app dir /apex/com.android.scheduling/priv-app
01-01 00:00:25.486  1000   473   473 D PackageManager: No files in app dir /apex/com.android.scheduling/app
01-01 00:00:25.486  1000   473   473 D PackageManager: No files in app dir /apex/com.android.runtime/priv-app
01-01 00:00:25.486  1000   473   473 D PackageManager: No files in app dir /apex/com.android.runtime/app
01-01 00:00:25.486  1000   473   473 D PackageManager: No files in app dir /apex/com.android.resolv/priv-app
01-01 00:00:25.487  1000   473   473 D PackageManager: No files in app dir /apex/com.android.resolv/app
01-01 00:00:25.488  1000   473   521 W PackageCacher: Failed to find APEX file backing /apex/com.android.permission/priv-app/PermissionController@TQ3A.230901.001
01-01 00:00:25.488  1000   473   520 W PackageCacher: Failed to find APEX file backing /apex/com.android.permission/priv-app/SafetyCenterResources@TQ3A.230901.001
01-01 00:00:25.497  1000   473   473 D PackageManager: No files in app dir /apex/com.android.permission/app
01-01 00:00:25.497  1000   473   473 D PackageManager: No files in app dir /apex/com.android.os.statsd/priv-app
01-01 00:00:25.497  1000   473   473 D PackageManager: No files in app dir /apex/com.android.os.statsd/app
01-01 00:00:25.497  1000   473   473 D PackageManager: No files in app dir /apex/com.android.ondevicepersonalization/priv-app
01-01 00:00:25.499  1000   473   519 W PackageCacher: Failed to find APEX file backing /apex/com.android.ondevicepersonalization/app/OnDevicePersonalization@TQ3A.230901.001
01-01 00:00:25.502  1000   473   473 D PackageManager: No files in app dir /apex/com.android.neuralnetworks/priv-app
01-01 00:00:25.502  1000   473   473 D PackageManager: No files in app dir /apex/com.android.neuralnetworks/app
01-01 00:00:25.503  1000   473   522 W PackageCacher: Failed to find APEX file backing /apex/com.android.mediaprovider/priv-app/MediaProvider@TQ3A.230901.001
01-01 00:00:25.508  1000   473   473 D PackageManager: No files in app dir /apex/com.android.mediaprovider/app
01-01 00:00:25.509  1000   473   473 D PackageManager: No files in app dir /apex/com.android.media.swcodec/priv-app
01-01 00:00:25.509  1000   473   473 D PackageManager: No files in app dir /apex/com.android.media.swcodec/app
01-01 00:00:25.509  1000   473   473 D PackageManager: No files in app dir /apex/com.android.media/priv-app
01-01 00:00:25.509  1000   473   473 D PackageManager: No files in app dir /apex/com.android.media/app
01-01 00:00:25.509  1000   473   473 D PackageManager: No files in app dir /apex/com.android.ipsec/priv-app
01-01 00:00:25.509  1000   473   473 D PackageManager: No files in app dir /apex/com.android.ipsec/app
01-01 00:00:25.510  1000   473   473 D PackageManager: No files in app dir /apex/com.android.i18n/priv-app
01-01 00:00:25.510  1000   473   473 D PackageManager: No files in app dir /apex/com.android.i18n/app
01-01 00:00:25.511  1000   473   520 W PackageCacher: Failed to find APEX file backing /apex/com.android.extservices/priv-app/ExtServices@TQ3A.230901.001
01-01 00:00:25.516  1000   473   473 D PackageManager: No files in app dir /apex/com.android.extservices/app
01-01 00:00:25.516  1000   473   473 D PackageManager: No files in app dir /apex/com.android.conscrypt/priv-app
01-01 00:00:25.516  1000   473   473 D PackageManager: No files in app dir /apex/com.android.conscrypt/app
01-01 00:00:25.517  1000   473   521 W PackageCacher: Failed to find APEX file backing /apex/com.android.car.framework/priv-app/CarServiceUpdatable@TQ3A.230901.001
01-01 00:00:25.524  1000   473   519 W PackageCacher: Failed to find APEX file backing /apex/com.android.car.framework/app/ScriptExecutor@TQ3A.230901.001
01-01 00:00:25.527  1000   473   473 D PackageManager: No files in app dir /apex/com.android.btservices/priv-app
01-01 00:00:25.529  1000   473   522 W PackageCacher: Failed to find APEX file backing /apex/com.android.btservices/app/Bluetooth@TQ3A.230901.001
01-01 00:00:25.534  1000   473   473 D PackageManager: No files in app dir /apex/com.android.art/priv-app
01-01 00:00:25.534  1000   473   473 D PackageManager: No files in app dir /apex/com.android.art/app
01-01 00:00:25.534  1000   473   473 D PackageManager: No files in app dir /apex/com.android.appsearch/priv-app
01-01 00:00:25.535  1000   473   473 D PackageManager: No files in app dir /apex/com.android.appsearch/app
01-01 00:00:25.536  1000   473   520 W PackageCacher: Failed to find APEX file backing /apex/com.android.adservices/priv-app/AdServicesApk@TQ3A.230901.001
01-01 00:00:25.541  1000   473   521 W PackageCacher: Failed to find APEX file backing /apex/com.android.adservices/app/SdkSandbox@TQ3A.230901.001
01-01 00:00:25.545  1000   473   473 D PackageManager: No files in app dir /apex/com.android.adbd/priv-app
01-01 00:00:25.545  1000   473   473 D PackageManager: No files in app dir /apex/com.android.adbd/app
01-01 00:00:25.563  1000   473   473 I PackageManager: Finished scanning system apps. Time: 430 ms, packageCount: 137 , timePerPackage: 3 , cached: 138
01-01 00:00:25.564  1000   473   473 D PackageManager: No files in app dir /data/app
01-01 00:00:25.565  1000   473   473 I PackageManager: Finished scanning non-system apps. Time: 2 ms, packageCount: 0 , timePerPackage: 0 , cached: 0
01-01 00:00:25.566  1000   473   473 W PackageManager: Missing required system package: .
01-01 00:00:25.566  1000   473   473 W PackageManager: Missing required system package: .
01-01 00:00:25.566  1000   473   473 W PackageManager: Missing required system package: com.android.launcher3.
01-01 00:00:25.569  1000   473   473 I PackageManager: Time to scan packages: 0.436 seconds
01-01 00:00:25.570  1000   473   473 I PackageManager: Permission ownership changed. Updating all permissions.
01-01 00:00:25.657  1000   473   473 V PackageManager: reconcileAppsData for null u0 0x3 migrateAppData=true
01-01 00:00:25.676  root   331   352 I SELinux : SELinux: Loaded file_contexts
01-01 00:00:25.789  1003   439   454 D BootAnimation: Playing files = /system/media/bootanimation.zip/part2, Requested repeat = 0, playUntilComplete = true
01-01 00:00:25.824  1000   473   473 V PackageManager: reconcileAppsData finished 25 packages
01-01 00:00:25.824  1000   473   473 D PackageManagerTiming: write settings
01-01 00:00:25.824  1000   473   525 D SystemServerTimingAsync: InitThreadPoolExec:prepareAppData
01-01 00:00:25.824  1000   473   525 D SystemServerInitThreadPool: Started executing prepareAppData
01-01 00:00:25.826  root   331   331 D installd: Found valid user 12
01-01 00:00:25.826  root   331   331 D installd: Found valid user 10
01-01 00:00:25.826  root   331   331 D installd: Found valid user 11
01-01 00:00:25.871  1000   473   473 I SELinux : SELinux: Loaded file_contexts
01-01 00:00:25.930  1000   473   473 V PackageManagerTiming: write settings took to complete: 106ms
01-01 00:00:25.930  1000   473   473 W PackageManager: There should probably be a verifier, but, none were found
