01-01 00:00:10.396  root     0     0 W         : using random host ethernet address
01-01 00:00:10.403  root   256   256 I netd    : Setting up StrictController hooks: 16607us
01-01 00:00:10.418  1000   277   277 I android.hardware.health-service.rpi: default instance initializing with healthd_config...
01-01 00:00:10.415  root     0     0 W healthd : No battery devices found
01-01 00:00:10.422  1000   159   159 I servicemanager: Found android.hardware.health.IHealth/default in device VINTF manifest.
01-01 00:00:10.422  1000   277   277 I android.hardware.health-service.rpi: default: Hal init done
01-01 00:00:10.428  root   256   256 I netd    : Enabling bandwidth control: 25201us
01-01 00:00:10.432  root   256   256 I netd    : Initializing RouteController: 4163us
01-01 00:00:10.433  root   256   256 D XfrmController: XfrmController::ipSecAddXfrmInterface, line=1480
01-01 00:00:10.434  root   256   256 D XfrmController: XfrmController::ipSecRemoveTunnelInterface, line=1693
01-01 00:00:10.434  root   256   256 D XfrmController: deviceName=ipsec_test
01-01 00:00:10.425  root     0     0 W healthd : battery none chg=
01-01 00:00:10.454  1000   271   271 I HidlServiceManagement: Registered android.hardware.gatekeeper@1.0::IGatekeeper/default
01-01 00:00:10.455  1000   271   271 I HidlServiceManagement: Removing namespace from process name android.hardware.gatekeeper@1.0-service.software to gatekeeper@1.0-service.software.
01-01 00:00:10.473  1000   286   286 I HidlServiceManagement: Registered android.hardware.usb@1.0::IUsb/default
01-01 00:00:10.474  1000   286   286 I HidlServiceManagement: Removing namespace from process name android.hardware.usb@1.0-service to usb@1.0-service.
01-01 00:00:10.475  1000   286   286 I android.hardware.usb@1.0-service: USB HAL Ready.
01-01 00:00:10.475  1000   272   272 I DMABUFHEAPS: Using : Non-legacy ION heaps
01-01 00:00:10.479  1000   272   272 I HidlServiceManagement: Registered android.hardware.graphics.allocator@4.0::IAllocator/default
01-01 00:00:10.479  1000   272   272 I HidlServiceManagement: Removing namespace from process name android.hardware.graphics.allocator@4.0-service.minigbm_gbm_mesa to allocator@4.0-service.minigbm_gbm_mesa.
01-01 00:00:10.479  1000   272   272 I AllocatorService: IAllocator 4.0 service is initialized.
01-01 00:00:10.481  1000   159   159 I servicemanager: Found android.hardware.power.IPower/default in device VINTF manifest.
01-01 00:00:10.497  root   256   256 D XfrmController: Sending Netlink XFRM Message: XFRM_MSG_FLUSHSA
01-01 00:00:10.497  root   256   256 D XfrmController: Sending Netlink XFRM Message: XFRM_MSG_FLUSHPOLICY
01-01 00:00:10.497  root   256   256 I netd    : Initializing XfrmController: 64622us
01-01 00:00:10.498  1000   282   282 I android.hardware.thermal@2.0-service-mock: Thermal HAL Service Mock 2.0 starting...
01-01 00:00:10.501  1000   282   282 I HidlServiceManagement: Registered android.hardware.thermal@2.0::IThermal/default
01-01 00:00:10.502  1000   282   282 I HidlServiceManagement: Removing namespace from process name android.hardware.thermal@2.0-service.mock to thermal@2.0-service.mock.
01-01 00:00:10.502  1000   282   282 I android.hardware.thermal@2.0-service-mock: Thermal Service started successfully.
01-01 00:00:10.568  1000   285   285 D hdmi_cec: open_hdmi_cec: id=hdmi_cec_hw_if
01-01 00:00:10.569  1000   285   285 D hdmi_cec: cec_init: type=4
01-01 00:00:10.569  1000   285   285 D hdmi_cec: cec_init: vendor_id=0c03
01-01 00:00:10.569  1000   285   285 D hdmi_cec: cec_init: version=5
01-01 00:00:10.569  1000   285   285 D hdmi_cec: cec_init: initialized CEC controller
01-01 00:00:10.569  1000   285   303 I hdmi_cec: event_thread start!
01-01 00:00:10.567  1000   285   285 I android.hardwar: type=1400 audit(0.0:5): avc: denied { read } for name="u:object_r:default_prop:s0" dev="tmpfs" ino=99 scontext=u:r:hal_tv_cec_default:s0 tcontext=u:object_r:default_prop:s0 tclass=file permissive=1
01-01 00:00:10.607  root   256   256 I resolv  : resolv_init: Initializing resolver
01-01 00:00:10.567  1000   285   285 I android.hardwar: type=1400 audit(0.0:6): avc: denied { open } for path="/dev/__properties__/u:object_r:default_prop:s0" dev="tmpfs" ino=99 scontext=u:r:hal_tv_cec_default:s0 tcontext=u:object_r:default_prop:s0 tclass=file permissive=1
01-01 00:00:10.567  1000   285   285 I android.hardwar: type=1400 audit(0.0:7): avc: denied { getattr } for path="/dev/__properties__/u:object_r:default_prop:s0" dev="tmpfs" ino=99 scontext=u:r:hal_tv_cec_default:s0 tcontext=u:object_r:default_prop:s0 tclass=file permissive=1
01-01 00:00:10.615  1000   285   285 I HidlServiceManagement: Registered android.hardware.tv.cec@1.0::IHdmiCec/default
01-01 00:00:10.567  1000   285   285 I android.hardwar: type=1400 audit(0.0:8): avc: denied { map } for path="/dev/__properties__/u:object_r:default_prop:s0" dev="tmpfs" ino=99 scontext=u:r:hal_tv_cec_default:s0 tcontext=u:object_r:default_prop:s0 tclass=file permissive=1
01-01 00:00:10.567  1000   285   285 I android.hardwar: type=1400 audit(0.0:9): avc: denied { read } for name="u:object_r:hdmi_config_prop:s0" dev="tmpfs" ino=152 scontext=u:r:hal_tv_cec_default:s0 tcontext=u:object_r:hdmi_config_prop:s0 tclass=file permissive=1
01-01 00:00:10.567  1000   285   285 I android.hardwar: type=1400 audit(0.0:10): avc: denied { open } for path="/dev/__properties__/u:object_r:hdmi_config_prop:s0" dev="tmpfs" ino=152 scontext=u:r:hal_tv_cec_default:s0 tcontext=u:object_r:hdmi_config_prop:s0 tclass=file permissive=1
01-01 00:00:10.615  1000   285   285 I HidlServiceManagement: Removing namespace from process name android.hardware.tv.cec@1.0-service to cec@1.0-service.
01-01 00:00:10.567  1000   285   285 I android.hardwar: type=1400 audit(0.0:11): avc: denied { getattr } for path="/dev/__properties__/u:object_r:hdmi_config_prop:s0" dev="tmpfs" ino=152 scontext=u:r:hal_tv_cec_default:s0 tcontext=u:object_r:hdmi_config_prop:s0 tclass=file permissive=1
01-01 00:00:10.567  1000   285   285 I android.hardwar: type=1400 audit(0.0:12): avc: denied { map } for path="/dev/__properties__/u:object_r:hdmi_config_prop:s0" dev="tmpfs" ino=152 scontext=u:r:hal_tv_cec_default:s0 tcontext=u:object_r:hdmi_config_prop:s0 tclass=file permissive=1
01-01 00:00:10.616  1000   285   285 I LegacySupport: Registration complete for android.hardware.tv.cec@1.0::IHdmiCec/default.
01-01 00:00:10.730 media   269   269 I HidlServiceManagement: Registered android.hardware.cas@1.2::IMediaCasService/default
01-01 00:00:10.730 media   269   269 I HidlServiceManagement: Removing namespace from process name android.hardware.cas@1.2-service to cas@1.2-service.
01-01 00:00:10.752  1000   159   159 I servicemanager: Found android.hardware.automotive.evs.IEvsEnumerator/hw/1 in device VINTF manifest.
01-01 00:00:10.753  1062   176   187 I evsmanagerd: Failed to connect to AIDL EVS HAL implementation.  Trying to connect to HIDL EVS HAL implementation instead.
01-01 00:00:10.753  1000   160   160 I hwservicemanager: getTransport: Cannot find entry android.hardware.automotive.evs@1.1::IEvsEnumerator/hw/1 in either framework or device VINTF manifest.
01-01 00:00:10.753  1062   176   187 I evsmanagerd: No EVS HAL implementation is available.  Retrying after 1000 ms
01-01 00:00:10.839  1076   290   290 I credstore: Registered binder service
01-01 00:00:10.839  1000   281   281 I android.hardwar: type=1400 audit(0.0:13): avc: denied { read } for name="devices" dev="sysfs" ino=10457 scontext=u:r:hal_sensors_default:s0 tcontext=u:object_r:sysfs:s0 tclass=dir permissive=1
01-01 00:00:10.839  1000   281   281 I android.hardwar: type=1400 audit(0.0:14): avc: denied { open } for path="/sys/bus/iio/devices" dev="sysfs" ino=10457 scontext=u:r:hal_sensors_default:s0 tcontext=u:object_r:sysfs:s0 tclass=dir permissive=1
01-01 00:00:10.863  1000   281   281 I android.hardwar: type=1400 audit(0.0:15): avc: denied { read } for name="name" dev="sysfs" ino=22990 scontext=u:r:hal_sensors_default:s0 tcontext=u:object_r:sysfs:s0 tclass=file permissive=1
01-01 00:00:10.863  1000   281   281 I android.hardwar: type=1400 audit(0.0:16): avc: denied { open } for path="/sys/devices/platform/soc/fe204000.spi/spi_master/spi0/spi0.0/iio:device1/name" dev="sysfs" ino=22990 scontext=u:r:hal_sensors_default:s0 tcontext=u:object_r:sysfs:s0 tclass=file permissive=1
01-01 00:00:10.863  1000   281   281 I android.hardwar: type=1400 audit(0.0:17): avc: denied { getattr } for path="/sys/devices/platform/soc/fe204000.spi/spi_master/spi0/spi0.0/iio:device1/name" dev="sysfs" ino=22990 scontext=u:r:hal_sensors_default:s0 tcontext=u:object_r:sysfs:s0 tclass=file permissive=1
01-01 00:00:10.938  1062   175   175 W HidlServiceManagement: Waited one second for android.hardware.automotive.evs@1.1::IEvsEnumerator/default
01-01 00:00:10.938  1000   160   160 I hwservicemanager: Since android.hardware.automotive.evs@1.1::IEvsEnumerator/default is not registered, trying to start it as a lazy HAL.
01-01 00:00:10.939  1062   175   175 I HidlServiceManagement: getService: Trying again for android.hardware.automotive.evs@1.1::IEvsEnumerator/default...
01-01 00:00:10.944  1000   160   322 W libc    : Unable to set property "ctl.interface_start" to "android.hardware.automotive.evs@1.1::IEvsEnumerator/default": error code: 0x20
01-01 00:00:10.944  1000   160   322 I hwservicemanager: Tried to start android.hardware.automotive.evs@1.1::IEvsEnumerator/default as a lazy service, but was unable to. Usually this happens when a service is not installed, but if the service is intended to be used as a lazy service, then it may be configured incorrectly.
01-01 00:00:10.965  1000   281   281 D android.hardware.sensors@2.X-service.multihal.bosch: AddSensor[1] SMI230 BOSCH Accelerometer Sensor
01-01 00:00:10.967  1000   281   281 D android.hardware.sensors@2.X-service.multihal.bosch: AddSensor[2] SMI230 BOSCH Gyroscope Sensor
01-01 00:00:10.975  1000   281   281 D android.hardware.sensors@2.X-service.multihal.bosch: AddSensor[3] SMI230 BOSCH Accelerometer Uncalibrated Sensor
01-01 00:00:10.977  1000   281   281 D android.hardware.sensors@2.X-service.multihal.bosch: AddSensor[4] SMI230 BOSCH Gyroscope Uncalibrated Sensor
01-01 00:00:10.978  1000   281   281 D android.hardware.sensors@2.X-service.multihal.bosch: AddSensor[5] SMI230 BOSCH Gravity Sensor
01-01 00:00:10.990  1000   281   281 D android.hardware.sensors@2.X-service.multihal.bosch: AddSensor[6] SMI230 BOSCH Linear Accelerometer Sensor
01-01 00:00:10.993  1000   281   281 I HidlServiceManagement: Registered android.hardware.sensors@2.1::ISensors/default
01-01 00:00:10.994  1000   281   281 I HidlServiceManagement: Removing namespace from process name android.hardware.sensors@2.X-service.multihal.bosch to sensors@2.X-service.multihal.bosch.
01-01 00:00:11.004  1000   318   318 I bootstat: Service started: /system/bin/bootstat --set_system_boot_reason 
01-01 00:00:11.005  1000   318   318 I bootstat: Canonical boot reason: reboot,shell
01-01 00:00:11.005  1000   318   318 I bootstat: Canonical boot reason: reboot,shell
01-01 00:00:11.003  1000   276   276 I android.hardwar: type=1400 audit(0.0:18): avc: denied { create } for scontext=u:r:hal_graphics_composer_default:s0 tcontext=u:r:hal_graphics_composer_default:s0 tclass=netlink_kobject_uevent_socket permissive=1
01-01 00:00:11.003  1000   276   276 I android.hardwar: type=1400 audit(0.0:19): avc: denied { bind } for scontext=u:r:hal_graphics_composer_default:s0 tcontext=u:r:hal_graphics_composer_default:s0 tclass=netlink_kobject_uevent_socket permissive=1
01-01 00:00:11.011  1000   276   276 I HidlServiceManagement: Registered android.hardware.graphics.composer@2.4::IComposer/default
01-01 00:00:11.012  1000   276   276 I HidlServiceManagement: Removing namespace from process name android.hardware.graphics.composer@2.4-service to composer@2.4-service.
01-01 00:00:11.011  1000   276   276 I composer@2.4-se: type=1400 audit(0.0:20): avc: denied { read } for path="socket:[13133]" dev="sockfs" ino=13133 scontext=u:r:hal_graphics_composer_default:s0 tcontext=u:r:hal_graphics_composer_default:s0 tclass=netlink_kobject_uevent_socket permissive=1
01-01 00:00:11.094  9999   321   321 I perfetto:           probes.cc:104 Starting /system/bin/traced_probes service
01-01 00:00:11.135  1003   174   197 W ServiceManager: Waited one second for SurfaceFlingerAIDL (is service started? are binder threads started and available?)
01-01 00:00:11.136  1000   159   159 I servicemanager: Since 'SurfaceFlingerAIDL' could not be found, trying to start it as a lazy AIDL service
01-01 00:00:11.142  9999   321   348 I perfetto: _activity_trigger.cc:71 mm_events ftrace instance not found. Triggering of traces on memory pressure will not be available on this device.
01-01 00:00:11.256  1000   318   318 E bootstat: Failed to read /metadata/bootstat/persist.sys.boot.reason: No such file or directory
01-01 00:00:11.256  1000   318   318 I bootstat: Value of persist.sys.boot.reason : reboot,shell
01-01 00:00:11.256  1000   318   318 I bootstat: Normalized last reboot reason : reboot,shell
01-01 00:00:11.258  9999   323   323 W perfetto:          service.cc:237 Started traced, listening on /dev/socket/traced_producer /dev/socket/traced_consumer
01-01 00:00:11.293  9999   321   321 I perfetto:  probes_producer.cc:311 Connected to the service
01-01 00:00:11.334  1000   325   325 I idmap2d : Starting
01-01 00:00:11.354  1000   159   159 I servicemanager: Found android.hardware.health.IHealth/default in device VINTF manifest.
01-01 00:00:11.357  root   343   343 I ServiceManager: Waiting for service 'package_native' on '/dev/binder'...
01-01 00:00:11.375 shell   317   317 I adbd    : persist.adb.watchdog set to ''
01-01 00:00:11.375 shell   317   317 I adbd    : persist.sys.test_harness set to ''
01-01 00:00:11.375 shell   317   317 I adbd    : adb watchdog timeout set to 600 seconds
01-01 00:00:11.376 shell   317   357 I adbd    : Waiting for persist.adb.tls_server.enable=1
01-01 00:00:11.377 shell   317   359 I adbd    : opening control endpoint /dev/usb-ffs/adb/ep0
01-01 00:00:11.377 shell   317   317 I adbd    : Setup mdns on port= 5555
01-01 00:00:11.378 shell   317   317 I adbd    : adbd listening on tcp:5555
01-01 00:00:11.379 shell   317   317 I adbd    : adbd listening on vsock:5555
01-01 00:00:11.379 shell   317   317 I adbd    : adbd started
01-01 00:00:11.381  root     0     0 I         : read descriptors
01-01 00:00:11.384  root     0     0 I         : read strings
01-01 00:00:11.435  1000   160   160 I hwservicemanager: getTransport: Cannot find entry android.hardware.atrace@1.0::IAtraceDevice/default in either framework or device VINTF manifest.
01-01 00:00:11.451  1000   318   318 E bootstat: Failed to unlink /metadata/bootstat/persist.sys.boot.reason: No such file or directory
01-01 00:00:11.454 shell   317   359 I adbd    : UsbFfsConnection constructed
01-01 00:00:11.454 shell   317   364 I adbd    : UsbFfs-monitor thread spawned
01-01 00:00:11.511  1000   159   347 W libc    : Unable to set property "ctl.interface_start" to "aidl/SurfaceFlingerAIDL": error code: 0x20
01-01 00:00:11.511  1000   159   347 I servicemanager: Tried to start aidl service SurfaceFlingerAIDL as a lazy service, but was unable to. Usually this happens when a service is not installed, but if the service is intended to be used as a lazy service, then it may be configured incorrectly.
01-01 00:00:11.556  1047   268   268 I android.hardware.camera.provider@2.5-service: CameraProvider@2.5 legacy service is starting.
01-01 00:00:11.585 media   335   335 V MediaUtils: physMem: 3967119360
01-01 00:00:11.585 media   335   335 V MediaUtils: requested limit: 134217728
01-01 00:00:11.585 media   335   335 I libc    : malloc_limit: Allocation limit enabled, max size 134217728 bytes
01-01 00:00:11.589  1000   371   371 I flags_health_check: ServerConfigurableFlagsReset reset_mode value: 0
01-01 00:00:11.589  1000   371   371 I flags_health_check: ServerConfigurableFlagsReset attempted boot count is under threshold, skipping reset.
01-01 00:00:11.619 media   335   335 D AudioPowerUsage: AudioPowerUsage
01-01 00:00:11.619 media   335   335 D AudioAnalytics: AudioAnalytics
01-01 00:00:11.619 media   335   335 D MediaMetricsService: MediaMetricsService
01-01 00:00:11.684  1000   160   160 I hwservicemanager: getTransport: Cannot find entry android.hardware.usb.gadget@1.0::IUsbGadget/default in either framework or device VINTF manifest.
01-01 00:00:11.684  root   369   369 I usbd    : Usb HAL not found
01-01 00:00:11.754  1000   159   159 I servicemanager: Found android.hardware.automotive.evs.IEvsEnumerator/hw/1 in device VINTF manifest.
01-01 00:00:11.754  1062   176   187 I evsmanagerd: Failed to connect to AIDL EVS HAL implementation.  Trying to connect to HIDL EVS HAL implementation instead.
01-01 00:00:11.754  1000   160   160 I hwservicemanager: getTransport: Cannot find entry android.hardware.automotive.evs@1.1::IEvsEnumerator/hw/1 in either framework or device VINTF manifest.
01-01 00:00:11.755  1062   176   187 I evsmanagerd: No EVS HAL implementation is available.  Retrying after 1000 ms
01-01 00:00:11.827  1000   368   368 I gatekeeperd: Starting gatekeeperd...
01-01 00:00:11.914 shell   317   364 I adbd    : USB event: FUNCTIONFS_BIND
01-01 00:00:11.916  root     0     0 I dwc2 fe980000.usb: bound driver configfs-gadget
01-01 00:00:11.939  1062   175   175 W HidlServiceManagement: Waited one second for android.hardware.automotive.evs@1.1::IEvsEnumerator/default
01-01 00:00:11.919  1000   276   276 I composer@2.4-se: type=1400 audit(0.0:21): avc: denied { read } for path="socket:[13133]" dev="sockfs" ino=13133 scontext=u:r:hal_graphics_composer_default:s0 tcontext=u:r:hal_graphics_composer_default:s0 tclass=netlink_kobject_uevent_socket permissive=1
01-01 00:00:11.950  1000   160   160 I hwservicemanager: Since android.hardware.automotive.evs@1.1::IEvsEnumerator/default is not registered, trying to start it as a lazy HAL.
01-01 00:00:11.950  1062   175   175 I HidlServiceManagement: getService: Trying again for android.hardware.automotive.evs@1.1::IEvsEnumerator/default...
01-01 00:00:11.951  1000   160   374 W libc    : Unable to set property "ctl.interface_start" to "android.hardware.automotive.evs@1.1::IEvsEnumerator/default": error code: 0x20
01-01 00:00:11.951  1000   160   374 I hwservicemanager: Tried to start android.hardware.automotive.evs@1.1::IEvsEnumerator/default as a lazy service, but was unable to. Usually this happens when a service is not installed, but if the service is intended to be used as a lazy service, then it may be configured incorrectly.
01-01 00:00:12.013  1000   159   159 I servicemanager: Could not find android.hardware.net.nlinterceptor.IInterceptor/default in the VINTF manifest.
01-01 00:00:12.084  1041   264   264 I HidlServiceManagement: Registered android.hardware.audio@7.1::IDevicesFactory/default
01-01 00:00:12.084  1041   264   264 I HidlServiceManagement: Removing namespace from process name android.hardware.audio.service to audio.service.
01-01 00:00:12.086  1041   264   264 I LegacySupport: Registration complete for android.hardware.audio@7.1::IDevicesFactory/default.
01-01 00:00:12.137  1003   174   197 W ServiceManager: Waited one second for SurfaceFlingerAIDL (is service started? are binder threads started and available?)
01-01 00:00:12.137  1000   159   159 I servicemanager: Since 'SurfaceFlingerAIDL' could not be found, trying to start it as a lazy AIDL service
01-01 00:00:12.138  1000   159   378 W libc    : Unable to set property "ctl.interface_start" to "aidl/SurfaceFlingerAIDL": error code: 0x20
01-01 00:00:12.139  1000   159   378 I servicemanager: Tried to start aidl service SurfaceFlingerAIDL as a lazy service, but was unable to. Usually this happens when a service is not installed, but if the service is intended to be used as a lazy service, then it may be configured incorrectly.
01-01 00:00:12.251  1000   160   160 I hwservicemanager: getTransport: Cannot find entry android.hardware.configstore@1.0::ISurfaceFlingerConfigs/default in either framework or device VINTF manifest.
01-01 00:00:12.326  1000   292   292 I SurfaceFlinger: Using HWComposer service: default
01-01 00:00:12.326  1000   292   292 I SurfaceFlinger: SurfaceFlinger is starting
01-01 00:00:12.327  1000   292   292 I SurfaceFlinger: Disabling blur effects, they are not supported.
01-01 00:00:12.333  1000   292   292 I SurfaceFlinger: SurfaceFlinger's main thread ready to run. Initializing graphics H/W...
01-01 00:00:12.333  1000   292   292 E SurfaceFlinger: Unrecognized RenderEngineType ; ignoring!
01-01 00:00:12.333  1000   292   292 D RenderEngine: Threaded RenderEngine with SkiaGL Backend
01-01 00:00:12.337  1047   268   268 W libcamera:  WARN IPAManager ipa_manager.cpp:114 Public key not valid
01-01 00:00:12.352  1047   267   267 I android.hardware.camera.provider@2.5-external-service: CameraProvider@2.5 external webcam service is starting.
01-01 00:00:12.375  1047   267   267 I ExtCamUtils@3.4: loadFromCfg: load external camera config succeed!
01-01 00:00:12.375  1047   267   267 I ExtCamUtils@3.4: loadFromCfg: device 10 will be ignored by external camera provider
01-01 00:00:12.375  1047   267   267 I ExtCamUtils@3.4: loadFromCfg: device 11 will be ignored by external camera provider
01-01 00:00:12.375  1047   267   267 I ExtCamUtils@3.4: loadFromCfg: device 12 will be ignored by external camera provider
01-01 00:00:12.375  1047   267   267 I ExtCamUtils@3.4: loadFromCfg: device 13 will be ignored by external camera provider
01-01 00:00:12.376  1047   267   267 I ExtCamUtils@3.4: loadFromCfg: device 14 will be ignored by external camera provider
01-01 00:00:12.376  1047   267   267 I ExtCamUtils@3.4: loadFromCfg: device 15 will be ignored by external camera provider
01-01 00:00:12.376  1047   267   267 I ExtCamUtils@3.4: loadFromCfg: device 16 will be ignored by external camera provider
01-01 00:00:12.376  1047   267   267 I ExtCamUtils@3.4: loadFromCfg: device 18 will be ignored by external camera provider
01-01 00:00:12.376  1047   267   267 I ExtCamUtils@3.4: loadFromCfg: device 19 will be ignored by external camera provider
01-01 00:00:12.376  1047   267   267 I ExtCamUtils@3.4: loadFromCfg: device 20 will be ignored by external camera provider
01-01 00:00:12.376  1047   267   267 I ExtCamUtils@3.4: loadFromCfg: device 21 will be ignored by external camera provider
01-01 00:00:12.376  1047   267   267 I ExtCamUtils@3.4: loadFromCfg: device 22 will be ignored by external camera provider
01-01 00:00:12.376  1047   267   267 I ExtCamUtils@3.4: loadFromCfg: device 23 will be ignored by external camera provider
01-01 00:00:12.376  1047   267   267 I ExtCamUtils@3.4: loadFromCfg: device 31 will be ignored by external camera provider
01-01 00:00:12.376  1047   267   267 I ExtCamUtils@3.4: loadFromCfg: depth output is not enabled
01-01 00:00:12.376  1047   267   267 I ExtCamUtils@3.4: loadFromCfg: no minimum stream size specified
01-01 00:00:12.376  1047   267   267 I ExtCamUtils@3.4: loadFromCfg: no sensor orientation specified
01-01 00:00:12.376  1047   267   267 I ExtCamUtils@3.4: loadFromCfg: external camera cfg loaded: maxJpgBufSize 3145728, num video buffers 4, num still buffers 2, orientation 0
01-01 00:00:12.376  1047   267   267 I ExtCamUtils@3.4: loadFromCfg: fpsLimitList: 640x480@30.000000
01-01 00:00:12.376  1047   267   267 I ExtCamUtils@3.4: loadFromCfg: fpsLimitList: 1280x720@15.000000
01-01 00:00:12.376  1047   267   267 I ExtCamUtils@3.4: loadFromCfg: fpsLimitList: 1920x1080@10.000000
01-01 00:00:12.376  1047   267   267 I ExtCamUtils@3.4: loadFromCfg: minStreamSize: 0x0
01-01 00:00:12.378  wifi   287   287 I HidlServiceManagement: Removing namespace from process name android.hardware.wifi@1.0-service to wifi@1.0-service.
01-01 00:00:12.378  1047   267   383 I CamPrvdr@2.4-external: threadLoop start monitoring new V4L2 devices
01-01 00:00:12.382  1047   267   267 I HidlServiceManagement: Registered android.hardware.camera.provider@2.5::ICameraProvider/external/0
01-01 00:00:12.382  1047   267   267 I HidlServiceManagement: Removing namespace from process name android.hardware.camera.provider@2.5-external-service to provider@2.5-external-service.
01-01 00:00:12.403  1047   268   386 E libcamera: ERROR MediaDevice media_device.cpp:483 /dev/media0[]: Failed to open media device at /dev/media0: Permission denied
01-01 00:00:12.404  1047   268   386 E libcamera: ERROR MediaDevice media_device.cpp:483 /dev/media1[]: Failed to open media device at /dev/media1: Permission denied
01-01 00:00:12.421  1047   268   268 I CamPrvdr@2.4-legacy: Loaded "libcamera camera HALv3 module" camera module
01-01 00:00:12.421  1047   268   268 I CamPrvdr@2.4-legacy: setUpVendorTags: No vendor tags defined for this device.
01-01 00:00:12.423  1047   268   268 I HidlServiceManagement: Registered android.hardware.camera.provider@2.5::ICameraProvider/legacy/0
01-01 00:00:12.423  1047   268   268 I HidlServiceManagement: Removing namespace from process name android.hardware.camera.provider@2.5-service_64 to provider@2.5-service_64.
01-01 00:00:12.443  1000   292   382 D libEGL  : loaded /vendor/lib64/egl/libEGL_mesa.so
01-01 00:00:12.399  1047   268   268 I android.hardwar: type=1400 audit(0.0:22): avc: denied { read } for name="devices" dev="sysfs" ino=10409 scontext=u:r:hal_camera_default:s0 tcontext=u:object_r:sysfs:s0 tclass=dir permissive=1
01-01 00:00:12.399  1047   268   268 I android.hardwar: type=1400 audit(0.0:23): avc: denied { open } for path="/sys/bus/media/devices" dev="sysfs" ino=10409 scontext=u:r:hal_camera_default:s0 tcontext=u:object_r:sysfs:s0 tclass=dir permissive=1
01-01 00:00:12.489  1000   292   382 D libEGL  : loaded /vendor/lib64/egl/libGLESv1_CM_mesa.so
01-01 00:00:12.399  1047   268   268 I android.hardwar: type=1400 audit(0.0:24): avc: denied { getattr } for path="/dev/media2" dev="tmpfs" ino=315 scontext=u:r:hal_camera_default:s0 tcontext=u:object_r:device:s0 tclass=chr_file permissive=1
01-01 00:00:12.399  1047   268   268 I android.hardwar: type=1400 audit(0.0:25): avc: denied { read write } for name="media2" dev="tmpfs" ino=315 scontext=u:r:hal_camera_default:s0 tcontext=u:object_r:device:s0 tclass=chr_file permissive=1
01-01 00:00:12.399  1047   268   268 I android.hardwar: type=1400 audit(0.0:26): avc: denied { open } for path="/dev/media2" dev="tmpfs" ino=315 scontext=u:r:hal_camera_default:s0 tcontext=u:object_r:device:s0 tclass=chr_file permissive=1
01-01 00:00:12.534 shell   317   360 I adbd    : adbd mDNS service _adb._tcp registered: 1
01-01 00:00:12.550  1000   292   382 D libEGL  : loaded /vendor/lib64/egl/libGLESv2_mesa.so
01-01 00:00:12.399  1047   268   268 I android.hardwar: type=1400 audit(0.0:27): avc: denied { ioctl } for path="/dev/media2" dev="tmpfs" ino=315 ioctlcmd=0x7c00 scontext=u:r:hal_camera_default:s0 tcontext=u:object_r:device:s0 tclass=chr_file permissive=1
01-01 00:00:12.399  1047   268   268 I android.hardwar: type=1400 audit(0.0:28): avc: denied { read } for name="uevent" dev="sysfs" ino=21011 scontext=u:r:hal_camera_default:s0 tcontext=u:object_r:sysfs:s0 tclass=file permissive=1
01-01 00:00:12.576  1041   264   264 I HidlServiceManagement: Registered android.hardware.audio.effect@7.0::IEffectsFactory/default
01-01 00:00:12.576  1041   264   264 I LegacySupport: Registration complete for android.hardware.audio.effect@7.0::IEffectsFactory/default.
01-01 00:00:12.602  1000   160   160 I hwservicemanager: getTransport: Cannot find entry android.hardware.soundtrigger@2.3::ISoundTriggerHw/default in either framework or device VINTF manifest.
01-01 00:00:12.399  1047   268   268 I android.hardwar: type=1400 audit(0.0:29): avc: denied { open } for path="/sys/devices/platform/soc/fe00b840.mailbox/bcm2835-isp/video4linux/video13/uevent" dev="sysfs" ino=21011 scontext=u:r:hal_camera_default:s0 tcontext=u:object_r:sysfs:s0 tclass=file permissive=1
01-01 00:00:12.399  1047   268   268 I android.hardwar: type=1400 audit(0.0:30): avc: denied { getattr } for path="/sys/devices/platform/soc/fe00b840.mailbox/bcm2835-isp/video4linux/video13/uevent" dev="sysfs" ino=21011 scontext=u:r:hal_camera_default:s0 tcontext=u:object_r:sysfs:s0 tclass=file permissive=1
01-01 00:00:12.636  1041   264   264 E LegacySupport: Could not get passthrough implementation for android.hardware.soundtrigger@2.3::ISoundTriggerHw/default.
01-01 00:00:12.637  1000   160   160 I hwservicemanager: getTransport: Cannot find entry android.hardware.soundtrigger@2.2::ISoundTriggerHw/default in either framework or device VINTF manifest.
01-01 00:00:12.637  1041   264   264 E LegacySupport: Could not get passthrough implementation for android.hardware.soundtrigger@2.2::ISoundTriggerHw/default.
01-01 00:00:12.637  1000   160   160 I hwservicemanager: getTransport: Cannot find entry android.hardware.soundtrigger@2.1::ISoundTriggerHw/default in either framework or device VINTF manifest.
01-01 00:00:12.638  1041   264   264 E LegacySupport: Could not get passthrough implementation for android.hardware.soundtrigger@2.1::ISoundTriggerHw/default.
01-01 00:00:12.638  1000   160   160 I hwservicemanager: getTransport: Cannot find entry android.hardware.soundtrigger@2.0::ISoundTriggerHw/default in either framework or device VINTF manifest.
01-01 00:00:12.638  1041   264   264 E LegacySupport: Could not get passthrough implementation for android.hardware.soundtrigger@2.0::ISoundTriggerHw/default.
01-01 00:00:12.638  1041   264   264 W audiohalservice: Could not register Soundtrigger API
01-01 00:00:12.639  1000   160   160 I hwservicemanager: getTransport: Cannot find entry android.hardware.bluetooth.audio@2.2::IBluetoothAudioProvidersFactory/default in either framework or device VINTF manifest.
01-01 00:00:12.639  1041   264   264 E LegacySupport: Could not get passthrough implementation for android.hardware.bluetooth.audio@2.2::IBluetoothAudioProvidersFactory/default.
01-01 00:00:12.640  1000   160   160 I hwservicemanager: getTransport: Cannot find entry android.hardware.bluetooth.audio@2.1::IBluetoothAudioProvidersFactory/default in either framework or device VINTF manifest.
01-01 00:00:12.641  1041   264   264 E LegacySupport: Could not get passthrough implementation for android.hardware.bluetooth.audio@2.1::IBluetoothAudioProvidersFactory/default.
01-01 00:00:12.641  1000   160   160 I hwservicemanager: getTransport: Cannot find entry android.hardware.bluetooth.audio@2.0::IBluetoothAudioProvidersFactory/default in either framework or device VINTF manifest.
01-01 00:00:12.644  1041   264   264 E LegacySupport: Could not get passthrough implementation for android.hardware.bluetooth.audio@2.0::IBluetoothAudioProvidersFactory/default.
01-01 00:00:12.644  1041   264   264 W audiohalservice: Could not register Bluetooth Audio API
01-01 00:00:12.644  1000   160   160 I hwservicemanager: getTransport: Cannot find entry android.hardware.bluetooth.a2dp@1.0::IBluetoothAudioOffload/default in either framework or device VINTF manifest.
01-01 00:00:12.645  1041   264   264 E LegacySupport: Could not get passthrough implementation for android.hardware.bluetooth.a2dp@1.0::IBluetoothAudioOffload/default.
01-01 00:00:12.646  1041   264   264 W audiohalservice: Could not register Bluetooth Audio Offload API
01-01 00:00:12.682  1000   292   382 I DMABUFHEAPS: Using : Non-legacy ION heaps
01-01 00:00:12.683  1000   292   382 I MESA    : Using IMapper v4 API
01-01 00:00:12.755  1000   159   159 I servicemanager: Found android.hardware.automotive.evs.IEvsEnumerator/hw/1 in device VINTF manifest.
01-01 00:00:12.755  1062   176   187 I evsmanagerd: Failed to connect to AIDL EVS HAL implementation.  Trying to connect to HIDL EVS HAL implementation instead.
01-01 00:00:12.756  1000   160   160 I hwservicemanager: getTransport: Cannot find entry android.hardware.automotive.evs@1.1::IEvsEnumerator/hw/1 in either framework or device VINTF manifest.
01-01 00:00:12.756  1062   176   187 I evsmanagerd: No EVS HAL implementation is available.  Retrying after 1000 ms
01-01 00:00:12.791  1041   289   289 I FastMixerState: sMaxFastTracks = 8
01-01 00:00:12.880  1041   289   289 V MediaUtils: physMem: 3967119360
01-01 00:00:12.880  1041   289   289 V MediaUtils: requested limit: 536870912
01-01 00:00:12.880  1041   289   289 I libc    : malloc_limit: Allocation limit enabled, max size 536870912 bytes
01-01 00:00:12.880  1041   289   289 I audioserver: ServiceManager: 0xb400006ff44bc3c0
01-01 00:00:12.901  1041   289   289 W BatteryNotifier: batterystats service unavailable!
01-01 00:00:12.902  1000   160   160 I hwservicemanager: getTransport: Cannot find entry android.hardware.audio.effect@7.1::IEffectsFactory/default in either framework or device VINTF manifest.
01-01 00:00:12.951  1062   175   175 W HidlServiceManagement: Waited one second for android.hardware.automotive.evs@1.1::IEvsEnumerator/default
01-01 00:00:12.951  1000   160   160 I hwservicemanager: Since android.hardware.automotive.evs@1.1::IEvsEnumerator/default is not registered, trying to start it as a lazy HAL.
01-01 00:00:12.952  1062   175   175 I HidlServiceManagement: getService: Trying again for android.hardware.automotive.evs@1.1::IEvsEnumerator/default...
01-01 00:00:12.953  1000   160   390 W libc    : Unable to set property "ctl.interface_start" to "android.hardware.automotive.evs@1.1::IEvsEnumerator/default": error code: 0x20
01-01 00:00:12.953  1000   160   390 I hwservicemanager: Tried to start android.hardware.automotive.evs@1.1::IEvsEnumerator/default as a lazy service, but was unable to. Usually this happens when a service is not installed, but if the service is intended to be used as a lazy service, then it may be configured incorrectly.
01-01 00:00:12.956  1000   292   382 W EGL-MAIN: failed to get driver name for fd -1
01-01 00:00:12.956  1000   292   382 W EGL-MAIN: MESA-LOADER: failed to retrieve device information
01-01 00:00:12.956  1000   292   382 W EGL-MAIN: failed to get driver name for fd -1
01-01 00:00:13.022 media   280   280 W android.hardware.media.c2@1.2-service-ffmpeg: Could not read additional policy file '/vendor/etc/seccomp_policy/android.hardware.media.c2@1.2-ffmpeg-extended.policy'
01-01 00:00:13.024 media   280   280 W android.hardware.media.c2@1.2-service-ffmpeg: libminijail[280]: failed to get path of fd 4: No such file or directory
01-01 00:00:13.024 media   280   280 W android.hardware.media.c2@1.2-service-ffmpeg: libminijail[280]: allowing syscall: connect
01-01 00:00:13.025 media   280   280 W android.hardware.media.c2@1.2-service-ffmpeg: libminijail[280]: allowing syscall: fcntl
01-01 00:00:13.025 media   280   280 W android.hardware.media.c2@1.2-service-ffmpeg: libminijail[280]: allowing syscall: sendto
01-01 00:00:13.025 media   280   280 W android.hardware.media.c2@1.2-service-ffmpeg: libminijail[280]: allowing syscall: socket
01-01 00:00:13.026 media   280   280 W android.hardware.media.c2@1.2-service-ffmpeg: libminijail[280]: allowing syscall: writev
01-01 00:00:13.027 media   280   280 W android.hardware.media.c2@1.2-service-ffmpeg: libminijail[280]: compile_file: <fd>(75): syscall munmap redefined here
01-01 00:00:13.027 media   280   280 W android.hardware.media.c2@1.2-service-ffmpeg: libminijail[280]: compile_file: <fd>(39): previous definition here
01-01 00:00:13.027 media   280   280 W android.hardware.media.c2@1.2-service-ffmpeg: libminijail[280]: logging seccomp filter failures
01-01 00:00:13.060  1046   367   367 I mediaswcodec: media swcodec service starting
01-01 00:00:13.070 media   280   280 I HidlServiceManagement: Registered android.hardware.media.c2@1.2::IComponentStore/ffmpeg
01-01 00:00:13.070 media   280   280 I HidlServiceManagement: Removing namespace from process name android.hardware.media.c2@1.2-service-ffmpeg to c2@1.2-service-ffmpeg.
01-01 00:00:13.121  1046   367   367 W mediaswcodec: libminijail[367]: failed to get path of fd 4: No such file or directory
01-01 00:00:13.121  1046   367   367 W mediaswcodec: libminijail[367]: allowing syscall: connect
01-01 00:00:13.121  1046   367   367 W mediaswcodec: libminijail[367]: allowing syscall: fcntl
01-01 00:00:13.121  1046   367   367 W mediaswcodec: libminijail[367]: allowing syscall: sendto
01-01 00:00:13.122  1046   367   367 W mediaswcodec: libminijail[367]: allowing syscall: socket
01-01 00:00:13.122  1046   367   367 W mediaswcodec: libminijail[367]: allowing syscall: writev
01-01 00:00:13.123  1046   367   367 W mediaswcodec: libminijail[367]: compile_file: <fd>(75): syscall munmap redefined here
01-01 00:00:13.123  1046   367   367 W mediaswcodec: libminijail[367]: compile_file: <fd>(39): previous definition here
01-01 00:00:13.138  1003   174   197 W ServiceManager: Waited one second for SurfaceFlingerAIDL (is service started? are binder threads started and available?)
01-01 00:00:13.138  1000   159   159 I servicemanager: Since 'SurfaceFlingerAIDL' could not be found, trying to start it as a lazy AIDL service
01-01 00:00:13.140  1000   159   395 W libc    : Unable to set property "ctl.interface_start" to "aidl/SurfaceFlingerAIDL": error code: 0x20
01-01 00:00:13.140  1000   159   395 I servicemanager: Tried to start aidl service SurfaceFlingerAIDL as a lazy service, but was unable to. Usually this happens when a service is not installed, but if the service is intended to be used as a lazy service, then it may be configured incorrectly.
01-01 00:00:13.148  1046   367   367 W mediaswcodec: libminijail[367]: compile_file: <fd>(97): syscall sysinfo redefined here
01-01 00:00:13.148  1046   367   367 W mediaswcodec: libminijail[367]: compile_file: <fd>(81): previous definition here
01-01 00:00:13.149  1046   367   367 W mediaswcodec: libminijail[367]: logging seccomp filter failures
01-01 00:00:13.150  1046   367   367 I CodecServiceRegistrant: Creating software Codec2 service...
01-01 00:00:13.163  1000   159   159 I servicemanager: Found android.hardware.bluetooth.audio.IBluetoothAudioProviderFactory/default in device VINTF manifest.
01-01 00:00:13.163  1041   264   264 I audiohalservice: createIBluetoothAudioProviderFactory() from android.hardware.bluetooth.audio-impl success
01-01 00:00:13.201  1046   367   367 I HidlServiceManagement: Registered android.hardware.media.c2@1.2::IComponentStore/software
01-01 00:00:13.202  1000   160   160 I hwservicemanager: getTransport: Cannot find entry android.hardware.media.c2@1.0::IComponentStore/default in either framework or device VINTF manifest.
01-01 00:00:13.202  1046   367   367 I CodecServiceRegistrant: Preferred Codec2 store is defaulted to "software".
01-01 00:00:13.202  1046   367   367 I CodecServiceRegistrant: Software Codec2 service created and registered.
01-01 00:00:13.315  1040   333   333 I main_extractorservice: enable media.extractor memory limits
01-01 00:00:13.315  1040   333   333 V MediaUtils: physMem: 3967119360
01-01 00:00:13.315  1040   333   333 V MediaUtils: requested limit: 793423860
01-01 00:00:13.315  1040   333   333 I libc    : malloc_limit: Allocation limit enabled, max size 793423860 bytes
01-01 00:00:13.363  1040   333   333 W mediaextractor: Could not read additional policy file '/vendor/etc/seccomp_policy/mediaextractor.policy'
01-01 00:00:13.363  1040   333   333 W mediaextractor: libminijail[333]: failed to get path of fd 4: No such file or directory
01-01 00:00:13.363  1040   333   333 W mediaextractor: libminijail[333]: allowing syscall: connect
01-01 00:00:13.363  1040   333   333 W mediaextractor: libminijail[333]: allowing syscall: fcntl
01-01 00:00:13.363  1040   333   333 W mediaextractor: libminijail[333]: allowing syscall: sendto
01-01 00:00:13.364  1040   333   333 W mediaextractor: libminijail[333]: allowing syscall: socket
01-01 00:00:13.364  1040   333   333 W mediaextractor: libminijail[333]: allowing syscall: writev
01-01 00:00:13.364  1040   333   333 W mediaextractor: libminijail[333]: compile_file: <fd>(42): syscall readlinkat redefined here
01-01 00:00:13.364  1040   333   333 W mediaextractor: libminijail[333]: compile_file: <fd>(38): previous definition here
01-01 00:00:13.386  1040   333   333 W mediaextractor: libminijail[333]: compile_file: /apex/com.android.media/etc/seccomp_policy/crash_dump.arm64.policy(1): syscall read redefined here
01-01 00:00:13.386  1040   333   333 W mediaextractor: libminijail[333]: compile_file: <fd>(18): previous definition here
01-01 00:00:13.386  1040   333   333 W mediaextractor: libminijail[333]: compile_file: /apex/com.android.media/etc/seccomp_policy/crash_dump.arm64.policy(2): syscall write redefined here
01-01 00:00:13.386  1040   333   333 W mediaextractor: libminijail[333]: compile_file: <fd>(6): previous definition here
01-01 00:00:13.386  1040   333   333 W mediaextractor: libminijail[333]: compile_file: /apex/com.android.media/etc/seccomp_policy/crash_dump.arm64.policy(3): syscall exit redefined here
01-01 00:00:13.386  1040   333   333 W mediaextractor: libminijail[333]: compile_file: <fd>(27): previous definition here
01-01 00:00:13.386  1040   333   333 W mediaextractor: libminijail[333]: compile_file: /apex/com.android.media/etc/seccomp_policy/crash_dump.arm64.policy(4): syscall rt_sigreturn redefined here
01-01 00:00:13.387  1040   333   333 W mediaextractor: libminijail[333]: compile_file: <fd>(29): previous definition here
01-01 00:00:13.387  1040   333   333 W mediaextractor: libminijail[333]: compile_file: /apex/com.android.media/etc/seccomp_policy/crash_dump.arm64.policy(5): syscall exit_group redefined here
01-01 00:00:13.387  1040   333   333 W mediaextractor: libminijail[333]: compile_file: <fd>(28): previous definition here
01-01 00:00:13.387  1040   333   333 W mediaextractor: libminijail[333]: compile_file: /apex/com.android.media/etc/seccomp_policy/crash_dump.arm64.policy(8): syscall futex redefined here
01-01 00:00:13.387  1040   333   333 W mediaextractor: libminijail[333]: compile_file: <fd>(4): previous definition here
01-01 00:00:13.387  1040   333   333 W mediaextractor: libminijail[333]: compile_file: /apex/com.android.media/etc/seccomp_policy/crash_dump.arm64.policy(9): syscall getrandom redefined here
01-01 00:00:13.387  1040   333   333 W mediaextractor: libminijail[333]: compile_file: <fd>(32): previous definition here
01-01 00:00:13.387  1040   333   333 W mediaextractor: libminijail[333]: compile_file: /apex/com.android.media/etc/seccomp_policy/crash_dump.arm64.policy(14): syscall openat redefined here
01-01 00:00:13.387  1040   333   333 W mediaextractor: libminijail[333]: compile_file: <fd>(12): previous definition here
01-01 00:00:13.387  1040   333   333 W mediaextractor: libminijail[333]: compile_file: /apex/com.android.media/etc/seccomp_policy/crash_dump.arm64.policy(15): syscall dup redefined here
01-01 00:00:13.387  1040   333   333 W mediaextractor: libminijail[333]: compile_file: <fd>(9): previous definition here
01-01 00:00:13.387  1040   333   333 W mediaextractor: libminijail[333]: compile_file: /apex/com.android.media/etc/seccomp_policy/crash_dump.arm64.policy(16): syscall close redefined here
01-01 00:00:13.387  1040   333   333 W mediaextractor: libminijail[333]: compile_file: <fd>(8): previous definition here
01-01 00:00:13.387  1040   333   333 W mediaextractor: libminijail[333]: compile_file: /apex/com.android.media/etc/seccomp_policy/crash_dump.arm64.policy(17): syscall lseek redefined here
01-01 00:00:13.387  1040   333   333 W mediaextractor: libminijail[333]: compile_file: <fd>(23): previous definition here
01-01 00:00:13.388  1040   333   333 W mediaextractor: libminijail[333]: compile_file: /apex/com.android.media/etc/seccomp_policy/crash_dump.arm64.policy(18): syscall getdents64 redefined here
01-01 00:00:13.388  1040   333   333 W mediaextractor: libminijail[333]: compile_file: <fd>(41): previous definition here
01-01 00:00:13.388  1040   333   333 W mediaextractor: libminijail[333]: compile_file: /apex/com.android.media/etc/seccomp_policy/crash_dump.arm64.policy(19): syscall faccessat redefined here
01-01 00:00:13.388  1040   333   333 W mediaextractor: libminijail[333]: compile_file: <fd>(25): previous definition here
01-01 00:00:13.388  1040   333   333 W mediaextractor: libminijail[333]: compile_file: /apex/com.android.media/etc/seccomp_policy/crash_dump.arm64.policy(28): syscall prctl redefined here
01-01 00:00:13.388  1040   333   333 W mediaextractor: libminijail[333]: compile_file: <fd>(5): previous definition here
01-01 00:00:13.388  1040   333   333 W mediaextractor: libminijail[333]: compile_file: /apex/com.android.media/etc/seccomp_policy/crash_dump.arm64.policy(29): syscall madvise redefined here
01-01 00:00:13.388  1040   333   333 W mediaextractor: libminijail[333]: compile_file: <fd>(14): previous definition here
01-01 00:00:13.388  1040   333   333 W mediaextractor: libminijail[333]: compile_file: /apex/com.android.media/etc/seccomp_policy/crash_dump.arm64.policy(30): syscall mprotect redefined here
01-01 00:00:13.389  1040   333   333 W mediaextractor: libminijail[333]: compile_file: <fd>(13): previous definition here
01-01 00:00:13.389  1040   333   333 W mediaextractor: libminijail[333]: compile_file: /apex/com.android.media/etc/seccomp_policy/crash_dump.arm64.policy(31): syscall munmap redefined here
01-01 00:00:13.389  1040   333   333 W mediaextractor: libminijail[333]: compile_file: <fd>(11): previous definition here
01-01 00:00:13.389  1040   333   333 W mediaextractor: libminijail[333]: compile_file: /apex/com.android.media/etc/seccomp_policy/crash_dump.arm64.policy(32): syscall getuid redefined here
01-01 00:00:13.389  1040   333   333 W mediaextractor: libminijail[333]: compile_file: <fd>(15): previous definition here
01-01 00:00:13.389  1040   333   333 W mediaextractor: libminijail[333]: compile_file: /apex/com.android.media/etc/seccomp_policy/crash_dump.arm64.policy(33): syscall fstat redefined here
01-01 00:00:13.389  1040   333   333 W mediaextractor: libminijail[333]: compile_file: <fd>(16): previous definition here
01-01 00:00:13.389  1040   333   333 W mediaextractor: libminijail[333]: compile_file: /apex/com.android.media/etc/seccomp_policy/crash_dump.arm64.policy(34): syscall mmap redefined here
01-01 00:00:13.389  1040   333   333 W mediaextractor: libminijail[333]: compile_file: <fd>(10): previous definition here
01-01 00:00:13.423  1040   333   333 W mediaextractor: libminijail[333]: logging seccomp filter failures
01-01 00:00:13.473  1046   366   366 I android.hardware.media.omx@1.0-service: mediacodecservice starting
01-01 00:00:13.488  1000   160   160 I hwservicemanager: getTransport: Cannot find entry android.hardware.audio.effect@7.1::IEffectsFactory/default in either framework or device VINTF manifest.
01-01 00:00:13.510 media   335   373 I ServiceManager: Waiting for service 'package_native' on '/dev/binder'...
01-01 00:00:13.526  1041   289   289 I AudioFlinger: Using default 3000 mSec as standby time.
01-01 00:00:13.527  1046   366   366 W android.hardware.media.omx@1.0-service: libminijail[366]: failed to get path of fd 4: No such file or directory
01-01 00:00:13.527  1046   366   366 W android.hardware.media.omx@1.0-service: libminijail[366]: allowing syscall: clock_gettime
01-01 00:00:13.527  1046   366   366 W android.hardware.media.omx@1.0-service: libminijail[366]: allowing syscall: connect
01-01 00:00:13.527  1046   366   366 W android.hardware.media.omx@1.0-service: libminijail[366]: allowing syscall: fcntl64
01-01 00:00:13.528  1046   366   366 W android.hardware.media.omx@1.0-service: libminijail[366]: allowing syscall: socket
01-01 00:00:13.528  1046   366   366 W android.hardware.media.omx@1.0-service: libminijail[366]: allowing syscall: writev
01-01 00:00:13.528  1046   366   366 W android.hardware.media.omx@1.0-service: libminijail[366]: compile_file: <fd>(59): syscall getrandom redefined here
01-01 00:00:13.528  1046   366   366 W android.hardware.media.omx@1.0-service: libminijail[366]: compile_file: <fd>(15): previous definition here
01-01 00:00:13.534 media   279   279 D android.hardware.media.c2@1.0-service-v4l2: Service starting...
01-01 00:00:13.531 media   279   279 I android.hardwar: type=1400 audit(0.0:31): avc: denied { read } for name="u:object_r:default_prop:s0" dev="tmpfs" ino=99 scontext=u:r:mediacodec:s0 tcontext=u:object_r:default_prop:s0 tclass=file permissive=1
01-01 00:00:13.531 media   279   279 I android.hardwar: type=1400 audit(0.0:32): avc: denied { open } for path="/dev/__properties__/u:object_r:default_prop:s0" dev="tmpfs" ino=99 scontext=u:r:mediacodec:s0 tcontext=u:object_r:default_prop:s0 tclass=file permissive=1
01-01 00:00:13.531 media   279   279 I android.hardwar: type=1400 audit(0.0:33): avc: denied { getattr } for path="/dev/__properties__/u:object_r:default_prop:s0" dev="tmpfs" ino=99 scontext=u:r:mediacodec:s0 tcontext=u:object_r:default_prop:s0 tclass=file permissive=1
01-01 00:00:13.531 media   279   279 I android.hardwar: type=1400 audit(0.0:34): avc: denied { map } for path="/dev/__properties__/u:object_r:default_prop:s0" dev="tmpfs" ino=99 scontext=u:r:mediacodec:s0 tcontext=u:object_r:default_prop:s0 tclass=file permissive=1
01-01 00:00:13.545  1046   366   366 W android.hardware.media.omx@1.0-service: libminijail[366]: compile_file: /system/etc/seccomp_policy/crash_dump.arm.policy(1): syscall read redefined here
01-01 00:00:13.545  1046   366   366 W android.hardware.media.omx@1.0-service: libminijail[366]: compile_file: <fd>(9): previous definition here
01-01 00:00:13.545  1046   366   366 W android.hardware.media.omx@1.0-service: libminijail[366]: compile_file: /system/etc/seccomp_policy/crash_dump.arm.policy(2): syscall write redefined here
01-01 00:00:13.545  1046   366   366 W android.hardware.media.omx@1.0-service: libminijail[366]: compile_file: <fd>(5): previous definition here
