01-29 12:40:50.510  1000   475   475 E HDMI    : [1]:Couldn't connect to cec@1.1java.util.NoSuchElementException
01-29 12:40:50.510  1000   475   475 W HDMI    : [1]:Couldn't get tv.cec service.
01-29 12:40:50.510  1000   475   475 W HDMI    : [1]:Unable to use cec@1.1
01-29 12:40:50.512  1000   475   475 I android_os_HwBinder: HwBinder: Starting thread pool for getting: android.hardware.tv.cec@1.0::IHdmiCec/default
01-29 12:40:50.517  1000   475   475 I HdmiControlService: Device does not support MHL-control.
01-29 12:40:50.520  1000   282   282 D hdmi_cec: hdmicec_set_option: flag=3, value=1
01-29 12:40:50.520  1000   282   282 D hdmi_cec: hdmicec_set_option: flag=5, value=6647399
01-29 12:40:50.524  1000   282   282 D hdmi_cec: type:output, id:1, cec support:1, arc support:0, physical address:ffff
01-29 12:40:50.525  1000   282   282 D hdmi_cec: hdmicec_send_message: len=0
01-29 12:40:50.525  1000   282   282 D hdmi_cec: hdmicec_send_message: Operation not permitted
01-29 12:40:50.525  1000   475   629 W HDMI    : [1]:Failed to send a polling message(4->4) with return code 3
01-29 12:40:50.525  1000   282   282 D hdmi_cec: hdmicec_send_message: len=0
01-29 12:40:50.525  1000   282   282 D hdmi_cec: hdmicec_send_message: Operation not permitted
01-29 12:40:50.526  1000   282   282 D hdmi_cec: hdmicec_send_message: len=0
01-29 12:40:50.526  1000   282   282 D hdmi_cec: hdmicec_send_message: Operation not permitted
01-29 12:40:50.529  1000   475   475 V SystemServerTiming: StartHdmiControlService took to complete: 33ms
01-29 12:40:50.530  1000   475   475 D SystemServerTiming: StartMediaRouterService
01-29 12:40:50.530  1000   475   475 V HistoricalRegistry: Interaction before persistence initialized
01-29 12:40:50.532  root   257   257 I Zygote  : ...preloaded 16430 classes in 1657ms.
01-29 12:40:50.532  root   257   257 V ZygoteInitTiming_lazy: PreloadClasses took to complete: 1658ms
01-29 12:40:50.533  1000   475   475 V SystemServerTiming: StartMediaRouterService took to complete: 3ms
01-29 12:40:50.533  1000   475   475 D SystemServerTiming: StartBiometricService
01-29 12:40:50.533  1000   475   475 I SystemServiceManager: Starting com.android.server.biometrics.BiometricService
01-29 12:40:50.540  1000   475   475 V SystemServerTiming: StartBiometricService took to complete: 7ms
01-29 12:40:50.540  1000   475   475 D SystemServerTiming: StartAuthService
01-29 12:40:50.540  1000   475   475 I SystemServiceManager: Starting com.android.server.biometrics.AuthService
01-29 12:40:50.542  1000   475   475 V SystemServerTiming: StartAuthService took to complete: 3ms
01-29 12:40:50.542  1000   475   475 D SystemServerTiming: StartDynamicCodeLoggingService
01-29 12:40:50.544  1000   475   475 V SystemServerTiming: StartDynamicCodeLoggingService took to complete: 2ms
01-29 12:40:50.544  1000   475   475 D SystemServerTiming: StartPruneInstantAppsJobService
01-29 12:40:50.545  1000   475   475 V SystemServerTiming: StartPruneInstantAppsJobService took to complete: 0ms
01-29 12:40:50.545  1000   475   475 D SystemServerTiming: StartShortcutServiceLifecycle
01-29 12:40:50.545  1000   475   475 I SystemServiceManager: Starting com.android.server.pm.ShortcutService$Lifecycle
01-29 12:40:50.546  1000   475   475 V HistoricalRegistry: Interaction before persistence initialized
01-29 12:40:50.547  1000   475   475 V SystemServerTiming: StartShortcutServiceLifecycle took to complete: 3ms
01-29 12:40:50.547  1000   475   475 D SystemServerTiming: StartLauncherAppsService
01-29 12:40:50.547  1000   475   475 I SystemServiceManager: Starting com.android.server.pm.LauncherAppsService
01-29 12:40:50.549  root   257   257 D ApplicationLoaders: Created zygote-cached class loader: /system/framework/android.hidl.base-V1.0-java.jar
01-29 12:40:50.549  1000   475   475 D CompatibilityChangeReporter: Compat change id reported: 183155436; UID 1000; state: ENABLED
01-29 12:40:50.550  1000   475   475 V SystemServerTiming: StartLauncherAppsService took to complete: 2ms
01-29 12:40:50.550  1000   475   475 D SystemServerTiming: StartCrossProfileAppsService
01-29 12:40:50.550  1000   475   475 I SystemServiceManager: Starting com.android.server.pm.CrossProfileAppsService
01-29 12:40:50.551  1000   475   475 V SystemServerTiming: StartCrossProfileAppsService took to complete: 1ms
01-29 12:40:50.551  1000   475   475 D SystemServerTiming: StartPeopleService
01-29 12:40:50.551  1000   475   475 I SystemServiceManager: Starting com.android.server.people.PeopleService
01-29 12:40:50.553  1000   475   475 V SystemServerTiming: StartPeopleService took to complete: 3ms
01-29 12:40:50.553  1000   475   475 D SystemServerTiming: StartMediaMetricsManager
01-29 12:40:50.553  1000   475   475 I SystemServiceManager: Starting com.android.server.media.metrics.MediaMetricsManagerService
01-29 12:40:50.554  1000   475   609 E AS.AudioService: error reading spatial audio device settings
01-29 12:40:50.554  1000   475   609 I AS.SpatializerHelper: init effectExpected=false
01-29 12:40:50.554  1000   475   609 I AS.SpatializerHelper: init(): setting state to STATE_NOT_SUPPORTED due to effect not expected
01-29 12:40:50.555  1000   475   475 V SystemServerTiming: StartMediaMetricsManager took to complete: 1ms
01-29 12:40:50.555  1000   475   475 D SystemServerTiming: StartMediaProjectionManager
01-29 12:40:50.555  1000   475   475 I SystemServiceManager: Starting com.android.server.media.projection.MediaProjectionManagerService
01-29 12:40:50.555  1000   475   609 I AS.SpatializerHelper: setFeatureEnabled(false) was featureEnabled:false
01-29 12:40:50.557  root   257   257 D ApplicationLoaders: Created zygote-cached class loader: /system/framework/android.hidl.manager-V1.0-java.jar
01-29 12:40:50.558  1000   475   475 V MediaRouter: Selecting route: RouteInfo{ name=Phone, description=null, status=null, category=RouteCategory{ name=System types=ROUTE_TYPE_LIVE_AUDIO ROUTE_TYPE_LIVE_VIDEO  groupable=false }, supportedTypes=ROUTE_TYPE_LIVE_AUDIO ROUTE_TYPE_LIVE_VIDEO , presentationDisplay=null }
01-29 12:40:50.558  1000   475   475 I MediaRouter: Skip setBluetoothA2dpOn(): types=8388615, isPlaybackActive()=false, BT route=null
01-29 12:40:50.559  1000   475   475 V SystemServerTiming: StartMediaProjectionManager took to complete: 4ms
01-29 12:40:50.559  1000   475   475 D SystemServerTiming: StartSliceManagerService
01-29 12:40:50.559  1000   475   475 I SystemServiceManager: Starting com.android.server.slice.SliceManagerService$Lifecycle
01-29 12:40:50.561  1000   475   475 V SystemServerTiming: StartSliceManagerService took to complete: 3ms
01-29 12:40:50.561  1000   475   475 D SystemServerTiming: StartStatsCompanion
01-29 12:40:50.562  1000   475   475 I SystemServiceManager: Starting com.android.server.stats.StatsCompanion$Lifecycle
01-29 12:40:50.564  root   257   257 D ApplicationLoaders: Created zygote-cached class loader: /system/framework/android.test.base.jar
01-29 12:40:50.564  root   257   257 V ZygoteInitTiming_lazy: CacheNonBootClasspathClassLoaders took to complete: 31ms
01-29 12:40:50.564  root   257   257 I Zygote  : Preloading resources...
01-29 12:40:50.569  1000   475   475 V SystemServerTiming: StartStatsCompanion took to complete: 8ms
01-29 12:40:50.569  1000   475   475 D SystemServerTiming: StartRebootReadinessManagerService
01-29 12:40:50.570  1000   475   475 I SystemServiceManager: Starting com.android.server.scheduling.RebootReadinessManagerService$Lifecycle
01-29 12:40:50.583  1000   475   475 I TetheringManager: registerTetheringEventCallback:android
01-29 12:40:50.583  1000   475   475 I TetheringManager: registerTetheringEventCallback caller:android
01-29 12:40:50.584  1000   475   475 V SystemServerTiming: StartRebootReadinessManagerService took to complete: 14ms
01-29 12:40:50.584  1000   475   475 D SystemServerTiming: StartStatsPullAtomService
01-29 12:40:50.584  1000   475   475 I SystemServiceManager: Starting com.android.server.stats.pull.StatsPullAtomService
01-29 12:40:50.586  1000   475   475 V SystemServerTiming: StartStatsPullAtomService took to complete: 0ms
01-29 12:40:50.587  1000   475   475 D SystemServerTiming: StatsBootstrapAtomService
01-29 12:40:50.588  1000   475   475 I SystemServiceManager: Starting com.android.server.stats.bootstrap.StatsBootstrapAtomService$Lifecycle
01-29 12:40:50.589  1000   475   475 V SystemServerTiming: StatsBootstrapAtomService took to complete: 2ms
01-29 12:40:50.590  1000   475   475 D SystemServerTiming: StartIncidentCompanionService
01-29 12:40:50.590  1000   475   475 I SystemServiceManager: Starting com.android.server.incident.IncidentCompanionService
01-29 12:40:50.591  1000   475   475 V SystemServerTiming: StartIncidentCompanionService took to complete: 1ms
01-29 12:40:50.591  1000   475   475 D SystemServerTiming: StarSdkSandboxManagerService
01-29 12:40:50.593  1000   475   475 I SystemServiceManager: Starting com.android.server.sdksandbox.SdkSandboxManagerService$Lifecycle
01-29 12:40:50.603  1000   475   475 V SystemServerTiming: StarSdkSandboxManagerService took to complete: 12ms
01-29 12:40:50.604  1000   475   475 D SystemServerTiming: StartAdServicesManagerService
01-29 12:40:50.606  1000   475   475 I SystemServiceManager: Starting com.android.server.adservices.AdServicesManagerService$Lifecycle
01-29 12:40:50.607  1000   475   475 I AdServicesManagerService: AdServicesManagerService started!
01-29 12:40:50.608  1000   475   475 V SystemServerTiming: StartAdServicesManagerService took to complete: 4ms
01-29 12:40:50.608  1000   475   475 D SystemServerTiming: StartAutoFillService
01-29 12:40:50.609  1000   475   475 I SystemServiceManager: Starting com.android.server.autofill.AutofillManagerService
01-29 12:40:50.613  1000   475   475 D AutofillManagerService: setLogLevelFromSettings(): level=2, debug=true, verbose=false
01-29 12:40:50.614  1000   475   475 D AutofillManagerService: setMaxPartitionsFromSettings(): 10
01-29 12:40:50.615  1000   475   475 D AutofillManagerService: setMaxVisibleDatasetsFromSettings(): 0
01-29 12:40:50.616  1000   475   475 D AutofillManagerServiceImpl: Reset component for user 10:
01-29 12:40:50.618  1000   475   493 D AutofillUI: destroySaveUiUiThread(): already destroyed
01-29 12:40:50.625  1000   475   475 W SettingsState: No settings state /data/system/users/11/settings_ssaid.xml
01-29 12:40:50.625  1000   475   475 D AutofillManagerServiceImpl: Reset component for user 11:
01-29 12:40:50.626  1000   475   493 D AutofillUI: destroySaveUiUiThread(): already destroyed
01-29 12:40:50.628  root   257   257 W Resources: Preloaded drawable resource #0x1080297 (android:drawable/dialog_background_material) that varies with configuration!!
01-29 12:40:50.631  1000   475   475 W SettingsState: No settings state /data/system/users/12/settings_ssaid.xml
01-29 12:40:50.631  1000   475   475 D AutofillManagerServiceImpl: Reset component for user 12:
01-29 12:40:50.633  1000   475   475 V SystemServerTiming: StartAutoFillService took to complete: 24ms
01-29 12:40:50.633  1000   475   475 D SystemServer: TranslationService not defined by OEM
01-29 12:40:50.633  1000   475   475 D SystemServerTiming: StartClipboardService
01-29 12:40:50.633  1000   475   475 I SystemServiceManager: Starting com.android.server.clipboard.ClipboardService
01-29 12:40:50.634  1000   475   493 D AutofillUI: destroySaveUiUiThread(): already destroyed
01-29 12:40:50.640  1000   475   475 V SystemServerTiming: StartClipboardService took to complete: 6ms
01-29 12:40:50.641  1000   475   475 D SystemServerTiming: AppServiceManager
01-29 12:40:50.641  1000   475   475 I SystemServiceManager: Starting com.android.server.appbinding.AppBindingService$Lifecycle
01-29 12:40:50.644  1066   254   259 I ServiceManager: Waiting for service 'statscompanion' on '/dev/binder' successful after waiting 1610ms
01-29 12:40:50.645  1000   475   475 V SystemServerTiming: AppServiceManager took to complete: 3ms
01-29 12:40:50.645  1000   475   475 D SystemServerTiming: startTracingServiceProxy
01-29 12:40:50.646  1000   475   475 I SystemServiceManager: Starting com.android.server.tracing.TracingServiceProxy
01-29 12:40:50.651  1000   475   475 V SystemServerTiming: startTracingServiceProxy took to complete: 6ms
01-29 12:40:50.652  1000   475   475 D SystemServerTiming: MakeLockSettingsServiceReady
01-29 12:40:50.663  1000   158   158 I hwservicemanager: getTransport: Cannot find entry android.hardware.weaver@1.0::IWeaver/default in either framework or device VINTF manifest.
01-29 12:40:50.664  1000   475   475 I SyntheticPasswordManager: Device does not support weaver
01-29 12:40:50.665  1000   158   158 I hwservicemanager: getTransport: Cannot find entry android.hardware.authsecret@1.0::IAuthSecret/default in either framework or device VINTF manifest.
01-29 12:40:50.666  1000   475   475 I LockSettingsService: Device doesn't implement AuthSecret HAL
01-29 12:40:50.669  1000   475   475 V SystemServerTiming: MakeLockSettingsServiceReady took to complete: 17ms
01-29 12:40:50.670  1000   475   475 D SystemServerTiming: StartBootPhaseLockSettingsReady
01-29 12:40:50.670  1000   475   475 I SystemServiceManager: Starting phase 480
01-29 12:40:50.671  1000   475   475 D SystemServerTiming: OnBootPhase_480
01-29 12:40:50.671  1000   475   475 D SystemServerTiming: OnBootPhase_480_com.android.server.security.FileIntegrityService
01-29 12:40:50.671  1000   475   475 V SystemServerTiming: OnBootPhase_480_com.android.server.security.FileIntegrityService took to complete: 0ms
01-29 12:40:50.671  1000   475   475 D SystemServerTiming: OnBootPhase_480_com.android.server.pm.Installer
01-29 12:40:50.672  1000   475   475 V SystemServerTiming: OnBootPhase_480_com.android.server.pm.Installer took to complete: 0ms
01-29 12:40:50.672  1000   475   475 D SystemServerTiming: OnBootPhase_480_com.android.server.os.DeviceIdentifiersPolicyService
01-29 12:40:50.673  1000   475   475 V SystemServerTiming: OnBootPhase_480_com.android.server.os.DeviceIdentifiersPolicyService took to complete: 0ms
01-29 12:40:50.673  1000   475   475 D SystemServerTiming: OnBootPhase_480_com.android.server.uri.UriGrantsManagerService$Lifecycle
01-29 12:40:50.674  1000   475   475 V SystemServerTiming: OnBootPhase_480_com.android.server.uri.UriGrantsManagerService$Lifecycle took to complete: 0ms
01-29 12:40:50.674  1000   475   475 D SystemServerTiming: OnBootPhase_480_com.android.server.powerstats.PowerStatsService
01-29 12:40:50.675  1000   475   475 V SystemServerTiming: OnBootPhase_480_com.android.server.powerstats.PowerStatsService took to complete: 0ms
01-29 12:40:50.675  1000   475   475 D SystemServerTiming: OnBootPhase_480_com.android.server.wm.ActivityTaskManagerService$Lifecycle
01-29 12:40:50.676  1000   475   475 V SystemServerTiming: OnBootPhase_480_com.android.server.wm.ActivityTaskManagerService$Lifecycle took to complete: 0ms
01-29 12:40:50.676  1000   475   475 D SystemServerTiming: OnBootPhase_480_com.android.server.am.ActivityManagerService$Lifecycle
01-29 12:40:50.677  1000   475   475 V SystemServerTiming: OnBootPhase_480_com.android.server.am.ActivityManagerService$Lifecycle took to complete: 0ms
01-29 12:40:50.677  1000   475   475 D SystemServerTiming: OnBootPhase_480_com.android.server.pm.DataLoaderManagerService
01-29 12:40:50.677  1000   475   475 V SystemServerTiming: OnBootPhase_480_com.android.server.pm.DataLoaderManagerService took to complete: 0ms
01-29 12:40:50.678  root   257   257 I Zygote  : ...preloaded 64 resources in 114ms.
01-29 12:40:50.678  1000   475   475 D SystemServerTiming: OnBootPhase_480_com.android.server.power.PowerManagerService
01-29 12:40:50.678  1000   475   475 V SystemServerTiming: OnBootPhase_480_com.android.server.power.PowerManagerService took to complete: 0ms
01-29 12:40:50.679  1000   475   475 D SystemServerTiming: OnBootPhase_480_com.android.server.power.ThermalManagerService
01-29 12:40:50.679  1000   475   475 V SystemServerTiming: OnBootPhase_480_com.android.server.power.ThermalManagerService took to complete: 0ms
01-29 12:40:50.679  1000   475   475 D SystemServerTiming: OnBootPhase_480_com.android.server.power.hint.HintManagerService
01-29 12:40:50.680  1000   475   475 V SystemServerTiming: OnBootPhase_480_com.android.server.power.hint.HintManagerService took to complete: 0ms
01-29 12:40:50.680  1000   475   475 D SystemServerTiming: OnBootPhase_480_com.android.server.recoverysystem.RecoverySystemService$Lifecycle
01-29 12:40:50.681  1000   475   475 V SystemServerTiming: OnBootPhase_480_com.android.server.recoverysystem.RecoverySystemService$Lifecycle took to complete: 0ms
01-29 12:40:50.681  1000   475   475 D SystemServerTiming: OnBootPhase_480_com.android.server.lights.LightsService
01-29 12:40:50.681  1000   475   475 V SystemServerTiming: OnBootPhase_480_com.android.server.lights.LightsService took to complete: 1ms
01-29 12:40:50.682  1000   475   475 D SystemServerTiming: OnBootPhase_480_com.android.server.display.DisplayManagerService
01-29 12:40:50.682  1000   475   475 V SystemServerTiming: OnBootPhase_480_com.android.server.display.DisplayManagerService took to complete: 0ms
01-29 12:40:50.682  1000   475   475 D SystemServerTiming: OnBootPhase_480_com.android.server.pm.verify.domain.DomainVerificationService
01-29 12:40:50.682  1000   475   475 V SystemServerTiming: OnBootPhase_480_com.android.server.pm.verify.domain.DomainVerificationService took to complete: 0ms
01-29 12:40:50.682  1000   475   475 D SystemServerTiming: OnBootPhase_480_com.android.server.pm.PackageInstallerService$Lifecycle
01-29 12:40:50.683  1000   475   475 V SystemServerTiming: OnBootPhase_480_com.android.server.pm.PackageInstallerService$Lifecycle took to complete: 0ms
01-29 12:40:50.683  1000   475   475 D SystemServerTiming: OnBootPhase_480_com.android.server.pm.UserManagerService$LifeCycle
01-29 12:40:50.683  1000   475   475 V SystemServerTiming: OnBootPhase_480_com.android.server.pm.UserManagerService$LifeCycle took to complete: 0ms
01-29 12:40:50.683  1000   475   475 D SystemServerTiming: OnBootPhase_480_com.android.server.om.OverlayManagerService
01-29 12:40:50.684  1000   475   475 V SystemServerTiming: OnBootPhase_480_com.android.server.om.OverlayManagerService took to complete: 0ms
01-29 12:40:50.684  1000   475   475 D SystemServerTiming: OnBootPhase_480_com.android.server.resources.ResourcesManagerService
01-29 12:40:50.684  1000   475   475 V SystemServerTiming: OnBootPhase_480_com.android.server.resources.ResourcesManagerService took to complete: 0ms
01-29 12:40:50.685  1000   475   475 D SystemServerTiming: OnBootPhase_480_com.android.server.sensorprivacy.SensorPrivacyService
01-29 12:40:50.685  1000   475   475 V SystemServerTiming: OnBootPhase_480_com.android.server.sensorprivacy.SensorPrivacyService took to complete: 0ms
01-29 12:40:50.685  1000   475   475 D SystemServerTiming: OnBootPhase_480_com.android.server.sensors.SensorService
01-29 12:40:50.686  1000   475   475 V SystemServerTiming: OnBootPhase_480_com.android.server.sensors.SensorService took to complete: 0ms
01-29 12:40:50.686  1000   475   475 D SystemServerTiming: OnBootPhase_480_com.android.server.SystemConfigService
01-29 12:40:50.686  1000   475   475 V SystemServerTiming: OnBootPhase_480_com.android.server.SystemConfigService took to complete: 0ms
01-29 12:40:50.686  1000   475   475 D SystemServerTiming: OnBootPhase_480_com.android.server.BatteryService
01-29 12:40:50.687  1000   475   475 V SystemServerTiming: OnBootPhase_480_com.android.server.BatteryService took to complete: 0ms
01-29 12:40:50.687  1000   475   475 D SystemServerTiming: OnBootPhase_480_com.android.server.usage.UsageStatsService
01-29 12:40:50.687  1000   475   475 V SystemServerTiming: OnBootPhase_480_com.android.server.usage.UsageStatsService took to complete: 0ms
01-29 12:40:50.688  1000   475   475 D SystemServerTiming: OnBootPhase_480_com.android.server.webkit.WebViewUpdateService
01-29 12:40:50.688  1000   475   475 V SystemServerTiming: OnBootPhase_480_com.android.server.webkit.WebViewUpdateService took to complete: 0ms
01-29 12:40:50.688  1000   475   475 D SystemServerTiming: OnBootPhase_480_com.android.server.CachedDeviceStateService
01-29 12:40:50.688  1000   475   475 V SystemServerTiming: OnBootPhase_480_com.android.server.CachedDeviceStateService took to complete: 0ms
01-29 12:40:50.689  1000   475   475 D SystemServerTiming: OnBootPhase_480_com.android.server.BinderCallsStatsService$LifeCycle
01-29 12:40:50.689  root   257   257 I Zygote  : ...preloaded 41 resources in 11ms.
01-29 12:40:50.689  root   257   257 V ZygoteInitTiming_lazy: PreloadResources took to complete: 126ms
01-29 12:40:50.690  1000   475   475 V SystemServerTiming: OnBootPhase_480_com.android.server.BinderCallsStatsService$LifeCycle took to complete: 0ms
01-29 12:40:50.690  1000   475   475 D SystemServerTiming: OnBootPhase_480_com.android.server.LooperStatsService$Lifecycle
01-29 12:40:50.690  1000   475   475 V SystemServerTiming: OnBootPhase_480_com.android.server.LooperStatsService$Lifecycle took to complete: 0ms
01-29 12:40:50.690  1000   475   475 D SystemServerTiming: OnBootPhase_480_com.android.server.rollback.RollbackManagerService
01-29 12:40:50.690  1000   475   475 V SystemServerTiming: OnBootPhase_480_com.android.server.rollback.RollbackManagerService took to complete: 0ms
01-29 12:40:50.690  1000   475   475 D SystemServerTiming: OnBootPhase_480_com.android.server.os.NativeTombstoneManagerService
01-29 12:40:50.690  1000   475   475 V SystemServerTiming: OnBootPhase_480_com.android.server.os.NativeTombstoneManagerService took to complete: 0ms
01-29 12:40:50.691  1000   475   475 D SystemServerTiming: OnBootPhase_480_com.android.server.os.BugreportManagerService
01-29 12:40:50.691  1000   475   475 V SystemServerTiming: OnBootPhase_480_com.android.server.os.BugreportManagerService took to complete: 0ms
01-29 12:40:50.691  1000   475   475 D SystemServerTiming: OnBootPhase_480_com.android.server.gpu.GpuService
01-29 12:40:50.691  1000   475   475 V SystemServerTiming: OnBootPhase_480_com.android.server.gpu.GpuService took to complete: 0ms
01-29 12:40:50.691  1000   475   475 D SystemServerTiming: OnBootPhase_480_com.android.server.security.KeyChainSystemService
01-29 12:40:50.692  1000   475   475 V SystemServerTiming: OnBootPhase_480_com.android.server.security.KeyChainSystemService took to complete: 0ms
01-29 12:40:50.692  1000   475   475 D SystemServerTiming: OnBootPhase_480_com.android.server.BinaryTransparencyService
01-29 12:40:50.693  1000   475   475 V SystemServerTiming: OnBootPhase_480_com.android.server.BinaryTransparencyService took to complete: 0ms
01-29 12:40:50.693  1000   475   475 D SystemServerTiming: OnBootPhase_480_com.android.server.telecom.TelecomLoaderService
01-29 12:40:50.693  1000   475   475 V SystemServerTiming: OnBootPhase_480_com.android.server.telecom.TelecomLoaderService took to complete: 1ms
01-29 12:40:50.693  1000   475   475 D SystemServerTiming: OnBootPhase_480_com.android.server.accounts.AccountManagerService$Lifecycle
01-29 12:40:50.694  1000   475   475 V SystemServerTiming: OnBootPhase_480_com.android.server.accounts.AccountManagerService$Lifecycle took to complete: 0ms
01-29 12:40:50.694  1000   475   475 D SystemServerTiming: OnBootPhase_480_com.android.server.content.ContentService$Lifecycle
01-29 12:40:50.694  1000   475   475 V SystemServerTiming: OnBootPhase_480_com.android.server.content.ContentService$Lifecycle took to complete: 0ms
01-29 12:40:50.695  1000   475   475 D SystemServerTiming: OnBootPhase_480_com.android.server.DropBoxManagerService
01-29 12:40:50.695  1000   475   475 V SystemServerTiming: OnBootPhase_480_com.android.server.DropBoxManagerService took to complete: 0ms
01-29 12:40:50.695  1000   475   475 D SystemServerTiming: OnBootPhase_480_com.android.role.RoleService
01-29 12:40:50.695  1000   475   475 V SystemServerTiming: OnBootPhase_480_com.android.role.RoleService took to complete: 0ms
01-29 12:40:50.696  1000   475   475 D SystemServerTiming: OnBootPhase_480_com.android.server.vibrator.VibratorManagerService$Lifecycle
01-29 12:40:50.696  1000   475   475 V SystemServerTiming: OnBootPhase_480_com.android.server.vibrator.VibratorManagerService$Lifecycle took to complete: 0ms
01-29 12:40:50.696  1000   475   475 D SystemServerTiming: OnBootPhase_480_com.android.server.tare.InternalResourceService
01-29 12:40:50.696  1000   475   475 V SystemServerTiming: OnBootPhase_480_com.android.server.tare.InternalResourceService took to complete: 0ms
01-29 12:40:50.696  1000   475   475 D SystemServerTiming: OnBootPhase_480_com.android.server.alarm.AlarmManagerService
01-29 12:40:50.697  1000   475   475 V SystemServerTiming: OnBootPhase_480_com.android.server.alarm.AlarmManagerService took to complete: 0ms
01-29 12:40:50.697  1000   475   475 D SystemServerTiming: OnBootPhase_480_com.android.server.devicestate.DeviceStateManagerService
01-29 12:40:50.697  1000   475   475 V SystemServerTiming: OnBootPhase_480_com.android.server.devicestate.DeviceStateManagerService took to complete: 0ms
01-29 12:40:50.697  1000   475   475 D SystemServerTiming: OnBootPhase_480_com.android.server.camera.CameraServiceProxy
01-29 12:40:50.697  1000   475   475 V SystemServerTiming: OnBootPhase_480_com.android.server.camera.CameraServiceProxy took to complete: 0ms
01-29 12:40:50.698  1000   475   475 D SystemServerTiming: OnBootPhase_480_com.android.server.bluetooth.BluetoothService
01-29 12:40:50.698  1000   475   475 V SystemServerTiming: OnBootPhase_480_com.android.server.bluetooth.BluetoothService took to complete: 0ms
01-29 12:40:50.698  1000   475   475 D SystemServerTiming: OnBootPhase_480_com.android.server.connectivity.IpConnectivityMetrics
01-29 12:40:50.699  1000   475   475 V SystemServerTiming: OnBootPhase_480_com.android.server.connectivity.IpConnectivityMetrics took to complete: 0ms
01-29 12:40:50.699  1000   475   475 D SystemServerTiming: OnBootPhase_480_com.android.server.net.watchlist.NetworkWatchlistService$Lifecycle
01-29 12:40:50.699  1000   475   475 V SystemServerTiming: OnBootPhase_480_com.android.server.net.watchlist.NetworkWatchlistService$Lifecycle took to complete: 0ms
01-29 12:40:50.700  1000   475   475 D SystemServerTiming: OnBootPhase_480_com.android.server.PinnerService
01-29 12:40:50.700  1000   475   475 V SystemServerTiming: OnBootPhase_480_com.android.server.PinnerService took to complete: 0ms
01-29 12:40:50.700  1000   475   475 D SystemServerTiming: OnBootPhase_480_com.android.server.integrity.AppIntegrityManagerService
01-29 12:40:50.701  1000   475   475 V SystemServerTiming: OnBootPhase_480_com.android.server.integrity.AppIntegrityManagerService took to complete: 0ms
01-29 12:40:50.701  1000   475   475 D SystemServerTiming: OnBootPhase_480_com.android.server.logcat.LogcatManagerService
01-29 12:40:50.701  1000   475   475 V SystemServerTiming: OnBootPhase_480_com.android.server.logcat.LogcatManagerService took to complete: 0ms
01-29 12:40:50.701  1000   475   475 D SystemServerTiming: OnBootPhase_480_com.android.server.inputmethod.InputMethodManagerService$Lifecycle
01-29 12:40:50.702  1000   475   475 V SystemServerTiming: OnBootPhase_480_com.android.server.inputmethod.InputMethodManagerService$Lifecycle took to complete: 0ms
01-29 12:40:50.702  1000   475   475 D SystemServerTiming: OnBootPhase_480_com.android.server.accessibility.AccessibilityManagerService$Lifecycle
01-29 12:40:50.702  1000   475   475 V SystemServerTiming: OnBootPhase_480_com.android.server.accessibility.AccessibilityManagerService$Lifecycle took to complete: 0ms
01-29 12:40:50.702  1000   475   475 D SystemServerTiming: OnBootPhase_480_com.android.server.StorageManagerService$Lifecycle
01-29 12:40:50.703  1000   475   475 V SystemServerTiming: OnBootPhase_480_com.android.server.StorageManagerService$Lifecycle took to complete: 0ms
01-29 12:40:50.703  1000   475   475 D SystemServerTiming: OnBootPhase_480_com.android.server.usage.StorageStatsService$Lifecycle
01-29 12:40:50.703  1000   475   475 V SystemServerTiming: OnBootPhase_480_com.android.server.usage.StorageStatsService$Lifecycle took to complete: 0ms
01-29 12:40:50.704  1000   475   475 D SystemServerTiming: OnBootPhase_480_com.android.server.UiModeManagerService
01-29 12:40:50.704  1000   475   475 V SystemServerTiming: OnBootPhase_480_com.android.server.UiModeManagerService took to complete: 0ms
01-29 12:40:50.705  1000   475   475 D SystemServerTiming: OnBootPhase_480_com.android.server.locales.LocaleManagerService
01-29 12:40:50.705  1000   475   475 V SystemServerTiming: OnBootPhase_480_com.android.server.locales.LocaleManagerService took to complete: 0ms
01-29 12:40:50.705  1000   475   475 D SystemServerTiming: OnBootPhase_480_com.android.server.locksettings.LockSettingsService$Lifecycle
01-29 12:40:50.705  1000   475   475 V SystemServerTiming: OnBootPhase_480_com.android.server.locksettings.LockSettingsService$Lifecycle took to complete: 0ms
01-29 12:40:50.705  1000   475   475 D SystemServerTiming: OnBootPhase_480_com.android.server.testharness.TestHarnessModeService
01-29 12:40:50.706  1000   475   475 V SystemServerTiming: OnBootPhase_480_com.android.server.testharness.TestHarnessModeService took to complete: 0ms
01-29 12:40:50.706  1000   475   475 D SystemServerTiming: OnBootPhase_480_com.android.server.DeviceIdleController
01-29 12:40:50.707  1000   475   475 V SystemServerTiming: OnBootPhase_480_com.android.server.DeviceIdleController took to complete: 0ms
01-29 12:40:50.707  1000   475   475 D SystemServerTiming: OnBootPhase_480_com.android.server.devicepolicy.DevicePolicyManagerService$Lifecycle
01-29 12:40:50.729  root   257   257 D libEGL  : loaded /vendor/lib/egl/libEGL_mesa.so
01-29 12:40:50.734  root   257   257 D libEGL  : loaded /vendor/lib/egl/libGLESv1_CM_mesa.so
01-29 12:40:50.740  1000   475   475 I UsbPortManager: USB HAL HIDL version: 10
01-29 12:40:50.742  1000   475   499 D SystemServerTimingAsync: InitThreadPoolExec:DevicePolicyManager
01-29 12:40:50.742  1000   475   499 D SystemServerInitThreadPool: Started executing DevicePolicyManager
01-29 12:40:50.743  1000   475   475 V SystemServerTiming: OnBootPhase_480_com.android.server.devicepolicy.DevicePolicyManagerService$Lifecycle took to complete: 35ms
01-29 12:40:50.743  1000   475   475 D SystemServerTiming: OnBootPhase_480_com.android.server.texttospeech.TextToSpeechManagerService
01-29 12:40:50.743  1000   475   475 V SystemServerTiming: OnBootPhase_480_com.android.server.texttospeech.TextToSpeechManagerService took to complete: 0ms
01-29 12:40:50.744  1000   475   475 D SystemServerTiming: OnBootPhase_480_com.android.server.ambientcontext.AmbientContextManagerService
01-29 12:40:50.744  1000   475   475 V SystemServerTiming: OnBootPhase_480_com.android.server.ambientcontext.AmbientContextManagerService took to complete: 0ms
01-29 12:40:50.744  1000   475   475 D SystemServerTiming: OnBootPhase_480_com.android.server.speech.SpeechRecognitionManagerService
01-29 12:40:50.745  1000   475   475 V SystemServerTiming: OnBootPhase_480_com.android.server.speech.SpeechRecognitionManagerService took to complete: 0ms
01-29 12:40:50.745  1000   475   475 D SystemServerTiming: OnBootPhase_480_com.android.server.searchui.SearchUiManagerService
01-29 12:40:50.745  root   257   257 D libEGL  : loaded /vendor/lib/egl/libGLESv2_mesa.so
01-29 12:40:50.746  1000   475   475 V SystemServerTiming: OnBootPhase_480_com.android.server.searchui.SearchUiManagerService took to complete: 0ms
01-29 12:40:50.746  1000   475   475 D SystemServerTiming: OnBootPhase_480_com.android.server.smartspace.SmartspaceManagerService
01-29 12:40:50.746  1000   475   475 V SystemServerTiming: OnBootPhase_480_com.android.server.smartspace.SmartspaceManagerService took to complete: 0ms
01-29 12:40:50.746  1000   475   475 D SystemServerTiming: OnBootPhase_480_com.android.server.graphics.fonts.FontManagerService$Lifecycle
01-29 12:40:50.747  1000   475   475 V SystemServerTiming: OnBootPhase_480_com.android.server.graphics.fonts.FontManagerService$Lifecycle took to complete: 0ms
01-29 12:40:50.747  1000   475   475 D SystemServerTiming: OnBootPhase_480_com.android.server.textservices.TextServicesManagerService$Lifecycle
01-29 12:40:50.747  1000   475   475 V SystemServerTiming: OnBootPhase_480_com.android.server.textservices.TextServicesManagerService$Lifecycle took to complete: 0ms
01-29 12:40:50.748  1000   475   475 D SystemServerTiming: OnBootPhase_480_com.android.server.NetworkScoreService$Lifecycle
01-29 12:40:50.748  1000   475   475 V SystemServerTiming: OnBootPhase_480_com.android.server.NetworkScoreService$Lifecycle took to complete: 0ms
01-29 12:40:50.749  1000   475   475 D SystemServerTiming: OnBootPhase_480_com.android.server.NetworkStatsServiceInitializer
01-29 12:40:50.749  1000   475   475 V SystemServerTiming: OnBootPhase_480_com.android.server.NetworkStatsServiceInitializer took to complete: 0ms
01-29 12:40:50.749  1000   475   475 D SystemServerTiming: OnBootPhase_480_com.android.server.wifi.WifiService
01-29 12:40:50.750  1000   475   475 V SystemServerTiming: OnBootPhase_480_com.android.server.wifi.WifiService took to complete: 0ms
01-29 12:40:50.750  1000   475   475 D SystemServerTiming: OnBootPhase_480_com.android.server.wifi.scanner.WifiScanningService
01-29 12:40:50.750  1000   475   475 V SystemServerTiming: OnBootPhase_480_com.android.server.wifi.scanner.WifiScanningService took to complete: 0ms
01-29 12:40:50.750  1000   475   475 D SystemServerTiming: OnBootPhase_480_com.android.server.ConnectivityServiceInitializer
01-29 12:40:50.750  1000   475   475 V SystemServerTiming: OnBootPhase_480_com.android.server.ConnectivityServiceInitializer took to complete: 0ms
01-29 12:40:50.751  1000   475   475 D SystemServerTiming: OnBootPhase_480_com.android.server.notification.NotificationManagerService
01-29 12:40:50.751  1000   475   475 V SystemServerTiming: OnBootPhase_480_com.android.server.notification.NotificationManagerService took to complete: 0ms
01-29 12:40:50.751  1000   475   475 D SystemServerTiming: OnBootPhase_480_com.android.server.storage.DeviceStorageMonitorService
01-29 12:40:50.751  1000   475   475 V SystemServerTiming: OnBootPhase_480_com.android.server.storage.DeviceStorageMonitorService took to complete: 0ms
01-29 12:40:50.751  1000   475   475 D SystemServerTiming: OnBootPhase_480_com.android.server.location.LocationManagerService$Lifecycle
01-29 12:40:50.751  1000   475   499 D SystemServerInitThreadPool: Finished executing DevicePolicyManager
01-29 12:40:50.751  1000   475   499 V SystemServerTimingAsync: InitThreadPoolExec:DevicePolicyManager took to complete: 9ms
01-29 12:40:50.752  1000   475   475 V SystemServerTiming: OnBootPhase_480_com.android.server.location.LocationManagerService$Lifecycle took to complete: 0ms
01-29 12:40:50.752  1000   475   475 D SystemServerTiming: OnBootPhase_480_com.android.server.timedetector.TimeDetectorService$Lifecycle
01-29 12:40:50.752  1000   475   475 V SystemServerTiming: OnBootPhase_480_com.android.server.timedetector.TimeDetectorService$Lifecycle took to complete: 0ms
01-29 12:40:50.752  1000   475   475 D SystemServerTiming: OnBootPhase_480_com.android.server.timezonedetector.TimeZoneDetectorService$Lifecycle
01-29 12:40:50.752  1000   475   475 V SystemServerTiming: OnBootPhase_480_com.android.server.timezonedetector.TimeZoneDetectorService$Lifecycle took to complete: 0ms
01-29 12:40:50.752  1000   475   475 D SystemServerTiming: OnBootPhase_480_com.android.server.timezonedetector.location.LocationTimeZoneManagerService$Lifecycle
01-29 12:40:50.752  1000   475   475 V SystemServerTiming: OnBootPhase_480_com.android.server.timezonedetector.location.LocationTimeZoneManagerService$Lifecycle took to complete: 0ms
01-29 12:40:50.752  1000   475   475 D SystemServerTiming: OnBootPhase_480_com.android.server.timedetector.GnssTimeUpdateService$Lifecycle
01-29 12:40:50.752  1000   475   475 V SystemServerTiming: OnBootPhase_480_com.android.server.timedetector.GnssTimeUpdateService$Lifecycle took to complete: 0ms
01-29 12:40:50.753  1000   475   475 D SystemServerTiming: OnBootPhase_480_com.android.server.search.SearchManagerService$Lifecycle
01-29 12:40:50.753  1000   475   475 V SystemServerTiming: OnBootPhase_480_com.android.server.search.SearchManagerService$Lifecycle took to complete: 0ms
01-29 12:40:50.754  1000   475   475 D SystemServerTiming: OnBootPhase_480_com.android.server.wallpapereffectsgeneration.WallpaperEffectsGenerationManagerService
01-29 12:40:50.754  1000   475   475 V SystemServerTiming: OnBootPhase_480_com.android.server.wallpapereffectsgeneration.WallpaperEffectsGenerationManagerService took to complete: 0ms
01-29 12:40:50.755  1000   475   475 D SystemServerTiming: OnBootPhase_480_com.android.server.audio.AudioService$Lifecycle
01-29 12:40:50.755  1000   475   475 V SystemServerTiming: OnBootPhase_480_com.android.server.audio.AudioService$Lifecycle took to complete: 0ms
01-29 12:40:50.755  1000   475   475 D SystemServerTiming: OnBootPhase_480_com.android.server.soundtrigger_middleware.SoundTriggerMiddlewareService$Lifecycle
01-29 12:40:50.755  1000   475   475 V SystemServerTiming: OnBootPhase_480_com.android.server.soundtrigger_middleware.SoundTriggerMiddlewareService$Lifecycle took to complete: 0ms
01-29 12:40:50.756  1000   475   475 D SystemServerTiming: OnBootPhase_480_com.android.server.broadcastradio.BroadcastRadioService
01-29 12:40:50.756  1000   475   475 V SystemServerTiming: OnBootPhase_480_com.android.server.broadcastradio.BroadcastRadioService took to complete: 0ms
01-29 12:40:50.757  1000   475   475 D SystemServerTiming: OnBootPhase_480_com.android.server.DockObserver
01-29 12:40:50.757  1000   475   475 V SystemServerTiming: OnBootPhase_480_com.android.server.DockObserver took to complete: 0ms
01-29 12:40:50.757  1000   475   475 D SystemServerTiming: OnBootPhase_480_com.android.server.midi.MidiService$Lifecycle
01-29 12:40:50.757  1000   475   475 V SystemServerTiming: OnBootPhase_480_com.android.server.midi.MidiService$Lifecycle took to complete: 0ms
01-29 12:40:50.758  1000   475   475 D SystemServerTiming: OnBootPhase_480_com.android.server.adb.AdbService$Lifecycle
01-29 12:40:50.758  1000   475   475 V SystemServerTiming: OnBootPhase_480_com.android.server.adb.AdbService$Lifecycle took to complete: 0ms
01-29 12:40:50.759  1000   475   475 D SystemServerTiming: OnBootPhase_480_com.android.server.usb.UsbService$Lifecycle
01-29 12:40:50.759  1000   475   475 V SystemServerTiming: OnBootPhase_480_com.android.server.usb.UsbService$Lifecycle took to complete: 0ms
01-29 12:40:50.759  1000   475   475 D SystemServerTiming: OnBootPhase_480_com.android.server.twilight.TwilightService
01-29 12:40:50.759  1000   475   475 V SystemServerTiming: OnBootPhase_480_com.android.server.twilight.TwilightService took to complete: 0ms
01-29 12:40:50.760  1000   475   475 D SystemServerTiming: OnBootPhase_480_com.android.server.display.color.ColorDisplayService
01-29 12:40:50.760  1000   475   475 V SystemServerTiming: OnBootPhase_480_com.android.server.display.color.ColorDisplayService took to complete: 0ms
01-29 12:40:50.760  1000   475   475 D SystemServerTiming: OnBootPhase_480_com.android.server.job.JobSchedulerService
01-29 12:40:50.761  1000   475   475 V SystemServerTiming: OnBootPhase_480_com.android.server.job.JobSchedulerService took to complete: 0ms
01-29 12:40:50.761  1000   475   475 D SystemServerTiming: OnBootPhase_480_com.android.server.soundtrigger.SoundTriggerService
01-29 12:40:50.762  1000   475   475 D SoundTriggerService: onBootPhase: 480 : false
01-29 12:40:50.763  1000   475   475 V SystemServerTiming: OnBootPhase_480_com.android.server.soundtrigger.SoundTriggerService took to complete: 1ms
01-29 12:40:50.763  1000   475   475 D SystemServerTiming: OnBootPhase_480_com.android.server.trust.TrustManagerService
01-29 12:40:50.763  1000   475   475 V SystemServerTiming: OnBootPhase_480_com.android.server.trust.TrustManagerService took to complete: 0ms
01-29 12:40:50.764  1000   475   475 D SystemServerTiming: OnBootPhase_480_com.android.server.voiceinteraction.VoiceInteractionManagerService
01-29 12:40:50.764  1000   475   475 V SystemServerTiming: OnBootPhase_480_com.android.server.voiceinteraction.VoiceInteractionManagerService took to complete: 0ms
01-29 12:40:50.764  1000   475   475 D SystemServerTiming: OnBootPhase_480_com.android.server.apphibernation.AppHibernationService
01-29 12:40:50.765  1000   475   475 V SystemServerTiming: OnBootPhase_480_com.android.server.apphibernation.AppHibernationService took to complete: 0ms
01-29 12:40:50.765  1000   475   475 D SystemServerTiming: OnBootPhase_480_com.android.server.GestureLauncherService
01-29 12:40:50.765  root   257   257 I Zygote  : Preloading shared libraries...
01-29 12:40:50.765  1000   475   475 V SystemServerTiming: OnBootPhase_480_com.android.server.GestureLauncherService took to complete: 0ms
01-29 12:40:50.766  1000   475   475 D SystemServerTiming: OnBootPhase_480_com.android.server.SensorNotificationService
01-29 12:40:50.766  1000   475   475 V SystemServerTiming: OnBootPhase_480_com.android.server.SensorNotificationService took to complete: 0ms
01-29 12:40:50.766  1000   475   475 D SystemServerTiming: OnBootPhase_480_com.android.server.emergency.EmergencyAffordanceService
01-29 12:40:50.766  1000   475   475 V SystemServerTiming: OnBootPhase_480_com.android.server.emergency.EmergencyAffordanceService took to complete: 0ms
01-29 12:40:50.766  1000   475   475 D SystemServerTiming: OnBootPhase_480_com.android.server.blob.BlobStoreManagerService
01-29 12:40:50.766  1000   475   475 V SystemServerTiming: OnBootPhase_480_com.android.server.blob.BlobStoreManagerService took to complete: 0ms
01-29 12:40:50.766  1000   475   475 D SystemServerTiming: OnBootPhase_480_com.android.server.dreams.DreamManagerService
01-29 12:40:50.766  1000   475   475 V SystemServerTiming: OnBootPhase_480_com.android.server.dreams.DreamManagerService took to complete: 0ms
01-29 12:40:50.766  1000   475   475 D SystemServerTiming: OnBootPhase_480_com.android.server.security.AttestationVerificationManagerService
01-29 12:40:50.766  1000   475   475 V SystemServerTiming: OnBootPhase_480_com.android.server.security.AttestationVerificationManagerService took to complete: 0ms
01-29 12:40:50.766  1000   475   475 D SystemServerTiming: OnBootPhase_480_com.android.server.companion.CompanionDeviceManagerService
01-29 12:40:50.766  1000   475   475 V SystemServerTiming: OnBootPhase_480_com.android.server.companion.CompanionDeviceManagerService took to complete: 0ms
01-29 12:40:50.766  1000   475   475 D SystemServerTiming: OnBootPhase_480_com.android.server.companion.virtual.VirtualDeviceManagerService
01-29 12:40:50.766  1000   475   475 V SystemServerTiming: OnBootPhase_480_com.android.server.companion.virtual.VirtualDeviceManagerService took to complete: 0ms
01-29 12:40:50.766  1000   475   475 D SystemServerTiming: OnBootPhase_480_com.android.server.restrictions.RestrictionsManagerService
01-29 12:40:50.766  1000   475   475 V SystemServerTiming: OnBootPhase_480_com.android.server.restrictions.RestrictionsManagerService took to complete: 0ms
01-29 12:40:50.766  1000   475   475 D SystemServerTiming: OnBootPhase_480_com.android.server.media.MediaSessionService
01-29 12:40:50.766  1000   475   475 V SystemServerTiming: OnBootPhase_480_com.android.server.media.MediaSessionService took to complete: 0ms
01-29 12:40:50.766  1000   475   475 D SystemServerTiming: OnBootPhase_480_com.android.server.hdmi.HdmiControlService
01-29 12:40:50.767  1000   475   475 V SystemServerTiming: OnBootPhase_480_com.android.server.hdmi.HdmiControlService took to complete: 0ms
01-29 12:40:50.767  1000   475   475 D SystemServerTiming: OnBootPhase_480_com.android.server.biometrics.BiometricService
01-29 12:40:50.767  1000   475   475 V SystemServerTiming: OnBootPhase_480_com.android.server.biometrics.BiometricService took to complete: 0ms
01-29 12:40:50.767  1000   475   475 D SystemServerTiming: OnBootPhase_480_com.android.server.biometrics.AuthService
01-29 12:40:50.767  1000   475   475 V SystemServerTiming: OnBootPhase_480_com.android.server.biometrics.AuthService took to complete: 0ms
01-29 12:40:50.767  1000   475   475 D SystemServerTiming: OnBootPhase_480_com.android.server.pm.ShortcutService$Lifecycle
01-29 12:40:50.769  1000   475   475 V SystemServerTiming: OnBootPhase_480_com.android.server.pm.ShortcutService$Lifecycle took to complete: 3ms
01-29 12:40:50.770  1000   475   475 D SystemServerTiming: OnBootPhase_480_com.android.server.pm.LauncherAppsService
01-29 12:40:50.770  1000   475   475 V SystemServerTiming: OnBootPhase_480_com.android.server.pm.LauncherAppsService took to complete: 0ms
01-29 12:40:50.770  1000   475   475 D SystemServerTiming: OnBootPhase_480_com.android.server.pm.CrossProfileAppsService
01-29 12:40:50.770  1000   475   475 V SystemServerTiming: OnBootPhase_480_com.android.server.pm.CrossProfileAppsService took to complete: 0ms
01-29 12:40:50.770  1000   475   475 D SystemServerTiming: OnBootPhase_480_com.android.server.people.PeopleService
01-29 12:40:50.770  1000   475   475 V SystemServerTiming: OnBootPhase_480_com.android.server.people.PeopleService took to complete: 0ms
01-29 12:40:50.770  1000   475   475 D SystemServerTiming: OnBootPhase_480_com.android.server.media.metrics.MediaMetricsManagerService
01-29 12:40:50.770  1000   475   475 V SystemServerTiming: OnBootPhase_480_com.android.server.media.metrics.MediaMetricsManagerService took to complete: 0ms
01-29 12:40:50.770  1000   475   475 D SystemServerTiming: OnBootPhase_480_com.android.server.media.projection.MediaProjectionManagerService
01-29 12:40:50.770  1000   475   475 V SystemServerTiming: OnBootPhase_480_com.android.server.media.projection.MediaProjectionManagerService took to complete: 0ms
01-29 12:40:50.770  1000   475   475 D SystemServerTiming: OnBootPhase_480_com.android.server.slice.SliceManagerService$Lifecycle
01-29 12:40:50.770  1000   475   475 V SystemServerTiming: OnBootPhase_480_com.android.server.slice.SliceManagerService$Lifecycle took to complete: 0ms
01-29 12:40:50.770  1000   475   475 D SystemServerTiming: OnBootPhase_480_com.android.server.stats.StatsCompanion$Lifecycle
01-29 12:40:50.770  1000   475   475 V SystemServerTiming: OnBootPhase_480_com.android.server.stats.StatsCompanion$Lifecycle took to complete: 0ms
01-29 12:40:50.770  1000   475   475 D SystemServerTiming: OnBootPhase_480_com.android.server.scheduling.RebootReadinessManagerService$Lifecycle
01-29 12:40:50.770  1000   475   475 V SystemServerTiming: OnBootPhase_480_com.android.server.scheduling.RebootReadinessManagerService$Lifecycle took to complete: 0ms
01-29 12:40:50.770  1000   475   475 D SystemServerTiming: OnBootPhase_480_com.android.server.stats.pull.StatsPullAtomService
01-29 12:40:50.770  1000   475   475 V SystemServerTiming: OnBootPhase_480_com.android.server.stats.pull.StatsPullAtomService took to complete: 0ms
01-29 12:40:50.770  1000   475   475 D SystemServerTiming: OnBootPhase_480_com.android.server.stats.bootstrap.StatsBootstrapAtomService$Lifecycle
01-29 12:40:50.770  1000   475   475 V SystemServerTiming: OnBootPhase_480_com.android.server.stats.bootstrap.StatsBootstrapAtomService$Lifecycle took to complete: 0ms
01-29 12:40:50.770  1000   475   475 D SystemServerTiming: OnBootPhase_480_com.android.server.incident.IncidentCompanionService
01-29 12:40:50.770  1000   475   475 V SystemServerTiming: OnBootPhase_480_com.android.server.incident.IncidentCompanionService took to complete: 0ms
01-29 12:40:50.770  1000   475   475 D SystemServerTiming: OnBootPhase_480_com.android.server.sdksandbox.SdkSandboxManagerService$Lifecycle
01-29 12:40:50.770  1000   475   475 V SystemServerTiming: OnBootPhase_480_com.android.server.sdksandbox.SdkSandboxManagerService$Lifecycle took to complete: 0ms
01-29 12:40:50.770  1000   475   475 D SystemServerTiming: OnBootPhase_480_com.android.server.adservices.AdServicesManagerService$Lifecycle
01-29 12:40:50.771  1000   475   475 V SystemServerTiming: OnBootPhase_480_com.android.server.adservices.AdServicesManagerService$Lifecycle took to complete: 0ms
01-29 12:40:50.771  1000   475   475 D SystemServerTiming: OnBootPhase_480_com.android.server.autofill.AutofillManagerService
01-29 12:40:50.771  1000   475   475 V SystemServerTiming: OnBootPhase_480_com.android.server.autofill.AutofillManagerService took to complete: 0ms
01-29 12:40:50.771  1000   475   475 D SystemServerTiming: OnBootPhase_480_com.android.server.clipboard.ClipboardService
01-29 12:40:50.771  1000   475   475 V SystemServerTiming: OnBootPhase_480_com.android.server.clipboard.ClipboardService took to complete: 0ms
01-29 12:40:50.771  1000   475   475 D SystemServerTiming: OnBootPhase_480_com.android.server.appbinding.AppBindingService$Lifecycle
01-29 12:40:50.771  1000   475   475 V SystemServerTiming: OnBootPhase_480_com.android.server.appbinding.AppBindingService$Lifecycle took to complete: 0ms
01-29 12:40:50.771  1000   475   475 D SystemServerTiming: OnBootPhase_480_com.android.server.tracing.TracingServiceProxy
01-29 12:40:50.771  1000   475   475 V SystemServerTiming: OnBootPhase_480_com.android.server.tracing.TracingServiceProxy took to complete: 0ms
01-29 12:40:50.771  1000   475   475 V SystemServerTiming: OnBootPhase_480 took to complete: 100ms
01-29 12:40:50.771  1000   475   475 V SystemServerTiming: StartBootPhaseLockSettingsReady took to complete: 100ms
01-29 12:40:50.771  1000   475   475 D SystemServerTiming: StartBootPhaseSystemServicesReady
01-29 12:40:50.771  1000   475   475 I SystemServiceManager: Starting phase 500
01-29 12:40:50.771  1000   475   475 D SystemServerTiming: OnBootPhase_500
01-29 12:40:50.771  1000   475   475 D SystemServerTiming: OnBootPhase_500_com.android.server.security.FileIntegrityService
