01-01 00:00:10.370  1000   269   269 I HidlServiceManagement: Removing namespace from process name android.hardware.gatekeeper@1.0-service.software to gatekeeper@1.0-service.software.
01-01 00:00:10.393  root   255   255 I netd    : Creating child chains: 136267us
01-01 00:00:10.394  root   255   255 I netd    : Setting up OEM hooks: 284us
01-01 00:00:10.386  root     0     0 I         : file system registered
01-01 00:00:10.393  root     0     0 W         : using random self ethernet address
01-01 00:00:10.398  root     0     0 W         : using random host ethernet address
01-01 00:00:10.396  root   255   255 I netd    : Setting up FirewallController hooks: 2293us
01-01 00:00:10.402  root   255   255 I netd    : Setting up TetherController hooks: 5501us
01-01 00:00:10.409  root   255   255 I netd    : Setting up BandwidthController hooks: 6996us
01-01 00:00:10.409  root   255   255 I netd    : Setting up IdletimerController hooks: 150us
01-01 00:00:10.423  root   255   255 I netd    : Setting up StrictController hooks: 13970us
01-01 00:00:10.440  root   255   255 I netd    : Enabling bandwidth control: 16918us
01-01 00:00:10.443  1000   270   270 I DMABUFHEAPS: Using : Non-legacy ION heaps
01-01 00:00:10.445  root   255   255 I netd    : Initializing RouteController: 4980us
01-01 00:00:10.445  root   255   255 D XfrmController: XfrmController::ipSecAddXfrmInterface, line=1480
01-01 00:00:10.447  root   255   255 D XfrmController: XfrmController::ipSecRemoveTunnelInterface, line=1693
01-01 00:00:10.447  root   255   255 D XfrmController: deviceName=ipsec_test
01-01 00:00:10.447  1000   270   270 I HidlServiceManagement: Registered android.hardware.graphics.allocator@4.0::IAllocator/default
01-01 00:00:10.461  1000   270   270 I HidlServiceManagement: Removing namespace from process name android.hardware.graphics.allocator@4.0-service.minigbm_gbm_mesa to allocator@4.0-service.minigbm_gbm_mesa.
01-01 00:00:10.461  1000   270   270 I AllocatorService: IAllocator 4.0 service is initialized.
01-01 00:00:10.462  1000   157   157 I servicemanager: Found android.hardware.power.IPower/default in device VINTF manifest.
01-01 00:00:10.481  1000   281   281 I android.hardware.thermal@2.0-service-mock: Thermal HAL Service Mock 2.0 starting...
01-01 00:00:10.482  1000   285   285 I HidlServiceManagement: Registered android.hardware.usb@1.0::IUsb/default
01-01 00:00:10.483  1000   285   285 I HidlServiceManagement: Removing namespace from process name android.hardware.usb@1.0-service to usb@1.0-service.
01-01 00:00:10.483  1000   285   285 I android.hardware.usb@1.0-service: USB HAL Ready.
01-01 00:00:10.485  1000   281   281 I HidlServiceManagement: Registered android.hardware.thermal@2.0::IThermal/default
01-01 00:00:10.485  1000   281   281 I HidlServiceManagement: Removing namespace from process name android.hardware.thermal@2.0-service.mock to thermal@2.0-service.mock.
01-01 00:00:10.486  1000   281   281 I android.hardware.thermal@2.0-service-mock: Thermal Service started successfully.
01-01 00:00:10.496  root   255   255 D XfrmController: Sending Netlink XFRM Message: XFRM_MSG_FLUSHSA
01-01 00:00:10.496  root   255   255 D XfrmController: Sending Netlink XFRM Message: XFRM_MSG_FLUSHPOLICY
01-01 00:00:10.496  root   255   255 I netd    : Initializing XfrmController: 51412us
01-01 00:00:10.546  1000   282   282 D hdmi_cec: open_hdmi_cec: id=hdmi_cec_hw_if
01-01 00:00:10.547  1000   282   282 D hdmi_cec: cec_init: type=4
01-01 00:00:10.547  1000   282   282 D hdmi_cec: cec_init: vendor_id=0c03
01-01 00:00:10.547  1000   282   282 D hdmi_cec: cec_init: version=5
01-01 00:00:10.547  1000   282   282 D hdmi_cec: cec_init: initialized CEC controller
01-01 00:00:10.547  1000   282   302 I hdmi_cec: event_thread start!
01-01 00:00:10.543  1000   282   282 I android.hardwar: type=1400 audit(0.0:5): avc: denied { read } for name="u:object_r:default_prop:s0" dev="tmpfs" ino=99 scontext=u:r:hal_tv_cec_default:s0 tcontext=u:object_r:default_prop:s0 tclass=file permissive=1
01-01 00:00:10.570  1000   282   282 I HidlServiceManagement: Registered android.hardware.tv.cec@1.0::IHdmiCec/default
01-01 00:00:10.570  1000   282   282 I HidlServiceManagement: Removing namespace from process name android.hardware.tv.cec@1.0-service to cec@1.0-service.
01-01 00:00:10.570  1000   282   282 I LegacySupport: Registration complete for android.hardware.tv.cec@1.0::IHdmiCec/default.
01-01 00:00:10.543  1000   282   282 I android.hardwar: type=1400 audit(0.0:6): avc: denied { open } for path="/dev/__properties__/u:object_r:default_prop:s0" dev="tmpfs" ino=99 scontext=u:r:hal_tv_cec_default:s0 tcontext=u:object_r:default_prop:s0 tclass=file permissive=1
01-01 00:00:10.543  1000   282   282 I android.hardwar: type=1400 audit(0.0:7): avc: denied { getattr } for path="/dev/__properties__/u:object_r:default_prop:s0" dev="tmpfs" ino=99 scontext=u:r:hal_tv_cec_default:s0 tcontext=u:object_r:default_prop:s0 tclass=file permissive=1
01-01 00:00:10.543  1000   282   282 I android.hardwar: type=1400 audit(0.0:8): avc: denied { map } for path="/dev/__properties__/u:object_r:default_prop:s0" dev="tmpfs" ino=99 scontext=u:r:hal_tv_cec_default:s0 tcontext=u:object_r:default_prop:s0 tclass=file permissive=1
01-01 00:00:10.543  1000   282   282 I android.hardwar: type=1400 audit(0.0:9): avc: denied { read } for name="u:object_r:hdmi_config_prop:s0" dev="tmpfs" ino=152 scontext=u:r:hal_tv_cec_default:s0 tcontext=u:object_r:hdmi_config_prop:s0 tclass=file permissive=1
01-01 00:00:10.543  1000   282   282 I android.hardwar: type=1400 audit(0.0:10): avc: denied { open } for path="/dev/__properties__/u:object_r:hdmi_config_prop:s0" dev="tmpfs" ino=152 scontext=u:r:hal_tv_cec_default:s0 tcontext=u:object_r:hdmi_config_prop:s0 tclass=file permissive=1
01-01 00:00:10.543  1000   282   282 I android.hardwar: type=1400 audit(0.0:11): avc: denied { getattr } for path="/dev/__properties__/u:object_r:hdmi_config_prop:s0" dev="tmpfs" ino=152 scontext=u:r:hal_tv_cec_default:s0 tcontext=u:object_r:hdmi_config_prop:s0 tclass=file permissive=1
01-01 00:00:10.543  1000   282   282 I android.hardwar: type=1400 audit(0.0:12): avc: denied { map } for path="/dev/__properties__/u:object_r:hdmi_config_prop:s0" dev="tmpfs" ino=152 scontext=u:r:hal_tv_cec_default:s0 tcontext=u:object_r:hdmi_config_prop:s0 tclass=file permissive=1
01-01 00:00:10.613  1000   280   280 D android.hardware.sensors@2.1-service.bosch: Entering Bosch Sensors HAL service.
01-01 00:00:10.613  root   255   255 I resolv  : resolv_init: Initializing resolver
01-01 00:00:10.619  1000   280   280 I android.hardwar: type=1400 audit(0.0:13): avc: denied { read } for name="devices" dev="sysfs" ino=10457 scontext=u:r:hal_sensors_default:s0 tcontext=u:object_r:sysfs:s0 tclass=dir permissive=1
01-01 00:00:10.619  1000   280   280 I android.hardwar: type=1400 audit(0.0:14): avc: denied { open } for path="/sys/bus/iio/devices" dev="sysfs" ino=10457 scontext=u:r:hal_sensors_default:s0 tcontext=u:object_r:sysfs:s0 tclass=dir permissive=1
01-01 00:00:10.619  1000   280   280 I android.hardwar: type=1400 audit(0.0:15): avc: denied { read } for name="name" dev="sysfs" ino=22990 scontext=u:r:hal_sensors_default:s0 tcontext=u:object_r:sysfs:s0 tclass=file permissive=1
01-01 00:00:10.619  1000   280   280 I android.hardwar: type=1400 audit(0.0:16): avc: denied { open } for path="/sys/devices/platform/soc/fe204000.spi/spi_master/spi0/spi0.0/iio:device1/name" dev="sysfs" ino=22990 scontext=u:r:hal_sensors_default:s0 tcontext=u:object_r:sysfs:s0 tclass=file permissive=1
01-01 00:00:10.619  1000   280   280 I android.hardwar: type=1400 audit(0.0:17): avc: denied { getattr } for path="/sys/devices/platform/soc/fe204000.spi/spi_master/spi0/spi0.0/iio:device1/name" dev="sysfs" ino=22990 scontext=u:r:hal_sensors_default:s0 tcontext=u:object_r:sysfs:s0 tclass=file permissive=1
01-01 00:00:10.718 media   267   267 I HidlServiceManagement: Registered android.hardware.cas@1.2::IMediaCasService/default
01-01 00:00:10.718 media   267   267 I HidlServiceManagement: Removing namespace from process name android.hardware.cas@1.2-service to cas@1.2-service.
01-01 00:00:10.760  1000   157   157 I servicemanager: Found android.hardware.automotive.evs.IEvsEnumerator/hw/1 in device VINTF manifest.
01-01 00:00:10.761  1062   175   186 I evsmanagerd: Failed to connect to AIDL EVS HAL implementation.  Trying to connect to HIDL EVS HAL implementation instead.
01-01 00:00:10.761  1000   158   158 I hwservicemanager: getTransport: Cannot find entry android.hardware.automotive.evs@1.1::IEvsEnumerator/hw/1 in either framework or device VINTF manifest.
01-01 00:00:10.761  1062   175   186 I evsmanagerd: No EVS HAL implementation is available.  Retrying after 1000 ms
01-01 00:00:10.764  1000   280   280 D android.hardware.sensors@2.1-service.bosch: AddSensor[1] SMI230 BOSCH Accelerometer Sensor
01-01 00:00:10.766  1000   280   280 D android.hardware.sensors@2.1-service.bosch: AddSensor[2] SMI230 BOSCH Gyroscope Sensor
01-01 00:00:10.767  1000   280   280 D android.hardware.sensors@2.1-service.bosch: AddSensor[3] SMI230 BOSCH Accelerometer Uncalibrated Sensor
01-01 00:00:10.769  1000   280   280 D android.hardware.sensors@2.1-service.bosch: AddSensor[4] SMI230 BOSCH Gyroscope Uncalibrated Sensor
01-01 00:00:10.770  1000   280   280 D android.hardware.sensors@2.1-service.bosch: AddSensor[5] SMI230 BOSCH Gravity Sensor
01-01 00:00:10.771  1000   280   280 D android.hardware.sensors@2.1-service.bosch: AddSensor[6] SMI230 BOSCH Linear Accelerometer Sensor
01-01 00:00:10.837  1000   280   280 I HidlServiceManagement: Registered android.hardware.sensors@2.1::ISensors/default
01-01 00:00:10.838  1000   280   280 I HidlServiceManagement: Removing namespace from process name android.hardware.sensors@2.1-service.bosch to sensors@2.1-service.bosch.
01-01 00:00:10.839  1000   280   280 D android.hardware.sensors@2.1-service.bosch: Successfully registered Bosch Sensors HAL service.
01-01 00:00:10.876  1076   289   289 I credstore: Registered binder service
01-01 00:00:10.966  1062   174   174 W HidlServiceManagement: Waited one second for android.hardware.automotive.evs@1.1::IEvsEnumerator/default
01-01 00:00:10.967  1000   158   158 I hwservicemanager: Since android.hardware.automotive.evs@1.1::IEvsEnumerator/default is not registered, trying to start it as a lazy HAL.
01-01 00:00:10.967  1062   174   174 I HidlServiceManagement: getService: Trying again for android.hardware.automotive.evs@1.1::IEvsEnumerator/default...
01-01 00:00:10.967  1000   271   271 I android.hardwar: type=1400 audit(0.0:18): avc: denied { create } for scontext=u:r:hal_graphics_composer_default:s0 tcontext=u:r:hal_graphics_composer_default:s0 tclass=netlink_kobject_uevent_socket permissive=1
01-01 00:00:10.967  1000   271   271 I android.hardwar: type=1400 audit(0.0:19): avc: denied { bind } for scontext=u:r:hal_graphics_composer_default:s0 tcontext=u:r:hal_graphics_composer_default:s0 tclass=netlink_kobject_uevent_socket permissive=1
01-01 00:00:10.967  1000   271   271 I android.hardwar: type=1400 audit(0.0:20): avc: denied { read } for path="socket:[15727]" dev="sockfs" ino=15727 scontext=u:r:hal_graphics_composer_default:s0 tcontext=u:r:hal_graphics_composer_default:s0 tclass=netlink_kobject_uevent_socket permissive=1
01-01 00:00:10.971  1000   271   271 I HidlServiceManagement: Registered android.hardware.graphics.composer@2.4::IComposer/default
01-01 00:00:10.972  1000   271   271 I HidlServiceManagement: Removing namespace from process name android.hardware.graphics.composer@2.4-service to composer@2.4-service.
01-01 00:00:11.007  1000   326   326 I bootstat: Service started: /system/bin/bootstat --set_system_boot_reason 
01-01 00:00:11.008  1000   326   326 I bootstat: Canonical boot reason: reboot,shell
01-01 00:00:11.008  1000   326   326 I bootstat: Canonical boot reason: reboot,shell
01-01 00:00:11.125  9999   327   327 I perfetto:           probes.cc:104 Starting /system/bin/traced_probes service
01-01 00:00:11.162  9999   327   345 I perfetto: _activity_trigger.cc:71 mm_events ftrace instance not found. Triggering of traces on memory pressure will not be available on this device.
01-01 00:00:11.225  1003   173   197 W ServiceManager: Waited one second for SurfaceFlingerAIDL (is service started? are binder threads started and available?)
01-01 00:00:11.226  1000   157   157 I servicemanager: Since 'SurfaceFlingerAIDL' could not be found, trying to start it as a lazy AIDL service
01-01 00:00:11.249  1000   326   326 E bootstat: Failed to read /metadata/bootstat/persist.sys.boot.reason: No such file or directory
01-01 00:00:11.249  1000   326   326 I bootstat: Value of persist.sys.boot.reason : reboot,shell
01-01 00:00:11.249  1000   326   326 I bootstat: Normalized last reboot reason : reboot,shell
01-01 00:00:11.251  9999   328   328 W perfetto:          service.cc:237 Started traced, listening on /dev/socket/traced_producer /dev/socket/traced_consumer
01-01 00:00:11.268  1000   331   331 I idmap2d : Starting
01-01 00:00:11.282  9999   327   327 I perfetto:  probes_producer.cc:311 Connected to the service
01-01 00:00:11.362 shell   325   325 I adbd    : persist.adb.watchdog set to ''
01-01 00:00:11.362 shell   325   325 I adbd    : persist.sys.test_harness set to ''
01-01 00:00:11.362 shell   325   325 I adbd    : adb watchdog timeout set to 600 seconds
01-01 00:00:11.363 shell   325   356 I adbd    : Waiting for persist.adb.tls_server.enable=1
01-01 00:00:11.364 shell   325   358 I adbd    : opening control endpoint /dev/usb-ffs/adb/ep0
01-01 00:00:11.364 shell   325   325 I adbd    : Setup mdns on port= 5555
01-01 00:00:11.364 shell   325   325 I adbd    : adbd listening on tcp:5555
01-01 00:00:11.365 shell   325   325 I adbd    : adbd listening on vsock:5555
01-01 00:00:11.365 shell   325   325 I adbd    : adbd started
01-01 00:00:11.366  root     0     0 I         : read descriptors
01-01 00:00:11.369  root     0     0 I         : read strings
01-01 00:00:11.429  1000   158   158 I hwservicemanager: getTransport: Cannot find entry android.hardware.atrace@1.0::IAtraceDevice/default in either framework or device VINTF manifest.
01-01 00:00:11.429  1000   326   326 E bootstat: Failed to unlink /metadata/bootstat/persist.sys.boot.reason: No such file or directory
01-01 00:00:11.431 shell   325   358 I adbd    : UsbFfsConnection constructed
01-01 00:00:11.432 shell   325   363 I adbd    : UsbFfs-monitor thread spawned
01-01 00:00:11.509  1000   158   330 W libc    : Unable to set property "ctl.interface_start" to "android.hardware.automotive.evs@1.1::IEvsEnumerator/default": error code: 0x20
01-01 00:00:11.509  1000   158   330 I hwservicemanager: Tried to start android.hardware.automotive.evs@1.1::IEvsEnumerator/default as a lazy service, but was unable to. Usually this happens when a service is not installed, but if the service is intended to be used as a lazy service, then it may be configured incorrectly.
01-01 00:00:11.524  1000   157   347 W libc    : Unable to set property "ctl.interface_start" to "aidl/SurfaceFlingerAIDL": error code: 0x20
01-01 00:00:11.524  1000   157   347 I servicemanager: Tried to start aidl service SurfaceFlingerAIDL as a lazy service, but was unable to. Usually this happens when a service is not installed, but if the service is intended to be used as a lazy service, then it may be configured incorrectly.
01-01 00:00:11.546 media   337   337 V MediaUtils: physMem: 3967119360
01-01 00:00:11.547 media   337   337 V MediaUtils: requested limit: 134217728
01-01 00:00:11.547 media   337   337 I libc    : malloc_limit: Allocation limit enabled, max size 134217728 bytes
01-01 00:00:11.578 media   337   337 D AudioPowerUsage: AudioPowerUsage
01-01 00:00:11.579 media   337   337 D AudioAnalytics: AudioAnalytics
01-01 00:00:11.579 media   337   337 D MediaMetricsService: MediaMetricsService
01-01 00:00:11.587  1000   371   371 I flags_health_check: ServerConfigurableFlagsReset reset_mode value: 0
01-01 00:00:11.587  1000   371   371 I flags_health_check: ServerConfigurableFlagsReset attempted boot count is under threshold, skipping reset.
01-01 00:00:11.596  1047   266   266 I android.hardware.camera.provider@2.5-service: CameraProvider@2.5 legacy service is starting.
01-01 00:00:11.643  1000   158   158 I hwservicemanager: getTransport: Cannot find entry android.hardware.usb.gadget@1.0::IUsbGadget/default in either framework or device VINTF manifest.
01-01 00:00:11.643  root   369   369 I usbd    : Usb HAL not found
01-01 00:00:11.737  1000   157   157 I servicemanager: Found android.hardware.health.IHealth/default in device VINTF manifest.
01-01 00:00:11.738  root   364   364 I ServiceManager: Waiting for service 'package_native' on '/dev/binder'...
01-01 00:00:11.762  1000   157   157 I servicemanager: Found android.hardware.automotive.evs.IEvsEnumerator/hw/1 in device VINTF manifest.
01-01 00:00:11.762  1062   175   186 I evsmanagerd: Failed to connect to AIDL EVS HAL implementation.  Trying to connect to HIDL EVS HAL implementation instead.
01-01 00:00:11.762  1000   158   158 I hwservicemanager: getTransport: Cannot find entry android.hardware.automotive.evs@1.1::IEvsEnumerator/hw/1 in either framework or device VINTF manifest.
01-01 00:00:11.763  1062   175   186 I evsmanagerd: No EVS HAL implementation is available.  Retrying after 1000 ms
01-01 00:00:11.832  1000   368   368 I gatekeeperd: Starting gatekeeperd...
01-01 00:00:11.834 shell   325   363 I adbd    : USB event: FUNCTIONFS_BIND
01-01 00:00:11.836  root     0     0 I dwc2 fe980000.usb: bound driver configfs-gadget
01-01 00:00:11.839  1000   271   271 I composer@2.4-se: type=1400 audit(0.0:21): avc: denied { read } for path="socket:[15727]" dev="sockfs" ino=15727 scontext=u:r:hal_graphics_composer_default:s0 tcontext=u:r:hal_graphics_composer_default:s0 tclass=netlink_kobject_uevent_socket permissive=1
01-01 00:00:11.934  1000   157   157 I servicemanager: Could not find android.hardware.net.nlinterceptor.IInterceptor/default in the VINTF manifest.
01-01 00:00:11.967  1062   174   174 W HidlServiceManagement: Waited one second for android.hardware.automotive.evs@1.1::IEvsEnumerator/default
01-01 00:00:11.968  1000   158   158 I hwservicemanager: Since android.hardware.automotive.evs@1.1::IEvsEnumerator/default is not registered, trying to start it as a lazy HAL.
01-01 00:00:11.969  1062   174   174 I HidlServiceManagement: getService: Trying again for android.hardware.automotive.evs@1.1::IEvsEnumerator/default...
01-01 00:00:11.970  1000   158   375 W libc    : Unable to set property "ctl.interface_start" to "android.hardware.automotive.evs@1.1::IEvsEnumerator/default": error code: 0x20
01-01 00:00:11.970  1000   158   375 I hwservicemanager: Tried to start android.hardware.automotive.evs@1.1::IEvsEnumerator/default as a lazy service, but was unable to. Usually this happens when a service is not installed, but if the service is intended to be used as a lazy service, then it may be configured incorrectly.
01-01 00:00:12.083  1041   262   262 I HidlServiceManagement: Registered android.hardware.audio@7.1::IDevicesFactory/default
01-01 00:00:12.084  1041   262   262 I HidlServiceManagement: Removing namespace from process name android.hardware.audio.service to audio.service.
01-01 00:00:12.085  1041   262   262 I LegacySupport: Registration complete for android.hardware.audio@7.1::IDevicesFactory/default.
01-01 00:00:12.226  1000   158   158 I hwservicemanager: getTransport: Cannot find entry android.hardware.configstore@1.0::ISurfaceFlingerConfigs/default in either framework or device VINTF manifest.
01-01 00:00:12.226  1003   173   197 W ServiceManager: Waited one second for SurfaceFlingerAIDL (is service started? are binder threads started and available?)
01-01 00:00:12.227  1000   157   157 I servicemanager: Since 'SurfaceFlingerAIDL' could not be found, trying to start it as a lazy AIDL service
01-01 00:00:12.228  1000   157   378 W libc    : Unable to set property "ctl.interface_start" to "aidl/SurfaceFlingerAIDL": error code: 0x20
01-01 00:00:12.229  1000   157   378 I servicemanager: Tried to start aidl service SurfaceFlingerAIDL as a lazy service, but was unable to. Usually this happens when a service is not installed, but if the service is intended to be used as a lazy service, then it may be configured incorrectly.
01-01 00:00:12.291  1047   265   265 I android.hardware.camera.provider@2.5-external-service: CameraProvider@2.5 external webcam service is starting.
01-01 00:00:12.300  1000   291   291 I SurfaceFlinger: Using HWComposer service: default
01-01 00:00:12.300  1000   291   291 I SurfaceFlinger: SurfaceFlinger is starting
01-01 00:00:12.300  1000   291   291 I SurfaceFlinger: Disabling blur effects, they are not supported.
01-01 00:00:12.304  1000   291   291 I SurfaceFlinger: SurfaceFlinger's main thread ready to run. Initializing graphics H/W...
01-01 00:00:12.304  1000   291   291 E SurfaceFlinger: Unrecognized RenderEngineType ; ignoring!
01-01 00:00:12.304  1000   291   291 D RenderEngine: Threaded RenderEngine with SkiaGL Backend
01-01 00:00:12.311  1047   265   265 I ExtCamUtils@3.4: loadFromCfg: load external camera config succeed!
01-01 00:00:12.311  1047   265   265 I ExtCamUtils@3.4: loadFromCfg: device 10 will be ignored by external camera provider
01-01 00:00:12.311  1047   265   265 I ExtCamUtils@3.4: loadFromCfg: device 11 will be ignored by external camera provider
01-01 00:00:12.311  1047   265   265 I ExtCamUtils@3.4: loadFromCfg: device 12 will be ignored by external camera provider
01-01 00:00:12.311  1047   265   265 I ExtCamUtils@3.4: loadFromCfg: device 13 will be ignored by external camera provider
01-01 00:00:12.311  1047   265   265 I ExtCamUtils@3.4: loadFromCfg: device 14 will be ignored by external camera provider
01-01 00:00:12.311  1047   265   265 I ExtCamUtils@3.4: loadFromCfg: device 15 will be ignored by external camera provider
01-01 00:00:12.311  1047   265   265 I ExtCamUtils@3.4: loadFromCfg: device 16 will be ignored by external camera provider
01-01 00:00:12.311  1047   265   265 I ExtCamUtils@3.4: loadFromCfg: device 18 will be ignored by external camera provider
01-01 00:00:12.311  1047   265   265 I ExtCamUtils@3.4: loadFromCfg: device 19 will be ignored by external camera provider
01-01 00:00:12.311  1047   265   265 I ExtCamUtils@3.4: loadFromCfg: device 20 will be ignored by external camera provider
01-01 00:00:12.311  1047   265   265 I ExtCamUtils@3.4: loadFromCfg: device 21 will be ignored by external camera provider
01-01 00:00:12.311  1047   265   265 I ExtCamUtils@3.4: loadFromCfg: device 22 will be ignored by external camera provider
01-01 00:00:12.311  1047   265   265 I ExtCamUtils@3.4: loadFromCfg: device 23 will be ignored by external camera provider
01-01 00:00:12.311  1047   265   265 I ExtCamUtils@3.4: loadFromCfg: device 31 will be ignored by external camera provider
01-01 00:00:12.311  1047   265   265 I ExtCamUtils@3.4: loadFromCfg: depth output is not enabled
01-01 00:00:12.311  1047   265   265 I ExtCamUtils@3.4: loadFromCfg: no minimum stream size specified
01-01 00:00:12.311  1047   265   265 I ExtCamUtils@3.4: loadFromCfg: no sensor orientation specified
01-01 00:00:12.312  1047   265   265 I ExtCamUtils@3.4: loadFromCfg: external camera cfg loaded: maxJpgBufSize 3145728, num video buffers 4, num still buffers 2, orientation 0
01-01 00:00:12.312  1047   265   265 I ExtCamUtils@3.4: loadFromCfg: fpsLimitList: 640x480@30.000000
01-01 00:00:12.312  1047   265   265 I ExtCamUtils@3.4: loadFromCfg: fpsLimitList: 1280x720@15.000000
01-01 00:00:12.312  1047   265   265 I ExtCamUtils@3.4: loadFromCfg: fpsLimitList: 1920x1080@10.000000
01-01 00:00:12.312  1047   265   265 I ExtCamUtils@3.4: loadFromCfg: minStreamSize: 0x0
01-01 00:00:12.314  1047   265   383 I CamPrvdr@2.4-external: threadLoop start monitoring new V4L2 devices
01-01 00:00:12.315  1047   265   265 I HidlServiceManagement: Registered android.hardware.camera.provider@2.5::ICameraProvider/external/0
01-01 00:00:12.315  1047   265   265 I HidlServiceManagement: Removing namespace from process name android.hardware.camera.provider@2.5-external-service to provider@2.5-external-service.
01-01 00:00:12.354  1047   266   266 W libcamera:  WARN IPAManager ipa_manager.cpp:114 Public key not valid
01-01 00:00:12.400  wifi   286   286 I HidlServiceManagement: Removing namespace from process name android.hardware.wifi@1.0-service to wifi@1.0-service.
01-01 00:00:12.402  1000   291   382 D libEGL  : loaded /vendor/lib64/egl/libEGL_mesa.so
01-01 00:00:12.423  1047   266   266 I android.hardwar: type=1400 audit(0.0:22): avc: denied { read } for name="devices" dev="sysfs" ino=10409 scontext=u:r:hal_camera_default:s0 tcontext=u:object_r:sysfs:s0 tclass=dir permissive=1
01-01 00:00:12.428  1047   266   386 E libcamera: ERROR MediaDevice media_device.cpp:483 /dev/media0[]: Failed to open media device at /dev/media0: Permission denied
01-01 00:00:12.429  1047   266   386 E libcamera: ERROR MediaDevice media_device.cpp:483 /dev/media1[]: Failed to open media device at /dev/media1: Permission denied
01-01 00:00:12.429  1047   266   266 I CamPrvdr@2.4-legacy: Loaded "libcamera camera HALv3 module" camera module
01-01 00:00:12.429  1047   266   266 I CamPrvdr@2.4-legacy: setUpVendorTags: No vendor tags defined for this device.
01-01 00:00:12.447  1047   266   266 I HidlServiceManagement: Registered android.hardware.camera.provider@2.5::ICameraProvider/legacy/0
01-01 00:00:12.448  1047   266   266 I HidlServiceManagement: Removing namespace from process name android.hardware.camera.provider@2.5-service_64 to provider@2.5-service_64.
01-01 00:00:12.479  1000   291   382 D libEGL  : loaded /vendor/lib64/egl/libGLESv1_CM_mesa.so
01-01 00:00:12.423  1047   266   266 I android.hardwar: type=1400 audit(0.0:23): avc: denied { open } for path="/sys/bus/media/devices" dev="sysfs" ino=10409 scontext=u:r:hal_camera_default:s0 tcontext=u:object_r:sysfs:s0 tclass=dir permissive=1
01-01 00:00:12.423  1047   266   266 I android.hardwar: type=1400 audit(0.0:24): avc: denied { getattr } for path="/dev/media2" dev="tmpfs" ino=318 scontext=u:r:hal_camera_default:s0 tcontext=u:object_r:device:s0 tclass=chr_file permissive=1
01-01 00:00:12.537 shell   325   359 I adbd    : adbd mDNS service _adb._tcp registered: 1
01-01 00:00:12.423  1047   266   266 I android.hardwar: type=1400 audit(0.0:25): avc: denied { read write } for name="media2" dev="tmpfs" ino=318 scontext=u:r:hal_camera_default:s0 tcontext=u:object_r:device:s0 tclass=chr_file permissive=1
01-01 00:00:12.423  1047   266   266 I android.hardwar: type=1400 audit(0.0:26): avc: denied { open } for path="/dev/media2" dev="tmpfs" ino=318 scontext=u:r:hal_camera_default:s0 tcontext=u:object_r:device:s0 tclass=chr_file permissive=1
01-01 00:00:12.423  1047   266   266 I android.hardwar: type=1400 audit(0.0:27): avc: denied { ioctl } for path="/dev/media2" dev="tmpfs" ino=318 ioctlcmd=0x7c00 scontext=u:r:hal_camera_default:s0 tcontext=u:object_r:device:s0 tclass=chr_file permissive=1
01-01 00:00:12.423  1047   266   266 I android.hardwar: type=1400 audit(0.0:28): avc: denied { read } for name="uevent" dev="sysfs" ino=21011 scontext=u:r:hal_camera_default:s0 tcontext=u:object_r:sysfs:s0 tclass=file permissive=1
01-01 00:00:12.423  1047   266   266 I android.hardwar: type=1400 audit(0.0:29): avc: denied { open } for path="/sys/devices/platform/soc/fe00b840.mailbox/bcm2835-isp/video4linux/video13/uevent" dev="sysfs" ino=21011 scontext=u:r:hal_camera_default:s0 tcontext=u:object_r:sysfs:s0 tclass=file permissive=1
01-01 00:00:12.423  1047   266   266 I android.hardwar: type=1400 audit(0.0:30): avc: denied { getattr } for path="/sys/devices/platform/soc/fe00b840.mailbox/bcm2835-isp/video4linux/video13/uevent" dev="sysfs" ino=21011 scontext=u:r:hal_camera_default:s0 tcontext=u:object_r:sysfs:s0 tclass=file permissive=1
01-01 00:00:12.683  1041   262   262 I HidlServiceManagement: Registered android.hardware.audio.effect@7.0::IEffectsFactory/default
01-01 00:00:12.683  1041   262   262 I LegacySupport: Registration complete for android.hardware.audio.effect@7.0::IEffectsFactory/default.
01-01 00:00:12.683  1000   158   158 I hwservicemanager: getTransport: Cannot find entry android.hardware.soundtrigger@2.3::ISoundTriggerHw/default in either framework or device VINTF manifest.
01-01 00:00:12.690  1000   291   382 D libEGL  : loaded /vendor/lib64/egl/libGLESv2_mesa.so
01-01 00:00:12.700  1041   262   262 E LegacySupport: Could not get passthrough implementation for android.hardware.soundtrigger@2.3::ISoundTriggerHw/default.
01-01 00:00:12.701  1000   158   158 I hwservicemanager: getTransport: Cannot find entry android.hardware.soundtrigger@2.2::ISoundTriggerHw/default in either framework or device VINTF manifest.
01-01 00:00:12.701  1041   262   262 E LegacySupport: Could not get passthrough implementation for android.hardware.soundtrigger@2.2::ISoundTriggerHw/default.
01-01 00:00:12.702  1000   158   158 I hwservicemanager: getTransport: Cannot find entry android.hardware.soundtrigger@2.1::ISoundTriggerHw/default in either framework or device VINTF manifest.
01-01 00:00:12.703  1041   262   262 E LegacySupport: Could not get passthrough implementation for android.hardware.soundtrigger@2.1::ISoundTriggerHw/default.
01-01 00:00:12.703  1000   158   158 I hwservicemanager: getTransport: Cannot find entry android.hardware.soundtrigger@2.0::ISoundTriggerHw/default in either framework or device VINTF manifest.
01-01 00:00:12.704  1041   262   262 E LegacySupport: Could not get passthrough implementation for android.hardware.soundtrigger@2.0::ISoundTriggerHw/default.
01-01 00:00:12.704  1041   262   262 W audiohalservice: Could not register Soundtrigger API
01-01 00:00:12.704  1000   158   158 I hwservicemanager: getTransport: Cannot find entry android.hardware.bluetooth.audio@2.2::IBluetoothAudioProvidersFactory/default in either framework or device VINTF manifest.
01-01 00:00:12.705  1041   262   262 E LegacySupport: Could not get passthrough implementation for android.hardware.bluetooth.audio@2.2::IBluetoothAudioProvidersFactory/default.
01-01 00:00:12.705  1000   158   158 I hwservicemanager: getTransport: Cannot find entry android.hardware.bluetooth.audio@2.1::IBluetoothAudioProvidersFactory/default in either framework or device VINTF manifest.
01-01 00:00:12.706  1041   262   262 E LegacySupport: Could not get passthrough implementation for android.hardware.bluetooth.audio@2.1::IBluetoothAudioProvidersFactory/default.
01-01 00:00:12.707  1000   158   158 I hwservicemanager: getTransport: Cannot find entry android.hardware.bluetooth.audio@2.0::IBluetoothAudioProvidersFactory/default in either framework or device VINTF manifest.
01-01 00:00:12.707  1041   262   262 E LegacySupport: Could not get passthrough implementation for android.hardware.bluetooth.audio@2.0::IBluetoothAudioProvidersFactory/default.
01-01 00:00:12.707  1041   262   262 W audiohalservice: Could not register Bluetooth Audio API
01-01 00:00:12.708  1000   158   158 I hwservicemanager: getTransport: Cannot find entry android.hardware.bluetooth.a2dp@1.0::IBluetoothAudioOffload/default in either framework or device VINTF manifest.
01-01 00:00:12.708  1041   262   262 E LegacySupport: Could not get passthrough implementation for android.hardware.bluetooth.a2dp@1.0::IBluetoothAudioOffload/default.
01-01 00:00:12.709  1041   262   262 W audiohalservice: Could not register Bluetooth Audio Offload API
01-01 00:00:12.763  1000   157   157 I servicemanager: Found android.hardware.automotive.evs.IEvsEnumerator/hw/1 in device VINTF manifest.
01-01 00:00:12.764  1062   175   186 I evsmanagerd: Failed to connect to AIDL EVS HAL implementation.  Trying to connect to HIDL EVS HAL implementation instead.
01-01 00:00:12.765  1000   158   158 I hwservicemanager: getTransport: Cannot find entry android.hardware.automotive.evs@1.1::IEvsEnumerator/hw/1 in either framework or device VINTF manifest.
01-01 00:00:12.765  1062   175   186 I evsmanagerd: No EVS HAL implementation is available.  Retrying after 1000 ms
01-01 00:00:12.773  1000   291   382 I DMABUFHEAPS: Using : Non-legacy ION heaps
01-01 00:00:12.774  1000   291   382 I MESA    : Using IMapper v4 API
01-01 00:00:12.780  1041   288   288 I FastMixerState: sMaxFastTracks = 8
01-01 00:00:12.857  1041   288   288 V MediaUtils: physMem: 3967119360
01-01 00:00:12.857  1041   288   288 V MediaUtils: requested limit: 536870912
01-01 00:00:12.857  1041   288   288 I libc    : malloc_limit: Allocation limit enabled, max size 536870912 bytes
01-01 00:00:12.858  1041   288   288 I audioserver: ServiceManager: 0xb40000783f7db040
01-01 00:00:12.883  1041   288   288 W BatteryNotifier: batterystats service unavailable!
01-01 00:00:12.884  1000   158   158 I hwservicemanager: getTransport: Cannot find entry android.hardware.audio.effect@7.1::IEffectsFactory/default in either framework or device VINTF manifest.
01-01 00:00:12.969  1062   174   174 W HidlServiceManagement: Waited one second for android.hardware.automotive.evs@1.1::IEvsEnumerator/default
01-01 00:00:12.971  1000   158   158 I hwservicemanager: Since android.hardware.automotive.evs@1.1::IEvsEnumerator/default is not registered, trying to start it as a lazy HAL.
01-01 00:00:12.972  1062   174   174 I HidlServiceManagement: getService: Trying again for android.hardware.automotive.evs@1.1::IEvsEnumerator/default...
01-01 00:00:12.973  1000   158   390 W libc    : Unable to set property "ctl.interface_start" to "android.hardware.automotive.evs@1.1::IEvsEnumerator/default": error code: 0x20
01-01 00:00:12.974  1000   158   390 I hwservicemanager: Tried to start android.hardware.automotive.evs@1.1::IEvsEnumerator/default as a lazy service, but was unable to. Usually this happens when a service is not installed, but if the service is intended to be used as a lazy service, then it may be configured incorrectly.
01-01 00:00:13.036  1000   291   382 W EGL-MAIN: failed to get driver name for fd -1
01-01 00:00:13.037  1000   291   382 W EGL-MAIN: MESA-LOADER: failed to retrieve device information
01-01 00:00:13.037  1000   291   382 W EGL-MAIN: failed to get driver name for fd -1
01-01 00:00:13.148  1046   367   367 I mediaswcodec: media swcodec service starting
01-01 00:00:13.227  1003   173   197 W ServiceManager: Waited one second for SurfaceFlingerAIDL (is service started? are binder threads started and available?)
01-01 00:00:13.228  1000   157   157 I servicemanager: Since 'SurfaceFlingerAIDL' could not be found, trying to start it as a lazy AIDL service
01-01 00:00:13.229  1000   157   391 W libc    : Unable to set property "ctl.interface_start" to "aidl/SurfaceFlingerAIDL": error code: 0x20
01-01 00:00:13.229  1000   157   391 I servicemanager: Tried to start aidl service SurfaceFlingerAIDL as a lazy service, but was unable to. Usually this happens when a service is not installed, but if the service is intended to be used as a lazy service, then it may be configured incorrectly.
01-01 00:00:13.230  1046   367   367 W mediaswcodec: libminijail[367]: failed to get path of fd 4: No such file or directory
01-01 00:00:13.230  1046   367   367 W mediaswcodec: libminijail[367]: allowing syscall: connect
01-01 00:00:13.230  1046   367   367 W mediaswcodec: libminijail[367]: allowing syscall: fcntl
01-01 00:00:13.230  1046   367   367 W mediaswcodec: libminijail[367]: allowing syscall: sendto
01-01 00:00:13.231  1046   367   367 W mediaswcodec: libminijail[367]: allowing syscall: socket
01-01 00:00:13.231  1046   367   367 W mediaswcodec: libminijail[367]: allowing syscall: writev
01-01 00:00:13.231  1046   367   367 W mediaswcodec: libminijail[367]: compile_file: <fd>(75): syscall munmap redefined here
01-01 00:00:13.231  1046   367   367 W mediaswcodec: libminijail[367]: compile_file: <fd>(39): previous definition here
01-01 00:00:13.254  1000   157   157 I servicemanager: Found android.hardware.bluetooth.audio.IBluetoothAudioProviderFactory/default in device VINTF manifest.
01-01 00:00:13.254  1041   262   262 I audiohalservice: createIBluetoothAudioProviderFactory() from android.hardware.bluetooth.audio-impl success
01-01 00:00:13.259  1046   367   367 W mediaswcodec: libminijail[367]: compile_file: <fd>(97): syscall sysinfo redefined here
01-01 00:00:13.259  1046   367   367 W mediaswcodec: libminijail[367]: compile_file: <fd>(81): previous definition here
01-01 00:00:13.259  1046   367   367 W mediaswcodec: libminijail[367]: logging seccomp filter failures
01-01 00:00:13.260  1046   367   367 I CodecServiceRegistrant: Creating software Codec2 service...
01-01 00:00:13.282 media   279   279 W android.hardware.media.c2@1.2-service-ffmpeg: Could not read additional policy file '/vendor/etc/seccomp_policy/android.hardware.media.c2@1.2-ffmpeg-extended.policy'
01-01 00:00:13.283 media   279   279 W android.hardware.media.c2@1.2-service-ffmpeg: libminijail[279]: failed to get path of fd 4: No such file or directory
01-01 00:00:13.283 media   279   279 W android.hardware.media.c2@1.2-service-ffmpeg: libminijail[279]: allowing syscall: connect
01-01 00:00:13.283 media   279   279 W android.hardware.media.c2@1.2-service-ffmpeg: libminijail[279]: allowing syscall: fcntl
01-01 00:00:13.283 media   279   279 W android.hardware.media.c2@1.2-service-ffmpeg: libminijail[279]: allowing syscall: sendto
01-01 00:00:13.283 media   279   279 W android.hardware.media.c2@1.2-service-ffmpeg: libminijail[279]: allowing syscall: socket
01-01 00:00:13.283 media   279   279 W android.hardware.media.c2@1.2-service-ffmpeg: libminijail[279]: allowing syscall: writev
01-01 00:00:13.283 media   279   279 W android.hardware.media.c2@1.2-service-ffmpeg: libminijail[279]: compile_file: <fd>(75): syscall munmap redefined here
01-01 00:00:13.283 media   279   279 W android.hardware.media.c2@1.2-service-ffmpeg: libminijail[279]: compile_file: <fd>(39): previous definition here
01-01 00:00:13.284 media   279   279 W android.hardware.media.c2@1.2-service-ffmpeg: libminijail[279]: logging seccomp filter failures
01-01 00:00:13.311  1046   367   367 I HidlServiceManagement: Registered android.hardware.media.c2@1.2::IComponentStore/software
01-01 00:00:13.312  1000   158   158 I hwservicemanager: getTransport: Cannot find entry android.hardware.media.c2@1.0::IComponentStore/default in either framework or device VINTF manifest.
01-01 00:00:13.312  1046   367   367 I CodecServiceRegistrant: Preferred Codec2 store is defaulted to "software".
01-01 00:00:13.312  1046   367   367 I CodecServiceRegistrant: Software Codec2 service created and registered.
01-01 00:00:13.339 media   279   279 I HidlServiceManagement: Registered android.hardware.media.c2@1.2::IComponentStore/ffmpeg
01-01 00:00:13.339 media   279   279 I HidlServiceManagement: Removing namespace from process name android.hardware.media.c2@1.2-service-ffmpeg to c2@1.2-service-ffmpeg.
01-01 00:00:13.399  1040   336   336 I main_extractorservice: enable media.extractor memory limits
01-01 00:00:13.399  1040   336   336 V MediaUtils: physMem: 3967119360
01-01 00:00:13.399  1040   336   336 V MediaUtils: requested limit: 793423860
01-01 00:00:13.399  1040   336   336 I libc    : malloc_limit: Allocation limit enabled, max size 793423860 bytes
01-01 00:00:13.469  1040   336   336 W mediaextractor: Could not read additional policy file '/vendor/etc/seccomp_policy/mediaextractor.policy'
01-01 00:00:13.470  1040   336   336 W mediaextractor: libminijail[336]: failed to get path of fd 4: No such file or directory
01-01 00:00:13.470  1040   336   336 W mediaextractor: libminijail[336]: allowing syscall: connect
01-01 00:00:13.470  1040   336   336 W mediaextractor: libminijail[336]: allowing syscall: fcntl
01-01 00:00:13.470  1040   336   336 W mediaextractor: libminijail[336]: allowing syscall: sendto
01-01 00:00:13.470  1040   336   336 W mediaextractor: libminijail[336]: allowing syscall: socket
01-01 00:00:13.470  1040   336   336 W mediaextractor: libminijail[336]: allowing syscall: writev
01-01 00:00:13.471  1040   336   336 W mediaextractor: libminijail[336]: compile_file: <fd>(42): syscall readlinkat redefined here
01-01 00:00:13.471  1040   336   336 W mediaextractor: libminijail[336]: compile_file: <fd>(38): previous definition here
01-01 00:00:13.496  1040   336   336 W mediaextractor: libminijail[336]: compile_file: /apex/com.android.media/etc/seccomp_policy/crash_dump.arm64.policy(1): syscall read redefined here
01-01 00:00:13.496  1040   336   336 W mediaextractor: libminijail[336]: compile_file: <fd>(18): previous definition here
01-01 00:00:13.496  1040   336   336 W mediaextractor: libminijail[336]: compile_file: /apex/com.android.media/etc/seccomp_policy/crash_dump.arm64.policy(2): syscall write redefined here
01-01 00:00:13.496  1040   336   336 W mediaextractor: libminijail[336]: compile_file: <fd>(6): previous definition here
01-01 00:00:13.496  1040   336   336 W mediaextractor: libminijail[336]: compile_file: /apex/com.android.media/etc/seccomp_policy/crash_dump.arm64.policy(3): syscall exit redefined here
01-01 00:00:13.496  1040   336   336 W mediaextractor: libminijail[336]: compile_file: <fd>(27): previous definition here
01-01 00:00:13.496  1040   336   336 W mediaextractor: libminijail[336]: compile_file: /apex/com.android.media/etc/seccomp_policy/crash_dump.arm64.policy(4): syscall rt_sigreturn redefined here
01-01 00:00:13.496  1040   336   336 W mediaextractor: libminijail[336]: compile_file: <fd>(29): previous definition here
01-01 00:00:13.496  1040   336   336 W mediaextractor: libminijail[336]: compile_file: /apex/com.android.media/etc/seccomp_policy/crash_dump.arm64.policy(5): syscall exit_group redefined here
01-01 00:00:13.496  1040   336   336 W mediaextractor: libminijail[336]: compile_file: <fd>(28): previous definition here
01-01 00:00:13.496  1040   336   336 W mediaextractor: libminijail[336]: compile_file: /apex/com.android.media/etc/seccomp_policy/crash_dump.arm64.policy(8): syscall futex redefined here
01-01 00:00:13.496  1040   336   336 W mediaextractor: libminijail[336]: compile_file: <fd>(4): previous definition here
01-01 00:00:13.496  1040   336   336 W mediaextractor: libminijail[336]: compile_file: /apex/com.android.media/etc/seccomp_policy/crash_dump.arm64.policy(9): syscall getrandom redefined here
01-01 00:00:13.497  1040   336   336 W mediaextractor: libminijail[336]: compile_file: <fd>(32): previous definition here
01-01 00:00:13.497  1040   336   336 W mediaextractor: libminijail[336]: compile_file: /apex/com.android.media/etc/seccomp_policy/crash_dump.arm64.policy(14): syscall openat redefined here
01-01 00:00:13.497  1040   336   336 W mediaextractor: libminijail[336]: compile_file: <fd>(12): previous definition here
01-01 00:00:13.497  1040   336   336 W mediaextractor: libminijail[336]: compile_file: /apex/com.android.media/etc/seccomp_policy/crash_dump.arm64.policy(15): syscall dup redefined here
01-01 00:00:13.497  1040   336   336 W mediaextractor: libminijail[336]: compile_file: <fd>(9): previous definition here
01-01 00:00:13.497  1040   336   336 W mediaextractor: libminijail[336]: compile_file: /apex/com.android.media/etc/seccomp_policy/crash_dump.arm64.policy(16): syscall close redefined here
01-01 00:00:13.497  1040   336   336 W mediaextractor: libminijail[336]: compile_file: <fd>(8): previous definition here
01-01 00:00:13.497  1040   336   336 W mediaextractor: libminijail[336]: compile_file: /apex/com.android.media/etc/seccomp_policy/crash_dump.arm64.policy(17): syscall lseek redefined here
01-01 00:00:13.497  1040   336   336 W mediaextractor: libminijail[336]: compile_file: <fd>(23): previous definition here
01-01 00:00:13.497  1040   336   336 W mediaextractor: libminijail[336]: compile_file: /apex/com.android.media/etc/seccomp_policy/crash_dump.arm64.policy(18): syscall getdents64 redefined here
01-01 00:00:13.497  1040   336   336 W mediaextractor: libminijail[336]: compile_file: <fd>(41): previous definition here
01-01 00:00:13.497  1040   336   336 W mediaextractor: libminijail[336]: compile_file: /apex/com.android.media/etc/seccomp_policy/crash_dump.arm64.policy(19): syscall faccessat redefined here
01-01 00:00:13.497  1040   336   336 W mediaextractor: libminijail[336]: compile_file: <fd>(25): previous definition here
01-01 00:00:13.498  1040   336   336 W mediaextractor: libminijail[336]: compile_file: /apex/com.android.media/etc/seccomp_policy/crash_dump.arm64.policy(28): syscall prctl redefined here
01-01 00:00:13.498  1040   336   336 W mediaextractor: libminijail[336]: compile_file: <fd>(5): previous definition here
01-01 00:00:13.498  1040   336   336 W mediaextractor: libminijail[336]: compile_file: /apex/com.android.media/etc/seccomp_policy/crash_dump.arm64.policy(29): syscall madvise redefined here
01-01 00:00:13.498  1040   336   336 W mediaextractor: libminijail[336]: compile_file: <fd>(14): previous definition here
01-01 00:00:13.498  1040   336   336 W mediaextractor: libminijail[336]: compile_file: /apex/com.android.media/etc/seccomp_policy/crash_dump.arm64.policy(30): syscall mprotect redefined here
01-01 00:00:13.498  1040   336   336 W mediaextractor: libminijail[336]: compile_file: <fd>(13): previous definition here
01-01 00:00:13.498  1040   336   336 W mediaextractor: libminijail[336]: compile_file: /apex/com.android.media/etc/seccomp_policy/crash_dump.arm64.policy(31): syscall munmap redefined here
01-01 00:00:13.498  1040   336   336 W mediaextractor: libminijail[336]: compile_file: <fd>(11): previous definition here
01-01 00:00:13.498  1040   336   336 W mediaextractor: libminijail[336]: compile_file: /apex/com.android.media/etc/seccomp_policy/crash_dump.arm64.policy(32): syscall getuid redefined here
01-01 00:00:13.499  1040   336   336 W mediaextractor: libminijail[336]: compile_file: <fd>(15): previous definition here
01-01 00:00:13.499  1040   336   336 W mediaextractor: libminijail[336]: compile_file: /apex/com.android.media/etc/seccomp_policy/crash_dump.arm64.policy(33): syscall fstat redefined here
01-01 00:00:13.499  1040   336   336 W mediaextractor: libminijail[336]: compile_file: <fd>(16): previous definition here
01-01 00:00:13.499  1040   336   336 W mediaextractor: libminijail[336]: compile_file: /apex/com.android.media/etc/seccomp_policy/crash_dump.arm64.policy(34): syscall mmap redefined here
01-01 00:00:13.499  1040   336   336 W mediaextractor: libminijail[336]: compile_file: <fd>(10): previous definition here
01-01 00:00:13.514  1000   158   158 I hwservicemanager: getTransport: Cannot find entry android.hardware.audio.effect@7.1::IEffectsFactory/default in either framework or device VINTF manifest.
01-01 00:00:13.515  1040   336   336 W mediaextractor: libminijail[336]: logging seccomp filter failures
01-01 00:00:13.539 media   337   373 I ServiceManager: Waiting for service 'package_native' on '/dev/binder'...
01-01 00:00:13.562  1041   288   288 I AudioFlinger: Using default 3000 mSec as standby time.
01-01 00:00:13.639  1046   366   366 I android.hardware.media.omx@1.0-service: mediacodecservice starting
01-01 00:00:13.661  1047   329   329 I cameraserver: ServiceManager: 0xb400007d3849d630
01-01 00:00:13.661  1047   329   329 I CameraService: CameraService started (pid=329)
01-01 00:00:13.682  1047   329   329 I CameraService: CameraService process starting
01-01 00:00:13.682  1047   329   329 W BatteryNotifier: batterystats service unavailable!
01-01 00:00:13.682  1047   329   329 W BatteryNotifier: batterystats service unavailable!
01-01 00:00:13.685  1047   329   329 I cameraserver: Connecting to new camera provider: external/0, isRemote? 1
01-01 00:00:13.687  1047   329   329 I CameraProviderManager: Camera provider external/0 ready with 0 camera devices
01-01 00:00:13.688  1047   329   329 I cameraserver: Connecting to new camera provider: legacy/0, isRemote? 1
01-01 00:00:13.689  1047   266   266 D CamPrvdr@2.5-legacy: notifyDeviceStateChange: New device state: 0x0
01-01 00:00:13.689  1047   329   329 I CameraProviderManager: Camera provider legacy/0 ready with 0 camera devices
01-01 00:00:13.690  1047   329   329 I cameraserver: Waiting for activity service
01-01 00:00:13.697  1047   329   405 W CameraProviderManager: addHidlProviderLocked: Camera provider HAL with name 'external/0' already registered
01-01 00:00:13.697  1047   329   405 W CameraProviderManager: addHidlProviderLocked: Camera provider HAL with name 'legacy/0' already registered
01-01 00:00:13.700  1046   366   366 W android.hardware.media.omx@1.0-service: libminijail[366]: failed to get path of fd 4: No such file or directory
01-01 00:00:13.700  1046   366   366 W android.hardware.media.omx@1.0-service: libminijail[366]: allowing syscall: clock_gettime
01-01 00:00:13.700  1046   366   366 W android.hardware.media.omx@1.0-service: libminijail[366]: allowing syscall: connect
01-01 00:00:13.700  1046   366   366 W android.hardware.media.omx@1.0-service: libminijail[366]: allowing syscall: fcntl64
01-01 00:00:13.700  1046   366   366 W android.hardware.media.omx@1.0-service: libminijail[366]: allowing syscall: socket
01-01 00:00:13.700  1046   366   366 W android.hardware.media.omx@1.0-service: libminijail[366]: allowing syscall: writev
01-01 00:00:13.701  1046   366   366 W android.hardware.media.omx@1.0-service: libminijail[366]: compile_file: <fd>(59): syscall getrandom redefined here
01-01 00:00:13.701  1046   366   366 W android.hardware.media.omx@1.0-service: libminijail[366]: compile_file: <fd>(15): previous definition here
01-01 00:00:13.703 media   275   275 I android.hardwar: type=1400 audit(0.0:31): avc: denied { read } for name="u:object_r:default_prop:s0" dev="tmpfs" ino=99 scontext=u:r:mediacodec:s0 tcontext=u:object_r:default_prop:s0 tclass=file permissive=1
