01-01 00:00:05.570  root     0     0 I apexd   : Bind mounting /system/apex/com.android.conscrypt onto /apex/com.android.conscrypt
01-01 00:00:05.617  root     0     0 W printk  : apexd: 26 output lines suppressed due to ratelimiting
01-01 00:00:05.733  root     0     0 I ueventd : Coldboot took 0.277 seconds
01-01 00:00:06.206  root     0     0 I         : Registered swp emulation handler
01-01 00:00:06.299  root     0     0 I logd.auditd: start
01-01 00:00:06.340  root     0     0 I logd    : Loaded bug_map file: /vendor/etc/selinux/selinux_denial_metadata
01-01 00:00:06.351  root     0     0 I logd    : Loaded bug_map file: /system/etc/selinux/bug_map
01-01 00:00:06.372  1000   158   158 I hwservicemanager: getDeviceHalManifest: Reading VINTF information.
01-01 00:00:06.386  1000   158   158 I hwservicemanager: getDeviceHalManifest: Successfully processed VINTF information
01-01 00:00:06.386  1000   158   158 I hwservicemanager: getFrameworkHalManifest: Successfully processed VINTF information
01-01 00:00:06.387  1000   158   158 I hwservicemanager: hwservicemanager is ready now.
01-01 00:00:06.555  root     0     0 W EXT4-fs (mmcblk0p4): Ignoring removed nomblk_io_submit option
01-01 00:00:06.598  1000   157   157 I servicemanager: getDeviceHalManifest: Reading VINTF information.
01-01 00:00:06.603  1000   157   157 I servicemanager: getDeviceHalManifest: Successfully processed VINTF information
01-01 00:00:06.603  1000   157   157 I servicemanager: getFrameworkHalManifest: Reading VINTF information.
01-01 00:00:06.606  1000   157   157 I servicemanager: getFrameworkHalManifest: Successfully processed VINTF information
01-01 00:00:06.607  1000   157   157 I servicemanager: Could not find android.hardware.automotive.vehicle.IVehicle/default in the VINTF manifest.
01-01 00:00:06.607  1000   172   172 D carwatchdogd: AIDL VHAL service, descriptor: android.hardware.automotive.vehicle.IVehicle/default is not declared, maybe HIDL VHAL is used instead?
01-01 00:00:06.608  1000   172   172 E cutils-trace: Error opening trace file: No such file or directory (2)
01-01 00:00:06.608  1000   158   158 E cutils-trace: Error opening trace file: No such file or directory (2)
01-01 00:00:06.609  1000   158   158 I hwservicemanager: Since android.hardware.automotive.vehicle@2.0::IVehicle/default is not registered, trying to start it as a lazy HAL.
01-01 00:00:06.609  1000   172   172 W carwatchdogd: VHAL is not connected: Failed to connect to VHAL.
01-01 00:00:06.609  1000   172   172 W carwatchdogd: Failed to update WATCHDOG_ALIVE VHAL property. Will try again in 3s, error: VHAL is not connected: Failed to connect to VHAL.
01-01 00:00:06.611  1000   157   157 I servicemanager: Found android.automotive.watchdog.ICarWatchdog/default in framework VINTF manifest.
01-01 00:00:06.615  1000   172   181 I carwatchdogd: Starting BOOT_TIME_COLLECTION performance data collection
01-01 00:00:06.646  root     0     0 I EXT4-fs (mmcblk0p4): mounted filesystem with ordered data mode. Opts: errors=remount-ro,nomblk_io_submit. Quota mode: journalled.
01-01 00:00:06.750  1062   175   175 I evsmanagerd: EVS manager starting
01-01 00:00:06.751  1062   175   186 I evsmanagerd: EVS managed service connecting to hardware service at hw/1
01-01 00:00:06.751  1062   175   175 I evsmanagerd: Main thread entering thread pool
01-01 00:00:06.752  1000   157   157 I servicemanager: Found android.hardware.automotive.evs.IEvsEnumerator/hw/1 in device VINTF manifest.
01-01 00:00:06.753  1062   175   186 I evsmanagerd: Failed to connect to AIDL EVS HAL implementation.  Trying to connect to HIDL EVS HAL implementation instead.
01-01 00:00:06.754  1062   175   186 E cutils-trace: Error opening trace file: No such file or directory (2)
01-01 00:00:06.755  1000   158   158 I hwservicemanager: getTransport: Cannot find entry android.hardware.automotive.evs@1.1::IEvsEnumerator/hw/1 in either framework or device VINTF manifest.
01-01 00:00:06.755  1062   175   186 I evsmanagerd: No EVS HAL implementation is available.  Retrying after 1000 ms
01-01 00:00:06.799  root     0     0 I e2fsck  : e2fsck 1.46.2 (28-Feb-2021)
01-01 00:00:06.825  root     0     0 I e2fsck  : userdata: clean, 7523/303104 files, 98120/1212160 blocks
01-01 00:00:06.850  root     0     0 W EXT4-fs (mmcblk0p4): Ignoring removed nomblk_io_submit option
01-01 00:00:06.882  root     0     0 I EXT4-fs (mmcblk0p4): mounted filesystem with ordered data mode. Opts: nomblk_io_submit,errors=panic. Quota mode: journalled.
01-01 00:00:06.910  1000   158   180 W libc    : Unable to set property "ctl.interface_start" to "android.hardware.automotive.vehicle@2.0::IVehicle/default": error code: 0x20
01-01 00:00:06.910  1000   158   180 I hwservicemanager: Tried to start android.hardware.automotive.vehicle@2.0::IVehicle/default as a lazy service, but was unable to. Usually this happens when a service is not installed, but if the service is intended to be used as a lazy service, then it may be configured incorrectly.
01-01 00:00:06.954  1062   174   174 I EvsApp  : EVS app starting
01-01 00:00:06.960  1062   174   174 I EvsApp  : Acquiring EVS Enumerator
01-01 00:00:06.960  1062   174   174 E cutils-trace: Error opening trace file: No such file or directory (2)
01-01 00:00:06.961  1000   158   158 I hwservicemanager: Since android.hardware.automotive.evs@1.1::IEvsEnumerator/default is not registered, trying to start it as a lazy HAL.
01-01 00:00:06.962  1000   158   194 W libc    : Unable to set property "ctl.interface_start" to "android.hardware.automotive.evs@1.1::IEvsEnumerator/default": error code: 0x20
01-01 00:00:06.962  1000   158   158 I hwservicemanager: Since android.hardware.automotive.evs@1.1::IEvsEnumerator/default is not registered, trying to start it as a lazy HAL.
01-01 00:00:06.962  1000   158   194 I hwservicemanager: Tried to start android.hardware.automotive.evs@1.1::IEvsEnumerator/default as a lazy service, but was unable to. Usually this happens when a service is not installed, but if the service is intended to be used as a lazy service, then it may be configured incorrectly.
01-01 00:00:06.963  1062   174   174 I HidlServiceManagement: getService: Trying again for android.hardware.automotive.evs@1.1::IEvsEnumerator/default...
01-01 00:00:06.963  1000   158   196 W libc    : Unable to set property "ctl.interface_start" to "android.hardware.automotive.evs@1.1::IEvsEnumerator/default": error code: 0x20
01-01 00:00:06.963  1000   158   196 I hwservicemanager: Tried to start android.hardware.automotive.evs@1.1::IEvsEnumerator/default as a lazy service, but was unable to. Usually this happens when a service is not installed, but if the service is intended to be used as a lazy service, then it may be configured incorrectly.
01-01 00:00:06.979  1003   173   173 I cardisplayproxyd: cardisplayproxy service is starting
01-01 00:00:06.981  1000   157   157 I servicemanager: Found android.frameworks.automotive.display.ICarDisplayProxy/default in framework VINTF manifest.
01-01 00:00:06.981  1003   173   173 I cardisplayproxyd: Main thread entering thread pool
01-01 00:00:07.117  root   205   205 I fsverity_init: LoadKeyFromFile path=/system/etc/security/fsverity/fsverity-release.x509.der keyname=fsv_system_0
01-01 00:00:07.143  1000   157   157 I servicemanager: Since 'android.system.suspend.ISystemSuspend/default' could not be found, trying to start it as a lazy AIDL service
01-01 00:00:07.146  1000   157   207 W libc    : Unable to set property "ctl.interface_start" to "aidl/android.system.suspend.ISystemSuspend/default": error code: 0x20
01-01 00:00:07.146  1000   157   207 I servicemanager: Tried to start aidl service android.system.suspend.ISystemSuspend/default as a lazy service, but was unable to. Usually this happens when a service is not installed, but if the service is intended to be used as a lazy service, then it may be configured incorrectly.
01-01 00:00:07.166  1000   157   157 I servicemanager: Found android.system.suspend.ISystemSuspend/default in framework VINTF manifest.
01-01 00:00:07.167  1000   158   158 I hwservicemanager: getTransport: Cannot find entry android.system.suspend@1.0::ISystemSuspend/default in either framework or device VINTF manifest.
01-01 00:00:07.168  1000   200   200 E HidlServiceManagement: Service android.system.suspend@1.0::ISystemSuspend/default must be in VINTF manifest in order to register/get.
01-01 00:00:07.168  1000   200   200 I android.system.suspend@1.0-service: system-suspend HIDL hal not supported, use the AIDL suspend hal for requesting wakelocks
01-01 00:00:07.181  1000   201   201 W carpowerpolicyd: Proceed without registered policies: Failed to read and/or parse /vendor/etc/automotive/power_policy.xml
01-01 00:00:07.181  1000   201   201 W carpowerpolicyd: Failed to start monitoring Silent Mode HW state: /sys/power/pm_silentmode_hw_state doesn't exist
01-01 00:00:07.182  1000   157   157 I servicemanager: Found android.frameworks.automotive.powerpolicy.ICarPowerPolicyServer/default in framework VINTF manifest.
01-01 00:00:07.183  1000   157   157 I servicemanager: Found android.frameworks.automotive.powerpolicy.internal.ICarPowerPolicySystemNotification/default in framework VINTF manifest.
01-01 00:00:07.183  1000   157   157 I servicemanager: Could not find android.hardware.automotive.vehicle.IVehicle/default in the VINTF manifest.
01-01 00:00:07.184  1000   201   201 D carpowerpolicyd: AIDL VHAL service, descriptor: android.hardware.automotive.vehicle.IVehicle/default is not declared, maybe HIDL VHAL is used instead?
01-01 00:00:07.196  1000   158   158 I hwservicemanager: Since android.hardware.automotive.vehicle@2.0::IVehicle/default is not registered, trying to start it as a lazy HAL.
01-01 00:00:07.197  1000   201   201 W carpowerpolicyd: Failed to connect to VHAL. Retrying in 200 ms.
01-01 00:00:07.198  1000   158   212 W libc    : Unable to set property "ctl.interface_start" to "android.hardware.automotive.vehicle@2.0::IVehicle/default": error code: 0x20
01-01 00:00:07.199  1000   158   212 I hwservicemanager: Tried to start android.hardware.automotive.vehicle@2.0::IVehicle/default as a lazy service, but was unable to. Usually this happens when a service is not installed, but if the service is intended to be used as a lazy service, then it may be configured incorrectly.
01-01 00:00:07.199  1003   176   176 I EvsDriver: EVS Hardware Enumerator service is starting
01-01 00:00:07.200  1000   157   157 I servicemanager: Found android.frameworks.automotive.display.ICarDisplayProxy/default in framework VINTF manifest.
01-01 00:00:07.210  1003   176   176 I EvsDriver: Parsing configuration file takes 8.063093e+00 ms.
01-01 00:00:07.210  1003   176   176 I EvsDriver: enumerateCameras: Starting dev/video* enumeration
01-01 00:00:07.212  1003   176   176 I EvsDriver: /dev/video15 is added
01-01 00:00:07.212  1003   176   176 I EvsDriver: /dev/video14 is added
01-01 00:00:07.212  1003   176   176 I EvsDriver: /dev/video22 is added
01-01 00:00:07.212  1003   176   176 I EvsDriver: /dev/video21 is added
01-01 00:00:07.212  1003   176   176 I EvsDriver: Found 4 qualified video capture devices of 14 checked.
01-01 00:00:07.212  1003   176   176 I EvsDriver: enumerateDisplays: Starting display enumeration
01-01 00:00:07.222  1000   157   157 I servicemanager: Since 'SurfaceFlingerAIDL' could not be found, trying to start it as a lazy AIDL service
01-01 00:00:07.225  1000   157   214 W libc    : Unable to set property "ctl.interface_start" to "aidl/SurfaceFlingerAIDL": error code: 0x20
01-01 00:00:07.226  1000   157   214 I servicemanager: Tried to start aidl service SurfaceFlingerAIDL as a lazy service, but was unable to. Usually this happens when a service is not installed, but if the service is intended to be used as a lazy service, then it may be configured incorrectly.
01-01 00:00:07.231  1054   203   203 I automotive.vehicle@2.0-impl: VehicleHalManager::init
01-01 00:00:07.232  1054   203   203 E android.hardware.automotive.vehicle@2.0-default-service: freeze frame: 7232865310
01-01 00:00:07.233  1054   203   203 E android.hardware.automotive.vehicle@2.0-default-service: freeze frame: 7232934106
01-01 00:00:07.233  1054   203   203 E android.hardware.automotive.vehicle@2.0-default-service: freeze frame: 7233068958
01-01 00:00:07.233  1054   203   203 I automotive.vehicle@2.0-default-service: Registering as service...
01-01 00:00:07.237  1054   203   203 I HidlServiceManagement: Registered android.hardware.automotive.vehicle@2.0::IVehicle/default
01-01 00:00:07.237  1054   203   203 I HidlServiceManagement: Removing namespace from process name android.hardware.automotive.vehicle@2.0-default-service to vehicle@2.0-default-service.
01-01 00:00:07.238  1054   203   203 I automotive.vehicle@2.0-default-service: Ready
01-01 00:00:07.267  root   177   177 I ServiceManager: Waiting for service 'android.security.maintenance' on '/dev/binder'...
01-01 00:00:07.258  root     0     0 E incfs   : IncFs_Features: failed to open features dir, assuming v1/none.: No such file or directory
01-01 00:00:07.274  1058   213   213 I tombstoned: tombstoned successfully initialized
01-01 00:00:07.313  1000   204   204 I keymaster:  patchlevel string does not match expected format.  Using patchlevel 0
01-01 00:00:07.315  1000   204   204 I HidlServiceManagement: Registered android.hardware.keymaster@4.1::IKeymasterDevice/default
01-01 00:00:07.315  1000   204   204 I HidlServiceManagement: Removing namespace from process name android.hardware.keymaster@4.1-service to keymaster@4.1-service.
01-01 00:00:07.397  1000   157   157 I servicemanager: Could not find android.hardware.automotive.vehicle.IVehicle/default in the VINTF manifest.
01-01 00:00:07.398  1000   201   201 D carpowerpolicyd: AIDL VHAL service, descriptor: android.hardware.automotive.vehicle.IVehicle/default is not declared, maybe HIDL VHAL is used instead?
01-01 00:00:07.401  1000   201   201 D carpowerpolicyd: Policy(system_power_policy_initial_on) is notified to VHAL
01-01 00:00:07.401  1000   201   201 I carpowerpolicyd: The current power policy is system_power_policy_initial_on
01-01 00:00:07.401  1000   201   201 D carpowerpolicyd: Policy(system_power_policy_initial_on) is applied as the initial one
01-01 00:00:07.402  1054   203   203 I automotive.vehicle@2.0-impl: SubscriptionManager::addOrUpdateSubscription, callback: 0xb400007c4dde71d0
01-01 00:00:07.402  1054   203   203 I automotive.vehicle@2.0-impl: Creating new client and linking to death recipient, cookie: 0xb400007c1de01820
01-01 00:00:07.402  1054   203   203 I automotive.vehicle@2.0-impl: SubscriptionManager::addOrUpdateSubscription, prop: 0x11100f21
01-01 00:00:07.402  1054   203   203 I automotive.vehicle@2.0-impl: addOrUpdateSubscription opts.propId: 0x11100f21
01-01 00:00:07.402  1054   203   203 I DefaultVehicleHal_v2_0: subscribe propId: 0x11100f21, sampleRate: 0.000000
01-01 00:00:07.403  1054   203   203 I automotive.vehicle@2.0-impl: SubscriptionManager::addOrUpdateSubscription, callback: 0xb400007c4dde55b0
01-01 00:00:07.404  1054   203   203 I automotive.vehicle@2.0-impl: SubscriptionManager::addOrUpdateSubscription, prop: 0x11100f22
01-01 00:00:07.404  1054   203   203 I automotive.vehicle@2.0-impl: addOrUpdateSubscription opts.propId: 0x11100f22
01-01 00:00:07.404  1054   203   203 I DefaultVehicleHal_v2_0: subscribe propId: 0x11100f22, sampleRate: 0.000000
01-01 00:00:07.404  1000   201   201 I carpowerpolicyd: Connected to VHAL
01-01 00:00:07.445  1017   202   223 I keystore2: getDeviceHalManifest: Reading VINTF information.
01-01 00:00:07.453  1017   202   223 I keystore2: getDeviceHalManifest: Successfully processed VINTF information
01-01 00:00:07.458  1017   202   223 I keystore2: found android.hardware.keymaster@4.0::IKeymasterDevice with interface name default and seclevel SOFTWARE
01-01 00:00:07.459  1000   158   158 I hwservicemanager: getTransport: Cannot find entry android.hardware.keymaster@3.0::IKeymasterDevice/default in either framework or device VINTF manifest.
01-01 00:00:07.459  1017   202   223 W keystore2: No secure Keymaster implementation found, but device offers insecure Keymaster HAL. Using as default.
01-01 00:00:07.462  1017   202   202 I keymaster:  patchlevel string does not match expected format.  Using patchlevel 0
01-01 00:00:07.462  1017   202   202 I keymaster:  patchlevel string does not match expected format.  Using patchlevel 0
01-01 00:00:07.464  1000   157   157 I servicemanager: Found android.system.keystore2.IKeystoreService/default in framework VINTF manifest.
01-01 00:00:07.469  root   177   177 I ServiceManager: Waiting for service 'android.security.maintenance' on '/dev/binder' successful after waiting 202ms
01-01 00:00:07.514  root     0     0 E vold    : keystore2 Keystore earlyBootEnded returned service specific error: -68
01-01 00:00:07.565  root     0     0 I logd    : logd reinit
01-01 00:00:07.570  root     0     0 E logd    : FrameworkListener: read() failed (Connection reset by peer)
01-01 00:00:07.580  root     0     0 I apexd   : This device does not support updatable APEX. Exiting
01-01 00:00:07.587  root     0     0 I apexd   : Marking APEXd as activated
01-01 00:00:07.756  1000   157   157 I servicemanager: Found android.hardware.automotive.evs.IEvsEnumerator/hw/1 in device VINTF manifest.
01-01 00:00:07.756  1062   175   186 I evsmanagerd: Failed to connect to AIDL EVS HAL implementation.  Trying to connect to HIDL EVS HAL implementation instead.
01-01 00:00:07.757  1000   158   158 I hwservicemanager: getTransport: Cannot find entry android.hardware.automotive.evs@1.1::IEvsEnumerator/hw/1 in either framework or device VINTF manifest.
01-01 00:00:07.757  1062   175   186 I evsmanagerd: No EVS HAL implementation is available.  Retrying after 1000 ms
01-01 00:00:07.758  9999   235   235 I derive_sdk: Read version 3 from 7
01-01 00:00:07.759  9999   235   235 I derive_sdk: Read version 3 from 5
01-01 00:00:07.759  9999   235   235 I derive_sdk: Read version 3 from 9
01-01 00:00:07.760  9999   235   235 I derive_sdk: Read version 3 from 4
01-01 00:00:07.760  9999   235   235 I derive_sdk: Read version 3 from 6
01-01 00:00:07.761  9999   235   235 I derive_sdk: Read version 3 from 13
01-01 00:00:07.761  9999   235   235 I derive_sdk: Read version 3 from 3
01-01 00:00:07.762  9999   235   235 I derive_sdk: Read version 3 from 2
01-01 00:00:07.762  9999   235   235 I derive_sdk: Read version 3 from 1
01-01 00:00:07.763  9999   235   235 I derive_sdk: Read version 3 from 10
01-01 00:00:07.764  9999   235   235 I derive_sdk: Read version 3 from 8
01-01 00:00:07.765  9999   235   235 I derive_sdk: Read version 3 from 12
01-01 00:00:07.765  9999   235   235 I derive_sdk: Read version 3 from 11
01-01 00:00:07.765  9999   235   235 I derive_sdk: R extension version is 3
01-01 00:00:07.766  9999   235   235 I derive_sdk: S extension version is 3
01-01 00:00:07.766  9999   235   235 I derive_sdk: T extension version is 3
01-01 00:00:07.802  root     0     0 D vdc     : Waited 0ms for vold
01-01 00:00:07.835  root   237   237 D vold_prepare_subdirs: Setting up mode 771 uid 1000 gid 1000 context u:object_r:system_data_file:s0:c512,c768 on path: /data/user_de/0
01-01 00:00:07.835  root   237   237 D vold_prepare_subdirs: Setting up mode 771 uid 1000 gid 1000 context u:object_r:sdk_sandbox_system_data_file:s0:c512,c768 on path: /data/misc_de/0/sdksandbox
01-01 00:00:07.837  root   237   237 D vold_prepare_subdirs: Setting up mode 700 uid 0 gid 0 context u:object_r:vold_data_file:s0 on path: /data/misc_de/0/vold
01-01 00:00:07.837  root   237   237 D vold_prepare_subdirs: Setting up mode 700 uid 0 gid 0 context u:object_r:storaged_data_file:s0 on path: /data/misc_de/0/storaged
01-01 00:00:07.837  root   237   237 D vold_prepare_subdirs: Setting up mode 700 uid 0 gid 0 context u:object_r:rollback_data_file:s0 on path: /data/misc_de/0/rollback
01-01 00:00:07.838  root   237   237 D vold_prepare_subdirs: Setting up mode 700 uid 0 gid 0 context u:object_r:apex_rollback_data_file:s0 on path: /data/misc_de/0/apexrollback
01-01 00:00:07.838  root   237   237 D vold_prepare_subdirs: Setting up mode 711 uid 0 gid 0 context u:object_r:apex_module_data_file:s0 on path: /data/misc_de/0/apexdata
01-01 00:00:07.839  root   237   237 D vold_prepare_subdirs: Setting up mode 771 uid 0 gid 1000 context u:object_r:apex_module_data_file:s0 on path: /data/misc_de/0/apexdata/com.android.virt
01-01 00:00:07.839  root   237   237 D vold_prepare_subdirs: Setting up mode 771 uid 0 gid 1000 context u:object_r:apex_module_data_file:s0 on path: /data/misc_de/0/apexdata/com.android.compos
01-01 00:00:07.840  root   237   237 D vold_prepare_subdirs: Setting up mode 771 uid 0 gid 1000 context u:object_r:apex_system_server_data_file:s0 on path: /data/misc_de/0/apexdata/com.android.wifi
01-01 00:00:07.840  root   237   237 D vold_prepare_subdirs: Setting up mode 771 uid 0 gid 1000 context u:object_r:apex_module_data_file:s0 on path: /data/misc_de/0/apexdata/com.android.vndk.v33
01-01 00:00:07.841  root   237   237 D vold_prepare_subdirs: Setting up mode 771 uid 0 gid 1000 context u:object_r:apex_system_server_data_file:s0 on path: /data/misc_de/0/apexdata/com.android.uwb
01-01 00:00:07.841  root   237   237 D vold_prepare_subdirs: Setting up mode 771 uid 0 gid 1000 context u:object_r:apex_module_data_file:s0 on path: /data/misc_de/0/apexdata/com.android.tzdata
01-01 00:00:07.841  root   237   237 D vold_prepare_subdirs: Setting up mode 771 uid 0 gid 1000 context u:object_r:apex_module_data_file:s0 on path: /data/misc_de/0/apexdata/com.android.tethering
01-01 00:00:07.842  root   237   237 D vold_prepare_subdirs: Setting up mode 771 uid 0 gid 1000 context u:object_r:apex_module_data_file:s0 on path: /data/misc_de/0/apexdata/com.android.sdkext
01-01 00:00:07.842  root   237   237 D vold_prepare_subdirs: Setting up mode 771 uid 0 gid 1000 context u:object_r:apex_module_data_file:s0 on path: /data/misc_de/0/apexdata/com.android.scheduling
01-01 00:00:07.842  root   237   237 D vold_prepare_subdirs: Setting up mode 771 uid 0 gid 1000 context u:object_r:apex_module_data_file:s0 on path: /data/misc_de/0/apexdata/com.android.runtime
01-01 00:00:07.843  root   237   237 D vold_prepare_subdirs: Setting up mode 771 uid 0 gid 1000 context u:object_r:apex_module_data_file:s0 on path: /data/misc_de/0/apexdata/com.android.resolv
01-01 00:00:07.843  root   237   237 D vold_prepare_subdirs: Setting up mode 771 uid 0 gid 1000 context u:object_r:apex_system_server_data_file:s0 on path: /data/misc_de/0/apexdata/com.android.permission
01-01 00:00:07.843  root   237   237 D vold_prepare_subdirs: Setting up mode 771 uid 0 gid 1000 context u:object_r:apex_module_data_file:s0 on path: /data/misc_de/0/apexdata/com.android.os.statsd
01-01 00:00:07.844  root   237   237 D vold_prepare_subdirs: Setting up mode 771 uid 0 gid 1000 context u:object_r:apex_module_data_file:s0 on path: /data/misc_de/0/apexdata/com.android.ondevicepersonalization
01-01 00:00:07.844  root   237   237 D vold_prepare_subdirs: Setting up mode 771 uid 0 gid 1000 context u:object_r:apex_module_data_file:s0 on path: /data/misc_de/0/apexdata/com.android.neuralnetworks
01-01 00:00:07.844  root   237   237 D vold_prepare_subdirs: Setting up mode 771 uid 0 gid 1000 context u:object_r:apex_module_data_file:s0 on path: /data/misc_de/0/apexdata/com.android.mediaprovider
01-01 00:00:07.845  root   237   237 D vold_prepare_subdirs: Setting up mode 771 uid 0 gid 1000 context u:object_r:apex_module_data_file:s0 on path: /data/misc_de/0/apexdata/com.android.media.swcodec
01-01 00:00:07.845  root   237   237 D vold_prepare_subdirs: Setting up mode 771 uid 0 gid 1000 context u:object_r:apex_module_data_file:s0 on path: /data/misc_de/0/apexdata/com.android.media
01-01 00:00:07.845  root   237   237 D vold_prepare_subdirs: Setting up mode 771 uid 0 gid 1000 context u:object_r:apex_module_data_file:s0 on path: /data/misc_de/0/apexdata/com.android.ipsec
01-01 00:00:07.846  root   237   237 D vold_prepare_subdirs: Setting up mode 771 uid 0 gid 1000 context u:object_r:apex_module_data_file:s0 on path: /data/misc_de/0/apexdata/com.android.i18n
01-01 00:00:07.846  root   237   237 D vold_prepare_subdirs: Setting up mode 771 uid 0 gid 1000 context u:object_r:apex_module_data_file:s0 on path: /data/misc_de/0/apexdata/com.android.extservices
01-01 00:00:07.846  root   237   237 D vold_prepare_subdirs: Setting up mode 771 uid 0 gid 1000 context u:object_r:apex_module_data_file:s0 on path: /data/misc_de/0/apexdata/com.android.conscrypt
01-01 00:00:07.847  root   237   237 D vold_prepare_subdirs: Setting up mode 771 uid 0 gid 1000 context u:object_r:apex_module_data_file:s0 on path: /data/misc_de/0/apexdata/com.android.car.framework
01-01 00:00:07.847  root   237   237 D vold_prepare_subdirs: Setting up mode 771 uid 0 gid 1000 context u:object_r:apex_module_data_file:s0 on path: /data/misc_de/0/apexdata/com.android.btservices
01-01 00:00:07.847  root   237   237 D vold_prepare_subdirs: Setting up mode 771 uid 0 gid 1000 context u:object_r:apex_module_data_file:s0 on path: /data/misc_de/0/apexdata/com.android.art
01-01 00:00:07.847  root   237   237 D vold_prepare_subdirs: Setting up mode 771 uid 0 gid 1000 context u:object_r:apex_module_data_file:s0 on path: /data/misc_de/0/apexdata/com.android.appsearch
01-01 00:00:07.848  root   237   237 D vold_prepare_subdirs: Setting up mode 771 uid 0 gid 1000 context u:object_r:apex_module_data_file:s0 on path: /data/misc_de/0/apexdata/com.android.adservices
01-01 00:00:07.848  root   237   237 D vold_prepare_subdirs: Setting up mode 771 uid 0 gid 1000 context u:object_r:apex_module_data_file:s0 on path: /data/misc_de/0/apexdata/com.android.adbd
01-01 00:00:07.849  root   237   237 D vold_prepare_subdirs: Setting up mode 771 uid 1000 gid 1000 context u:object_r:user_profile_root_file:s0:c512,c768 on path: /data/misc/profiles/cur/0
01-01 00:00:07.849  root   237   237 D vold_prepare_subdirs: Setting up mode 700 uid 1000 gid 1000 context u:object_r:fingerprint_vendor_data_file:s0 on path: /data/vendor_de/0/fpdata
01-01 00:00:07.850  root   237   237 D vold_prepare_subdirs: Setting up mode 700 uid 1000 gid 1000 context u:object_r:face_vendor_data_file:s0 on path: /data/vendor_de/0/facedata
01-01 00:00:07.889  1000   238   238 I derive_classpath: ParseFragments for bootclasspath
01-01 00:00:07.902  1000   238   238 I derive_classpath: ReadClasspathFragment /apex/com.android.art/etc/classpaths/bootclasspath.pb
01-01 00:00:07.903  1000   238   238 I derive_classpath: ReadClasspathFragment /system/etc/classpaths/bootclasspath.pb
01-01 00:00:07.903  1000   238   238 I derive_classpath: ReadClasspathFragment /apex/com.android.adservices/etc/classpaths/bootclasspath.pb
01-01 00:00:07.904  1000   238   238 I derive_classpath: ReadClasspathFragment /apex/com.android.appsearch/etc/classpaths/bootclasspath.pb
01-01 00:00:07.905  1000   238   238 I derive_classpath: ReadClasspathFragment /apex/com.android.btservices/etc/classpaths/bootclasspath.pb
01-01 00:00:07.905  1000   238   238 I derive_classpath: ReadClasspathFragment /apex/com.android.car.framework/etc/classpaths/bootclasspath.pb
01-01 00:00:07.906  1000   238   238 I derive_classpath: ReadClasspathFragment /apex/com.android.conscrypt/etc/classpaths/bootclasspath.pb
01-01 00:00:07.906  1000   238   238 I derive_classpath: ReadClasspathFragment /apex/com.android.ipsec/etc/classpaths/bootclasspath.pb
01-01 00:00:07.907  1000   238   238 I derive_classpath: ReadClasspathFragment /apex/com.android.media/etc/classpaths/bootclasspath.pb
01-01 00:00:07.908  1000   238   238 I derive_classpath: ReadClasspathFragment /apex/com.android.mediaprovider/etc/classpaths/bootclasspath.pb
01-01 00:00:07.908  1000   238   238 I derive_classpath: ReadClasspathFragment /apex/com.android.ondevicepersonalization/etc/classpaths/bootclasspath.pb
01-01 00:00:07.909  1000   238   238 I derive_classpath: ReadClasspathFragment /apex/com.android.os.statsd/etc/classpaths/bootclasspath.pb
01-01 00:00:07.909  1000   238   238 I derive_classpath: ReadClasspathFragment /apex/com.android.permission/etc/classpaths/bootclasspath.pb
01-01 00:00:07.910  1000   238   238 I derive_classpath: ReadClasspathFragment /apex/com.android.scheduling/etc/classpaths/bootclasspath.pb
01-01 00:00:07.911  1000   238   238 I derive_classpath: ReadClasspathFragment /apex/com.android.sdkext/etc/classpaths/bootclasspath.pb
01-01 00:00:07.911  1000   238   238 I derive_classpath: ReadClasspathFragment /apex/com.android.tethering/etc/classpaths/bootclasspath.pb
01-01 00:00:07.912  1000   238   238 I derive_classpath: ReadClasspathFragment /apex/com.android.uwb/etc/classpaths/bootclasspath.pb
01-01 00:00:07.912  1000   238   238 I derive_classpath: ReadClasspathFragment /apex/com.android.wifi/etc/classpaths/bootclasspath.pb
01-01 00:00:07.913  1000   238   238 I derive_classpath: ParseFragments for systemserverclasspath
01-01 00:00:07.916  1000   238   238 I derive_classpath: ReadClasspathFragment /system/etc/classpaths/systemserverclasspath.pb
01-01 00:00:07.917  1000   238   238 I derive_classpath: ReadClasspathFragment /apex/com.android.adservices/etc/classpaths/systemserverclasspath.pb
01-01 00:00:07.917  1000   238   238 I derive_classpath: ReadClasspathFragment /apex/com.android.appsearch/etc/classpaths/systemserverclasspath.pb
01-01 00:00:07.918  1000   238   238 I derive_classpath: ReadClasspathFragment /apex/com.android.art/etc/classpaths/systemserverclasspath.pb
01-01 00:00:07.918  1000   238   238 I derive_classpath: ReadClasspathFragment /apex/com.android.btservices/etc/classpaths/systemserverclasspath.pb
01-01 00:00:07.919  1000   238   238 I derive_classpath: ReadClasspathFragment /apex/com.android.car.framework/etc/classpaths/systemserverclasspath.pb
01-01 00:00:07.919  1000   238   238 I derive_classpath: ReadClasspathFragment /apex/com.android.compos/etc/classpaths/systemserverclasspath.pb
01-01 00:00:07.920  1000   238   238 I derive_classpath: ReadClasspathFragment /apex/com.android.media/etc/classpaths/systemserverclasspath.pb
01-01 00:00:07.921  1000   238   238 I derive_classpath: ReadClasspathFragment /apex/com.android.os.statsd/etc/classpaths/systemserverclasspath.pb
01-01 00:00:07.921  1000   238   238 I derive_classpath: ReadClasspathFragment /apex/com.android.permission/etc/classpaths/systemserverclasspath.pb
01-01 00:00:07.922  1000   238   238 I derive_classpath: ReadClasspathFragment /apex/com.android.scheduling/etc/classpaths/systemserverclasspath.pb
01-01 00:00:07.922  1000   238   238 I derive_classpath: ReadClasspathFragment /apex/com.android.tethering/etc/classpaths/systemserverclasspath.pb
01-01 00:00:07.923  1000   238   238 I derive_classpath: ReadClasspathFragment /apex/com.android.uwb/etc/classpaths/systemserverclasspath.pb
01-01 00:00:07.923  1000   238   238 I derive_classpath: ReadClasspathFragment /apex/com.android.wifi/etc/classpaths/systemserverclasspath.pb
01-01 00:00:07.924  1000   238   238 I derive_classpath: WriteClasspathExports /data/system/environ/classpath
01-01 00:00:07.924  1000   238   238 I derive_classpath: WriteClasspathExports content
01-01 00:00:07.924  1000   238   238 I derive_classpath: export BOOTCLASSPATH /apex/com.android.art/javalib/core-oj.jar:/apex/com.android.art/javalib/core-libart.jar:/apex/com.android.art/javalib/okhttp.jar:/apex/com.android.art/javalib/bouncycastle.jar:/apex/com.android.art/javalib/apache-xml.jar:/system/framework/framework.jar:/system/framework/framework-graphics.jar:/system/framework/ext.jar:/system/framework/telephony-common.jar:/system/framework/voip-common.jar:/system/framework/ims-common.jar:/system/framework/android.car.builtin.jar:/apex/com.android.i18n/javalib/core-icu4j.jar:/apex/com.android.adservices/javalib/framework-adservices.jar:/apex/com.android.adservices/javalib/framework-sdksandbox.jar:/apex/com.android.appsearch/javalib/framework-appsearch.jar:/apex/com.android.btservices/javalib/framework-bluetooth.jar:/apex/com.android.car.framework/javalib/android.car-module.jar:/apex/com.android.conscrypt/javalib/conscrypt.jar:/apex/com.android.ipsec/javalib/android.net.ipsec.ike.jar:/apex/com.android.media/javalib/updatable-media.jar:/apex/com.android.mediaprovider/javalib/framework-mediaprovider.jar:/apex/com.android.ondevicepersonalization/javalib/framework-ondevicepersonalization.jar:/apex/com.android.os.statsd/javalib/framework-statsd.jar:/apex/com.android.permission/javalib/framework-permission.jar:/apex/com.android.permission/javalib/framework-permission-s.jar:/apex/com.android.scheduling/javalib/framework-scheduling.jar:/apex/com.android.sdkext/javalib/framework-sdkextensions.jar:/apex/com.android.tethering/javalib/framework-connectivity.jar:/apex/com.android.tethering/javalib/framework-connectivity-t.jar:/apex/com.android.tethering/javalib/framework-tethering.jar:/apex/com.android.uwb/javalib/framework-uwb.jar:/apex/com.android.wifi/javalib/framework-wifi.jar
01-01 00:00:07.924  1000   238   238 I derive_classpath: export DEX2OATBOOTCLASSPATH /apex/com.android.art/javalib/core-oj.jar:/apex/com.android.art/javalib/core-libart.jar:/apex/com.android.art/javalib/okhttp.jar:/apex/com.android.art/javalib/bouncycastle.jar:/apex/com.android.art/javalib/apache-xml.jar:/system/framework/framework.jar:/system/framework/framework-graphics.jar:/system/framework/ext.jar:/system/framework/telephony-common.jar:/system/framework/voip-common.jar:/system/framework/ims-common.jar:/system/framework/android.car.builtin.jar:/apex/com.android.i18n/javalib/core-icu4j.jar
01-01 00:00:07.924  1000   238   238 I derive_classpath: export SYSTEMSERVERCLASSPATH /system/framework/com.android.location.provider.jar:/system/framework/services.jar:/system/framework/car-frameworks-service.jar:/apex/com.android.adservices/javalib/service-adservices.jar:/apex/com.android.adservices/javalib/service-sdksandbox.jar:/apex/com.android.appsearch/javalib/service-appsearch.jar:/apex/com.android.art/javalib/service-art.jar:/apex/com.android.car.framework/javalib/car-frameworks-service-module.jar:/apex/com.android.compos/javalib/service-compos.jar:/apex/com.android.media/javalib/service-media-s.jar:/apex/com.android.permission/javalib/service-permission.jar
01-01 00:00:07.924  1000   238   238 I derive_classpath: export STANDALONE_SYSTEMSERVER_JARS /apex/com.android.btservices/javalib/service-bluetooth.jar:/apex/com.android.os.statsd/javalib/service-statsd.jar:/apex/com.android.scheduling/javalib/service-scheduling.jar:/apex/com.android.tethering/javalib/service-connectivity.jar:/apex/com.android.uwb/javalib/service-uwb.jar:/apex/com.android.wifi/javalib/service-wifi.jar
01-01 00:00:07.963  1062   174   174 W HidlServiceManagement: Waited one second for android.hardware.automotive.evs@1.1::IEvsEnumerator/default
01-01 00:00:07.963  1000   158   158 I hwservicemanager: Since android.hardware.automotive.evs@1.1::IEvsEnumerator/default is not registered, trying to start it as a lazy HAL.
01-01 00:00:07.964  1062   174   174 I HidlServiceManagement: getService: Trying again for android.hardware.automotive.evs@1.1::IEvsEnumerator/default...
01-01 00:00:07.965  1000   158   240 W libc    : Unable to set property "ctl.interface_start" to "android.hardware.automotive.evs@1.1::IEvsEnumerator/default": error code: 0x20
01-01 00:00:07.965  1000   158   240 I hwservicemanager: Tried to start android.hardware.automotive.evs@1.1::IEvsEnumerator/default as a lazy service, but was unable to. Usually this happens when a service is not installed, but if the service is intended to be used as a lazy service, then it may be configured incorrectly.
01-01 00:00:08.061  root     0     0 I apexd   : This device does not support updatable APEX. Exiting
01-01 00:00:08.068  root     0     0 I apexd   : Marking APEXd as ready
01-01 00:00:08.101  1000   243   243 I tzdatacheck: timezone distro dir /data/misc/zoneinfo/current does not exist. No action required.
01-01 00:00:08.144  root   199   199 W ServiceManager: Waited one second for android.system.suspend.ISystemSuspend/default (is service started? are binder threads started and available?)
01-01 00:00:08.145  1000   157   157 I BpBinder: onLastStrongRef automatically unlinking death recipients: <uncached descriptor>
01-01 00:00:08.213  root     0     0 D LibBpfLoader: Loading optional ELF object /apex/com.android.tethering/etc/bpf/test.o with license Apache 2.0
01-01 00:00:08.213  root     0     0 I LibBpfLoader: Section bpfloader_min_ver value is 2 [0x2]
01-01 00:00:08.222  1003   173   197 W ServiceManager: Waited one second for SurfaceFlingerAIDL (is service started? are binder threads started and available?)
01-01 00:00:08.223  1000   157   157 I servicemanager: Since 'SurfaceFlingerAIDL' could not be found, trying to start it as a lazy AIDL service
01-01 00:00:08.220  root     0     0 I LibBpfLoader: Section bpfloader_max_ver value is 65536 [0x10000]
01-01 00:00:08.226  1000   157   247 W libc    : Unable to set property "ctl.interface_start" to "aidl/SurfaceFlingerAIDL": error code: 0x20
01-01 00:00:08.226  1000   157   247 I servicemanager: Tried to start aidl service SurfaceFlingerAIDL as a lazy service, but was unable to. Usually this happens when a service is not installed, but if the service is intended to be used as a lazy service, then it may be configured incorrectly.
01-01 00:00:08.227  root     0     0 I LibBpfLoader: Section size_of_bpf_map_def value is 116 [0x74]
01-01 00:00:08.235  root     0     0 I LibBpfLoader: Section size_of_bpf_prog_def value is 92 [0x5c]
01-01 00:00:08.242  root     0     0 I LibBpfLoader: BpfLoader version 0x00013 processing ELF object /apex/com.android.tethering/etc/bpf/test.o with ver [0x00002,0x10000)
01-01 00:00:08.256  root     0     0 D LibBpfLoader: Loaded code section 3 (xdp_drop_ipv4_udp_ether)
01-01 00:00:08.256  root     0     0 D LibBpfLoader: Adding section 3 to cs list
01-01 00:00:08.257  root     0     0 D LibBpfLoader: Couldn't find section btf_min_bpfloader_ver (defaulting to 0 [0x0]).
01-01 00:00:08.257  root     0     0 D LibBpfLoader: Couldn't find section btf_min_kernel_ver (defaulting to 0 [0x0]).
01-01 00:00:08.757  1000   157   157 I servicemanager: Found android.hardware.automotive.evs.IEvsEnumerator/hw/1 in device VINTF manifest.
01-01 00:00:08.758  1062   175   186 I evsmanagerd: Failed to connect to AIDL EVS HAL implementation.  Trying to connect to HIDL EVS HAL implementation instead.
01-01 00:00:08.758  1000   158   158 I hwservicemanager: getTransport: Cannot find entry android.hardware.automotive.evs@1.1::IEvsEnumerator/hw/1 in either framework or device VINTF manifest.
01-01 00:00:08.758  1062   175   186 I evsmanagerd: No EVS HAL implementation is available.  Retrying after 1000 ms
01-01 00:00:08.964  1062   174   174 W HidlServiceManagement: Waited one second for android.hardware.automotive.evs@1.1::IEvsEnumerator/default
01-01 00:00:08.964  1000   158   158 I hwservicemanager: Since android.hardware.automotive.evs@1.1::IEvsEnumerator/default is not registered, trying to start it as a lazy HAL.
01-01 00:00:08.965  1062   174   174 I HidlServiceManagement: getService: Trying again for android.hardware.automotive.evs@1.1::IEvsEnumerator/default...
01-01 00:00:08.965  1000   158   248 W libc    : Unable to set property "ctl.interface_start" to "android.hardware.automotive.evs@1.1::IEvsEnumerator/default": error code: 0x20
01-01 00:00:08.965  1000   158   248 I hwservicemanager: Tried to start android.hardware.automotive.evs@1.1::IEvsEnumerator/default as a lazy service, but was unable to. Usually this happens when a service is not installed, but if the service is intended to be used as a lazy service, then it may be configured incorrectly.
01-01 00:00:09.223  1003   173   197 W ServiceManager: Waited one second for SurfaceFlingerAIDL (is service started? are binder threads started and available?)
01-01 00:00:09.224  1000   157   157 I servicemanager: Since 'SurfaceFlingerAIDL' could not be found, trying to start it as a lazy AIDL service
01-01 00:00:09.225  1000   157   249 W libc    : Unable to set property "ctl.interface_start" to "aidl/SurfaceFlingerAIDL": error code: 0x20
01-01 00:00:09.225  1000   157   249 I servicemanager: Tried to start aidl service SurfaceFlingerAIDL as a lazy service, but was unable to. Usually this happens when a service is not installed, but if the service is intended to be used as a lazy service, then it may be configured incorrectly.
01-01 00:00:09.612  1000   157   157 I servicemanager: Could not find android.hardware.automotive.vehicle.IVehicle/default in the VINTF manifest.
01-01 00:00:09.612  1000   172   172 D carwatchdogd: AIDL VHAL service, descriptor: android.hardware.automotive.vehicle.IVehicle/default is not declared, maybe HIDL VHAL is used instead?
01-01 00:00:09.614  1054   203   203 I automotive.vehicle@2.0-impl: SubscriptionManager::addOrUpdateSubscription, callback: 0xb400007c4dde55b0
01-01 00:00:09.614  1054   203   203 I automotive.vehicle@2.0-impl: Creating new client and linking to death recipient, cookie: 0xb400007c1de042c0
01-01 00:00:09.614  1054   203   203 I automotive.vehicle@2.0-impl: SubscriptionManager::addOrUpdateSubscription, prop: 0x11500f33
01-01 00:00:09.614  1054   203   203 I automotive.vehicle@2.0-impl: addOrUpdateSubscription opts.propId: 0x11500f33
01-01 00:00:09.614  1054   203   203 I DefaultVehicleHal_v2_0: subscribe propId: 0x11500f33, sampleRate: 0.000000
01-01 00:00:09.614  1000   172   172 I carwatchdogd: Successfully connected to VHAL.
01-01 00:00:09.616  1000   172   172 I carwatchdogd: Fetched HIDL VHAL PID 203
01-01 00:00:09.759  1000   157   157 I servicemanager: Found android.hardware.automotive.evs.IEvsEnumerator/hw/1 in device VINTF manifest.
01-01 00:00:09.759  1062   175   186 I evsmanagerd: Failed to connect to AIDL EVS HAL implementation.  Trying to connect to HIDL EVS HAL implementation instead.
01-01 00:00:09.760  1000   158   158 I hwservicemanager: getTransport: Cannot find entry android.hardware.automotive.evs@1.1::IEvsEnumerator/hw/1 in either framework or device VINTF manifest.
01-01 00:00:09.760  1062   175   186 I evsmanagerd: No EVS HAL implementation is available.  Retrying after 1000 ms
01-01 00:00:09.965  1062   174   174 W HidlServiceManagement: Waited one second for android.hardware.automotive.evs@1.1::IEvsEnumerator/default
01-01 00:00:09.965  1000   158   158 I hwservicemanager: Since android.hardware.automotive.evs@1.1::IEvsEnumerator/default is not registered, trying to start it as a lazy HAL.
01-01 00:00:09.966  1062   174   174 I HidlServiceManagement: getService: Trying again for android.hardware.automotive.evs@1.1::IEvsEnumerator/default...
01-01 00:00:09.966  1000   158   253 W libc    : Unable to set property "ctl.interface_start" to "android.hardware.automotive.evs@1.1::IEvsEnumerator/default": error code: 0x20
01-01 00:00:09.966  1000   158   253 I hwservicemanager: Tried to start android.hardware.automotive.evs@1.1::IEvsEnumerator/default as a lazy service, but was unable to. Usually this happens when a service is not installed, but if the service is intended to be used as a lazy service, then it may be configured incorrectly.
01-01 00:00:09.972  root     0     0 W printk  : bpfloader: 1689 output lines suppressed due to ratelimiting
01-01 00:00:09.997  root     0     0 I init    : starting service 'zygote'...
01-01 00:00:10.002  root     0     0 I init    : Created socket '/dev/socket/zygote', mode 660, user 0, group 1000
01-01 00:00:10.011  root     0     0 I init    : Created socket '/dev/socket/usap_pool_primary', mode 660, user 0, group 1000
01-01 00:00:10.025  root     0     0 I init    : starting service 'zygote_secondary'...
01-01 00:00:10.032  root     0     0 I init    : Created socket '/dev/socket/zygote_secondary', mode 660, user 0, group 1000
01-01 00:00:10.041  root     0     0 I init    : Created socket '/dev/socket/usap_pool_secondary', mode 660, user 0, group 1000
01-01 00:00:10.055  root     0     0 I init    : processing action (firmware_mounts_complete) from (/system/etc/init/hw/init.rc:513)
01-01 00:00:10.064  1066   254   254 I ServiceManager: Waiting for service 'statscompanion' on '/dev/binder'...
01-01 00:00:10.066  root     0     0 I init    : processing action (early-boot) from (/system/etc/init/installd.rc:5)
01-01 00:00:10.088  root     0     0 I init    : processing action (early-boot) from (/vendor/etc/init/android.hardware.light-service.rpi.rc:1)
01-01 00:00:10.099  root     0     0 I init    : processing action (boot) from (/system/etc/init/hw/init.rc:1069)
01-01 00:00:10.107  root     1     1 I init    : type=1400 audit(0.0:3): avc: denied { write } for name="discard_max_bytes" dev="sysfs" ino=23311 scontext=u:r:init:s0 tcontext=u:object_r:sysfs:s0 tclass=file permissive=1
01-01 00:00:10.154  root   255   255 I netdClient: Skipping libnetd_client init since *we* are netd
01-01 00:00:10.107  root     1     1 I init    : type=1400 audit(0.0:4): avc: denied { open } for path="/sys/devices/platform/emmc2bus/fe340000.mmc/mmc_host/mmc0/mmc0:aaaa/block/mmcblk0/queue/discard_max_bytes" dev="sysfs" ino=23311 scontext=u:r:init:s0 tcontext=u:object_r:sysfs:s0 tclass=file permissive=1
01-01 00:00:10.196  root   255   255 I netd    : netd 1.0 starting
01-01 00:00:10.200  1000   261   261 I HidlServiceManagement: Registered android.hidl.allocator@1.0::IAllocator/ashmem
01-01 00:00:10.202  1000   261   261 I HidlServiceManagement: Removing namespace from process name android.hidl.allocator@1.0-service to allocator@1.0-service.
01-01 00:00:10.213  root   255   255 I netd    : Pid file removed
01-01 00:00:10.214  root   255   255 I netd    : SIGPIPE is blocked
01-01 00:00:10.214  root   255   255 I netd    : setCloseOnExec(dnsproxyd)
01-01 00:00:10.214  root   255   255 I netd    : setCloseOnExec(fwmarkd)
01-01 00:00:10.214  root   255   255 I netd    : setCloseOnExec(mdns)
01-01 00:00:10.214  root   255   255 I NetdUpdatable: libnetd_updatable_init: Initializing
01-01 00:00:10.214  root   255   255 I BpfHandler: BPF programs are loaded
01-01 00:00:10.216  root   255   255 I netd    : libnetd_updatable_init success
01-01 00:00:10.225  1003   173   197 W ServiceManager: Waited one second for SurfaceFlingerAIDL (is service started? are binder threads started and available?)
01-01 00:00:10.225  1000   157   157 I servicemanager: Since 'SurfaceFlingerAIDL' could not be found, trying to start it as a lazy AIDL service
01-01 00:00:10.229  root   255   255 I netd    : NetlinkManager instanced
01-01 00:00:10.230  root   255   255 I netd    : enter NetworkController ctor
01-01 00:00:10.230  root   255   255 E TcUtils : NLMSG_ERROR message return error: -2
01-01 00:00:10.231  root   255   255 E TcUtils : NLMSG_ERROR message return error: -2
01-01 00:00:10.232  root   255   255 E TcUtils : NLMSG_ERROR message return error: -2
01-01 00:00:10.232  root   255   255 E TcUtils : NLMSG_ERROR message return error: -2
01-01 00:00:10.232  root   255   255 E TcUtils : NLMSG_ERROR message return error: -2
01-01 00:00:10.233  root   255   255 E TcUtils : NLMSG_ERROR message return error: -2
01-01 00:00:10.233  root   255   255 E TcUtils : NLMSG_ERROR message return error: -2
01-01 00:00:10.233  root   255   255 E TcUtils : NLMSG_ERROR message return error: -2
01-01 00:00:10.233  root   255   255 I netd    : leave NetworkController ctor
01-01 00:00:10.233  root   255   255 I netd    : enter TetherController ctor
01-01 00:00:10.234  root   255   255 D TetherController: Setting IP forward enable = 0
01-01 00:00:10.237  root   255   255 I netd    : leave TetherController ctor
01-01 00:00:10.264  1002   263   263 I HidlServiceManagement: Registered android.hardware.bluetooth@1.1::IBluetoothHci/default
01-01 00:00:10.265  1002   263   263 I HidlServiceManagement: Removing namespace from process name android.hardware.bluetooth@1.1-service.btlinux to bluetooth@1.1-service.btlinux.
01-01 00:00:10.291  1041   264   264 I HidlServiceManagement: Registered android.hardware.broadcastradio@2.0::IBroadcastRadio/amfm
01-01 00:00:10.291  1041   264   264 I HidlServiceManagement: Removing namespace from process name android.hardware.broadcastradio@2.0-service to broadcastradio@2.0-service.
01-01 00:00:10.293  1041   264   264 I HidlServiceManagement: Registered android.hardware.broadcastradio@2.0::IBroadcastRadio/dab
01-01 00:00:10.293  1041   264   264 I HidlServiceManagement: Removing namespace from process name android.hardware.broadcastradio@2.0-service to broadcastradio@2.0-service.
01-01 00:00:10.317  1000   157   274 W libc    : Unable to set property "ctl.interface_start" to "aidl/SurfaceFlingerAIDL": error code: 0x20
01-01 00:00:10.317  1000   157   274 I servicemanager: Tried to start aidl service SurfaceFlingerAIDL as a lazy service, but was unable to. Usually this happens when a service is not installed, but if the service is intended to be used as a lazy service, then it may be configured incorrectly.
01-01 00:00:10.347  1000   272   272 I android.hardware.health-service.rpi: default instance initializing with healthd_config...
01-01 00:00:10.340  root     0     0 W healthd : No battery devices found
01-01 00:00:10.350  1000   157   157 I servicemanager: Found android.hardware.light.ILights/default in device VINTF manifest.
01-01 00:00:10.351  1000   157   157 I servicemanager: Found android.hardware.health.IHealth/default in device VINTF manifest.
01-01 00:00:10.360  1000   272   272 I android.hardware.health-service.rpi: default: Hal init done
01-01 00:00:10.363  1000   157   157 I servicemanager: Found android.hardware.drm.IDrmFactory/clearkey in device VINTF manifest.
01-01 00:00:10.362  root     0     0 W healthd : battery none chg=
01-01 00:00:10.369  1000   269   269 I HidlServiceManagement: Registered android.hardware.gatekeeper@1.0::IGatekeeper/default
