01-29 12:40:50.771  1000   475   475 V SystemServerTiming: OnBootPhase_500_com.android.server.security.FileIntegrityService took to complete: 0ms
01-29 12:40:50.771  1000   475   475 D SystemServerTiming: OnBootPhase_500_com.android.server.pm.Installer
01-29 12:40:50.771  1000   475   475 V SystemServerTiming: OnBootPhase_500_com.android.server.pm.Installer took to complete: 0ms
01-29 12:40:50.771  1000   475   475 D SystemServerTiming: OnBootPhase_500_com.android.server.os.DeviceIdentifiersPolicyService
01-29 12:40:50.771  1000   475   475 V SystemServerTiming: OnBootPhase_500_com.android.server.os.DeviceIdentifiersPolicyService took to complete: 0ms
01-29 12:40:50.771  1000   475   475 D SystemServerTiming: OnBootPhase_500_com.android.server.uri.UriGrantsManagerService$Lifecycle
01-29 12:40:50.772  root   257   257 E zygote  : Unable to find pattern file or unable to map it for am
01-29 12:40:50.772  1000   475   475 V SystemServerTiming: OnBootPhase_500_com.android.server.uri.UriGrantsManagerService$Lifecycle took to complete: 1ms
01-29 12:40:50.773  1000   475   475 D SystemServerTiming: OnBootPhase_500_com.android.server.powerstats.PowerStatsService
01-29 12:40:50.773  1000   475   475 E StatsPullAtomCallbackImpl: Failed to start PowerStatsService statsd pullers
01-29 12:40:50.773  1000   475   475 V SystemServerTiming: OnBootPhase_500_com.android.server.powerstats.PowerStatsService took to complete: 0ms
01-29 12:40:50.773  1000   475   475 D SystemServerTiming: OnBootPhase_500_com.android.server.wm.ActivityTaskManagerService$Lifecycle
01-29 12:40:50.773  1000   475   475 V SystemServerTiming: OnBootPhase_500_com.android.server.wm.ActivityTaskManagerService$Lifecycle took to complete: 0ms
01-29 12:40:50.773  1000   475   475 D SystemServerTiming: OnBootPhase_500_com.android.server.am.ActivityManagerService$Lifecycle
01-29 12:40:50.776  1000   475   475 D ConnectivityService: requestNetwork for uid/pid:1000/475 activeRequest: null callbackRequest: 6 [NetworkRequest [ REQUEST id=7, [ Capabilities: INTERNET&NOT_RESTRICTED&TRUSTED&NOT_VCN_MANAGED Uid: 1000 RequestorUid: 1000 RequestorPkg: android UnderlyingNetworks: Null] ]] callback flags: 0 order: 2147483647
01-29 12:40:50.776  1000   475   475 E BatteryStatsService: Could not register PowerStatsInternal
01-29 12:40:50.776  1000   475   598 D ConnectivityService: NetReassign [no changes]
01-29 12:40:50.777  1000   475   475 D CompatibilityChangeReporter: Compat change id reported: 147600208; UID 1000; state: ENABLED
01-29 12:40:50.777  root   257   257 I Zygote  : Called ZygoteHooks.endPreload()
01-29 12:40:50.778  root   257   257 I Zygote  : Installed AndroidKeyStoreProvider in 1ms.
01-29 12:40:50.778  1000   475   475 V SystemServerTiming: OnBootPhase_500_com.android.server.am.ActivityManagerService$Lifecycle took to complete: 6ms
01-29 12:40:50.778  1000   475   475 D SystemServerTiming: OnBootPhase_500_com.android.server.pm.DataLoaderManagerService
01-29 12:40:50.778  1000   475   475 V SystemServerTiming: OnBootPhase_500_com.android.server.pm.DataLoaderManagerService took to complete: 0ms
01-29 12:40:50.778  1000   475   475 D SystemServerTiming: OnBootPhase_500_com.android.server.power.PowerManagerService
01-29 12:40:50.779  1000   475   475 I AttentionDetector: readValuesFromDeviceConfig():
01-29 12:40:50.779  1000   475   475 I AttentionDetector: mMaximumExtensionMillis=900000
01-29 12:40:50.779  1000   475   475 I AttentionDetector: mPreDimCheckDurationMillis=2000
01-29 12:40:50.779  1000   475   475 I AttentionDetector: mRequestedPostDimTimeoutMillis=0
01-29 12:40:50.781  root   257   257 I Zygote  : Warmed up JCA providers in 3ms.
01-29 12:40:50.781  root   257   257 D Zygote  : end preload
01-29 12:40:50.781  1000   475   543 V SystemServerTimingAsync: SecondaryZygotePreload took to complete: 2019ms
01-29 12:40:50.782  1000   475   543 D SystemServerInitThreadPool: Finished executing SecondaryZygotePreload
01-29 12:40:50.782  1000   475   543 V SystemServerTimingAsync: InitThreadPoolExec:SecondaryZygotePreload took to complete: 2019ms
01-29 12:40:50.784  1000   475   475 W BrightnessThrottler: DeviceConfig BrightnessThrottlingData is null
01-29 12:40:50.784  1000   475   475 E DisplayPowerController[0]: failed to set up display white-balance: java.lang.IllegalStateException: cannot find light sensor
01-29 12:40:50.784  1000   475   475 W DisplayPowerController[0]: Screen brightness nits configuration is unavailable; falling back
01-29 12:40:50.787  9999   287   287 I android.hardware.power-service.example: Power isBoostSupported: 0
01-29 12:40:50.796  1000   475   514 W KeyguardServiceDelegate: onScreenTurningOn(): no keyguard service!
01-29 12:40:50.798  1000   475   514 V DisplayPowerController[0]: Brightness [0.5] reason changing to: 'override', previous reason: '0'.
01-29 12:40:50.798  1000   475   514 I DisplayPowerController[0]: BrightnessEvent: disp=0, physDisp=local:0, brt=0.5, initBrt=NaN, rcmdBrt=NaN, preBrt=NaN, lux=0.0, preLux=0.0, hbmMax=1.0, hbmMode=off, rbcStrength=0, powerFactor=1.0, thrmMax=1.0, wasShortTermModelActive=false, flags=, reason=override, autoBrightness=false
01-29 12:40:50.798  1000   475   514 I DisplayPowerController[0]: BrightnessEvent: disp=0, physDisp=local:0, brt=0.5, initBrt=0.5, rcmdBrt=NaN, preBrt=NaN, lux=0.0, preLux=0.0, hbmMax=1.0, hbmMode=off, rbcStrength=0, powerFactor=1.0, thrmMax=1.0, wasShortTermModelActive=false, flags=, reason=override, autoBrightness=false
01-29 12:40:50.798  1000   475   514 I DisplayPowerController[0]: BrightnessEvent: disp=0, physDisp=local:0, brt=0.5, initBrt=0.5, rcmdBrt=NaN, preBrt=NaN, lux=0.0, preLux=0.0, hbmMax=1.0, hbmMode=off, rbcStrength=0, powerFactor=1.0, thrmMax=1.0, wasShortTermModelActive=false, flags=, reason=override, autoBrightness=false
01-29 12:40:50.798  9999   287   287 I android.hardware.power-service.example: Power isModeSupported: 9
01-29 12:40:50.799  1000   475   495 I DisplayDeviceRepository: Display device changed state: "Built-in Screen", ON
01-29 12:40:50.799  1000   291   291 D SurfaceFlinger: Setting power mode 2 on display 0
01-29 12:40:50.800  1000   475   636 E DisplayDeviceConfig: requesting nits when no mapping exists.
01-29 12:40:50.801  1000   475   495 I InputManager-JNI: Viewport [0] to add: local:0, isActive: true
01-29 12:40:50.801  1000   475   495 I DisplayDeviceRepository: Display device changed state: "Built-in Screen", ON
01-29 12:40:50.802  1000   475   556 I InputReader: Reconfiguring input devices, changes=DISPLAY_INFO | 
01-29 12:40:50.804  1000   475   475 I FaceDownDetector: readValuesFromDeviceConfig():
01-29 12:40:50.804  1000   475   475 I FaceDownDetector: mAccelerationThreshold=0.2
01-29 12:40:50.804  1000   475   475 I FaceDownDetector: mZAccelerationThreshold=-9.5
01-29 12:40:50.804  1000   475   475 I FaceDownDetector: mTimeThreshold=PT1S
01-29 12:40:50.804  1000   475   475 I FaceDownDetector: mIsEnabled=true
01-29 12:40:50.806  1000   475   636 E DisplayDeviceConfig: requesting nits when no mapping exists.
01-29 12:40:50.806  1000   280   280 D android.hardware.sensors@2.1-service.bosch: Sensor batch SMI230 BOSCH Accelerometer Sensor 200000000 2000000000
01-29 12:40:50.807  1000   280   280 D android.hardware.sensors@2.1-service.bosch: Sensor activate SMI230 BOSCH Accelerometer Sensor 1
01-29 12:40:50.809  1000   475   514 I DisplayPowerController[0]: BrightnessEvent: disp=0, physDisp=local:0, brt=0.5, initBrt=0.5, rcmdBrt=NaN, preBrt=NaN, lux=0.0, preLux=0.0, hbmMax=1.0, hbmMode=off, rbcStrength=0, powerFactor=1.0, thrmMax=1.0, wasShortTermModelActive=false, flags=, reason=override, autoBrightness=false
01-29 12:40:50.812  1000   475   501 I DropBoxManagerService: add tag=system_server_wtf isTagEnabled=true flags=0x2
01-29 12:40:50.815  1000   475   501 I DropBoxManagerService: add tag=system_server_wtf isTagEnabled=true flags=0x2
01-29 12:40:50.803  1000   280   280 I sensors@2.1-ser: type=1400 audit(0.0:65): avc: denied { write } for name="odr" dev="sysfs" ino=22981 scontext=u:r:hal_sensors_default:s0 tcontext=u:object_r:sysfs:s0 tclass=file permissive=1
01-29 12:40:50.803  1000   280   280 I sensors@2.1-ser: type=1400 audit(0.0:66): avc: denied { open } for path="/sys/devices/platform/soc/fe204000.spi/spi_master/spi0/spi0.0/iio:device1/odr" dev="sysfs" ino=22981 scontext=u:r:hal_sensors_default:s0 tcontext=u:object_r:sysfs:s0 tclass=file permissive=1
01-29 12:40:50.803  1000   280   280 I sensors@2.1-ser: type=1400 audit(0.0:67): avc: denied { getattr } for path="/sys/devices/platform/soc/fe204000.spi/spi_master/spi0/spi0.0/iio:device1/odr" dev="sysfs" ino=22981 scontext=u:r:hal_sensors_default:s0 tcontext=u:object_r:sysfs:s0 tclass=file permissive=1
01-29 12:40:51.096  1000   475   475 I ScreenUndimDetector: readValuesFromDeviceConfig():
01-29 12:40:51.096  1000   475   475 I ScreenUndimDetector: mKeepScreenOnForMillis=600000
01-29 12:40:51.096  1000   475   475 I ScreenUndimDetector: mKeepScreenOnNotificationEnabled=true
01-29 12:40:51.096  1000   475   475 I ScreenUndimDetector: mUndimsRequired=2
01-29 12:40:51.101  1000   475   475 W SystemServiceManager: Service com.android.server.power.PowerManagerService took 322 ms in onBootPhase
01-29 12:40:51.101  1000   475   475 V SystemServerTiming: OnBootPhase_500_com.android.server.power.PowerManagerService took to complete: 322ms
01-29 12:40:51.101  1000   475   475 D SystemServerTiming: OnBootPhase_500_com.android.server.power.ThermalManagerService
01-29 12:40:51.101  1000   475   475 V SystemServerTiming: OnBootPhase_500_com.android.server.power.ThermalManagerService took to complete: 0ms
01-29 12:40:51.101  1000   475   475 D SystemServerTiming: OnBootPhase_500_com.android.server.power.hint.HintManagerService
01-29 12:40:51.101  1000   475   475 V HintManagerService: Initializing HintManager service...
01-29 12:40:51.101  1000   475   475 V HistoricalRegistry: Interaction before persistence initialized
01-29 12:40:51.102  1000   475   475 V SystemServerTiming: OnBootPhase_500_com.android.server.power.hint.HintManagerService took to complete: 0ms
01-29 12:40:51.102  1000   475   475 D SystemServerTiming: OnBootPhase_500_com.android.server.recoverysystem.RecoverySystemService$Lifecycle
01-29 12:40:51.102  1000   475   475 V SystemServerTiming: OnBootPhase_500_com.android.server.recoverysystem.RecoverySystemService$Lifecycle took to complete: 0ms
01-29 12:40:51.102  1000   475   475 D SystemServerTiming: OnBootPhase_500_com.android.server.lights.LightsService
01-29 12:40:51.102  1000   475   475 V SystemServerTiming: OnBootPhase_500_com.android.server.lights.LightsService took to complete: 0ms
01-29 12:40:51.102  1000   475   475 D SystemServerTiming: OnBootPhase_500_com.android.server.display.DisplayManagerService
01-29 12:40:51.102  1000   475   475 V SystemServerTiming: OnBootPhase_500_com.android.server.display.DisplayManagerService took to complete: 0ms
01-29 12:40:51.102  1000   475   475 D SystemServerTiming: OnBootPhase_500_com.android.server.pm.verify.domain.DomainVerificationService
01-29 12:40:51.102  1000   475   475 V SystemServerTiming: OnBootPhase_500_com.android.server.pm.verify.domain.DomainVerificationService took to complete: 0ms
01-29 12:40:51.102  1000   475   475 D SystemServerTiming: OnBootPhase_500_com.android.server.pm.PackageInstallerService$Lifecycle
01-29 12:40:51.102  1000   475   475 V SystemServerTiming: OnBootPhase_500_com.android.server.pm.PackageInstallerService$Lifecycle took to complete: 0ms
01-29 12:40:51.102  1000   475   475 D SystemServerTiming: OnBootPhase_500_com.android.server.pm.UserManagerService$LifeCycle
01-29 12:40:51.102  1000   475   475 V SystemServerTiming: OnBootPhase_500_com.android.server.pm.UserManagerService$LifeCycle took to complete: 0ms
01-29 12:40:51.103  1000   475   475 D SystemServerTiming: OnBootPhase_500_com.android.server.om.OverlayManagerService
01-29 12:40:51.103  1000   475   475 V SystemServerTiming: OnBootPhase_500_com.android.server.om.OverlayManagerService took to complete: 0ms
01-29 12:40:51.103  1000   475   475 D SystemServerTiming: OnBootPhase_500_com.android.server.resources.ResourcesManagerService
01-29 12:40:51.103  1000   475   475 V SystemServerTiming: OnBootPhase_500_com.android.server.resources.ResourcesManagerService took to complete: 0ms
01-29 12:40:51.103  1000   475   475 D SystemServerTiming: OnBootPhase_500_com.android.server.sensorprivacy.SensorPrivacyService
01-29 12:40:51.106  1000   475   475 D CompatibilityChangeReporter: Compat change id reported: 157233955; UID 1000; state: ENABLED
01-29 12:40:51.107  1000   475   475 V SystemServerTiming: OnBootPhase_500_com.android.server.sensorprivacy.SensorPrivacyService took to complete: 4ms
01-29 12:40:51.107  1000   475   475 D SystemServerTiming: OnBootPhase_500_com.android.server.sensors.SensorService
01-29 12:40:51.107  1000   475   475 V SystemServerTiming: OnBootPhase_500_com.android.server.sensors.SensorService took to complete: 0ms
01-29 12:40:51.107  1000   475   475 D SystemServerTiming: OnBootPhase_500_com.android.server.SystemConfigService
01-29 12:40:51.107  1000   475   475 V SystemServerTiming: OnBootPhase_500_com.android.server.SystemConfigService took to complete: 0ms
01-29 12:40:51.107  1000   475   475 D SystemServerTiming: OnBootPhase_500_com.android.server.BatteryService
01-29 12:40:51.107  1000   475   475 V SystemServerTiming: OnBootPhase_500_com.android.server.BatteryService took to complete: 0ms
01-29 12:40:51.107  1000   475   475 D SystemServerTiming: OnBootPhase_500_com.android.server.usage.UsageStatsService
01-29 12:40:51.108  1000   475   475 D AppStandbyController: Setting app idle enabled state
01-29 12:40:51.091  1000   280   280 I sensors@2.1-ser: type=1400 audit(0.0:68): avc: denied { read } for name="in_temp_object_raw" dev="sysfs" ino=22986 scontext=u:r:hal_sensors_default:s0 tcontext=u:object_r:sysfs:s0 tclass=file permissive=1
01-29 12:40:51.091  1000   280   280 I sensors@2.1-ser: type=1400 audit(0.0:69): avc: denied { open } for path="/sys/devices/platform/soc/fe204000.spi/spi_master/spi0/spi0.0/iio:device1/in_temp_object_raw" dev="sysfs" ino=22986 scontext=u:r:hal_sensors_default:s0 tcontext=u:object_r:sysfs:s0 tclass=file permissive=1
01-29 12:40:51.091  1000   280   280 I sensors@2.1-ser: type=1400 audit(0.0:70): avc: denied { getattr } for path="/sys/devices/platform/soc/fe204000.spi/spi_master/spi0/spi0.0/iio:device1/in_temp_object_raw" dev="sysfs" ino=22986 scontext=u:r:hal_sensors_default:s0 tcontext=u:object_r:sysfs:s0 tclass=file permissive=1
01-29 12:40:51.120  1000   475   475 E SystemServiceRegistry: No service published for: appwidget
01-29 12:40:51.120  1000   475   475 E SystemServiceRegistry: android.os.ServiceManager$ServiceNotFoundException: No service published for: appwidget
01-29 12:40:51.120  1000   475   475 E SystemServiceRegistry: 	at android.os.ServiceManager.getServiceOrThrow(ServiceManager.java:166)
01-29 12:40:51.120  1000   475   475 E SystemServiceRegistry: 	at android.app.SystemServiceRegistry$84.createService(SystemServiceRegistry.java:1041)
01-29 12:40:51.120  1000   475   475 E SystemServiceRegistry: 	at android.app.SystemServiceRegistry$84.createService(SystemServiceRegistry.java:1038)
01-29 12:40:51.120  1000   475   475 E SystemServiceRegistry: 	at android.app.SystemServiceRegistry$CachedServiceFetcher.getService(SystemServiceRegistry.java:1908)
01-29 12:40:51.120  1000   475   475 E SystemServiceRegistry: 	at android.app.SystemServiceRegistry.getSystemService(SystemServiceRegistry.java:1585)
01-29 12:40:51.120  1000   475   475 E SystemServiceRegistry: 	at android.app.ContextImpl.getSystemService(ContextImpl.java:2120)
01-29 12:40:51.120  1000   475   475 E SystemServiceRegistry: 	at android.content.Context.getSystemService(Context.java:4159)
01-29 12:40:51.120  1000   475   475 E SystemServiceRegistry: 	at com.android.server.usage.AppStandbyController.onBootPhase(AppStandbyController.java:660)
01-29 12:40:51.120  1000   475   475 E SystemServiceRegistry: 	at com.android.server.usage.UsageStatsService.onBootPhase(UsageStatsService.java:355)
01-29 12:40:51.120  1000   475   475 E SystemServiceRegistry: 	at com.android.server.SystemServiceManager.startBootPhase(SystemServiceManager.java:294)
01-29 12:40:51.120  1000   475   475 E SystemServiceRegistry: 	at com.android.server.SystemServer.startOtherServices(SystemServer.java:2662)
01-29 12:40:51.120  1000   475   475 E SystemServiceRegistry: 	at com.android.server.SystemServer.run(SystemServer.java:937)
01-29 12:40:51.120  1000   475   475 E SystemServiceRegistry: 	at com.android.server.SystemServer.main(SystemServer.java:647)
01-29 12:40:51.120  1000   475   475 E SystemServiceRegistry: 	at java.lang.reflect.Method.invoke(Native Method)
01-29 12:40:51.120  1000   475   475 E SystemServiceRegistry: 	at com.android.internal.os.RuntimeInit$MethodAndArgsCaller.run(RuntimeInit.java:548)
01-29 12:40:51.120  1000   475   475 E SystemServiceRegistry: 	at com.android.internal.os.ZygoteInit.main(ZygoteInit.java:914)
01-29 12:40:51.121  1000   475   475 E SystemServiceRegistry: Manager wrapper not available: appwidget
01-29 12:40:51.122  1000   475   501 I DropBoxManagerService: add tag=system_server_wtf isTagEnabled=true flags=0x2
01-29 12:40:51.124  1000   475   501 I DropBoxManagerService: add tag=system_server_wtf isTagEnabled=true flags=0x2
01-29 12:40:51.124  1000   475   475 V HistoricalRegistry: Interaction before persistence initialized
01-29 12:40:51.125  1000   475   475 V SystemServerTiming: OnBootPhase_500_com.android.server.usage.UsageStatsService took to complete: 17ms
01-29 12:40:51.125  1000   475   475 D SystemServerTiming: OnBootPhase_500_com.android.server.webkit.WebViewUpdateService
01-29 12:40:51.125  1000   475   475 V SystemServerTiming: OnBootPhase_500_com.android.server.webkit.WebViewUpdateService took to complete: 0ms
01-29 12:40:51.125  1000   475   475 D SystemServerTiming: OnBootPhase_500_com.android.server.CachedDeviceStateService
01-29 12:40:51.125  1000   475   475 V SystemServerTiming: OnBootPhase_500_com.android.server.CachedDeviceStateService took to complete: 1ms
01-29 12:40:51.125  1000   475   475 D SystemServerTiming: OnBootPhase_500_com.android.server.BinderCallsStatsService$LifeCycle
01-29 12:40:51.127  1000   475   475 V SystemServerTiming: OnBootPhase_500_com.android.server.BinderCallsStatsService$LifeCycle took to complete: 2ms
01-29 12:40:51.127  1000   475   475 D SystemServerTiming: OnBootPhase_500_com.android.server.LooperStatsService$Lifecycle
01-29 12:40:51.128  1000   475   475 V SystemServerTiming: OnBootPhase_500_com.android.server.LooperStatsService$Lifecycle took to complete: 0ms
01-29 12:40:51.128  1000   475   475 D SystemServerTiming: OnBootPhase_500_com.android.server.rollback.RollbackManagerService
01-29 12:40:51.128  1000   475   475 V SystemServerTiming: OnBootPhase_500_com.android.server.rollback.RollbackManagerService took to complete: 0ms
01-29 12:40:51.128  1000   475   475 D SystemServerTiming: OnBootPhase_500_com.android.server.os.NativeTombstoneManagerService
01-29 12:40:51.128  1000   475   475 V SystemServerTiming: OnBootPhase_500_com.android.server.os.NativeTombstoneManagerService took to complete: 0ms
01-29 12:40:51.128  1000   475   475 D SystemServerTiming: OnBootPhase_500_com.android.server.os.BugreportManagerService
01-29 12:40:51.128  1000   475   475 V SystemServerTiming: OnBootPhase_500_com.android.server.os.BugreportManagerService took to complete: 0ms
01-29 12:40:51.128  1000   475   475 D SystemServerTiming: OnBootPhase_500_com.android.server.gpu.GpuService
01-29 12:40:51.128  1000   475   475 V SystemServerTiming: OnBootPhase_500_com.android.server.gpu.GpuService took to complete: 0ms
01-29 12:40:51.128  1000   475   475 D SystemServerTiming: OnBootPhase_500_com.android.server.security.KeyChainSystemService
01-29 12:40:51.128  1000   475   475 V SystemServerTiming: OnBootPhase_500_com.android.server.security.KeyChainSystemService took to complete: 0ms
01-29 12:40:51.128  1000   475   475 D SystemServerTiming: OnBootPhase_500_com.android.server.BinaryTransparencyService
01-29 12:40:51.128  1000   475   475 V SystemServerTiming: OnBootPhase_500_com.android.server.BinaryTransparencyService took to complete: 0ms
01-29 12:40:51.128  1000   475   475 D SystemServerTiming: OnBootPhase_500_com.android.server.telecom.TelecomLoaderService
01-29 12:40:51.128  1000   475   475 V SystemServerTiming: OnBootPhase_500_com.android.server.telecom.TelecomLoaderService took to complete: 0ms
01-29 12:40:51.128  1000   475   475 D SystemServerTiming: OnBootPhase_500_com.android.server.accounts.AccountManagerService$Lifecycle
01-29 12:40:51.128  1000   475   475 V SystemServerTiming: OnBootPhase_500_com.android.server.accounts.AccountManagerService$Lifecycle took to complete: 0ms
01-29 12:40:51.128  1000   475   475 D SystemServerTiming: OnBootPhase_500_com.android.server.content.ContentService$Lifecycle
01-29 12:40:51.128  1000   475   475 V SystemServerTiming: OnBootPhase_500_com.android.server.content.ContentService$Lifecycle took to complete: 0ms
01-29 12:40:51.129  1000   475   475 D SystemServerTiming: OnBootPhase_500_com.android.server.DropBoxManagerService
01-29 12:40:51.129  1000   475   475 V SystemServerTiming: OnBootPhase_500_com.android.server.DropBoxManagerService took to complete: 1ms
01-29 12:40:51.129  1000   475   475 D SystemServerTiming: OnBootPhase_500_com.android.role.RoleService
01-29 12:40:51.129  1000   475   475 V SystemServerTiming: OnBootPhase_500_com.android.role.RoleService took to complete: 0ms
01-29 12:40:51.129  1000   475   475 D SystemServerTiming: OnBootPhase_500_com.android.server.vibrator.VibratorManagerService$Lifecycle
01-29 12:40:51.129  1000   475   475 V VibratorManagerService: Initializing VibratorManager service...
01-29 12:40:51.129  1000   475   475 V HistoricalRegistry: Interaction before persistence initialized
01-29 12:40:51.131  1000   475   475 V VibratorManagerService: VibratorManager service initialized
01-29 12:40:51.132  1000   475   475 V SystemServerTiming: OnBootPhase_500_com.android.server.vibrator.VibratorManagerService$Lifecycle took to complete: 2ms
01-29 12:40:51.132  1000   475   475 D SystemServerTiming: OnBootPhase_500_com.android.server.tare.InternalResourceService
01-29 12:40:51.133  1000   475   475 V SystemServerTiming: OnBootPhase_500_com.android.server.tare.InternalResourceService took to complete: 1ms
01-29 12:40:51.133  1000   475   475 D SystemServerTiming: OnBootPhase_500_com.android.server.alarm.AlarmManagerService
01-29 12:40:51.134  1000   475   475 E LazyAlarmStore: Removed TIME_TICK alarm
01-29 12:40:51.135  1000   475   501 I DropBoxManagerService: add tag=system_server_wtf isTagEnabled=true flags=0x2
01-29 12:40:51.135  1000   475   475 V SystemServerTiming: OnBootPhase_500_com.android.server.alarm.AlarmManagerService took to complete: 2ms
01-29 12:40:51.135  1000   475   475 D SystemServerTiming: OnBootPhase_500_com.android.server.devicestate.DeviceStateManagerService
01-29 12:40:51.136  1000   475   475 V SystemServerTiming: OnBootPhase_500_com.android.server.devicestate.DeviceStateManagerService took to complete: 0ms
01-29 12:40:51.136  1000   475   475 D SystemServerTiming: OnBootPhase_500_com.android.server.camera.CameraServiceProxy
01-29 12:40:51.136  1000   475   475 V SystemServerTiming: OnBootPhase_500_com.android.server.camera.CameraServiceProxy took to complete: 0ms
01-29 12:40:51.136  1000   475   475 D SystemServerTiming: OnBootPhase_500_com.android.server.bluetooth.BluetoothService
01-29 12:40:51.136  1000   475   475 V SystemServerTiming: OnBootPhase_500_com.android.server.bluetooth.BluetoothService took to complete: 1ms
01-29 12:40:51.136  1000   475   475 D SystemServerTiming: OnBootPhase_500_com.android.server.connectivity.IpConnectivityMetrics
01-29 12:40:51.138  1000   475   598 D ConnectivityService: NetReassign [no changes]
01-29 12:40:51.139  1000   475   475 V SystemServerTiming: OnBootPhase_500_com.android.server.connectivity.IpConnectivityMetrics took to complete: 3ms
01-29 12:40:51.139  1000   475   475 D SystemServerTiming: OnBootPhase_500_com.android.server.net.watchlist.NetworkWatchlistService$Lifecycle
01-29 12:40:51.139  1000   475   475 V SystemServerTiming: OnBootPhase_500_com.android.server.net.watchlist.NetworkWatchlistService$Lifecycle took to complete: 0ms
01-29 12:40:51.139  1000   475   475 D SystemServerTiming: OnBootPhase_500_com.android.server.PinnerService
01-29 12:40:51.140  1000   475   475 V SystemServerTiming: OnBootPhase_500_com.android.server.PinnerService took to complete: 1ms
01-29 12:40:51.140  1000   475   475 D SystemServerTiming: OnBootPhase_500_com.android.server.integrity.AppIntegrityManagerService
01-29 12:40:51.140  1000   475   475 V SystemServerTiming: OnBootPhase_500_com.android.server.integrity.AppIntegrityManagerService took to complete: 0ms
01-29 12:40:51.140  1000   475   475 D SystemServerTiming: OnBootPhase_500_com.android.server.logcat.LogcatManagerService
01-29 12:40:51.140  1000   475   475 V SystemServerTiming: OnBootPhase_500_com.android.server.logcat.LogcatManagerService took to complete: 0ms
01-29 12:40:51.140  1000   475   475 D SystemServerTiming: OnBootPhase_500_com.android.server.inputmethod.InputMethodManagerService$Lifecycle
01-29 12:40:51.140  1000   475   475 V SystemServerTiming: OnBootPhase_500_com.android.server.inputmethod.InputMethodManagerService$Lifecycle took to complete: 0ms
01-29 12:40:51.140  1000   475   475 D SystemServerTiming: OnBootPhase_500_com.android.server.accessibility.AccessibilityManagerService$Lifecycle
01-29 12:40:51.140  1000   475   475 V SystemServerTiming: OnBootPhase_500_com.android.server.accessibility.AccessibilityManagerService$Lifecycle took to complete: 0ms
01-29 12:40:51.140  1000   475   475 D SystemServerTiming: OnBootPhase_500_com.android.server.StorageManagerService$Lifecycle
01-29 12:40:51.141  1000   475   475 V SystemServerTiming: OnBootPhase_500_com.android.server.StorageManagerService$Lifecycle took to complete: 1ms
01-29 12:40:51.141  1000   475   475 D SystemServerTiming: OnBootPhase_500_com.android.server.usage.StorageStatsService$Lifecycle
01-29 12:40:51.141  1000   475   475 V SystemServerTiming: OnBootPhase_500_com.android.server.usage.StorageStatsService$Lifecycle took to complete: 0ms
01-29 12:40:51.141  1000   475   475 D SystemServerTiming: OnBootPhase_500_com.android.server.UiModeManagerService
01-29 12:40:51.143  1000   475   475 I ActivityTaskManager: Config changes=200 {1.0 ?mcc?mnc [en_US] ldltr sw720dp w1280dp h720dp 240dpi xlrg long land car night -touch -keyb/h/h -nav/h winConfig={ mBounds=Rect(0, 0 - 1920, 1080) mAppBounds=Rect(0, 0 - 1920, 1080) mMaxBounds=Rect(0, 0 - 1920, 1080) mDisplayRotation=ROTATION_0 mWindowingMode=fullscreen mDisplayWindowingMode=fullscreen mActivityType=undefined mAlwaysOnTop=undefined mRotation=ROTATION_0} s.4 ?fontWeightAdjustment}
01-29 12:40:51.144  1000   475   475 I WindowManager: Override config changes=200 {1.0 ?mcc?mnc [en_US] ldltr sw720dp w1280dp h720dp 240dpi xlrg long land car night -touch -keyb/h/h -nav/h winConfig={ mBounds=Rect(0, 0 - 1920, 1080) mAppBounds=Rect(0, 0 - 1920, 1080) mMaxBounds=Rect(0, 0 - 1920, 1080) mDisplayRotation=ROTATION_0 mWindowingMode=fullscreen mDisplayWindowingMode=fullscreen mActivityType=undefined mAlwaysOnTop=undefined mRotation=ROTATION_0} s.4 ?fontWeightAdjustment} for displayId=0
01-29 12:40:51.147  1000   475   475 V SystemServerTiming: OnBootPhase_500_com.android.server.UiModeManagerService took to complete: 6ms
01-29 12:40:51.148  1000   475   475 D SystemServerTiming: OnBootPhase_500_com.android.server.locales.LocaleManagerService
01-29 12:40:51.148  1000   475   475 V SystemServerTiming: OnBootPhase_500_com.android.server.locales.LocaleManagerService took to complete: 0ms
01-29 12:40:51.148  1000   475   475 D SystemServerTiming: OnBootPhase_500_com.android.server.locksettings.LockSettingsService$Lifecycle
01-29 12:40:51.148  1000   475   475 V SystemServerTiming: OnBootPhase_500_com.android.server.locksettings.LockSettingsService$Lifecycle took to complete: 0ms
01-29 12:40:51.148  1000   475   475 D SystemServerTiming: OnBootPhase_500_com.android.server.testharness.TestHarnessModeService
01-29 12:40:51.148  1000   475   475 D TestHarnessModeService: Setting up test harness mode
01-29 12:40:51.148  1000   475   475 D TestHarnessModeService: Getting PersistentDataBlockManagerInternal from LocalServices
01-29 12:40:51.148  1000   475   475 E TestHarnessModeService: Failed to start Test Harness Mode; no implementation of PersistentDataBlockManagerInternal was bound!
01-29 12:40:51.148  1000   475   475 V SystemServerTiming: OnBootPhase_500_com.android.server.testharness.TestHarnessModeService took to complete: 0ms
01-29 12:40:51.148  1000   475   475 D SystemServerTiming: OnBootPhase_500_com.android.server.DeviceIdleController
01-29 12:40:51.150  1000   475   475 V HistoricalRegistry: Interaction before persistence initialized
01-29 12:40:51.152  1000   475   475 V SystemServerTiming: OnBootPhase_500_com.android.server.DeviceIdleController took to complete: 4ms
01-29 12:40:51.152  1000   475   475 D SystemServerTiming: OnBootPhase_500_com.android.server.devicepolicy.DevicePolicyManagerService$Lifecycle
01-29 12:40:51.152  1000   475   475 V SystemServerTiming: OnBootPhase_500_com.android.server.devicepolicy.DevicePolicyManagerService$Lifecycle took to complete: 0ms
01-29 12:40:51.152  1000   475   475 D SystemServerTiming: OnBootPhase_500_com.android.server.texttospeech.TextToSpeechManagerService
01-29 12:40:51.152  1000   475   475 V SystemServerTiming: OnBootPhase_500_com.android.server.texttospeech.TextToSpeechManagerService took to complete: 0ms
01-29 12:40:51.152  1000   475   475 D SystemServerTiming: OnBootPhase_500_com.android.server.ambientcontext.AmbientContextManagerService
01-29 12:40:51.152  1000   475   475 V SystemServerTiming: OnBootPhase_500_com.android.server.ambientcontext.AmbientContextManagerService took to complete: 1ms
01-29 12:40:51.152  1000   475   475 D SystemServerTiming: OnBootPhase_500_com.android.server.speech.SpeechRecognitionManagerService
01-29 12:40:51.152  1000   475   475 V SystemServerTiming: OnBootPhase_500_com.android.server.speech.SpeechRecognitionManagerService took to complete: 0ms
01-29 12:40:51.152  1000   475   475 D SystemServerTiming: OnBootPhase_500_com.android.server.searchui.SearchUiManagerService
01-29 12:40:51.152  1000   475   475 V SystemServerTiming: OnBootPhase_500_com.android.server.searchui.SearchUiManagerService took to complete: 0ms
01-29 12:40:51.152  1000   475   475 D SystemServerTiming: OnBootPhase_500_com.android.server.smartspace.SmartspaceManagerService
01-29 12:40:51.152  1000   475   475 V SystemServerTiming: OnBootPhase_500_com.android.server.smartspace.SmartspaceManagerService took to complete: 0ms
01-29 12:40:51.152  1000   475   475 D SystemServerTiming: OnBootPhase_500_com.android.server.graphics.fonts.FontManagerService$Lifecycle
01-29 12:40:51.152  1000   475   475 V SystemServerTiming: OnBootPhase_500_com.android.server.graphics.fonts.FontManagerService$Lifecycle took to complete: 0ms
01-29 12:40:51.152  1000   475   475 D SystemServerTiming: OnBootPhase_500_com.android.server.textservices.TextServicesManagerService$Lifecycle
01-29 12:40:51.152  1000   475   475 V SystemServerTiming: OnBootPhase_500_com.android.server.textservices.TextServicesManagerService$Lifecycle took to complete: 0ms
01-29 12:40:51.152  1000   475   475 D SystemServerTiming: OnBootPhase_500_com.android.server.NetworkScoreService$Lifecycle
01-29 12:40:51.153  1000   475   475 V SystemServerTiming: OnBootPhase_500_com.android.server.NetworkScoreService$Lifecycle took to complete: 0ms
01-29 12:40:51.153  1000   475   475 D SystemServerTiming: OnBootPhase_500_com.android.server.NetworkStatsServiceInitializer
01-29 12:40:51.153  1000   475   475 V SystemServerTiming: OnBootPhase_500_com.android.server.NetworkStatsServiceInitializer took to complete: 0ms
01-29 12:40:51.153  1000   475   475 D SystemServerTiming: OnBootPhase_500_com.android.server.wifi.WifiService
01-29 12:40:51.154  1000   475   475 V SystemServerTiming: OnBootPhase_500_com.android.server.wifi.WifiService took to complete: 2ms
01-29 12:40:51.154  1000   475   475 D SystemServerTiming: OnBootPhase_500_com.android.server.wifi.scanner.WifiScanningService
01-29 12:40:51.154  1000   475   475 I WifiScanningService: Starting wifiscanner
01-29 12:40:51.154  1000   475   475 V SystemServerTiming: OnBootPhase_500_com.android.server.wifi.scanner.WifiScanningService took to complete: 0ms
01-29 12:40:51.155  1000   475   475 D SystemServerTiming: OnBootPhase_500_com.android.server.ConnectivityServiceInitializer
01-29 12:40:51.155  1000   475   475 I EthernetServiceImpl: Starting Ethernet service
01-29 12:40:51.156  1000   475   598 D ConnectivityService: Got NetworkProvider Messenger for EthernetNetworkFactory
01-29 12:40:51.158  1000   475   590 D WifiConfigStore: Reading from all stores completed in 5 ms.
01-29 12:40:51.158  1000   475   590 W WifiConfigManager: No stored networks found.
01-29 12:40:51.159  1000   475   475 V SystemServerTiming: OnBootPhase_500_com.android.server.ConnectivityServiceInitializer took to complete: 4ms
01-29 12:40:51.159  1000   475   475 D SystemServerTiming: OnBootPhase_500_com.android.server.notification.NotificationManagerService
01-29 12:40:51.160  1000   475   597 I EthernetTracker: maybeTrackInterface: eth0
01-29 12:40:51.160  1000   475   590 I WifiInjector: enableVerboseLogging false hal false
01-29 12:40:51.160  1000   475   590 D WifiNative: enableVerboseLogging false hal false
01-29 12:40:51.161  1000   475   590 E SupplicantStaIfaceHalAidlImpl: Can't call setDebugParams, ISupplicant is null
01-29 12:40:51.161  1000   475   590 I WifiService: WifiService starting up with Wi-Fi disabled
01-29 12:40:51.168  1000   475   590 D WifiController: isAirplaneModeOn = false, isWifiEnabled = false, isScanningAvailable = false, isLocationModeActive = false
01-29 12:40:51.169  1000   475   590 E WifiActiveModeWarden: Something is wrong, no client mode toggles enabled
01-29 12:40:51.170  1000   475   590 I android_os_HwBinder: HwBinder: Starting thread pool for getting: android.hidl.manager@1.2::IServiceManager/default
01-29 12:40:51.171  1000   475   532 D HalDevMgr: IWifi registration notification: fqName=android.hardware.wifi@1.0::IWifi, name=default, preexisting=true
01-01 00:00:28.867  root     0     0 I bcmgenet fd580000.ethernet: configuring instance for external RGMII (RX delay)
01-29 12:40:51.174  1000   475   532 I android_os_HwBinder: HwBinder: Starting thread pool for getting: android.hardware.wifi@1.0::IWifi/default
01-29 12:40:51.180  1000   475   527 I EthernetTracker: interfaceLinkStateChanged, iface: eth0, up: false
01-29 12:40:51.181  1000   475   475 V SystemServerTiming: OnBootPhase_500_com.android.server.notification.NotificationManagerService took to complete: 23ms
01-29 12:40:51.181  1000   475   475 D SystemServerTiming: OnBootPhase_500_com.android.server.storage.DeviceStorageMonitorService
01-29 12:40:51.181  1000   475   475 V SystemServerTiming: OnBootPhase_500_com.android.server.storage.DeviceStorageMonitorService took to complete: 0ms
01-29 12:40:51.182  1000   475   475 D SystemServerTiming: OnBootPhase_500_com.android.server.location.LocationManagerService$Lifecycle
01-01 00:00:28.878  root     0     0 I         : bcmgenet fd580000.ethernet eth0: Link is Down
01-29 12:40:51.183  1000   475   597 D EthernetTracker: Tracking interface in client mode: eth0
01-29 12:40:51.183  1000   475   475 V HistoricalRegistry: Interaction before persistence initialized
01-29 12:40:51.184  1000   475   597 D EthernetNetworkFactory: addInterface, iface: eth0, capabilities: [ Transports: ETHERNET Capabilities: NOT_METERED&INTERNET&NOT_RESTRICTED&TRUSTED&NOT_VPN&NOT_ROAMING&NOT_CONGESTED&NOT_SUSPENDED&NOT_VCN_MANAGED LinkUpBandwidth>=100000Kbps LinkDnBandwidth>=100000Kbps Specifier: <EthernetNetworkSpecifier (eth0)> UnderlyingNetworks: Null]
01-29 12:40:51.184  1000   475   475 V SystemServerTiming: OnBootPhase_500_com.android.server.location.LocationManagerService$Lifecycle took to complete: 2ms
01-29 12:40:51.184  1000   475   475 D SystemServerTiming: OnBootPhase_500_com.android.server.timedetector.TimeDetectorService$Lifecycle
01-29 12:40:51.184  1000   475   475 V SystemServerTiming: OnBootPhase_500_com.android.server.timedetector.TimeDetectorService$Lifecycle took to complete: 0ms
01-29 12:40:51.184  1000   475   475 D SystemServerTiming: OnBootPhase_500_com.android.server.timezonedetector.TimeZoneDetectorService$Lifecycle
01-29 12:40:51.184  1000   475   475 V SystemServerTiming: OnBootPhase_500_com.android.server.timezonedetector.TimeZoneDetectorService$Lifecycle took to complete: 0ms
01-29 12:40:51.184  1000   475   475 D SystemServerTiming: OnBootPhase_500_com.android.server.timezonedetector.location.LocationTimeZoneManagerService$Lifecycle
01-29 12:40:51.184  1000   475   590 D WifiNl80211Manager: tearing down interfaces in wificond
01-29 12:40:51.184  1000   475   475 V SystemServerTiming: OnBootPhase_500_com.android.server.timezonedetector.location.LocationTimeZoneManagerService$Lifecycle took to complete: 0ms
01-29 12:40:51.184  1000   475   475 D SystemServerTiming: OnBootPhase_500_com.android.server.timedetector.GnssTimeUpdateService$Lifecycle
01-29 12:40:51.184  1000   475   475 V SystemServerTiming: OnBootPhase_500_com.android.server.timedetector.GnssTimeUpdateService$Lifecycle took to complete: 0ms
01-29 12:40:51.184  1000   475   475 D SystemServerTiming: OnBootPhase_500_com.android.server.search.SearchManagerService$Lifecycle
01-29 12:40:51.184  1000   475   475 V SystemServerTiming: OnBootPhase_500_com.android.server.search.SearchManagerService$Lifecycle took to complete: 0ms
01-29 12:40:51.184  1000   475   475 D SystemServerTiming: OnBootPhase_500_com.android.server.wallpapereffectsgeneration.WallpaperEffectsGenerationManagerService
01-29 12:40:51.184  1000   475   475 V SystemServerTiming: OnBootPhase_500_com.android.server.wallpapereffectsgeneration.WallpaperEffectsGenerationManagerService took to complete: 0ms
01-29 12:40:51.184  1000   475   475 D SystemServerTiming: OnBootPhase_500_com.android.server.audio.AudioService$Lifecycle
01-29 12:40:51.184  1000   475   475 V SystemServerTiming: OnBootPhase_500_com.android.server.audio.AudioService$Lifecycle took to complete: 0ms
01-29 12:40:51.184  1000   475   475 D SystemServerTiming: OnBootPhase_500_com.android.server.soundtrigger_middleware.SoundTriggerMiddlewareService$Lifecycle
01-29 12:40:51.184  1000   475   475 V SystemServerTiming: OnBootPhase_500_com.android.server.soundtrigger_middleware.SoundTriggerMiddlewareService$Lifecycle took to complete: 0ms
01-29 12:40:51.184  1000   475   475 D SystemServerTiming: OnBootPhase_500_com.android.server.broadcastradio.BroadcastRadioService
01-29 12:40:51.184  1000   475   475 V SystemServerTiming: OnBootPhase_500_com.android.server.broadcastradio.BroadcastRadioService took to complete: 0ms
01-29 12:40:51.184  1000   475   475 D SystemServerTiming: OnBootPhase_500_com.android.server.DockObserver
01-29 12:40:51.184  1000   475   475 V SystemServerTiming: OnBootPhase_500_com.android.server.DockObserver took to complete: 0ms
01-29 12:40:51.184  1000   475   475 D SystemServerTiming: OnBootPhase_500_com.android.server.midi.MidiService$Lifecycle
01-29 12:40:51.185  1000   475   475 V SystemServerTiming: OnBootPhase_500_com.android.server.midi.MidiService$Lifecycle took to complete: 0ms
01-29 12:40:51.185  1000   475   475 D SystemServerTiming: OnBootPhase_500_com.android.server.adb.AdbService$Lifecycle
01-29 12:40:51.185  1000   475   475 V SystemServerTiming: OnBootPhase_500_com.android.server.adb.AdbService$Lifecycle took to complete: 0ms
01-29 12:40:51.185  1000   475   475 D SystemServerTiming: OnBootPhase_500_com.android.server.usb.UsbService$Lifecycle
01-29 12:40:51.185  1000   475   475 V SystemServerTiming: OnBootPhase_500_com.android.server.usb.UsbService$Lifecycle took to complete: 0ms
01-29 12:40:51.185  1000   475   475 D SystemServerTiming: OnBootPhase_500_com.android.server.twilight.TwilightService
01-29 12:40:51.185  1000   475   475 V SystemServerTiming: OnBootPhase_500_com.android.server.twilight.TwilightService took to complete: 0ms
01-29 12:40:51.185  1000   475   475 D SystemServerTiming: OnBootPhase_500_com.android.server.display.color.ColorDisplayService
01-29 12:40:51.185  1000   475   475 V SystemServerTiming: OnBootPhase_500_com.android.server.display.color.ColorDisplayService took to complete: 0ms
01-29 12:40:51.185  1000   475   475 D SystemServerTiming: OnBootPhase_500_com.android.server.job.JobSchedulerService
01-29 12:40:51.186  1000   475   597 D EthernetNetworkFactory: updateInterfaceLinkState, iface: eth0, up: false
01-29 12:40:51.188  1000   475   590 D WifiAdaptConnObserver: Adaptive connectivity status initialized to: true
01-29 12:40:51.188  1000   475   590 D WifiController: DisabledState.enter()
01-29 12:40:51.189  1000   475   475 E SystemServiceRegistry: No service published for: appwidget
01-29 12:40:51.189  1000   475   475 E SystemServiceRegistry: android.os.ServiceManager$ServiceNotFoundException: No service published for: appwidget
01-29 12:40:51.189  1000   475   475 E SystemServiceRegistry: 	at android.os.ServiceManager.getServiceOrThrow(ServiceManager.java:166)
01-29 12:40:51.189  1000   475   475 E SystemServiceRegistry: 	at android.app.SystemServiceRegistry$84.createService(SystemServiceRegistry.java:1041)
01-29 12:40:51.189  1000   475   475 E SystemServiceRegistry: 	at android.app.SystemServiceRegistry$84.createService(SystemServiceRegistry.java:1038)
01-29 12:40:51.189  1000   475   475 E SystemServiceRegistry: 	at android.app.SystemServiceRegistry$CachedServiceFetcher.getService(SystemServiceRegistry.java:1908)
01-29 12:40:51.189  1000   475   475 E SystemServiceRegistry: 	at android.app.SystemServiceRegistry.getSystemService(SystemServiceRegistry.java:1585)
01-29 12:40:51.189  1000   475   475 E SystemServiceRegistry: 	at android.app.ContextImpl.getSystemService(ContextImpl.java:2120)
01-29 12:40:51.189  1000   475   475 E SystemServiceRegistry: 	at android.content.Context.getSystemService(Context.java:4159)
01-29 12:40:51.189  1000   475   475 E SystemServiceRegistry: 	at com.android.server.job.controllers.PrefetchController.onSystemServicesReady(PrefetchController.java:135)
01-29 12:40:51.189  1000   475   475 E SystemServiceRegistry: 	at com.android.server.job.JobSchedulerService.onBootPhase(JobSchedulerService.java:1655)
01-29 12:40:51.189  1000   475   475 E SystemServiceRegistry: 	at com.android.server.SystemServiceManager.startBootPhase(SystemServiceManager.java:294)
01-29 12:40:51.189  1000   475   475 E SystemServiceRegistry: 	at com.android.server.SystemServer.startOtherServices(SystemServer.java:2662)
01-29 12:40:51.189  1000   475   475 E SystemServiceRegistry: 	at com.android.server.SystemServer.run(SystemServer.java:937)
01-29 12:40:51.189  1000   475   475 E SystemServiceRegistry: 	at com.android.server.SystemServer.main(SystemServer.java:647)
01-29 12:40:51.189  1000   475   475 E SystemServiceRegistry: 	at java.lang.reflect.Method.invoke(Native Method)
01-29 12:40:51.189  1000   475   475 E SystemServiceRegistry: 	at com.android.internal.os.RuntimeInit$MethodAndArgsCaller.run(RuntimeInit.java:548)
01-29 12:40:51.189  1000   475   475 E SystemServiceRegistry: 	at com.android.internal.os.ZygoteInit.main(ZygoteInit.java:914)
01-29 12:40:51.190  1000   475   475 E SystemServiceRegistry: Manager wrapper not available: appwidget
01-29 12:40:51.191  1000   475   501 I DropBoxManagerService: add tag=system_server_wtf isTagEnabled=true flags=0x2
01-29 12:40:51.197  1000   475   475 V HistoricalRegistry: Interaction before persistence initialized
01-29 12:40:51.197  1000   475   475 V SystemServerTiming: OnBootPhase_500_com.android.server.job.JobSchedulerService took to complete: 13ms
01-29 12:40:51.197  1000   475   475 D SystemServerTiming: OnBootPhase_500_com.android.server.soundtrigger.SoundTriggerService
01-29 12:40:51.197  1000   475   475 D SoundTriggerService: onBootPhase: 500 : false
01-29 12:40:51.198  1000   475   475 V SystemServerTiming: OnBootPhase_500_com.android.server.soundtrigger.SoundTriggerService took to complete: 0ms
01-29 12:40:51.198  1000   475   475 D SystemServerTiming: OnBootPhase_500_com.android.server.trust.TrustManagerService
01-29 12:40:51.199  1000   475   475 V SystemServerTiming: OnBootPhase_500_com.android.server.trust.TrustManagerService took to complete: 2ms
01-29 12:40:51.199  1000   475   475 D SystemServerTiming: OnBootPhase_500_com.android.server.voiceinteraction.VoiceInteractionManagerService
01-29 12:40:51.199  1000   475   475 V SystemServerTiming: OnBootPhase_500_com.android.server.voiceinteraction.VoiceInteractionManagerService took to complete: 0ms
01-29 12:40:51.199  1000   475   475 D SystemServerTiming: OnBootPhase_500_com.android.server.apphibernation.AppHibernationService
01-29 12:40:51.200  1000   475   475 V SystemServerTiming: OnBootPhase_500_com.android.server.apphibernation.AppHibernationService took to complete: 0ms
01-29 12:40:51.200  1000   475   475 D SystemServerTiming: OnBootPhase_500_com.android.server.GestureLauncherService
01-29 12:40:51.200  1000   475   475 V SystemServerTiming: OnBootPhase_500_com.android.server.GestureLauncherService took to complete: 0ms
01-29 12:40:51.200  1000   475   475 D SystemServerTiming: OnBootPhase_500_com.android.server.SensorNotificationService
01-29 12:40:51.200  1000   475   475 V SystemServerTiming: OnBootPhase_500_com.android.server.SensorNotificationService took to complete: 0ms
01-29 12:40:51.200  1000   475   475 D SystemServerTiming: OnBootPhase_500_com.android.server.emergency.EmergencyAffordanceService
01-29 12:40:51.200  1000   475   475 V SystemServerTiming: OnBootPhase_500_com.android.server.emergency.EmergencyAffordanceService took to complete: 0ms
01-29 12:40:51.200  1000   475   475 D SystemServerTiming: OnBootPhase_500_com.android.server.blob.BlobStoreManagerService
01-29 12:40:51.200  1000   475   475 V SystemServerTiming: OnBootPhase_500_com.android.server.blob.BlobStoreManagerService took to complete: 0ms
01-29 12:40:51.200  1000   475   475 D SystemServerTiming: OnBootPhase_500_com.android.server.dreams.DreamManagerService
01-29 12:40:51.200  1000   475   475 V SystemServerTiming: OnBootPhase_500_com.android.server.dreams.DreamManagerService took to complete: 0ms
01-29 12:40:51.200  1000   475   475 D SystemServerTiming: OnBootPhase_500_com.android.server.security.AttestationVerificationManagerService
01-29 12:40:51.200  1000   475   475 V SystemServerTiming: OnBootPhase_500_com.android.server.security.AttestationVerificationManagerService took to complete: 0ms
01-29 12:40:51.200  1000   475   475 D SystemServerTiming: OnBootPhase_500_com.android.server.companion.CompanionDeviceManagerService
01-29 12:40:51.201  1000   475   475 D BluetoothAdapter: registerBluetoothConnectionCallback()
01-29 12:40:51.201  1000   475   475 D BluetoothAdapter: isLeEnabled(): OFF
01-29 12:40:51.202  1000   475   475 V SystemServerTiming: OnBootPhase_500_com.android.server.companion.CompanionDeviceManagerService took to complete: 1ms
01-29 12:40:51.202  1000   475   475 D SystemServerTiming: OnBootPhase_500_com.android.server.companion.virtual.VirtualDeviceManagerService
01-29 12:40:51.202  1000   475   475 V SystemServerTiming: OnBootPhase_500_com.android.server.companion.virtual.VirtualDeviceManagerService took to complete: 0ms
01-29 12:40:51.202  1000   475   475 D SystemServerTiming: OnBootPhase_500_com.android.server.restrictions.RestrictionsManagerService
01-29 12:40:51.202  1000   475   475 V SystemServerTiming: OnBootPhase_500_com.android.server.restrictions.RestrictionsManagerService took to complete: 0ms
01-29 12:40:51.202  1000   475   475 D SystemServerTiming: OnBootPhase_500_com.android.server.media.MediaSessionService
01-29 12:40:51.202  1000   475   475 V SystemServerTiming: OnBootPhase_500_com.android.server.media.MediaSessionService took to complete: 0ms
01-29 12:40:51.202  1000   475   475 D SystemServerTiming: OnBootPhase_500_com.android.server.hdmi.HdmiControlService
01-29 12:40:51.204  1000   475   475 E SystemServiceRegistry: No service published for: tv_input
01-29 12:40:51.204  1000   475   475 E SystemServiceRegistry: android.os.ServiceManager$ServiceNotFoundException: No service published for: tv_input
01-29 12:40:51.204  1000   475   475 E SystemServiceRegistry: 	at android.os.ServiceManager.getServiceOrThrow(ServiceManager.java:166)
01-29 12:40:51.204  1000   475   475 E SystemServiceRegistry: 	at android.app.SystemServiceRegistry$77.createService(SystemServiceRegistry.java:968)
01-29 12:40:51.204  1000   475   475 E SystemServiceRegistry: 	at android.app.SystemServiceRegistry$77.createService(SystemServiceRegistry.java:965)
01-29 12:40:51.204  1000   475   475 E SystemServiceRegistry: 	at android.app.SystemServiceRegistry$CachedServiceFetcher.getService(SystemServiceRegistry.java:1908)
01-29 12:40:51.204  1000   475   475 E SystemServiceRegistry: 	at android.app.SystemServiceRegistry.getSystemService(SystemServiceRegistry.java:1585)
01-29 12:40:51.204  1000   475   475 E SystemServiceRegistry: 	at android.app.ContextImpl.getSystemService(ContextImpl.java:2120)
01-29 12:40:51.204  1000   475   475 E SystemServiceRegistry: 	at com.android.server.hdmi.HdmiControlService.onBootPhase(HdmiControlService.java:800)
01-29 12:40:51.204  1000   475   475 E SystemServiceRegistry: 	at com.android.server.SystemServiceManager.startBootPhase(SystemServiceManager.java:294)
01-29 12:40:51.204  1000   475   475 E SystemServiceRegistry: 	at com.android.server.SystemServer.startOtherServices(SystemServer.java:2662)
